11-23 12:16:32.876  4091  4091 D Navbar.Store: ----apply(0) NavBarStoreAction$ReevaluateNavBar
11-23 12:16:32.876  4091  4091 D NavBarView: disableBack=false (isBackDismissIme=false, handlingGestures=false, disabledFlagBack=false, isBottomGesture=false, isImeRenderingNavButtons=false)
11-23 12:16:32.876  4091  4091 D Navbar.Store: handleEvent(0) OnUpdateSysUiStateFlag(noArguments=true) [Module] SamsungNavigationBarView
11-23 12:16:32.876  4091  4091 D Navbar.Store: --[Band]GESTURE_PACK_UPDATE_SYSTEMUI_STATE_FLAG
11-23 12:16:32.876  4091  4091 D Navbar.Store: --[Band] (afterAction) GESTURE_PACK_UPDATE_SYSTEMUI_STATE_FLAG
11-23 12:16:32.876  2062  2062 I SurfaceFlinger: RequestedLayer [com.termux/com.termux.app.TermuxActivity$_10821#37313] hidden!! flag  from(0) --> to(1)
11-23 12:16:32.876  2062  2062 I SurfaceFlinger: RequestedLayer [Surface(name=82174b3 InputMethod)/@0[...]tion-leash of insets_animation#37327] hidden!! flag  from(1) --> to(0)
11-23 12:16:32.876  2062  2062 E SurfaceFlinger: alpha changed 1.000 -> 0.000 - Surface(name=82174b3 InputMethod)/@0x90ea1e9 - animation-leash of insets_animation#37327
11-23 12:16:32.876  2062  2062 I SurfaceFlinger: RequestedLayer [ActivityRecord{106424608 u0 com.termux/.app.TermuxActivity t25112}#4778] hidden!! flag  from(0) --> to(1)
11-23 12:16:32.876  2062  2062 I SurfaceFlinger: destroyed Surface(name=c0534aa StatusBar)/@0xee93c4f - animation-leash of insets_animation#37311 form LifecycleManager
11-23 12:16:32.876  2062  2062 I SurfaceFlinger: destroyed Transition Root: Task=25071#37326 form LifecycleManager
11-23 12:16:32.876  2062  2062 I SurfaceFlinger: [LayerHierarchy{RequestedLayerState{ImeContainer#15 parentId=226 relativeParentId=14265 z=1} 1 children}] reparent to LayerHierarchy{RequestedLayerState{ActivityRecord{144529939 u0 com.sec.android.app.launcher/com.android.quickstep.RecentsActivity t25071}#226 parentId=225} 3 children}
11-23 12:16:32.876  2062  2062 I SurfaceFlinger: [LayerHierarchy{RequestedLayerState{ImeContainer#15 parentId=226 relativeParentId=14265 z=1} 1 children}] RelativeParent to LayerHierarchy{RequestedLayerState{169ee40 com.sec.android.app.launcher/com.android.quickstep.RecentsActivity#14265 parentId=226} 2 children}
11-23 12:16:32.876  2062  2062 I SurfaceFlinger: [LayerHierarchy{RequestedLayerState{3c28f6b NavigationBar0#86 parentId=37328} 1 children}] reparent to LayerHierarchy{RequestedLayerState{Surface(name=3c28f6b NavigationBar0)/@0xcc8cfba - animation-leash of insets_animation#37328 parentId=85} 1 children}
11-23 12:16:32.876  2062  2062 I SurfaceFlinger: [LayerHierarchy{RequestedLayerState{Surface(name=3c28f6b NavigationBar0)/@0xcc8cfba - animation-leash of insets_animation#37316} no children}] reparent to OffscreenRoot
11-23 12:16:32.876  2062  2062 I SurfaceFlinger: [LayerHierarchy{RequestedLayerState{Surface(name=3c28f6b NavigationBar0)/@0xcc8cfba - animation-leash of insets_animation#37316} no children}] RelativeParent to null
11-23 12:16:32.876  2062  2062 I SurfaceFlinger: [LayerHierarchy{RequestedLayerState{82174b3 InputMethod#36785 parentId=37327} 1 children}] reparent to LayerHierarchy{RequestedLayerState{Surface(name=82174b3 InputMethod)/@0x90ea1e9 - animation-leash of insets_animation#37327 parentId=36784} 1 children}
11-23 12:16:32.876  2062  2062 I SurfaceFlinger: [Surface(name=3c28f6b NavigationBar0)/@0xcc8cfba - animation-leash of insets_animation#37328] attach to parent LayerHierarchy{RequestedLayerState{WindowToken{eba71e5 type=2019 android.os.BinderProxy@5226d4f}#85 parentId=34} 1 children}
11-23 12:16:32.876  2062  2062 I SurfaceFlinger: [LayerHierarchy{RequestedLayerState{Surface(name=82174b3 InputMethod)/@0x90ea1e9 - animation-leash of insets_animation#37314} no children}] reparent to OffscreenRoot
11-23 12:16:32.876  2062  2062 I SurfaceFlinger: [LayerHierarchy{RequestedLayerState{Surface(name=82174b3 InputMethod)/@0x90ea1e9 - animation-leash of insets_animation#37314} no children}] RelativeParent to null
11-23 12:16:32.876  2062  2062 I SurfaceFlinger: [LayerHierarchy{RequestedLayerState{IME-snapshot-surface#37323 z=1} no children}] reparent to OffscreenRoot
11-23 12:16:32.876  2062  2062 I SurfaceFlinger: [LayerHierarchy{RequestedLayerState{IME-snapshot-surface#37323 z=1} no children}] RelativeParent to null
11-23 12:16:32.876  2062  2062 I SurfaceFlinger: id=37311 onLayerDestroyed from LayerHierarchyBuilder(RequestedLayerState{Surface(name=c0534aa StatusBar)/@0xee93c4f - animation-leash of insets_animation#37311 !handle})
11-23 12:16:32.876  2062  2062 I SurfaceFlinger: id=37326 onLayerDestroyed from LayerHierarchyBuilder(RequestedLayerState{Transition Root: Task=25071#37326 !handle z=35})
11-23 12:16:32.877  4091  4091 D NavBarStateManager: NavBarStates(0) canUseNavBarBackgroundFrame: false
11-23 12:16:32.877 10821 10821 I VRI[TermuxActivity]@a130fb2: Relayout returned: old=(0,0,1080,2340) new=(0,0,1080,2340) relayoutAsync=false req=(1080,2340)8 dur=4 res=0x2 s={false 0x0} ch=true seqId=0
11-23 12:16:32.877  4738  4738 I HoneySpace.RecentsActivity: onApplyWindowInsets, Insets{left=0, top=85, right=0, bottom=126} -> Insets{left=0, top=85, right=0, bottom=126}, type: DEFAULT
11-23 12:16:32.877 10821 10821 D VRI[TermuxActivity]@a130fb2: Not drawing due to not visible. Reason=!mAppVisible && !mForceDecorViewVisibility
11-23 12:16:32.877  4738  4738 I HoneySpace.HoneySpaceManagerContainer: getWindowBounds, key = (com.android.quickstep.RecentsActivity, 0)
11-23 12:16:32.877  4738  4738 I HoneySpace.RecentsActivity: rawWindowBounds: bounds: Rect(0, 0 - 1080, 2340), baseScreenSize: Point(1080, 2214), insets: Insets{left=0, top=85, right=0, bottom=126}, insetsIgnoreCutout: Insets{left=0, top=85, right=0, bottom=126}
11-23 12:16:32.877  2062  2062 I Layer   : id=37311 Destroyed Surface(name=c0534aa StatusBar)/@0xee93c4f - animation-leash of insets_animation#37311
11-23 12:16:32.877  2062  2062 I Layer   : id=37326 Destroyed Transition Root: Task=25071#37326
11-23 12:16:32.877 14179 14179 D InputMethodService: sendInputViewShownStateSSRM(): false
11-23 12:16:32.877 10821 10821 I VRI[TermuxActivity]@a130fb2: stopped(true) old = false
11-23 12:16:32.878 10821 10821 D VRI[TermuxActivity]@a130fb2: WindowStopped on com.termux/com.termux.app.TermuxActivity set to true
11-23 12:16:32.878  4738  4738 E ImeBackDispatcher: Ime callback not found. Ignoring unregisterReceivedCallback. callbackId: 123932737
11-23 12:16:32.878 10821 10840 D HWUI    : CacheManager::trimMemory(20)
11-23 12:16:32.878  2907  3102 I ImeTracker: system_server:cb2e9036: onRequestShow at ORIGIN_SERVER reason CONTROLS_CHANGED fromUser false
11-23 12:16:32.878  4738 19087 I HoneySpace.SystemUiRepository: systemUiFlags: awake
11-23 12:16:32.878  4738  4738 I InsetsSourceConsumer: applyRequestedVisibilityToControl: visible=false, type=ime, host=com.sec.android.app.launcher/com.android.quickstep.RecentsActivity
11-23 12:16:32.878  4738  4738 I InsetsSourceConsumer: applyRequestedVisibilityToControl: visible=true, type=navigationBars, host=com.sec.android.app.launcher/com.android.quickstep.RecentsActivity
11-23 12:16:32.878  2907 12441 V InputMethodManagerService: IME window vis: 0 active: 0 visible: 0 displayId: 0
11-23 12:16:32.878  2907 12441 D InputMethodManagerService: isImeSwitcherDisabledPackage : false
11-23 12:16:32.878  4738  4738 I ImeTracker: system_server:cb2e9036: onCancelled at PHASE_CLIENT_ON_CONTROLS_CHANGED
11-23 12:16:32.878  4738  4860 I HoneySpace.TaskbarEventTracker: invokeEvent() called with: event = SystemUiStateChanged(stateFlags=268435456)
11-23 12:16:32.878  2062  3359 I SurfaceFlinger: id=37316 Removed Surface(name=3c28f6b NavigationBar0)/@0xcc8cfba - animation-leash of insets_animation#37316 (260)
11-23 12:16:32.879  2062  3359 I SurfaceFlinger: id=37323 Removed IME-snapshot-surface#37323 (260)
11-23 12:16:32.879  4091  4091 D NavigationBar: setImeWindowStatus displayId=0 vis=0 backDisposition=0 showImeSwitcher=false isImeVisible=false
11-23 12:16:32.879 10821 10821 I AutofillManager: onInvisibleForAutofill(): expiringResponse
11-23 12:16:32.880 14179 14179 I InputMethodService: scheduleImeSurfaceRemoval: removeImeSurface is posted.
11-23 12:16:32.880 14179 14179 I ImeTracker: system_server:9112dcf: onHidden
11-23 12:16:32.880  4091  4091 D FlexPanelStartController: not support state, mMwEnabled=true, mIsTableMode=false, mDesktopMode=false, mFlexModePanelEnabled=true, mIsImeShowing=false, mIsQuickPanelShowing=false, mIsTaskBarAppsEnabled=false, mIsGlobalActionVisible=false, mOnRecentsAnimation=false, isSupportRotation=true, mIsKeyguardVisible=false
11-23 12:16:32.880 14179 14179 D Keyboard2View: onMeasure: width=1080
11-23 12:16:32.880 14179 14179 D Keyboard2View: onMeasure: width=1080
11-23 12:16:32.880  2907 12890 I WindowManager: Relayout Window{82174b3 u0 InputMethod}: viewVisibility=0 req=1080x2340 ty=2011 d0
11-23 12:16:32.880 14179 14179 I BLASTBufferQueue_Java: update, w= 1080 h= 2340 mName = VRI[InputMethod]@bdf230c mNativeObject= 0xb4000075aa2815d0 sc.mNativeObject= 0xb4000076ba22d8d0 format= -2 caller= android.view.ViewRootImpl.updateBlastSurfaceIfNeeded:3574 android.view.ViewRootImpl.relayoutWindow:11685 android.view.ViewRootImpl.performTraversals:4804 android.view.ViewRootImpl.doTraversal:3924 android.view.ViewRootImpl$TraversalRunnable.run:12903 android.view.Choreographer$CallbackRecord.run:1901 
11-23 12:16:32.880 14179 14179 I VRI[InputMethod]@bdf230c: Relayout returned: old=(0,0,1080,2340) new=(0,0,1080,2340) relayoutAsync=true req=(1080,2340)0 dur=0 res=0x0 s={true 0xb40000751a271670} ch=false seqId=0
11-23 12:16:32.880  4091  4091 D NavigationBarControllerImpl: setNavigationBarShortcut requestClass : com.android.wm.shell.controlpanel.activity.FlexPanelActivity, remoteViews : null, position : 0, priority : 11
11-23 12:16:32.880  2907 12890 D SurfaceComposerClient: setCornerRadius ## 169ee40 com.sec.android.app.launcher/com.android.quickstep.RecentsActivity#14265 cornerRadius=0.000000
11-23 12:16:32.880  4091  4091 D RemoteViewPack: OnSetRemoteView RemoteViewShortcut(requestClass=com.android.wm.shell.controlpanel.activity.FlexPanelActivity, remoteViews=null, position=0, priority=11)
11-23 12:16:32.880  4091  4091 D NavBarStateManager: NavBarStates(0) isGameMode: false
11-23 12:16:32.880 14179 14179 I VRI[InputMethod]@bdf230c: registerCallbackForPendingTransactions
11-23 12:16:32.880  2907 12890 D SurfaceComposerClient: setCornerRadius ## 169ee40 com.sec.android.app.launcher/com.android.quickstep.RecentsActivity#14265 cornerRadius=0.000000
11-23 12:16:32.881  2907  3102 D SurfaceComposerClient: setCornerRadius ## 169ee40 com.sec.android.app.launcher/com.android.quickstep.RecentsActivity#14265 cornerRadius=0.000000
11-23 12:16:32.881  2907 12890 I WindowManager: Relayout hash=82174b3, pid=0, syncId=-1: mAttrs={(0,0)(fillxfill) gr=BOTTOM CENTER_VERTICAL sim={adjust=pan} layoutInDisplayCutoutMode=always ty=INPUT_METHOD fmt=TRANSPARENT wanim=0x1030056 preferredMinDisplayRefreshRate=60.0 receive insets ignoring z-order
11-23 12:16:32.881  2907 12890 I WindowManager:   fl=81800108
11-23 12:16:32.881  2907 12890 I WindowManager:   pfl=14000000
11-23 12:16:32.881  2907 12890 I WindowManager:   bhv=1
11-23 12:16:32.881  2907 12890 I WindowManager:   fitSides=7
11-23 12:16:32.881  2907 12890 I WindowManager:   fitIgnoreVis
11-23 12:16:32.881  2907 12890 I WindowManager:   frameRateBoostOnTouch=true
11-23 12:16:32.881  2907 12890 I WindowManager:   dvrrWindowFrameRateHint=true
11-23 12:16:32.881  2907 12890 I WindowManager:  dimAmount=0.18 dimDuration=150 naviIconColor=0}
11-23 12:16:32.881  2907  3102 D SurfaceComposerClient: setCornerRadius ## 169ee40 com.sec.android.app.launcher/com.android.quickstep.RecentsActivity#14265 cornerRadius=0.000000
11-23 12:16:32.881  2907 11785 D WindowManager: setInsetsWindow Window{82174b3 u0 InputMethod}, contentInsets=Rect(0, 1452 - 0, 0) -> Rect(0, 1452 - 0, 0), visibleInsets=Rect(0, 1452 - 0, 0) -> Rect(0, 1452 - 0, 0), touchableRegion=SkRegion() -> SkRegion(), touchableInsets 2 -> 2
11-23 12:16:32.881  2907 11785 D SurfaceComposerClient: setCornerRadius ## 169ee40 com.sec.android.app.launcher/com.android.quickstep.RecentsActivity#14265 cornerRadius=0.000000
11-23 12:16:32.881  2907 11785 D SurfaceComposerClient: setCornerRadius ## 169ee40 com.sec.android.app.launcher/com.android.quickstep.RecentsActivity#14265 cornerRadius=0.000000
11-23 12:16:32.881 14179 14654 I VRI[InputMethod]@bdf230c: mWNT: t=0xb40000763a3b4050 mBlastBufferQueue=0xb4000075aa2815d0 fn= 140 HdrRenderState mRenderHdrSdrRatio=1.0 caller= android.view.ViewRootImpl$10.onFrameDraw:6536 android.view.ViewRootImpl$4.onFrameDraw:2489 android.view.ThreadedRenderer$1.onFrameDraw:718 
11-23 12:16:32.881 14179 14179 I InputMethodService: scheduleImeSurfaceRemoval: canceled, mShowInputRequested=false, mWindowVisible=false, IsmWindowNull=false, IsmImeSurfaceRemoverRunnableNotNull=true
11-23 12:16:32.882  2602  2644 I BWU@AudioPlaybackControlManager: Ph_onPlaybackConfigChanged isMusicPlaying - 0 configs counts - 8 mIsAecRecording false [VF-T-L] 
11-23 12:16:32.882  2602  2644 W BWU@AudioPlaybackControlManager: Ph_ignore this changed [VF-T-L] 
11-23 12:16:32.883  4091  4925 D SoundCraft.PlayingAudioConditionHandler: onPlaybackConfigChanged : lastStartedPackageName=null, lastStartedUid=-1, newStartedUid=-1, newStartPackageName=null, thread=Thread[RoutineHandlerThread,5,main]
11-23 12:16:32.883  2062  3359 I SurfaceFlinger: id=37314 Removed Surface(name=82174b3 InputMethod)/@0x90ea1e9 - animation-leash of insets_animation#37314 (260)
11-23 12:16:32.885  2062  2062 I SurfaceFlinger: RequestedLayer [Surface(name=82174b3 InputMethod)/@0[...]tion-leash of insets_animation#37327] hidden!! flag  from(0) --> to(1)
11-23 12:16:32.885  2062  2062 I SurfaceFlinger: destroyed Surface(name=3c28f6b NavigationBar0)/@0xcc8cfba - animation-leash of insets_animation#37316 form LifecycleManager
11-23 12:16:32.885  2062  2062 I SurfaceFlinger: destroyed Surface(name=82174b3 InputMethod)/@0x90ea1e9 - animation-leash of insets_animation#37314 form LifecycleManager
11-23 12:16:32.885  2062  2062 I SurfaceFlinger: destroyed IME-snapshot-surface#37323 form LifecycleManager
11-23 12:16:32.885  2062  2062 I SurfaceFlinger: id=37316 onLayerDestroyed from LayerHierarchyBuilder(RequestedLayerState{Surface(name=3c28f6b NavigationBar0)/@0xcc8cfba - animation-leash of insets_animation#37316 !handle})
11-23 12:16:32.885  2062  2062 I SurfaceFlinger: id=37314 onLayerDestroyed from LayerHierarchyBuilder(RequestedLayerState{Surface(name=82174b3 InputMethod)/@0x90ea1e9 - animation-leash of insets_animation#37314 !handle})
11-23 12:16:32.885  2062  2062 I SurfaceFlinger: id=37323 onLayerDestroyed from LayerHierarchyBuilder(RequestedLayerState{IME-snapshot-surface#37323 !handle z=1})
11-23 12:16:32.885  2907 12441 E WindowManager: win=Window{b0b0f2 u0 com.termux/com.termux.app.TermuxActivity} destroySurfaces: appStopped=true cleanupOnResume=false win.mWindowRemovalAllowed=false win.mRemoveOnExit=false win.mViewVisibility=8 caller=com.android.server.wm.ActivityRecord.destroySurfaces:25 com.android.server.wm.ActivityRecord.activityStopped:192 com.android.server.wm.ActivityClientController.activityStopped:97 android.app.IActivityClientController$Stub.onTransact:740 com.android.server.wm.ActivityClientController.onTransact:1 android.os.Binder.execTransactInternal:1462 android.os.Binder.execTransact:1401 
11-23 12:16:32.885  2062  2062 I Layer   : id=37316 Destroyed Surface(name=3c28f6b NavigationBar0)/@0xcc8cfba - animation-leash of insets_animation#37316
11-23 12:16:32.885  2907  3101 D SGM:FgCheckThread: getForegroundApp(), foregroundPkgName=com.sec.android.app.launcher
11-23 12:16:32.885  2062  2062 I Layer   : id=37314 Destroyed Surface(name=82174b3 InputMethod)/@0x90ea1e9 - animation-leash of insets_animation#37314
11-23 12:16:32.885  2062  2062 I Layer   : id=37323 Destroyed IME-snapshot-surface#37323
11-23 12:16:32.885  2907  3101 D SGM:FgCheckThread: pkgName: com.termux is not in foreground
11-23 12:16:32.885  2907  3101 D SGM:FgCheckThread: noteStopComponent(), received pkgName: com.termux, focusedPkgName: com.sec.android.app.launcher, userId: 0
11-23 12:16:32.886  2907  3914 D BackgroundInstallControlService: Package event received: 0
11-23 12:16:32.886  2907  3099 D SGM:GameManager: identifyForegroundApp. com.sec.android.app.launcher, mCurrentUserId: 0, callerUserId: 0
11-23 12:16:32.886  2907  3099 D SGM:SemGameManager: isForegroundGame(), ret=false
11-23 12:16:32.886  2907  3099 D SGM:GameManager: identifyForegroundApp. com.sec.android.app.launcher, mCurrentUserId: 0, callerUserId: 0
11-23 12:16:32.886  2907  3099 D SGM:SemGameManager: isForegroundGame(), ret=false
11-23 12:16:32.887  2907  3099 D PkgPredictorService-SecIpmManagerServiceImpl: bg information pid:10821 uid:10364 pkgName:com.termux
11-23 12:16:32.887 10821 10821 D BBA2    : setIsFg isFg = false; delayValue 3999ms
11-23 12:16:32.888  2907 12890 E BatteryStatsService: Invalid uid for waking network packet: -1
11-23 12:16:32.893  2062  2062 I SurfaceFlinger: [LayerHierarchy{RequestedLayerState{com.termux/com.termux.app.TermuxActivity$_10821#37313} no children}] reparent to OffscreenRoot
11-23 12:16:32.893  2062  2062 I SurfaceFlinger: [LayerHierarchy{RequestedLayerState{com.termux/com.termux.app.TermuxActivity$_10821#37313} no children}] RelativeParent to null
11-23 12:16:32.893  2062  2062 I SurfaceFlinger: id=37313 Removed com.termux/com.termux.app.TermuxActivity$_10821#37313 (257)
11-23 12:16:32.901  2062  2062 I SurfaceFlinger: destroyed com.termux/com.termux.app.TermuxActivity$_10821#37313 form LifecycleManager
11-23 12:16:32.901  2062  2062 I SurfaceFlinger: id=37313 onLayerDestroyed from LayerHierarchyBuilder(RequestedLayerState{com.termux/com.termux.app.TermuxActivity$_10821#37313 !handle})
11-23 12:16:32.902  2062  2062 I Layer   : id=37313 Destroyed com.termux/com.termux.app.TermuxActivity$_10821#37313
11-23 12:16:32.924  1928 29393 I HYPER-HAL: [RequestManager.cpp]releaseLocked(): Released ID : 160050953
11-23 12:16:32.928 11946 24956 I SDHMS:k : onTaskStackChanged
11-23 12:16:32.928  4738 22593 I HoneySpace.RecentTasks: onRecentTasksChanged
11-23 12:16:32.930  2907 12890 W ParceledListSlice: Element #17 is 19532 bytes.
11-23 12:16:32.930 25260 22170 I [AirCmd]_ActivitySwitchDetector: onTaskStackChanged : componentName - ComponentInfo{com.sec.android.app.launcher/com.android.quickstep.RecentsActivity}
11-23 12:16:32.930  2907 12890 W ParceledListSlice: Element #23 is 23928 bytes.
11-23 12:16:33.000  2907  2907 I GestureDetector: handleMessage TAP
11-23 12:16:33.000  2907  3099 I GestureDetector: handleMessage TAP
11-23 12:16:33.016  2907  3868 D MdnieScenarioControlService:  packageName : com.sec.android.app.launcher    className : com.android.quickstep.RecentsActivity
11-23 12:16:33.017  2907  3868 V MdnieScenarioControlService: setUIMode from UI function(3)
11-23 12:16:33.064  1917  4049 I sensors-hal: handle_sns_std_sensor_event:127, [SSC_LIGHT] A: 20(20),c:4,b:105,m:13,cl:1,l:19,s:17,l0:3936,l1:320,s0:3000,s1:0,acl:1,opr:0.11,f(r):87,u(bl):100,if:87,wi:0,si:0,0(N:0)
11-23 12:16:33.117  2907  3868 D DisplayAiqeManager: getContentMode : start
11-23 12:16:33.117  2907  3868 D DisplayAiqeManagerService: getContentMode : start
11-23 12:16:33.117  2907  3868 D DisplayAiqeAidl: getContentMode : UI
11-23 12:16:33.117  2907  3868 D DisplayAiqeManagerService: getContentMode : mode - UI
11-23 12:16:33.117  2907  3868 D DisplayAiqeManager: getContentMode : mode - UI
11-23 12:16:33.117  2907  3868 V MdnieScenarioControlService: mAclOffEnabled : false
11-23 12:16:33.151  4738  4738 I HoneySpace.EdgePanel.EdgeVisibilityRepository: getComputedTrayVisible : keyguardState = 1
11-23 12:16:33.152  4738  4738 I HoneySpace.EdgePanel.EdgeVisibilityRepository: updateTrayVisible: State = 0x1, visible = true, current containerState = 0, specificMode = 0
11-23 12:16:33.152  4738  4738 I HoneySpace.EdgePanel.EdgeVisibilityRepository: Same container state 0
11-23 12:16:33.158  1928 29391 I HYPER-HAL: [RequestManager.cpp]releaseLocked(): Released ID : 4273442
11-23 12:16:33.179  4738  4738 I HoneySpace.EdgePanel.KeyboardVisibleObserver: updateSipStatus: 0 1 0 888
11-23 12:16:33.179  4738  4738 I HoneySpace.EdgePanel.EdgeVisibilityRepository: updateStateAction: 0x200000 false true
11-23 12:16:33.179  4738  4738 I HoneySpace.EdgePanel.EdgeVisibilityRepository: updateState: 0x1
11-23 12:16:33.179  4738  4738 I HoneySpace.EdgePanel.EdgeVisibilityRepository: getComputedTrayVisible : keyguardState = 1
11-23 12:16:33.179  4738  4738 I HoneySpace.EdgePanel.EdgeVisibilityRepository: updateTrayVisible: State = 0x1, visible = true, current containerState = 0, specificMode = 0
11-23 12:16:33.179  4738  4738 I HoneySpace.EdgePanel.EdgeVisibilityRepository: Same container state 0
11-23 12:16:33.241  1123  1123 D io_stats: !@   8,0 r 686769032 4897223836 w 16497992 294822156 d 1142206 239244264 f 155996 716854 iot 20146404 0 th 0 0 0 pt 0 inp 0 0 104842.301
11-23 12:16:33.245 11946 11946 I SDHMS:LOAD: type: LoadsFreqs, value: 0:0:0:0:0:0:0:0:0:0:0:0
11-23 12:16:33.376  2907 29399 D SemInputDeviceManager: setProperty: (0) CMD,GRIP_DATA,1,60,10,32,936
11-23 12:16:33.376  2907 29399 D TspStateManager: wrote command: cmd=1,60,10,32,936, type=1
11-23 12:16:33.377  2907 29398 I SemInputMotionHelper: setMotionControl: ALL: 12, client=com.samsung.android.hardware.secinputdev.SemInputDeviceManager, ret=-1
11-23 12:16:33.377  2907 29398 D SemInputDeviceManager: setProperty: (100) CMD,SIP,0
11-23 12:16:33.377  2907  3906 D SemInputDevice:TSP: SetPropertyTask: CMD,set_grip_data,1,60,10,32,936 [11-23 12:16:33.376]
11-23 12:16:33.377  2907 29398 I SemInputCommandService: setPropertyAllTouch: SIP,0 retDefault=1 retExtra=-2
11-23 12:16:33.377  2907 29398 D TspStateManager: wrote command: cmd=0, type=5
11-23 12:16:33.380 14179 14179 I InputMethodService: removeImeSurface
11-23 12:16:33.380 14179 14179 I InputMethodService: cancelImeSurfaceRemoval: removeCallbacks
11-23 12:16:33.381  2009  2040 I sysinput:aidl: onReportInformation:91, 1, cmd@set_grip_data,1,60,10,32,9
11-23 12:16:33.381  2907  3906 D SysinputHAL_AIDL: setProperty(TSP(1)): CMD, set_grip_data,1,60,10,32,936 ret=0
11-23 12:16:33.381  2009  2040 I sysinput:Touch1: operator():241, OK
11-23 12:16:33.381  2907  3906 D SemInputDevice:TSP: SetPropertyTask: CMD,set_sip_mode,0 [11-23 12:16:33.377]
11-23 12:16:33.382  2009  2040 I sysinput:aidl: onReportInformation:93, 1, cmd@set_sip_mode,0:0
11-23 12:16:33.382  2907  3906 D SysinputHAL_AIDL: setProperty(TSP(1)): CMD, set_sip_mode,0 ret=0
11-23 12:16:33.382  2009  2040 I sysinput:Touch1: operator():241, OK
11-23 12:16:33.388 14179 14663 D HWUI    : CacheManager::trimMemory(20)
11-23 12:16:33.389  2054  2096 E HeatmapThread: ECT Thread time in milliseconds: 1763918193
11-23 12:16:33.390  2907 12890 I WindowManager: Relayout Window{82174b3 u0 InputMethod}: viewVisibility=8 req=1080x2340 ty=2011 d0
11-23 12:16:33.390  2907 12890 E WindowManager: win=Window{82174b3 u0 InputMethod} destroySurfaces: appStopped=true cleanupOnResume=false win.mWindowRemovalAllowed=false win.mRemoveOnExit=false win.mViewVisibility=8 caller=com.android.server.wm.WindowManagerService.tryStartExitingAnimation:134 com.android.server.wm.WindowManagerService.relayoutWindow:1138 com.android.server.wm.Session.relayout:27 android.view.IWindowSession$Stub.onTransact:829 com.android.server.wm.Session.onTransact:1 android.os.Binder.execTransactInternal:1457 android.os.Binder.execTransact:1401 
11-23 12:16:33.390  2907  3101 D BBA2    : updateWindowVisible for pid : 14179, visible : 0
11-23 12:16:33.391  2907 12890 D SurfaceComposerClient: setCornerRadius ## 169ee40 com.sec.android.app.launcher/com.android.quickstep.RecentsActivity#14265 cornerRadius=0.000000
11-23 12:16:33.391  2054  2096 D HeatmapThread: !@ batteryplugType : 0
11-23 12:16:33.391  2054  2096 D HeatmapThread: !@ batteryLevel : 44  batteryTemperature : 307 
11-23 12:16:33.391  2054  2096 D HeatmapThread: !@ Heatmap currtime: 29398636
11-23 12:16:33.391  2054  2096 D HeatmapThread: !@ Heatmap prevtime: 29398607
11-23 12:16:33.391  2054  2096 D HeatmapThread: !@ Heatmap plugstarttime: 35791394
11-23 12:16:33.391  2054  2096 D HeatmapThread: !@ Heatmap prevv_dsoh_update_time: 29398243
11-23 12:16:33.391  2054  2096 E HeatmapThread: !@ CAM New BSOH: 100
11-23 12:16:33.392  2907 12890 I WindowManager: Cancelling animation restarting=true, leash=Surface(name=Surface(name=82174b3 InputMethod)/@0x90ea1e9 - animation-leash of insets_animation)/@0xabd5456
11-23 12:16:33.392  2907 12890 I WindowManager: Reparenting to original parent: Surface(name=WindowToken{881d361 type=2011 android.os.Binder@3d316c8})/@0x3c61e6e, destroy=false, surface=Surface(name=82174b3 InputMethod)/@0x90ea1e9
11-23 12:16:33.392  2907 12890 I WindowManager: Reparenting to leash, surface=Surface(name=82174b3 InputMethod)/@0x90ea1e9, leashParent=Surface(name=WindowToken{881d361 type=2011 android.os.Binder@3d316c8})/@0x3c61e6e
11-23 12:16:33.392  2062  3360 I SurfaceFlinger: id=37329 createSurf, flag=24004, Surface(name=82174b3 InputMethod)/@0x90ea1e9 - animation-leash of insets_animation#37329
11-23 12:16:33.392  2907 12890 D WindowManager: makeSurface duration=0 leash=Surface(name=Surface(name=82174b3 InputMethod)/@0x90ea1e9 - animation-leash of insets_animation)/@0xbb58b63
11-23 12:16:33.392  2907 12890 D InsetsSourceProvider: updateControlForTarget: control=InsetsSourceControl: {3 mType=ime mSurfacePosition=Point(0, 0) mInsetsHint=Insets{left=0, top=0, right=0, bottom=888}}, target=Window{169ee40 u0 com.sec.android.app.launcher/com.android.quickstep.RecentsActivity}, from=com.android.server.wm.ImeInsetsSourceProvider.updateControlForTarget:17 com.android.server.wm.ImeInsetsSourceProvider.setServerVisible:68 com.android.server.wm.InsetsSourceProvider.onPostLayout:30 com.android.server.wm.ImeInsetsSourceProvider.onPostLayout:3 com.android.server.wm.InsetsStateController.onPostLayout:26 
11-23 12:16:33.392  2907 12890 I ImeTracker: system_server:f68bfa94: onRequestHide at ORIGIN_SERVER reason IME_REQUESTED_CHANGED_LISTENER fromUser false
11-23 12:16:33.392  2907  3101 V InputMethodManagerService: Client requesting input be hidden
11-23 12:16:33.392  2907 12890 D SurfaceComposerClient: setCornerRadius ## 169ee40 com.sec.android.app.launcher/com.android.quickstep.RecentsActivity#14265 cornerRadius=0.000000
11-23 12:16:33.393  2062  2062 I SurfaceFlinger: [LayerHierarchy{RequestedLayerState{InputMethod$_14179#37315} no children}] reparent to OffscreenRoot
11-23 12:16:33.393  2062  2062 I SurfaceFlinger: [LayerHierarchy{RequestedLayerState{InputMethod$_14179#37315} no children}] RelativeParent to null
11-23 12:16:33.393  2907  3101 V InputMethodManagerService: setWindowStateInner, windowToken=android.os.BinderProxy@53765c3, state=ImeTargetWindowState{ imeToken android.os.Binder@1d1d019 imeFocusChanged true hasEditorFocused false requestedImeVisible false imeDisplayId 0 softInputModeState STATE_UNSPECIFIED|ADJUST_RESIZE|IS_FORWARD_NAVIGATION isStartInputByGainFocus true}
11-23 12:16:33.393  2062  2062 I SurfaceFlinger: [Surface(name=82174b3 InputMethod)/@0x90ea1e9 - animation-leash of insets_animation#37329] attach to parent LayerHierarchy{RequestedLayerState{WindowToken{881d361 type=2011 android.os.Binder@3d316c8}#36784 parentId=15} 2 children}
11-23 12:16:33.393  2907  3101 I ImeTracker: system_server:f68bfa94: onCancelled at PHASE_SERVER_SHOULD_HIDE
11-23 12:16:33.393  2907  3101 V InputMethodManagerService: hideCurrentInputLocked : canceled, shouldHideSoftInput=false, mInputShown=false, mImeWindowVis=0
11-23 12:16:33.393  2907 12890 D SurfaceComposerClient: setCornerRadius ## 169ee40 com.sec.android.app.launcher/com.android.quickstep.RecentsActivity#14265 cornerRadius=0.000000
11-23 12:16:33.393  4091  4091 I VRI[StatusBar]@30e1aea: handleResized, frames=ClientWindowFrames{frame=[0,0][1080,85] display=[0,0][1080,2340] parentFrame=[0,0][0,0]} displayId=0 dragResizing=false compatScale=1.0 frameChanged=false attachedFrameChanged=false configChanged=false displayChanged=false compatScaleChanged=false dragResizingChanged=false
11-23 12:16:33.393  2907 12890 D SurfaceComposerClient: setCornerRadius ## 169ee40 com.sec.android.app.launcher/com.android.quickstep.RecentsActivity#14265 cornerRadius=0.000000
11-23 12:16:33.393  4738  4738 I InsetsController: onStateChanged: host=com.sec.android.app.launcher/com.android.quickstep.RecentsActivity, from=android.view.ViewRootImpl.onInsetsStateChanged:3026, state=InsetsState: {mDisplayFrame=Rect(0, 0 - 1080, 2340), mDisplayCutout=DisplayCutout{insets=Rect(0, 85 - 0, 0) waterfall=Insets{left=0, top=0, right=0, bottom=0} boundingRect={Bounds=[Rect(0, 0 - 0, 0), Rect(514, 0 - 566, 85), Rect(0, 0 - 0, 0), Rect(0, 0 - 0, 0)]} cutoutPathParserInfo={CutoutPathParserInfo{displayWidth=1080 displayHeight=2340 physicalDisplayWidth=1080 physicalDisplayHeight=2340 density={2.8125} cutoutSpec={M 0,0 H -9.333333333333333 V 30.13333333333333 H 9.333333333333333 V 0 H 0 Z @dp} rotation={0} scale={1.0} physicalPixelDisplaySizeRatio={1.0}}} sideOverrides={}}, mRoundedCorners=RoundedCorners{[RoundedCorner{position=TopLeft, radius=39, center=Point(39, 39)}, RoundedCorner{position=TopRight, radius=39, center=Point(1041, 39)}, RoundedCorner{position=BottomRight, radius=39, center=Point(1041, 2301)}, RoundedCorner{position=BottomLeft, radius=39, center=Point(39, 2301)}]}  mRoundedCornerFrame=Rect(0, 0 - 1080, 2340), mPrivacyIndicatorBounds=PrivacyIndicatorBounds {static bounds=Rect(964, 0 - 1080, 85) rotation=0}, mDisplayShape=DisplayShape{ spec=-311912193 displayWidth=1080 displayHeight=2340 physicalPixelDisplaySizeRatio=0.75 rotation=0 offsetX=0 offsetY=0 scale=1.0}, mSources= { InsetsSource: {8ced0001 mType=navigationBars mFrame=[0,2214][1080,2340] mVisible=true mFlags= mSideHint=BOTTOM mBoundingRects=null}, InsetsSource: {8ced0004 mType=systemGestures mFrame=[0,0][0,0] mVisible=true mFlags= mSideHint=NONE mBoundingRects=null}, InsetsSource: {8ced0005 mType=mandatorySystemGestures mFrame=[0,2214][1080,2340] mVisible=true mFlags= mSideHint=BOTTOM mBoundingRects=null}, InsetsSource: {8ced0006 mType=tappableElement mFrame=[0,2214][1080,2340] mVisible=true mFlags= mSideHint=BOTTOM mBoundingRects=null}, InsetsSource: {8ced0024 mType=systemGestures mFrame=[0,0][0,0] mVisible=true mFlags= mSideHint=NONE mBoundingRects=null}, InsetsSource: {3 mType=ime mFrame=[0,0][0,0] mVisible=false mFlags= mSideHint=NONE mBoundingRects=null}, InsetsSource: {27 mType=displayCutout mFrame=[0,0][1080,85] mVisible=true mFlags= mSideHint=TOP mBoundingRects=null}, InsetsSource: {12d50000 mType=statusBars mFrame=[0,0][1080,85] mVisible=true mFlags= mSideHint=TOP mBoundingRects=null}, InsetsSource: {12d50005 mType=mandatorySystemGestures mFrame=[0,0][1080,117] mVisible=true mFlags= mSideHint=TOP mBoundingRects=null}, InsetsSource: {12d50006 mType=tappableElement mFrame=[0,0][1080,85] mVisible=true mFlags= mSideHint=TOP mBoundingRects=null} }
11-23 12:16:33.393  4091  4091 I VRI[NavigationBar0]@ae7fa9c: handleResized, frames=ClientWindowFrames{frame=[0,2214][1080,2340] display=[0,0][1080,2340] parentFrame=[0,0][0,0]} displayId=0 dragResizing=false compatScale=1.0 frameChanged=false attachedFrameChanged=false configChanged=false displayChanged=false compatScaleChanged=false dragResizingChanged=false
11-23 12:16:33.393  4738  4738 I VRI[RecentsActivity]@793eb99: handleResized, frames=ClientWindowFrames{frame=[0,0][1080,2340] display=[0,0][1080,2340] parentFrame=[0,0][0,0]} displayId=0 dragResizing=false compatScale=1.0 frameChanged=false attachedFrameChanged=false configChanged=false displayChanged=false compatScaleChanged=false dragResizingChanged=false
11-23 12:16:33.393  4738  4738 I VRI[CocktailBarService]@2c23dad: handleResized, frames=ClientWindowFrames{frame=[1013,1134][1080,1348] display=[0,0][1080,2340] parentFrame=[0,0][0,0]} displayId=0 dragResizing=false compatScale=1.0 frameChanged=false attachedFrameChanged=false configChanged=false displayChanged=false compatScaleChanged=false dragResizingChanged=false
11-23 12:16:33.393 25260 25260 I VRI[Air_Cmd(Floating)]@c27891b: handleResized, frames=ClientWindowFrames{frame=[-50,310][163,523] display=[-100000,-100000][100000,100000] parentFrame=[0,0][0,0]} displayId=0 dragResizing=false compatScale=1.0 frameChanged=false attachedFrameChanged=false configChanged=false displayChanged=false compatScaleChanged=false dragResizingChanged=false
11-23 12:16:33.393 11725 11725 I WallpaperService: resized: systemlock, reportDraw=false, forceLayout=false, displayId=0
11-23 12:16:33.394 11725 11725 I WallpaperService: handleResized: which=7, reportDraw=false
11-23 12:16:33.394 11725 11725 I WallpaperService: updateSurface systemlock forceRelayout=true forceReport=false redrawNeeded=false myWidth=-1 myHeight=-1 fixedSize=false x = 0 y = 0 mWidth=-1 mHeight=-1
11-23 12:16:33.394 11725 11725 I WallpaperService: maxBounds : Rect(0, 0 - 1080, 2340) , mDeviceHeight : 2340, mDeviceWidth : 1080,mDeviceRotation  : 0
11-23 12:16:33.394 11725 11725 I WallpaperService: updateSurface: invoke Session.relayout
11-23 12:16:33.394  2907 12890 I WindowManager: Relayout hash=82174b3, pid=14179, syncId=-1: mAttrs={(0,0)(fillxfill) gr=BOTTOM CENTER_VERTICAL sim={adjust=pan} layoutInDisplayCutoutMode=always ty=INPUT_METHOD fmt=TRANSPARENT wanim=0x1030056 preferredMinDisplayRefreshRate=60.0 receive insets ignoring z-order
11-23 12:16:33.394  2907 12890 I WindowManager:   fl=81800108
11-23 12:16:33.394  2907 12890 I WindowManager:   pfl=14000000
11-23 12:16:33.394  2907 12890 I WindowManager:   bhv=1
11-23 12:16:33.394  2907 12890 I WindowManager:   fitSides=7
11-23 12:16:33.394  2907 12890 I WindowManager:   fitIgnoreVis
11-23 12:16:33.394  2907 12890 I WindowManager:   frameRateBoostOnTouch=true
11-23 12:16:33.394  2907 12890 I WindowManager:   dvrrWindowFrameRateHint=true
11-23 12:16:33.394  2907 12890 I WindowManager:  dimAmount=0.18 dimDuration=150 naviIconColor=0}
11-23 12:16:33.394  2907  3101 I RefreshRateModeManager: Schedule to change allowedModes=baseModeId=8 allowGroupSwitching=false primary=physical: (10.0 120.0) render:  (0.0 120.0) appRequest=physical: (10.0 120.0) render:  (0.0 120.0) idleScreenRefreshRateConfig=null, mDisplayToken=android.os.BinderProxy@dd056f2
11-23 12:16:33.394  2907  3101 I RefreshRateModeManager:     -1:
11-23 12:16:33.394  2907  3101 I RefreshRateModeManager:       PRIORITY_REFRESH_RATE_MODE -> CombinedVote{ mVotes=[PhysicalVote{ RefreshRateVote{  mMinRefreshRate=10.0, mMaxRefreshRate=120.0 } }, DisableRefreshRateSwitchingVote{ mDisableRefreshRateSwitching=false }] }
11-23 12:16:33.394  2907  3101 I RefreshRateModeManager:     0:
11-23 12:16:33.394  2907  3101 I RefreshRateModeManager:       PRIORITY_USER_SETTING_PEAK_RENDER_FRAME_RATE -> RenderVote{ RefreshRateVote{  mMinRefreshRate=0.0, mMaxRefreshRate=120.0 } }
11-23 12:16:33.394  2907  3101 I RefreshRateModeManager:       PRIORITY_RESOLUTION -> SizeVote{ mWidth=1080, mHeight=2340, mMinWidth=1080, mMinHeight=2340 }
11-23 12:16:33.394  2907  3101 I RefreshRateModeManager:       PRIORITY_USER_SETTING_PEAK_REFRESH_RATE -> CombinedVote{ mVotes=[PhysicalVote{ RefreshRateVote{  mMinRefreshRate=0.0, mMaxRefreshRate=120.0 } }, DisableRefreshRateSwitchingVote{ mDisableRefreshRateSwitching=false }] }
11-23 12:16:33.394  2907  3101 I RefreshRateModeManager:       PRIORITY_USER_SETTING_DISPLAY_PREFERRED_SIZE -> SizeVote{ mWidth=1080, mHeight=2340, mMinWidth=1080, mMinHeight=2340 }
11-23 12:16:33.394  2907  3101 I RefreshRateModeManager:       PRIORITY_USER_SETTING_MIN_RENDER_FRAME_RATE -> RenderVote{ RefreshRateVote{  mMinRefreshRate=0.0, mMaxRefreshRate=Infinity } }
11-23 12:16:33.394  2907  3101 I RefreshRateModeManager: 
11-23 12:16:33.394  2907  3101 I RefreshRateModeManager:  mModeSwitchingType: SWITCHING_TYPE_WITHIN_GROUPS mAlwaysRespectAppRequest: false
11-23 12:16:33.394  2907  3101 I RefreshRateModeManager:  Current Mode mReportedRefreshRateMode(toSurfaceFlinger)=REFRESH_RATE_MODE_SEAMLESS, mRefreshRateMode(fromSettings)=REFRESH_RATE_MODE_SEAMLESS
11-23 12:16:33.394  2907  3101 I RefreshRateModeManager:  BrightnessState mPassive=false, PassiveModeToken=false, mLfd=0, mBrightness=105, mAmbientLux=20.9925, mIsWirelessCharing=false
11-23 12:16:33.394  2907  3102 D SurfaceComposerClient: setCornerRadius ## 169ee40 com.sec.android.app.launcher/com.android.quickstep.RecentsActivity#14265 cornerRadius=0.000000
11-23 12:16:33.394  2907  3101 D LocalDisplayAdapter: setDesiredDisplayModeSpecsAsync(4630947191136750483) : defaultMode=7 allowGroupSwitching=false primaryRanges=physical: (10.0 120.0) render:  (0.0 120.0) appRequestRanges=physical: (10.0 120.0) render:  (0.0 120.0) idleScreenRefreshRate=null
11-23 12:16:33.395  2907  3101 I SurfaceComposerClient: setDesiredDisplayModeSpecs DisplayModeSpecs{defaultMode: 7, allowGroupSwitching: false, primaryRanges: RefreshRateRanges{physical: RefreshRateRange{min: 10.000000, max: 120.000000}, render: RefreshRateRange{min: 0.000000, max: 120.000000}}, appRequestRanges: RefreshRateRanges{physical: RefreshRateRange{min: 10.000000, max: 120.000000}, render: RefreshRateRange{min: 0.000000, max: 120.000000}}, idleScreenRefreshRateConfig: (null)}
11-23 12:16:33.395  2062  2062 I RefreshRateSelector: Display 4630947191136750483 policy changed
11-23 12:16:33.395  2062  2062 I RefreshRateSelector: Previous: {defaultModeId=7, allowGroupSwitching=false, primaryRanges={physical=[60.00 Hz, 120.00 Hz], render=[60.00 Hz, 120.00 Hz]}, appRequestRanges={physical=[60.00 Hz, 120.00 Hz], render=[60.00 Hz, 120.00 Hz]} idleScreenConfig=nullptr}
11-23 12:16:33.395  2062  2062 I RefreshRateSelector: Current:  DisplayManagerPolicy{defaultModeId=7, allowGroupSwitching=false, primaryRanges={physical=[10.00 Hz, 120.00 Hz], render=[0.00 Hz, 120.00 Hz]}, appRequestRanges={physical=[10.00 Hz, 120.00 Hz], render=[0.00 Hz, 120.00 Hz]} idleScreenConfig=nullptr}
11-23 12:16:33.395  2062  2062 I RefreshRateSelector: 30 mode changes were performed under the previous policy
11-23 12:16:33.395  2062  2062 I SurfaceFlinger: [4630947191136750483] Setting desired display mode specs: {defaultModeId=7, allowGroupSwitching=false, primaryRanges={physical=[10.00 Hz, 120.00 Hz], render=[0.00 Hz, 120.00 Hz]}, appRequestRanges={physical=[10.00 Hz, 120.00 Hz], render=[0.00 Hz, 120.00 Hz]} idleScreenConfig=nullptr}
11-23 12:16:33.395  2907 11786 I WindowManager: Relayout Window{a469ceb u0 com.maxelus.icegalaxylivewallpaper.WallpaperService}: viewVisibility=0 req=-1x-1 ty=2013 d0
11-23 12:16:33.395  2907 11786 D SurfaceComposerClient: setCornerRadius ## 169ee40 com.sec.android.app.launcher/com.android.quickstep.RecentsActivity#14265 cornerRadius=0.000000
11-23 12:16:33.395  2907 11786 D SurfaceComposerClient: setCornerRadius ## 169ee40 com.sec.android.app.launcher/com.android.quickstep.RecentsActivity#14265 cornerRadius=0.000000
11-23 12:16:33.395 14179 14179 I VRI[InputMethod]@bdf230c: Relayout returned: old=(0,0,1080,2340) new=(0,0,1080,2340) relayoutAsync=false req=(1080,2340)8 dur=4 res=0x2 s={false 0x0} ch=true seqId=0
11-23 12:16:33.396  2907 11786 I WindowManager: Relayout hash=a469ceb, pid=11725, syncId=-1: mAttrs={(0,0)(fillxfill) gr=TOP START CENTER layoutInDisplayCutoutMode=always ty=WALLPAPER fmt=RGBX_8888 wanim=0x1030328
11-23 12:16:33.396  2907 11786 I WindowManager:   fl=10308
11-23 12:16:33.396  2907 11786 I WindowManager:   pfl=4
11-23 12:16:33.396  2907 11786 I WindowManager:   bhv=1
11-23 12:16:33.396  2907 11786 I WindowManager:   frameRateBoostOnTouch=true
11-23 12:16:33.396  2907 11786 I WindowManager:   dvrrWindowFrameRateHint=true naviIconColor=0}
11-23 12:16:33.396 14179 14179 D VRI[InputMethod]@bdf230c: Not drawing due to not visible. Reason=View.GONE
11-23 12:16:33.396  2907 11785 D WindowManager: setInsetsWindow Window{82174b3 u0 InputMethod}, contentInsets=Rect(0, 1452 - 0, 0) -> Rect(0, 1452 - 0, 0), visibleInsets=Rect(0, 1452 - 0, 0) -> Rect(0, 1452 - 0, 0), touchableRegion=SkRegion() -> SkRegion(), touchableInsets 2 -> 2
11-23 12:16:33.396  2907 11785 D SurfaceComposerClient: setCornerRadius ## 169ee40 com.sec.android.app.launcher/com.android.quickstep.RecentsActivity#14265 cornerRadius=0.000000
11-23 12:16:33.396  2907 11785 D SurfaceComposerClient: setCornerRadius ## 169ee40 com.sec.android.app.launcher/com.android.quickstep.RecentsActivity#14265 cornerRadius=0.000000
11-23 12:16:33.396  2062  2062 D DisplayModeController: setDesiredMode 4630947191136750483 {mode={fps=120.00 Hz, modePtr={id=7, vsyncRate=120.00 Hz, peakRefreshRate=120.00 Hz}}, emitEvent=true, force=false}
11-23 12:16:33.396  2062  2210 I SurfaceFlinger: id=37315 Removed InputMethod$_14179#37315 (257)
11-23 12:16:33.396 11725 11725 I BLASTBufferQueue_Java: update, w= 1080 h= 2340 mName = Wallpaper mNativeObject= 0xb4000075aa22c080 sc.mNativeObject= 0xb4000076ba229250 format= 2 caller= android.service.wallpaper.WallpaperService$Engine.getOrCreateBLASTSurface:2929 android.service.wallpaper.WallpaperService$Engine.updateSurface:1682 android.service.wallpaper.WallpaperService$IWallpaperEngineWrapper.handleResized:3540 android.service.wallpaper.WallpaperService$IWallpaperEngineWrapper.executeMessage:3459 com.android.internal.os.HandlerCaller$MyHandler.handleMessage:44 android.os.Handler.dispatchMessage:110 
11-23 12:16:33.401  2062  2062 I SurfaceFlinger: RequestedLayer [Surface(name=82174b3 InputMethod)/@0[...]tion-leash of insets_animation#37329] hidden!! flag  from(1) --> to(0)
11-23 12:16:33.401  2062  2062 E SurfaceFlinger: alpha changed 1.000 -> 0.000 - Surface(name=82174b3 InputMethod)/@0x90ea1e9 - animation-leash of insets_animation#37329
11-23 12:16:33.401  2062  2062 I SurfaceFlinger: destroyed InputMethod$_14179#37315 form LifecycleManager
11-23 12:16:33.401  2062  2062 I SurfaceFlinger: [LayerHierarchy{RequestedLayerState{Surface(name=82174b3 InputMethod)/@0x90ea1e9 - animation-leash of insets_animation#37327} 1 children}] reparent to OffscreenRoot
11-23 12:16:33.401  2062  2062 I SurfaceFlinger: [LayerHierarchy{RequestedLayerState{Surface(name=82174b3 InputMethod)/@0x90ea1e9 - animation-leash of insets_animation#37327} 1 children}] RelativeParent to null
11-23 12:16:33.401  2062  2062 I SurfaceFlinger: [LayerHierarchy{RequestedLayerState{82174b3 InputMethod#36785 parentId=37329} no children}] reparent to LayerHierarchy{RequestedLayerState{Surface(name=82174b3 InputMethod)/@0x90ea1e9 - animation-leash of insets_animation#37329 parentId=36784} 1 children}
11-23 12:16:33.401  2062  2062 I SurfaceFlinger: id=37315 onLayerDestroyed from LayerHierarchyBuilder(RequestedLayerState{InputMethod$_14179#37315 !handle})
11-23 12:16:33.401  2062  2062 I Layer   : id=37315 Destroyed InputMethod$_14179#37315
11-23 12:16:33.403  2062  3360 I SurfaceFlinger: id=37327 Removed Surface(name=82174b3 InputMethod)/@0x90ea1e9 - animation-leash of insets_animation#37327 (256)
11-23 12:16:33.409  2062  2062 I SurfaceFlinger: destroyed Surface(name=82174b3 InputMethod)/@0x90ea1e9 - animation-leash of insets_animation#37327 form LifecycleManager
11-23 12:16:33.409  2062  2062 I SurfaceFlinger: id=37327 onLayerDestroyed from LayerHierarchyBuilder(RequestedLayerState{Surface(name=82174b3 InputMethod)/@0x90ea1e9 - animation-leash of insets_animation#37327 !handle})
11-23 12:16:33.409  2062  2062 I Layer   : id=37327 Destroyed Surface(name=82174b3 InputMethod)/@0x90ea1e9 - animation-leash of insets_animation#37327
11-23 12:16:33.514  2907  3723 D SensorService: [SO] -0.189 6.475 7.222
11-23 12:16:33.514  2907  3723 D SensorService: [SO] [255 -> 0]
11-23 12:16:33.515  4738  4738 I HoneySpace.TaskListViewModel[112843763]: rotationChanged
11-23 12:16:33.515  4738  4738 I HoneySpace.TaskListViewModel[112843763]: prevRotation: 0, newRotation: 0
11-23 12:16:33.515  2907  3099 D WindowOrientationListener: onSensorChanged device orientation: 0
11-23 12:16:33.515  4091  4091 D AppController: AppControlSensorListener.onSensorChanged, Rotation: 0
11-23 12:16:33.515  2907  3099 V WindowManager: Computed rotation=ROTATION_0 (0) for display id=0 based on lastOrientation=SCREEN_ORIENTATION_LOCKED (14) and oldRotation=ROTATION_0 (0), caller=com.android.server.wm.WindowManagerService.updateRotationUnchecked:72 com.android.server.wm.DisplayRotation$OrientationListener.onProposedRotationChanged:328 com.android.server.wm.WindowOrientationListener$OrientationSensorJudge.finalizeRotation:26 com.android.server.wm.WindowOrientationListener$OrientationSensorJudge.onSensorChanged:392 android.hardware.SystemSensorManager$SensorEventQueue.dispatchSensorEvent:1142 android.os.MessageQueue.nativePollOnce:-2 
11-23 12:16:33.544  1917 23169 I sensors-hal: handle_sns_std_sensor_event:90, light_cct: ts = 153208784680222 ns; value = [20, 20, 16, 30, 14, 105, 1, 20, 4000, 0]
11-23 12:16:33.569  2907  5267 I NSLocationMonitor: getGPSUsingApps() called
11-23 12:16:33.569  5270 22859 I NSLocationManager_FLP: getGPSUsingApps, No change
11-23 12:16:33.570  2907  5267 D FreecessHandler: freeze com.maxelus.icegalaxylivewallpaper(10696) result : 10
11-23 12:16:33.574  2907  5267 I NSLocationMonitor: getGPSUsingApps() called
11-23 12:16:33.575  5270 22859 I NSLocationManager_FLP: getGPSUsingApps, No change
11-23 12:16:33.577  2907  5267 D MARs:ActiveTrafficFilter: filter : AutomateItPro.mainPackage(0)
11-23 12:16:33.577  2907  5267 D FreecessHandler: freeze AutomateItPro.mainPackage(10725) result : 8
11-23 12:16:33.824  2907  3923 D WifiOffloadController: Active Network type = 1, so no Wi-Fi offload needed
11-23 12:16:33.824  2907  3923 I WifiOffloadController: isWifiOffloadNeeded : packageName = com.sec.android.app.launcher result = false
11-23 12:16:33.872  2907  3752 D HintManagerService: Starts cleaning for 11308
11-23 12:16:33.894  1917 16281 I sensors-hal: handle_sns_client_event:379, [0][102430] accel_sample [-0.069,  6.626,  7.260] 153209116058243
11-23 12:16:34.040  1910  5402 I vendor.qti.bluetooth@1.0-ibs_handler: ProcessIbsCmd: Received IBS_WAKE_IND: 0xFD
11-23 12:16:34.040  1910  5402 D vendor.qti.bluetooth@1.0-ibs_handler: SerialClockVote: vote for UART CLK ON
11-23 12:16:34.040  1910  5402 D vendor.qti.bluetooth@1.0-wake_lock: Acquire wakelock is acquired 
11-23 12:16:34.040  1910  5402 I vendor.qti.bluetooth@1.0-ibs_handler: ProcessIbsCmd: Writing IBS_WAKE_ACK
11-23 12:16:34.045  2419  2419 I CNSS    : /sys/wifi/max_chipset_log_size doesn't exist
11-23 12:16:34.048  4491  5474 I ScanController: onScanResult to scannerId: 6- eventType=0x1b, addressType=1, address=XX:XX:XX:XX:18:D7, primaryPhy=1, secondaryPhy=0, advertisingSid=0xff, txPower=127, rssi=-77, periodicAdvInt=0x0
11-23 12:16:34.049 15691 29161 I fpp     : Ranging Results Update: DeviceId=-1980371954 Distance=12.589254117941675 (m) Type=BLE
11-23 12:16:34.049 15691 29161 I fpp     : Proximity state event detected: device=-1980371954, distance(m)=12.59, state=LONG_RANGE, prevState=Unknown/Expired, distance history=[]
11-23 12:16:34.072  2907  3834 E WifiStaIfaceAidlImpl: getCachedScanData failed with service-specific exception: android.os.ServiceSpecificException:  (code 4)
11-23 12:16:34.074  2907  6462 D SemWifiUsabilityStatsMonitor: onWifiUsabilityStats - seqNum 22091, isSameBssidAndFreq true
11-23 12:16:34.074  4331  4331 I EPDG -- SIM0 [SMARTWIFI]: isProfiling, hash=13743432, started=true
11-23 12:16:34.075  2907  3937 D SemWifiSwitchForIndividualAppsService: TMI window: 2025-11-23 12:16:28 syn=0, rto=1, cwnd=2
11-23 12:16:34.075  2907  3937 D SemWifiSwitchForIndividualAppsService: TMI window: 2025-11-23 12:16:29 syn=0, rto=1, cwnd=2
11-23 12:16:34.075  2907  3937 D SemWifiSwitchForIndividualAppsService: TMI window: 2025-11-23 12:16:30 syn=0, rto=1, cwnd=2
11-23 12:16:34.075  2907  3937 D SemWifiSwitchForIndividualAppsService: TMI window: 2025-11-23 12:16:31 syn=0, rto=1, cwnd=2
11-23 12:16:34.075  2907  3937 D SemWifiSwitchForIndividualAppsService: TMI window: 2025-11-23 12:16:32 syn=0, rto=1, cwnd=2
11-23 12:16:34.075  4331  4331 I EPDG -- SIM0 [SMARTWIFI]: isWifiRssiLessOrEqualsHandoverThreshold: received rssi is: -55 handover threshold is: -85
11-23 12:16:34.075  4331  4331 I EPDG -- SIM0 [SMARTWIFI]: isProfiling, hash=13743432, started=true
11-23 12:16:34.076  4331  4331 I EPDG -- SIM0 [SMARTWIFI]: Rssi : -55 highrange : -71 lowrange : -80 mIsRssiInHystersis : false
11-23 12:16:34.076  4331  4331 I EPDG -- SIM0 [SMARTWIFI]: Rssi : -55 highrange : -71 lowrange : -80 mIsRssiInHystersis : false
11-23 12:16:34.076  4331  4331 I EPDG -- SIM0 [SMARTWIFI]: isL2WHandoverProfilingRunning: returning: false
11-23 12:16:34.076  4331  4331 I EPDG -- SIM0 [SMARTWIFI]: No need to send L2WHandoverProfiling runnable
11-23 12:16:34.076  4331  4331 I EPDG -- SIM0 [SMARTWIFI]: getHandoverThresholdMet: value is: false
11-23 12:16:34.076  2907  3938 D InsDataManager: onOutageCountUpdate() - Outage Data: 0, LQ : N. Outage Triggered: false
11-23 12:16:34.076  2907  3938 D SemInsManager: {"bssid": "4c91223b5220","rssi": -55.0,"latency": 0.0,"outage_count": 0,"lq_callback_triggered": false,"outage_log": "Unreliable statistics: -55.0 / 0 / 149 / 8 / 0 || 4c91223b5220: 0.000 / 0.000 / @ || N N / 0 0 / N 2.0 / N X 0 / 104843134 0 || 2025-11-23 12:16:33  / 0: 0 0 0 0 0 0 / 0: 1 1 1 1 1 0 / 0: 2 2 2 2 2 0""Magnetic Sensor Events size": "0""Pressure Sensor Events size": "0"}
11-23 12:16:34.081  2907  3955 D SGM:GameManager: identifyGamePackage. com.sec.android.app.launcher, mCurrentUserId: 0, callingMethodInfo: com.samsung.android.game.SemGameManager.isGamePackage(SemGameManager.java:106)
11-23 12:16:34.081  2907  3955 D SGM:SemGameManager: isGamePackage(), pkgName=com.sec.android.app.launcher, ret=false
11-23 12:16:34.089  1910  5402 I vendor.qti.bluetooth@1.0-ibs_handler: ProcessIbsCmd: Received IBS_SLEEP_IND: 0xFE
