11-23 12:16:32.859  4091  4149 V WindowManagerShell:    change={m=TO_FRONT f=SHOW_WALLPAPER|MOVE_TO_TOP|EDGE_EXTENSION_RESTRICTION leash=Surface(name=Task=25071)/@0x996fd1a sb=Rect(0, 0 - 1080, 2340) eb=Rect(0, 0 - 1080, 2340) epz=Point(1080, 2340) d=0 taskParent=-1 inset=Rect(0, 85 - 0, 126)}
11-23 12:16:32.859  4091  4149 I SurfaceControlRegistry: apply, t=StartTransaction_SyncId<2740>, caller=android.view.SurfaceControl$Transaction.apply:3459 android.view.SurfaceControl$Transaction.apply:3447 android.view.SurfaceControl$Transaction.apply:3397 com.android.wm.shell.transition.DefaultTransitionHandler.startAnimation:3387 com.android.wm.shell.transition.Transitions.dispatchTransition:90 com.android.wm.shell.transition.Transitions.playTransition:774 
11-23 12:16:32.859  4738  4738 I HoneySpace.ListTaskViewHolder: loadThumbnail: tasks = [[id=25395 windowingMode=1 user=0 lastActiveTime=153195708] null], 
11-23 12:16:32.859  4738  4738 I HoneySpace.ListTaskViewHolder:  position = 1, taskView = TaskView[d5869a2], currentIds: [25395], requestedIds: [25395]
11-23 12:16:32.859  4738  4738 I HoneySpace.DynamicSceneDrawingBag: sceneBoundInfo: scene: (v=[1.0], h=[1.0]), divider: (v=[0.0], h=[0.0]), sceneType: SingleType, fitType: [AutoFitType], fitScale: [1.0]
11-23 12:16:32.859  4738  4738 I HoneySpace.RecentAdapter[6ac3733]: id: 25395, srcShrink: [RectF(0.0, 42.5, 540.0, 1107.0)], destShrink: [RectF(0.0, 0.0, 681.0, 1343.0)], destShrinkBg: [RectF(0.0, 0.0, 681.0, 1343.0)]
11-23 12:16:32.860  4091  4149 V WindowManagerShell:  animated by com.android.wm.shell.transition.DefaultTransitionHandler@5f55f8f
11-23 12:16:32.860  2062  2062 I SurfaceFlinger: RequestedLayer [com.sec.android.app.launcher/com.and[...]uickstep.RecentsActivity$_4738#37324] hidden!! flag  from(1) --> to(0)
11-23 12:16:32.860  2062  2062 I SurfaceFlinger: RequestedLayer [com.maxelus.icegalaxylivewallpaper.WallpaperService$_11725#127] hidden!! flag  from(1) --> to(0)
11-23 12:16:32.860  2062  2062 I SurfaceFlinger: RequestedLayer [Task=25071#225] hidden!! flag  from(1) --> to(0)
11-23 12:16:32.860  2062  2062 E SurfaceFlinger: alpha changed 1.000 -> 0.000 - Task=25071#225
11-23 12:16:32.860  2062  2062 I SurfaceFlinger: RequestedLayer [Transition Root: Task=25071#37326] hidden!! flag  from(1) --> to(0)
11-23 12:16:32.860  2062  2062 I SurfaceFlinger: RequestedLayer [ActivityRecord{144529939 u0 com.sec.[...]uickstep.RecentsActivity t25071}#226] hidden!! flag  from(1) --> to(0)
11-23 12:16:32.860  2062  2062 I SurfaceFlinger: RequestedLayer [WallpaperWindowToken{75b79e1 showWhenLocked=false}#125] hidden!! flag  from(1) --> to(0)
11-23 12:16:32.860  2062  2062 E SurfaceFlinger: alpha changed 1.000 -> 0.000 - Task=25112#4777
11-23 12:16:32.860  2062  2062 E SurfaceFlinger: alpha changed 0.000 -> 1.000 - Task=25071#225
11-23 12:16:32.860  2062  2062 I SurfaceFlinger: [LayerHierarchy{RequestedLayerState{Task=25071#225 parentId=37326 z=4} 1 children}] reparent to LayerHierarchy{RequestedLayerState{Transition Root: Task=25071#37326 parentId=10 z=35} 1 children}
11-23 12:16:32.860  2062  2062 I SurfaceFlinger: [LayerHierarchy{RequestedLayerState{Task=25112#4777 parentId=37326 z=6} 1 children}] reparent to LayerHierarchy{RequestedLayerState{Transition Root: Task=25071#37326 parentId=10 z=35} 2 children}
11-23 12:16:32.860  2062  2062 I SurfaceFlinger: [Transition Root: Task=25071#37326] attach to parent LayerHierarchy{RequestedLayerState{DefaultTaskDisplayArea_d0#10 parentId=9} 37 children}
11-23 12:16:32.860  4091  4149 V WindowManagerShell: Transition animation finished (aborted=false), notifying core (#2740) android.os.BinderProxy@7f6702f@0
11-23 12:16:32.860  4091  4149 I SurfaceControlRegistry: apply, t=FinishTransaction_SyncId<2740>, caller=android.view.SurfaceControl$Transaction.apply:3459 android.view.SurfaceControl$Transaction.apply:3447 android.view.SurfaceControl$Transaction.apply:3397 com.android.wm.shell.transition.Transitions.onFinish:315 com.android.wm.shell.transition.Transitions$$ExternalSyntheticLambda7.onTransitionFinished:12 com.android.wm.shell.transition.DefaultTransitionHandler$$ExternalSyntheticLambda2.run:36 
11-23 12:16:32.861  2907  3102 D RestrictionPolicy: isScreenCaptureEnabled : ret=true userId=0
11-23 12:16:32.861  4738  4738 I HoneySpace.SuggestedAppsProgressRepositoryImpl: taskLaunchProgress: 0.0, recentsEnteringProgress: 0.0, timeoutProgress: 0.0, enabledProgress: 1.0, closeRecentsProgress: 0.0
11-23 12:16:32.861  4738  4738 I HoneySpace.SuggestedAppsProgressRepositoryImpl: taskLaunchProgress: 0.0, recentsEnteringProgress: 1.0, timeoutProgress: 0.0, enabledProgress: 1.0, closeRecentsProgress: 0.0
11-23 12:16:32.861  4738  4738 I HoneySpace.SuggestedAppsProgressRepositoryImpl: taskLaunchProgress: 0.0, recentsEnteringProgress: 1.0, timeoutProgress: 0.0, enabledProgress: 1.0, closeRecentsProgress: 0.0
11-23 12:16:32.861  2907  3102 D SurfaceComposerClient: setCornerRadius ## 169ee40 com.sec.android.app.launcher/com.android.quickstep.RecentsActivity#14265 cornerRadius=0.000000
11-23 12:16:32.861  2907  3102 D SurfaceComposerClient: setCornerRadius ## 169ee40 com.sec.android.app.launcher/com.android.quickstep.RecentsActivity#14265 cornerRadius=0.000000
11-23 12:16:32.862  2907  3098 D [secipm]: mSecIpmManager report to nap
11-23 12:16:32.862  2907  3098 I PkgPredictorService-SecIpmManagerServiceImpl: reportToNAP uid:10152 com.sec.android.app.launcher/com.android.quickstep.RecentsActivity thisTime:30
11-23 12:16:32.862  2907  3098 D PkgPredictorService-SecIpmManagerServiceImpl: reportToNAP: mHeavyLaunchCounter is false
11-23 12:16:32.862 11725 12227 I AdrenoGLES-0: PFP: 0x01500077, ME: 0x01500014
11-23 12:16:32.862  2907  5179 D PkgPredictorService-SecIpmManagerServiceImpl: ACTION_FOREGROUND_FINISH_EVENT sCurForegroundApp :com.sec.android.app.launcher
11-23 12:16:32.862  2907  3098 V WindowManager: Sent Transition (#2740) createdAt=11-23 12:16:32.825 via request=TransitionRequestInfo { type = OPEN, triggerTask = TaskInfo{userId=0 taskId=25071 effectiveUid=10152 displayId=0 isRunning=true baseIntent=Intent { act=android.intent.action.MAIN cat=[android.intent.category.DEFAULT] flg=0x10800000 pkg=com.sec.android.app.launcher cmp=com.sec.android.app.launcher/com.android.quickstep.RecentsActivity } baseActivity=ComponentInfo{com.sec.android.app.launcher/com.android.quickstep.RecentsActivity} topActivity=ComponentInfo{com.sec.android.app.launcher/com.android.quickstep.RecentsActivity} origActivity=null realActivity=ComponentInfo{com.sec.android.app.launcher/com.android.quickstep.RecentsActivity} numActivities=1 lastActiveTime=153208071 supportsMultiWindow=true resizeMode=2 isResizeable=true minWidth=-1 minHeight=-1 maxWidth=-1 maxHeight=-1 defaultMinSize=220 desktopDefaultMinSize=304 token=WCT{RemoteToken{44e3b41 Task{a235450 #25071 type=recents I=com.sec.android.app.launcher/com.android.quickstep.RecentsActivity}}} topActivityType=3 pictureInPictureParams=null shouldDockBigOverlays=false launchIntoPipHostTaskId=-1 lastParentTaskIdBeforePip=-1 displayCutoutSafeInsets=Rect(0, 0 - 0, 0) topActivityInfo=ActivityInfo{3e1f297 com.android.quickstep.RecentsActivity} launchCookies=[android.os.BinderProxy@6e69f6] positionInParent=Point(0, 0) parentTaskId=-1 isFocused=true isVisible=false isVisibleRequested=true isTopActivityNoDisplay=false isSleeping=false locusId=null displayAreaFeatureId=1 isTopActivityTransparent=false isActivityStackTransparent=false lastNonFullscreenBounds=Rect(81, 564 - 999, 1734) capturedLink=null capturedLinkTimestamp=0 requestedVisibleTypes=-9 topActivityRequestOpenInBrowserEducationTimestamp=0 appCompatTaskInfo=AppCompatTaskInfo { topActivityInSizeCompat=false eligibleForLetterboxEducation= false isLetterboxEducationEnabled= false isLetterboxDoubleTapEnabled= false eligibleForUserAspectRatioButton= false topActivityBoundsLetterboxed= false isFromLetterboxDoubleTap= false topActivityLetterboxVerticalPosition= -1 topActivityLetterboxHorizontalPosition= -1 topActivityLetterboxWidth=-1 topActivityLetterboxHeight=-1 topActivityAppBounds=Rect(0, 0 - 1080, 2340) isUserFullscreenOverrideEnabled=false isSystemFullscreenOverrideEnabled=false hasMinAspectRatioOverride=false topActivityLetterboxBounds=null cameraCompatTaskInfo=CameraCompatTaskInfo { freeformCameraCompatMode=inactive} topActivityBounds=null topActivityInDisplayCompat=false singleTapFromLetterbox=false} topActivityMainWindowFrame=null originallySupportedMultiWindow=true hasWallpaper=false rootAffinity=null isTopTaskInStage=false CoverLauncherWidgetTask=false LaunchedFromAppsCoverLauncherTask=false LaunchedFromMultistarCoverLauncherTask=false isAllowedSeamlessRotation=false isTopTransparentActivity=true isAliasManaged=false hasConfigChanged=false snappingGuideBounds=null isAiKeyRemoveAppTask=false lastDesktopWindowingBounds=null lastExternalDesktopWindowingBounds=null safeCutoutInsets=null}, pipChange = null, remoteTransition = null, displayChange = null, flags = 0, debugId = 2740 }
11-23 12:16:32.862  2907  3098 V WindowManager:     startWCT=WindowContainerTransaction { changes= {} hops= [] errorCallbackToken=null taskFragmentOrganizer=null }
11-23 12:16:32.862  2907  3098 V WindowManager:     info={id=2740 t=OPEN f=0x0 trk=0 r=[0@Point(0, 0)] c=[
11-23 12:16:32.862  2907  3098 V WindowManager:         {WCT{RemoteToken{44e3b41 Task{a235450 #25071 type=recents I=com.sec.android.app.launcher/com.android.quickstep.RecentsActivity}}} m=TO_FRONT f=SHOW_WALLPAPER|MOVE_TO_TOP|EDGE_EXTENSION_RESTRICTION leash=Surface(name=Task=25071)/@0x53be51a sb=Rect(0, 0 - 1080, 2340) eb=Rect(0, 0 - 1080, 2340) epz=Point(1080, 2340) d=0 taskParent=-1 inset=Rect(0, 85 - 0, 126)},
11-23 12:16:32.862  2907  3098 V WindowManager:         {WCT{RemoteToken{7f91056 Task{b3632d9 #25112 type=standard A=10364:com.termux}}} m=TO_BACK f=NONE leash=Surface(name=Task=25112)/@0x11a8018 sb=Rect(0, 0 - 1080, 2340) eb=Rect(0, 0 - 1080, 2340) epz=Point(1080, 2340) d=0 taskParent=-1 inset=Rect(0, 85 - 0, 126)},
11-23 12:16:32.862  2907  3098 V WindowManager:         {m=TO_FRONT f=IS_WALLPAPER p=WCT{RemoteToken{666947e RemoteWallpaperAnim:1:1@9860729}} leash=Surface(name=WallpaperWindowToken{75b79e1 showWhenLocked=false})/@0x9455a30 sb=Rect(0, 0 - 1080, 2340) eb=Rect(0, 0 - 1080, 2340) epz=Point(1080, 2340) d=0 inset=Rect(0, 0 - 0, 0)}
11-23 12:16:32.862  2907  3098 V WindowManager:     ]}
11-23 12:16:32.862  2907 11785 V WindowManager: Finish Transition: TransitionRecord{87b3117 id=2740 type=OPEN flags=0x0 c=[
11-23 12:16:32.862  2907 11785 V WindowManager:    ChangeInfo{a976964 container=RemoteWallpaperAnim:1:1@9860729 flags=0x0}
11-23 12:16:32.862  2907 11785 V WindowManager:    ChangeInfo{c77c7b3 container=ActivityRecord{70457604 u0 com.sec.android.app.launcher/com.android.quickstep.RecentsActivity t-1} flags=0x0}
11-23 12:16:32.862  2907 11785 V WindowManager:    ChangeInfo{54ac170 container=ActivityRecord{106424608 u0 com.termux/.app.TermuxActivity t25112} flags=0x0}
11-23 12:16:32.862  2907 11785 V WindowManager:    ChangeInfo{464ace9 container=Display{#0 state=ON size=1080x2340 ROTATION_0} flags=0x0}
11-23 12:16:32.862  2907 11785 V WindowManager:    ChangeInfo{bec87cd container=WallpaperWindowToken{75b79e1 showWhenLocked=true}_<lock> flags=0x0}
11-23 12:16:32.862  2907 11785 V WindowManager:    ChangeInfo{c2cd6e container=ActivityRecord{144529939 u0 com.sec.android.app.launcher/com.android.quickstep.RecentsActivity t25071} flags=0x0}
11-23 12:16:32.862  2907 11785 V WindowManager:    ChangeInfo{e9d2c0f container=Task{a235450 #25071 type=recents I=com.sec.android.app.launcher/com.android.quickstep.RecentsActivity} flags=0x30}
11-23 12:16:32.862  2907 11785 V WindowManager:    ChangeInfo{ef2849c container=DefaultTaskDisplayArea_d0@170505062 flags=0x0}
11-23 12:16:32.862  2907 11785 V WindowManager:    ChangeInfo{e522ea5 container=Task{b3632d9 #25112 type=standard A=10364:com.termux} flags=0x10}
11-23 12:16:32.862  2907 11785 V WindowManager: ]
11-23 12:16:32.862  2907 11785 V WindowManager: }, caller=com.android.server.wm.WindowOrganizerController.finishTransitionInner:31 com.android.server.wm.WindowOrganizerController.finishAllTransitions:60 android.window.IWindowOrganizerController$Stub.onTransact:283 
11-23 12:16:32.862  2907  3098 V WindowManager: Finish Transition (#2740): created at 11-23 12:16:32.825 collect-started=0.186ms request-sent=8.321ms started=9.877ms ready=9.872ms sent=31.124ms commit=4.291ms finished=37.106ms
11-23 12:16:32.863  2907 11785 V WindowManager: Setting visibility of Window{b0b0f2 u0 com.termux/com.termux.app.TermuxActivity}: false, caller=com.android.server.wm.WindowContainer.sendAppVisibilityToClients:19 com.android.server.wm.WindowToken.setClientVisible:48 com.android.server.wm.ActivityRecord.commitVisibility:186 com.android.server.wm.TransitionController.finishTransition:846 com.android.server.wm.WindowOrganizerController.finishTransitionInner:31 
11-23 12:16:32.863  2907 11785 D ChangeTransitionController: onTransitionFinished: TransitionRecord{87b3117 id=2740 type=OPEN flags=0x0 c=[
11-23 12:16:32.863  2907 11785 D ChangeTransitionController:    ChangeInfo{a976964 container=RemoteWallpaperAnim:1:1@9860729 flags=0x0}
11-23 12:16:32.863  2907 11785 D ChangeTransitionController:    ChangeInfo{c77c7b3 container=ActivityRecord{70457604 u0 com.sec.android.app.launcher/com.android.quickstep.RecentsActivity t-1} flags=0x0}
11-23 12:16:32.863  2907 11785 D ChangeTransitionController:    ChangeInfo{54ac170 container=ActivityRecord{106424608 u0 com.termux/.app.TermuxActivity t25112} flags=0x0}
11-23 12:16:32.863  2907 11785 D ChangeTransitionController:    ChangeInfo{464ace9 container=Display{#0 state=ON size=1080x2340 ROTATION_0} flags=0x0}
11-23 12:16:32.863  2907 11785 D ChangeTransitionController:    ChangeInfo{bec87cd container=WallpaperWindowToken{75b79e1 showWhenLocked=true}_<lock> flags=0x0}
11-23 12:16:32.863  2907 11785 D ChangeTransitionController:    ChangeInfo{c2cd6e container=ActivityRecord{144529939 u0 com.sec.android.app.launcher/com.android.quickstep.RecentsActivity t25071} flags=0x0}
11-23 12:16:32.863  2907 11785 D ChangeTransitionController:    ChangeInfo{e9d2c0f container=Task{a235450 #25071 type=recents I=com.sec.android.app.launcher/com.android.quickstep.RecentsActivity} flags=0x30}
11-23 12:16:32.863  2907 11785 D ChangeTransitionController:    ChangeInfo{ef2849c container=DefaultTaskDisplayArea_d0@170505062 flags=0x0}
11-23 12:16:32.863  2907 11785 D ChangeTransitionController:    ChangeInfo{e522ea5 container=Task{b3632d9 #25112 type=standard A=10364:com.termux} flags=0x10}
11-23 12:16:32.863  2907 11785 D ChangeTransitionController: ]
11-23 12:16:32.863  2907 11785 D ChangeTransitionController: }
11-23 12:16:32.863  2062  2062 D SurfaceFlinger: Display 4630947191136750483 HWC layers:
11-23 12:16:32.863  2062  2062 D SurfaceFlinger:        CLIENT |           50358491548393 | 00000100 | 0x0000115    |    0.0    0.0 1080.0 2340.0 |    0    0 1080 2340 | Wallpaper BBQ wrapper 7_systemlock#128 (661352)
11-23 12:16:32.863  2062  2062 D SurfaceFlinger:        DEVICE |           20349555055472 | 00002100 | RGBA_8888    |    0.0    0.0 1080.0 2340.0 |    0    0 1080 2340 | com.sec.android.app.launcher/com.and[...]uickstep.RecentsActivity$_4738#37324 (blurRegions) (2)
11-23 12:16:32.863  2062  2062 D SurfaceFlinger:        DEVICE |           17570711298301 | 00002100 | RGBA_8888    |    0.0    0.0 1080.0   85.0 |    0    0 1080   85 | StatusBar$_4091#100 (40386)
11-23 12:16:32.863  2062  2062 D SurfaceFlinger:        DEVICE |           20349555055466 | 00002100 | RGBA_8888    |    0.0    0.0   67.0  214.0 | 1013 1134 1080 1348 | com.sec.android.app.launcher/com.sam[...]l.app.CocktailBarService$_4738#37305 (1)
11-23 12:16:32.863  2062  2062 D SurfaceFlinger:        DEVICE |           17570711298299 | 00002100 | RGBA_8888    |    0.0    0.0 1080.0  126.0 |    0 2214 1080 2340 | NavigationBar0$_4091#96 (16900)
11-23 12:16:32.863  2062  2062 D SurfaceFlinger:        DEVICE |          108490873897399 | 00002100 | RGBA_8888    |   50.0    0.0  213.0  2
11-23 12:16:32.863  2062  2062 D SurfaceFlinger: 13.0 |    0  310  163  523 | Air_Cmd(Floating)$_25260#37170 (1)
11-23 12:16:32.863  2062  2062 D SurfaceFlinger: 
11-23 12:16:32.863  4091  4149 V WindowManagerShell: Track 0 became idle
11-23 12:16:32.863  4091  4149 V WindowManagerShell: All active transition animations finished
11-23 12:16:32.863 10821 10821 I VRI[TermuxActivity]@a130fb2: handleAppVisibility mAppVisible = true visible = false
11-23 12:16:32.863 10821 10821 D VRI[TermuxActivity]@a130fb2: visibilityChanged oldVisibility=true newVisibility=false
11-23 12:16:32.863  2907 12441 D InputDispatcher: Focus entered window (0): 169ee40 com.sec.android.app.launcher/com.android.quickstep.RecentsActivity
11-23 12:16:32.864 11725 12227 E Adreno-AppProfiles: QSPM AIDL service doesn't exist
11-23 12:16:32.864  4738  4738 I InputMethodManager: startInputInner - IInputMethodManagerGlobalInvoker.startInputOrWindowGainedFocus
11-23 12:16:32.864  2907  3102 I ImeTracker: system_server:1ad0d4e9: onRequestShow at ORIGIN_SERVER reason CONTROLS_CHANGED fromUser false
11-23 12:16:32.864  2907  3102 D SurfaceComposerClient: setCornerRadius ## 169ee40 com.sec.android.app.launcher/com.android.quickstep.RecentsActivity#14265 cornerRadius=0.000000
11-23 12:16:32.865  4738  4738 I InsetsSourceConsumer: applyRequestedVisibilityToControl: visible=true, type=statusBars, host=com.sec.android.app.launcher/com.android.quickstep.RecentsActivity
11-23 12:16:32.865  2907  3101 D BBA2    : updateWindowVisible for pid : 11725, visible : 1
11-23 12:16:32.865  2907  3783 V InputMethodManagerService: startInputOrWindowGainedFocusInternalLocked: reason=WINDOW_FOCUS_GAIN client=android.os.BinderProxy@4b295f4 inputContext=null editorInfo=android.view.inputmethod.EditorInfo@20c20df startInputFlags=VIEW_HAS_FOCUS|INITIAL_CONNECTION softInputMode=STATE_UNSPECIFIED|ADJUST_RESIZE|IS_FORWARD_NAVIGATION windowFlags=#81910100 unverifiedTargetSdkVersion=36 bindingController=com.android.server.inputmethod.InputMethodBindingController@837273b imeDispatcher=android.window.ImeOnBackInvokedDispatcher@ca8212c cs=ClientState{b5a4123 mUid=10152 mPid=4738 mSelfReportedDisplayId=0} imeRequestedVisible=false
11-23 12:16:32.865  2907  3783 V InputMethodManagerService: setWindowStateInner, windowToken=android.os.BinderProxy@53765c3, state=ImeTargetWindowState{ imeToken null imeFocusChanged true hasEditorFocused false requestedImeVisible false imeDisplayId 0 softInputModeState STATE_UNSPECIFIED|ADJUST_RESIZE|IS_FORWARD_NAVIGATION isStartInputByGainFocus true}
11-23 12:16:32.865  2907  3783 V InputMethodManagerService: Unspecified window will hide input
11-23 12:16:32.865  2907  3783 I ImeTracker: com.sec.android.app.launcher:62898921: onRequestHide at ORIGIN_SERVER reason HIDE_UNSPECIFIED_WINDOW fromUser false
11-23 12:16:32.865  2907  3783 V InputMethodManagerService: applyImeVisibility state=6
11-23 12:16:32.865  4738  4738 I InputMethodManager: handleMessage: setImeVisibility visible=false
11-23 12:16:32.866  2907  3783 D SemInputMethodManagerServiceUtil: restorePreviousUsedInputMethod : failed to return the previous ime becuase the stored info is null or do not need restore
11-23 12:16:32.866  4738  4738 I ImeTracker: com.sec.android.app.launcher:62898921: onCancelled at PHASE_CLIENT_ALREADY_HIDDEN
11-23 12:16:32.866  2907  3783 V InputMethodManagerService: semComputeImeDisplayIdForTarget: displayToShowIme=0
11-23 12:16:32.866  2907  3783 V InputMethodManagerService: unbindCurrentInputLocked: client=android.os.BinderProxy@68db466
11-23 12:16:32.866  2907  3101 I DisplayDeviceRepository: Display device changed render timings: "Built-in Screen", renderFrameRate=120.00001, presentationDeadlineNanos=9333333, appVsyncOffsetNanos=8333333, frameRateOverrides=[{uid=10047 frameRateHz=120.00001}, {uid=10048 frameRateHz=120.00001}, {uid=10152 frameRateHz=120.00001}, {uid=10696 frameRateHz=120.00001}]
11-23 12:16:32.866  2907  3783 V InputMethodManagerService: Creating new accessibility sessions for client ClientState{b5a4123 mUid=10152 mPid=4738 mSelfReportedDisplayId=0}
11-23 12:16:32.866  2907  3783 D InputMethodManagerService: isImeSwitcherDisabledPackage : false
11-23 12:16:32.866 10821 10821 W WindowOnBackDispatcher: sendCancelIfRunning: isInProgress=false callback=ImeCallback=ImeOnBackInvokedCallback@123932737 Callback=android.window.IOnBackInvokedCallback$Stub$Proxy@98a51ef
11-23 12:16:32.866  2907  3783 D InputMethodManagerService: shouldShowImeSwitcherLocked : checking vis : 3
11-23 12:16:32.866  2907  3783 V InputMethodManagerService: Disabling: SessionState{uid=10364 pid=10821 method=496d759 session=5ae9c12 channel=ClientState{117b49 mUid=10364 mPid=10821 mSelfReportedDisplayId=0} userId=0}
11-23 12:16:32.866  2907  3783 V InputMethodManagerService: Enabling: SessionState{uid=10152 pid=4738 method=496d759 session=7681cf4 channel=ClientState{b5a4123 mUid=10152 mPid=4738 mSelfReportedDisplayId=0} userId=0}
11-23 12:16:32.867 10821 10821 D InputTransport: Input channel destroyed: 'ClientS', fd=158
11-23 12:16:32.867  2907 11785 D CoreBackPreview: Window{b0b0f2 u0 com.termux/com.termux.app.TermuxActivity}: Setting back callback OnBackInvokedCallbackInfo{mCallback=android.window.IOnBackInvokedCallback$Stub$Proxy@4bbebfb, mPriority=0, mIsAnimationCallback=false, mOverrideBehavior=0}
11-23 12:16:32.867  2907  3783 D InputMethodManagerService: checkDisplayOfStartInputAndUpdateKeyboard: displayId=0, mFocusedDisplayId=0
11-23 12:16:32.867  2907  3783 D InputTransport: Input channel constructed: 'ClientS', fd=1687
11-23 12:16:32.867  2907  3101 I ActivityManager: Changes in 10364 2 to 4, 255 to 254
11-23 12:16:32.867  2907  3783 D InputTransport: Input channel destroyed: 'ClientS', fd=1687
11-23 12:16:32.867  2907  2907 D SGM:GameManager: onDisplayChanged. displyId: 0, state: 2
11-23 12:16:32.867  2907  2907 D SGM:GameManager: dpi: 420, longPixel: 2340, shortPixel: 1080
11-23 12:16:32.867  2907  2907 D AODManagerService: requestReCalToTSP IsSingleTouchMode = falserequestedReCalToTSP = false / previousDisplayState = ON
11-23 12:16:32.867  2907  3726 W JobScheduler.JobStatus: Exempted app com.google.android.wearable.app considered buggy
11-23 12:16:32.867  2907  3726 W JobScheduler.JobStatus: Exempted app com.google.android.wearable.app considered buggy
11-23 12:16:32.867  2907  3726 W JobScheduler.JobStatus: Exempted app com.google.android.wearable.app considered buggy
11-23 12:16:32.867  2907  3726 W JobScheduler.JobStatus: Exempted app com.google.android.wearable.app considered buggy
11-23 12:16:32.867  2907  3726 W JobScheduler.JobStatus: Exempted app com.google.android.wearable.app considered buggy
11-23 12:16:32.867  2907  3726 W JobScheduler.JobStatus: Exempted app com.google.android.wearable.app considered buggy
11-23 12:16:32.867  2907  3726 W JobScheduler.JobStatus: Exempted app com.google.android.wearable.app considered buggy
11-23 12:16:32.868  2907 11786 D RestrictionPolicy: isScreenCaptureEnabled : ret=true userId=0
11-23 12:16:32.868 14179 14179 D SuggestionBar: clearSuggestions called - showing empty list instead of hiding
11-23 12:16:32.868  2907 11786 D InsetsSourceProvider: updateVisibility: serverVisible=true, clientVisible=false, source=InsetsSource: {3 mType=ime mFrame=[0,1452][1080,2340] mVisible=false mFlags= mSideHint=BOTTOM mBoundingRects=null}, controlTarget=Window{b0b0f2 u0 com.termux/com.termux.app.TermuxActivity}, from=com.android.server.wm.ImeInsetsSourceProvider.updateVisibility:7 com.android.server.wm.InsetsSourceProvider.setClientVisible:8 com.android.server.wm.ImeInsetsSourceProvider.setClientVisible:17 com.android.server.wm.InsetsSourceProvider.updateControlForTarget:152 com.android.server.wm.ImeInsetsSourceProvider.updateControlForTarget:17 com.android.server.wm.InsetsStateController.onControlTargetChanged:83 com.android.server.wm.DisplayContent.updateImeControlTarget:21 com.android.server.wm.DisplayContent.updateImeInputAndControlTarget:156 com.android.server.wm.WindowManagerService$LocalService.updateInputMethodTargetWindow:64 com.android.server.inputmethod.InputMethodManagerService$InputMethodPrivilegedOperationsImpl.reportStartInputAsync:34 
11-23 12:16:32.868  2907 11786 I WindowManager: Cancelling animation restarting=true, leash=Surface(name=Surface(name=82174b3 InputMethod)/@0x90ea1e9 - animation-leash of insets_animation)/@0xe0c57d
11-23 12:16:32.868  2907 11786 I WindowManager: Reparenting to original parent: Surface(name=WindowToken{881d361 type=2011 android.os.Binder@3d316c8})/@0x3c61e6e, destroy=false, surface=Surface(name=82174b3 InputMethod)/@0x90ea1e9
11-23 12:16:32.868 14179 14179 D InputMethodService: unregisterCompatOnBackInvokedCallback : android.inputmethodservice.InputMethodService$$ExternalSyntheticLambda2@7631041
11-23 12:16:32.868  2907 11786 I WindowManager: Reparenting to leash, surface=Surface(name=82174b3 InputMethod)/@0x90ea1e9, leashParent=Surface(name=WindowToken{881d361 type=2011 android.os.Binder@3d316c8})/@0x3c61e6e
11-23 12:16:32.868 14179 14179 D InputMethodService: updateClientDisplayId: displayId=0, mClientDisplayId=0
11-23 12:16:32.868  2062  2211 I SurfaceFlinger: id=37327 createSurf, flag=24004, Surface(name=82174b3 InputMethod)/@0x90ea1e9 - animation-leash of insets_animation#37327
11-23 12:16:32.868  2907 11786 D WindowManager: makeSurface duration=0 leash=Surface(name=Surface(name=82174b3 InputMethod)/@0x90ea1e9 - animation-leash of insets_animation)/@0xabd5456
11-23 12:16:32.868  2907 11786 D InsetsSourceProvider: updateControlForTarget: control=InsetsSourceControl: {3 mType=ime mSurfacePosition=Point(0, 0) mInsetsHint=Insets{left=0, top=0, right=0, bottom=888}}, target=Window{169ee40 u0 com.sec.android.app.launcher/com.android.quickstep.RecentsActivity}, from=com.android.server.wm.ImeInsetsSourceProvider.updateControlForTarget:17 com.android.server.wm.InsetsStateController.onControlTargetChanged:83 com.android.server.wm.DisplayContent.updateImeControlTarget:21 com.android.server.wm.DisplayContent.updateImeInputAndControlTarget:156 com.android.server.wm.WindowManagerService$LocalService.updateInputMethodTargetWindow:64 
11-23 12:16:32.868  2907 11786 I ImeTracker: system_server:9112dcf: onRequestHide at ORIGIN_SERVER reason IME_REQUESTED_CHANGED_LISTENER fromUser false
11-23 12:16:32.868  2062  2062 I SurfaceFlinger: RequestedLayer [Task=25112#4777] hidden!! flag  from(0) --> to(1)
11-23 12:16:32.869  2062  2062 E SurfaceFlinger: alpha changed 0.000 -> 1.000 - Task=25112#4777
11-23 12:16:32.869  2062  2062 I SurfaceFlinger: [Display 0 name="Built-in Screen"#49] setFrameRateCategory: Default
11-23 12:16:32.869  2062  2062 I SurfaceFlinger: [LayerHierarchy{RequestedLayerState{WallpaperWindowToken{75b79e1 showWhenLocked=false}#125 parentId=8} 1 children}] reparent to LayerHierarchy{RequestedLayerState{Leaf:1:1#8 parentId=7} 1 children}
11-23 12:16:32.869  2062  2062 I SurfaceFlinger: [LayerHierarchy{RequestedLayerState{Task=25071#225 parentId=10 z=35} 1 children}] reparent to LayerHierarchy{RequestedLayerState{DefaultTaskDisplayArea_d0#10 parentId=9} 38 children}
11-23 12:16:32.869  2062  2062 I SurfaceFlinger: [LayerHierarchy{RequestedLayerState{Task=25112#4777 parentId=10 z=34} 1 children}] reparent to LayerHierarchy{RequestedLayerState{DefaultTaskDisplayArea_d0#10 parentId=9} 39 children}
11-23 12:16:32.869  2062  2062 I SurfaceFlinger: [LayerHierarchy{RequestedLayerState{Transition Root: Task=25071#37326 z=35} no children}] reparent to OffscreenRoot
11-23 12:16:32.869  2062  2062 I SurfaceFlinger: [LayerHierarchy{RequestedLayerState{Transition Root: Task=25071#37326 z=35} no children}] RelativeParent to null
11-23 12:16:32.869  2062  2062 I SurfaceFlinger: [Surface(name=82174b3 InputMethod)/@0x90ea1e9 - animation-leash of insets_animation#37327] attach to parent LayerHierarchy{RequestedLayerState{WindowToken{881d361 type=2011 android.os.Binder@3d316c8}#36784 parentId=15} 2 children}
11-23 12:16:32.869  2907  3101 V InputMethodManagerService: Client requesting input be hidden
11-23 12:16:32.869  2907  3101 V InputMethodManagerService: setWindowStateInner, windowToken=android.os.BinderProxy@53765c3, state=ImeTargetWindowState{ imeToken android.os.Binder@aab69c4 imeFocusChanged true hasEditorFocused false requestedImeVisible false imeDisplayId 0 softInputModeState STATE_UNSPECIFIED|ADJUST_RESIZE|IS_FORWARD_NAVIGATION isStartInputByGainFocus true}
11-23 12:16:32.869  2907  3101 V InputMethodManagerService: Calling com.android.server.inputmethod.IInputMethodInvoker@1a7accd.hideSoftInput(0, android.os.BinderProxy@53765c3, null) for reason: HIDE_SOFT_INPUT
11-23 12:16:32.869 14179 14179 W Config  : Fixed clipboard_history_limit type mismatch: 0
11-23 12:16:32.869  2907  3101 I ActivityManager: Changes in 11308 5 to 7, 255 to 128
11-23 12:16:32.869 14179 14179 D OptimizedVocabulary: Config cached: confidenceWeight=0.75, autocorrect=false
11-23 12:16:32.869 14179 14179 D OnnxSwipePredictor: Config updated: verbose_logging=true, show_raw=true, batch_beams=false
11-23 12:16:32.869 14179 14179 D SwipeTrajectoryProcessor: Resampling mode set to: DISCARD
11-23 12:16:32.869 14179 14179 D NeuralSwipeTypingEngine: Neural config updated
11-23 12:16:32.869  2062  2062 I SurfaceFlinger: id=37326 Removed Transition Root: Task=25071#37326 (261)
11-23 12:16:32.870  2907  3101 I DisplayDeviceRepository: Display device changed render timings: "Built-in Screen", renderFrameRate=120.00001, presentationDeadlineNanos=9333333, appVsyncOffsetNanos=8333333, frameRateOverrides=[]
11-23 12:16:32.870 14179 14179 D Keyboard2View: Pre-calculated keyWidth=106.425 for immediate touch handling
11-23 12:16:32.870  2907  3102 D SurfaceComposerClient: setCornerRadius ## 169ee40 com.sec.android.app.launcher/com.android.quickstep.RecentsActivity#14265 cornerRadius=0.000000
11-23 12:16:32.870 14179 14179 D NeuralSwipeTypingEngine: Set keyboard dimensions: 1080x783
11-23 12:16:32.870 10821 10840 D HWUI    : CacheManager::trimMemory(20)
11-23 12:16:32.870  2907  3102 I WindowManager: Cancelling animation restarting=true, leash=Surface(name=Surface(name=3c28f6b NavigationBar0)/@0xcc8cfba - animation-leash of insets_animation)/@0xcd2c622
11-23 12:16:32.870  2907  3102 I WindowManager: Reparenting to original parent: Surface(name=WindowToken{eba71e5 type=2019 android.os.BinderProxy@5226d4f})/@0x4a74e6b, destroy=false, surface=Surface(name=3c28f6b NavigationBar0)/@0xcc8cfba
11-23 12:16:32.870  2907  3102 I WindowManager: Reparenting to leash, surface=Surface(name=3c28f6b NavigationBar0)/@0xcc8cfba, leashParent=Surface(name=WindowToken{eba71e5 type=2019 android.os.BinderProxy@5226d4f})/@0x4a74e6b
11-23 12:16:32.870  2062  3359 I SurfaceFlinger: id=37328 createSurf, flag=24000, Surface(name=3c28f6b NavigationBar0)/@0xcc8cfba - animation-leash of insets_animation#37328
11-23 12:16:32.870  2907  3098 D HintManagerService: Sent cleanup message for uid 11308
11-23 12:16:32.870  2907  3102 D WindowManager: makeSurface duration=0 leash=Surface(name=Surface(name=3c28f6b NavigationBar0)/@0xcc8cfba - animation-leash of insets_animation)/@0x7d25fe2
11-23 12:16:32.870  2907  3102 D InsetsSourceProvider: updateControlForTarget: control=InsetsSourceControl: {8ced0001 mType=navigationBars initiallyVisible mSurfacePosition=Point(0, 2214) mInsetsHint=Insets{left=0, top=0, right=0, bottom=126}}, target=Window{169ee40 u0 com.sec.android.app.launcher/com.android.quickstep.RecentsActivity}, from=com.android.server.wm.InsetsStateController.onControlTargetChanged:83 com.android.server.wm.InsetsPolicy.updateBarControlTarget:225 com.android.server.wm.DisplayPolicy.updateSystemBarAttributes:262 com.android.server.wm.DisplayPolicy.finishPostLayoutPolicyLw:17 com.android.server.wm.RootWindowContainer.applySurfaceChangesTransaction$1:195 
11-23 12:16:32.871  2907  3102 D SurfaceComposerClient: setCornerRadius ## 169ee40 com.sec.android.app.launcher/com.android.quickstep.RecentsActivity#14265 cornerRadius=0.000000
11-23 12:16:32.871 14179 14179 D NeuralSwipeTypingEngine: Set keyboard dimensions: 1080x575
11-23 12:16:32.871 14179 14179 D NeuralSwipeTypingEngine: Set key positions: 27 keys
11-23 12:16:32.871 14179 14179 D NeuralLayoutHelper: Set 27 key positions on neural engine
11-23 12:16:32.871 14179 14179 D SwipeTrajectoryProcessor:  QWERTY area bounds set: top=0, height=595 (full kb height=575)
11-23 12:16:32.871 14179 14179 D NeuralSwipeTypingEngine: Set QWERTY area bounds: top=0, height=595
11-23 12:16:32.871 14179 14179 D NeuralLayoutHelper: Set QWERTY bounds: top=0, height=595 (q.y=99, m.y=496)
11-23 12:16:32.871 14179 14179 D SwipeTrajectoryProcessor:  Touch Y-offset set: 0 pixels
11-23 12:16:32.871 14179 14179 D NeuralSwipeTypingEngine: Set touch Y-offset: 0 pixels
11-23 12:16:32.871 14179 14179 D NeuralLayoutHelper: Touch Y-offset: 0 pixels (DISABLED for debugging, row height=198)
11-23 12:16:32.871 14179 14179 D juloo.keyboard2: inputType=0x0 imeOptions=0x0 privateImeOptions=null
11-23 12:16:32.871 14179 14179 D juloo.keyboard2: actionLabel=null actionId=0
11-23 12:16:32.871 14179 14179 D juloo.keyboard2: initialSelStart=-1 initialSelEnd=-1 initialToolType=1 initialCapsMode=0x0
11-23 12:16:32.871 14179 14179 D juloo.keyboard2: hintText=null label=null
11-23 12:16:32.871 14179 14179 D juloo.keyboard2: packageName=com.sec.android.app.launcher autofillId=0 fieldId=0 fieldName=null
11-23 12:16:32.871 14179 14179 D juloo.keyboard2: extras=Bundle[{appShowRequested=false, isTextEditor=false, displayId=0}]
11-23 12:16:32.871 14179 14179 D juloo.keyboard2: hintLocales=null
11-23 12:16:32.871 14179 14179 D juloo.keyboard2: supportedHandwritingGestureTypes=(none)
11-23 12:16:32.871 14179 14179 D juloo.keyboard2: supportedHandwritingGesturePreviewTypes=(none)
11-23 12:16:32.871 14179 14179 D juloo.keyboard2: isStylusHandwritingEnabled=false
11-23 12:16:32.871 14179 14179 D juloo.keyboard2: writingToolsEnabled=true
11-23 12:16:32.871 14179 14179 D juloo.keyboard2: contentMimeTypes=null
11-23 12:16:32.871 14179 14179 D juloo.keyboard2: extras: Bundle[{appShowRequested=false, isTextEditor=false, displayId=0}]
11-23 12:16:32.871 14179 14179 D juloo.keyboard2: swapEnterActionKey: true
11-23 12:16:32.871 14179 14179 D juloo.keyboard2: actionLabel: null
11-23 12:16:32.871 14179 14179 D InputMethodService: registerCompatOnBackInvokedCallback : android.inputmethodservice.InputMethodService$$ExternalSyntheticLambda2@7631041
11-23 12:16:32.872  4738  4738 I InsetsController: onStateChanged: host=com.sec.android.app.launcher/com.android.quickstep.RecentsActivity, from=android.view.ViewRootImpl.onInsetsStateChanged:3026, state=InsetsState: {mDisplayFrame=Rect(0, 0 - 1080, 2340), mDisplayCutout=DisplayCutout{insets=Rect(0, 85 - 0, 0) waterfall=Insets{left=0, top=0, right=0, bottom=0} boundingRect={Bounds=[Rect(0, 0 - 0, 0), Rect(514, 0 - 566, 85), Rect(0, 0 - 0, 0), Rect(0, 0 - 0, 0)]} cutoutPathParserInfo={CutoutPathParserInfo{displayWidth=1080 displayHeight=2340 physicalDisplayWidth=1080 physicalDisplayHeight=2340 density={2.8125} cutoutSpec={M 0,0 H -9.333333333333333 V 30.13333333333333 H 9.333333333333333 V 0 H 0 Z @dp} rotation={0} scale={1.0} physicalPixelDisplaySizeRatio={1.0}}} sideOverrides={}}, mRoundedCorners=RoundedCorners{[RoundedCorner{position=TopLeft, radius=39, center=Point(39, 39)}, RoundedCorner{position=TopRight, radius=39, center=Point(1041, 39)}, RoundedCorner{position=BottomRight, radius=39, center=Point(1041, 2301)}, RoundedCorner{position=BottomLeft, radius=39, center=Point(39, 2301)}]}  mRoundedCornerFrame=Rect(0, 0 - 1080, 2340), mPrivacyIndicatorBounds=PrivacyIndicatorBounds {static bounds=Rect(964, 0 - 1080, 85) rotation=0}, mDisplayShape=DisplayShape{ spec=-311912193 displayWidth=1080 displayHeight=2340 physicalPixelDisplaySizeRatio=0.75 rotation=0 offsetX=0 offsetY=0 scale=1.0}, mSources= { InsetsSource: {8ced0001 mType=navigationBars mFrame=[0,2214][1080,2340] mVisible=true mFlags= mSideHint=BOTTOM mBoundingRects=null}, InsetsSource: {8ced0004 mType=systemGestures mFrame=[0,0][0,0] mVisible=true mFlags= mSideHint=NONE mBoundingRects=null}, InsetsSource: {8ced0005 mType=mandatorySystemGestures mFrame=[0,2214][1080,2340] mVisible=true mFlags= mSideHint=BOTTOM mBoundingRects=null}, InsetsSource: {8ced0006 mType=tappableElement mFrame=[0,2214][1080,2340] mVisible=true mFlags= mSideHint=BOTTOM mBoundingRects=null}, InsetsSource: {8ced0024 mType=systemGestures mFrame=[0,0][0,0] mVisible=true mFlags= mSideHint=NONE mBoundingRects=null}, InsetsSource: {3 mType=ime mFrame=[0,1452][1080,2340] mVisible=false mFlags= mSideHint=BOTTOM mBoundingRects=null}, InsetsSource: {27 mType=displayCutout mFrame=[0,0][1080,85] mVisible=true mFlags= mSideHint=TOP mBoundingRects=null}, InsetsSource: {12d50000 mType=statusBars mFrame=[0,0][1080,85] mVisible=true mFlags= mSideHint=TOP mBoundingRects=null}, InsetsSource: {12d50005 mType=mandatorySystemGestures mFrame=[0,0][1080,117] mVisible=true mFlags= mSideHint=TOP mBoundingRects=null}, InsetsSource: {12d50006 mType=tappableElement mFrame=[0,0][1080,85] mVisible=true mFlags= mSideHint=TOP mBoundingRects=null} }
11-23 12:16:32.872  4738  4738 I VRI[RecentsActivity]@793eb99: handleResized, frames=ClientWindowFrames{frame=[0,0][1080,2340] display=[0,0][1080,2340] parentFrame=[0,0][0,0]} displayId=0 dragResizing=false compatScale=1.0 frameChanged=false attachedFrameChanged=false configChanged=false displayChanged=false compatScaleChanged=false dragResizingChanged=false
11-23 12:16:32.872  4738  4738 I VRI[CocktailBarService]@2c23dad: handleResized, frames=ClientWindowFrames{frame=[1013,1134][1080,1348] display=[0,0][1080,2340] parentFrame=[0,0][0,0]} displayId=0 dragResizing=false compatScale=1.0 frameChanged=false attachedFrameChanged=false configChanged=false displayChanged=false compatScaleChanged=false dragResizingChanged=false
11-23 12:16:32.872 14179 14179 D Keyboard2View: onMeasure: width=1080
11-23 12:16:32.872 14179 14179 D Keyboard2View: onMeasure: width=1080
11-23 12:16:32.872 11725 11725 I WallpaperService: resized: systemlock, reportDraw=false, forceLayout=false, displayId=0
11-23 12:16:32.872 11725 11725 I WallpaperService: handleResized: which=7, reportDraw=false
11-23 12:16:32.872 11725 11725 I WallpaperService: updateSurface systemlock forceRelayout=true forceReport=false redrawNeeded=false myWidth=-1 myHeight=-1 fixedSize=false x = 0 y = 0 mWidth=-1 mHeight=-1
11-23 12:16:32.872  4091  4149 D WindowManagerShell: onKeepClearAreasChanged: restricted={}, unrestricted={}
11-23 12:16:32.872 11725 11725 I WallpaperService: maxBounds : Rect(0, 0 - 1080, 2340) , mDeviceHeight : 2340, mDeviceWidth : 1080,mDeviceRotation  : 0
11-23 12:16:32.872 11725 11725 I WallpaperService: updateSurface: invoke Session.relayout
11-23 12:16:32.872  4091  4207 D StackScroller: onDisplayChanged for predraw skip to 2
11-23 12:16:32.872 14179 14179 D NeuralSwipeTypingEngine: Set keyboard dimensions: 1080x575
11-23 12:16:32.872  2907 11968 D WifiDisplayAdapter: isFitToActiveDisplayLocked : false
11-23 12:16:32.872 14179 14179 D NeuralSwipeTypingEngine: Set key positions: 27 keys
11-23 12:16:32.872 14179 14179 D NeuralLayoutHelper: Set 27 key positions on neural engine
11-23 12:16:32.872 14179 14179 D SwipeTrajectoryProcessor:  QWERTY area bounds set: top=0, height=595 (full kb height=575)
11-23 12:16:32.872 14179 14179 D NeuralSwipeTypingEngine: Set QWERTY area bounds: top=0, height=595
11-23 12:16:32.872 14179 14179 D NeuralLayoutHelper: Set QWERTY bounds: top=0, height=595 (q.y=99, m.y=496)
11-23 12:16:32.872 14179 14179 D SwipeTrajectoryProcessor:  Touch Y-offset set: 0 pixels
11-23 12:16:32.872 14179 14179 D NeuralSwipeTypingEngine: Set touch Y-offset: 0 pixels
11-23 12:16:32.872 14179 14179 D NeuralLayoutHelper: Touch Y-offset: 0 pixels (DISABLED for debugging, row height=198)
11-23 12:16:32.873 25260 25260 I VRI[Air_Cmd(Floating)]@c27891b: handleResized, frames=ClientWindowFrames{frame=[-50,310][163,523] display=[-100000,-100000][100000,100000] parentFrame=[0,0][0,0]} displayId=0 dragResizing=false compatScale=1.0 frameChanged=false attachedFrameChanged=false configChanged=false displayChanged=false compatScaleChanged=false dragResizingChanged=false
11-23 12:16:32.873  2907  5985 D LiftUpHandler: [LTW] Stopped already.
11-23 12:16:32.873  1928  2032 I HYPER-HAL: [RequestManager.cpp]acquire(): Acquired ID : 160033062  [1932 / 15957]    HINT :      list : [TID_LOW_LATENCY / 0] [TID / 14654] [TID / 14655] [TID / 14179] [TID / 14663] 
11-23 12:16:32.873  2041  6811 D AudioFlinger: setParameters: filtered dev setParameters keyvalue screen_state=on
11-23 12:16:32.873  1920  2411 I PAL: API: pal_set_param: 1377: Enter: param id 8
11-23 12:16:32.873  1920  2411 I PAL: ResourceManager: setParameter: 11407: Screen State:1
11-23 12:16:32.873  1928  2032 I HYPER-HAL: [RequestManager.cpp]releaseLocked(): Released ID : 160033062
11-23 12:16:32.873  1928  2032 I HYPER-HAL: [RequestManager.cpp]acquire(): Acquired ID : 160050953  [1932 / 15958]    HINT :      list : [UCLAMP_MIN_BOOST / 0] [TIMEOUT / 50] [TID / 14654] [TID / 14655] [TID / 14179] [TID / 14663] 
11-23 12:16:32.873  2907  3101 D BBA2    : updateWindowVisible for pid : 10821, visible : 0
11-23 12:16:32.873  2907  3790 D SGM:FgCheckThread: onLooperPrepared(), msg: MSG_LCD_ON
11-23 12:16:32.873  1920  1920 D AHAL_Module: updateScreenState: usb: 1
11-23 12:16:32.873  1920  1920 D AHAL_Module: updateScreenState: r_submix: 1
11-23 12:16:32.873  2907  3101 I InsetsController: onStateChanged: host=PermanentControlTarget, from=com.android.server.wm.InsetsPolicy$ControlTarget.run:18, state=InsetsState: {mDisplayFrame=Rect(0, 0 - 1080, 2340), mDisplayCutout=DisplayCutout{insets=Rect(0, 85 - 0, 0) waterfall=Insets{left=0, top=0, right=0, bottom=0} boundingRect={Bounds=[Rect(0, 0 - 0, 0), Rect(514, 0 - 566, 85), Rect(0, 0 - 0, 0), Rect(0, 0 - 0, 0)]} cutoutPathParserInfo={CutoutPathParserInfo{displayWidth=1080 displayHeight=2340 physicalDisplayWidth=1080 physicalDisplayHeight=2340 density={2.8125} cutoutSpec={M 0,0 H -9.333333333333333 V 30.13333333333333 H 9.333333333333333 V 0 H 0 Z @dp} rotation={0} scale={1.0} physicalPixelDisplaySizeRatio={1.0}}} sideOverrides={}}, mRoundedCorners=RoundedCorners{[RoundedCorner{position=TopLeft, radius=39, center=Point(39, 39)}, RoundedCorner{position=TopRight, radius=39, center=Point(1041, 39)}, RoundedCorner{position=BottomRight, radius=39, center=Point(1041, 2301)}, RoundedCorner{position=BottomLeft, radius=39, center=Point(39, 2301)}]}  mRoundedCornerFrame=Rect(0, 0 - 0, 0), mPrivacyIndicatorBounds=PrivacyIndicatorBounds {static bounds=Rect(964, 0 - 1080, 85) rotation=0}, mDisplayShape=DisplayShape{ spec=-311912193 displayWidth=1080 displayHeight=2340 physicalPixelDisplaySizeRatio=0.75 rotation=0 offsetX=0 offsetY=0 scale=1.0}, mSources= { InsetsSource: {8ced0001 mType=navigationBars mFrame=[0,2214][1080,2340] mVisible=true mFlags= mSideHint=BOTTOM mBoundingRects=null}, InsetsSource: {8ced0004 mType=systemGestures mFrame=[0,0][0,0] mVisible=true mFlags= mSideHint=NONE mBoundingRects=null}, InsetsSource: {8ced0005 mType=mandatorySystemGestures mFrame=[0,2214][1080,2340] mVisible=true mFlags= mSideHint=BOTTOM mBoundingRects=null}, InsetsSource: {8ced0006 mType=tappableElement mFrame=[0,2214][1080,2340] mVisible=true mFlags= mSideHint=BOTTOM mBoundingRects=null}, InsetsSource: {8ced0024 mType=systemGestures mFrame=[0,0][0,0] mVisible=true mFlags= mSideHint=NONE mBoundingRects=null}, InsetsSource: {3 mType=ime mFrame=[0,1452][1080,2340] mVisible=false mFlags= mSideHint=BOTTOM mBoundingRects=null}, InsetsSource: {27 mType=displayCutout mFrame=[0,0][1080,85] mVisible=true mFlags= mSideHint=TOP mBoundingRects=null}, InsetsSource: {12d50000 mType=statusBars mFrame=[0,0][1080,85] mVisible=true mFlags= mSideHint=TOP mBoundingRects=null}, InsetsSource: {12d50005 mType=mandatorySystemGestures mFrame=[0,0][1080,117] mVisible=true mFlags= mSideHint=TOP mBoundingRects=null}, InsetsSource: {12d50006 mType=tappableElement mFrame=[0,0][1080,85] mVisible=true mFlags= mSideHint=TOP mBoundingRects=null} }
11-23 12:16:32.873  1920  1920 D AHAL_Module: updateScreenState: bluetooth: 1
11-23 12:16:32.873  2907  3881 D AS.DesktopModeHelper: onDisplayChanged: #Id=0
11-23 12:16:32.874  2907 11785 I WindowManager: Relayout Window{a469ceb u0 com.maxelus.icegalaxylivewallpaper.WallpaperService}: viewVisibility=0 req=-1x-1 ty=2013 d0
11-23 12:16:32.874  4091  4091 D SystemUIService: SYSUI_RAM_OPTIMIZATION onTrimMemory=20
11-23 12:16:32.874  4091  4091 D CentralSurfaces: SYSUI_RAM_OPTIMIZATION onTrimMemory=20
11-23 12:16:32.874  2907 11785 D SurfaceComposerClient: setCornerRadius ## 169ee40 com.sec.android.app.launcher/com.android.quickstep.RecentsActivity#14265 cornerRadius=0.000000
11-23 12:16:32.874  4091  4329 D HWUI    : CacheManager::trimMemory(20)
11-23 12:16:32.874  4091  4091 D SystemUIService: SYSUI_RAM_OPTIMIZATION onTrimMemory=20
11-23 12:16:32.874  4091  4091 D CentralSurfaces: SYSUI_RAM_OPTIMIZATION onTrimMemory=20
11-23 12:16:32.874  2907 11785 D SurfaceComposerClient: setCornerRadius ## 169ee40 com.sec.android.app.launcher/com.android.quickstep.RecentsActivity#14265 cornerRadius=0.000000
11-23 12:16:32.874  4091  4091 D DisplayLifecycle: updateDisplay id = 0
11-23 12:16:32.874  4091  4091 I VRI[StatusBar]@30e1aea: handleResized, frames=ClientWindowFrames{frame=[0,0][1080,85] display=[0,0][1080,2340] parentFrame=[0,0][0,0]} displayId=0 dragResizing=false compatScale=1.0 frameChanged=false attachedFrameChanged=false configChanged=false displayChanged=false compatScaleChanged=false dragResizingChanged=false
11-23 12:16:32.874  4091  4091 I VRI[NavigationBar0]@ae7fa9c: handleResized, frames=ClientWindowFrames{frame=[0,2214][1080,2340] display=[0,0][1080,2340] parentFrame=[0,0][0,0]} displayId=0 dragResizing=false compatScale=1.0 frameChanged=false attachedFrameChanged=false configChanged=false displayChanged=false compatScaleChanged=false dragResizingChanged=false
11-23 12:16:32.874  2907 11968 I WindowManager: Relayout Window{b0b0f2 u0 com.termux/com.termux.app.TermuxActivity}: viewVisibility=8 req=1080x2340 ty=1 d0
11-23 12:16:32.874  2907 11968 D SurfaceComposerClient: setCornerRadius ## 169ee40 com.sec.android.app.launcher/com.android.quickstep.RecentsActivity#14265 cornerRadius=0.000000
11-23 12:16:32.874  2907 11785 I WindowManager: Relayout hash=a469ceb, pid=11725, syncId=-1: mAttrs={(0,0)(fillxfill) gr=TOP START CENTER layoutInDisplayCutoutMode=always ty=WALLPAPER fmt=RGBX_8888 wanim=0x1030328
11-23 12:16:32.874  2907 11785 I WindowManager:   fl=10308
11-23 12:16:32.874  2907 11785 I WindowManager:   pfl=4
11-23 12:16:32.874  2907 11785 I WindowManager:   bhv=1
11-23 12:16:32.874  2907 11785 I WindowManager:   frameRateBoostOnTouch=true
11-23 12:16:32.874  2907 11785 I WindowManager:   dvrrWindowFrameRateHint=true naviIconColor=0}
11-23 12:16:32.874  2907 11968 D SurfaceComposerClient: setCornerRadius ## 169ee40 com.sec.android.app.launcher/com.android.quickstep.RecentsActivity#14265 cornerRadius=0.000000
11-23 12:16:32.875 11725 11725 I BLASTBufferQueue_Java: update, w= 1080 h= 2340 mName = Wallpaper mNativeObject= 0xb4000075aa22c080 sc.mNativeObject= 0xb4000076ba229250 format= 2 caller= android.service.wallpaper.WallpaperService$Engine.getOrCreateBLASTSurface:2929 android.service.wallpaper.WallpaperService$Engine.updateSurface:1682 android.service.wallpaper.WallpaperService$IWallpaperEngineWrapper.handleResized:3540 android.service.wallpaper.WallpaperService$IWallpaperEngineWrapper.executeMessage:3459 com.android.internal.os.HandlerCaller$MyHandler.handleMessage:44 android.os.Handler.dispatchMessage:110 
11-23 12:16:32.875 14179 14663 D HWUI    : CacheManager::trimMemory(20)
11-23 12:16:32.875  2907 11968 I WindowManager: Relayout hash=b0b0f2, pid=10821, syncId=-1: mAttrs={(0,0)(fillxfill) sim={adjust=resize forwardNavigation} ty=BASE_APPLICATION wanim=0x1030317
11-23 12:16:32.875  2907 11968 I WindowManager:   fl=8d810100
11-23 12:16:32.875  2907 11968 I WindowManager:   pfl=10008040
11-23 12:16:32.875  2907 11968 I WindowManager:   vsysui=700
11-23 12:16:32.875  2907 11968 I WindowManager:   bhv=1
11-23 12:16:32.875  2907 11968 I WindowManager:   fitSides=0
11-23 12:16:32.875  2907 11968 I WindowManager:   frameRateBoostOnTouch=true
11-23 12:16:32.875  2907 11968 I WindowManager:   dvrrWindowFrameRateHint=true naviIconColor=0}
11-23 12:16:32.875 14179 14179 I InputMethod: hideSoftInput(): flags=0
11-23 12:16:32.875  2062  3359 I SurfaceFlinger: id=37311 Removed Surface(name=c0534aa StatusBar)/@0xee93c4f - animation-leash of insets_animation#37311 (262)
11-23 12:16:32.875  2907 11968 V InputMethodManagerService: IME window vis: 0 active: 0 visible: 0 displayId: 0
11-23 12:16:32.875  2907 11968 D InputMethodManagerService: isImeSwitcherDisabledPackage : false
11-23 12:16:32.875  2907 11968 I InputMethodManagerService: setImeWindowStatus: vis=0, backDisposition=0
11-23 12:16:32.875  4091  4329 D HWUI    : CacheManager::trimMemory(20)
11-23 12:16:32.875 14179 14179 D SuggestionBar: clearSuggestions called - showing empty list instead of hiding
11-23 12:16:32.875 14179 14179 D InputMethodService: unregisterCompatOnBackInvokedCallback : android.inputmethodservice.InputMethodService$$ExternalSyntheticLambda2@7631041
11-23 12:16:32.875 14179 14179 D InputMethodService: sendBroadcastImeShownState: isInputViewShown=false candidatesVisibility=4
11-23 12:16:32.876  4091  4091 D NavigationBar: setImeWindowStatus displayId=0 vis=0 backDisposition=0 showImeSwitcher=false isImeVisible=false
11-23 12:16:32.876  4091  4091 D Navbar.Store: handleEvent(0) OnNavBarIconHintChanged(iconHint=0) [Module] NavigationBar
11-23 12:16:32.876  4091  4091 D Navbar.Store: --[Band]SETUPWIZARD_PACK_SET_NAVBAR_ICON_HINT
11-23 12:16:32.876  4091  4091 D Navbar.Store: --[Band]VIS_PACK_REEVAULATE_NAVBAR
