11-23 12:16:34.089  1910  5402 D vendor.qti.bluetooth@1.0-ibs_handler: SerialClockVote: vote for UART CLK OFF
11-23 12:16:34.124 15483 15500 I NotificationManager: eu.faircode.netguard: notify(7, null, Notification(channel=notify shortcut=null contentView=eu.faircode.netguard/0x7f0c0051 vibrate=null sound=null defaults=0 flags=ONGOING_EVENT color=0xff009688 category=status vis=PUBLIC semFlags=0x0 semPriority=0 semMissedCount=0)) as user
11-23 12:16:34.132  1910  5402 I vendor.qti.bluetooth@1.0-ibs_handler: ProcessIbsCmd: Received IBS_WAKE_IND: 0xFD
11-23 12:16:34.132  1910  5402 D vendor.qti.bluetooth@1.0-ibs_handler: SerialClockVote: vote for UART CLK ON
11-23 12:16:34.132  1910  5402 I vendor.qti.bluetooth@1.0-ibs_handler: ProcessIbsCmd: Writing IBS_WAKE_ACK
11-23 12:16:34.133  4491  5474 I ScanController: onScanResult to scannerId: 11- eventType=0x1b, addressType=1, address=XX:XX:XX:XX:35:2F, primaryPhy=1, secondaryPhy=0, advertisingSid=0xff, txPower=127, rssi=-84, periodicAdvInt=0x0
11-23 12:16:34.134 15691 12477 I NearbyDiscovery: (REDACTED) BloomFilterAdvManager: Detected bloom filter but too far away, ignoring. %sm, %s
11-23 12:16:34.136  2907 12890 E BatteryStatsService: Invalid uid for waking network packet: -1
11-23 12:16:34.157  4491  5474 I ScanController: onScanResult to scannerId: 10- eventType=0x10, addressType=0, address=XX:XX:XX:XX:62:35, primaryPhy=1, secondaryPhy=0, advertisingSid=0xff, txPower=127, rssi=-58, periodicAdvInt=0x0
11-23 12:16:34.158 18547 18887 I [-0500]oneconnect[1.8.37.23_01][CORE]: DataConvert.parseBleVd - deviceBle : |name:|deviceType:TV|discoverType:_BLE|services:None|connected:false[TvStatusString]POWER_OFF[TvStatus]-128[TvService]102[TvMirrorChannel]1[TvRegisteredDB][17, 106, 0, 0, 0, 0][TvYear]2016[TvOcfInfo]0[TvAcmStatus]0[ExTvStatus]0[ExtendedStatus]-1[ModuloSn]-1
11-23 12:16:34.162  2907  3768 D InputReader: Btn_touch(5): value=1 when=104843.221770
11-23 12:16:34.162  2907  3768 I InputReader: Touch event's action is 0x0 (id=6, t=0) [pCnt=1, s=0.35530 ] when=104843.221770
11-23 12:16:34.162  2907  2907 D PowerManagerService: [api] userActivity : other (uid: 1000 pid: 2907) <- onInputEvent() in com.android.server.accessibility.AccessibilityInputFilter:427 displayId=0 eventTime=104843221
11-23 12:16:34.162  2907  2907 D InputDispatcher: Inject motion (0/0): action=0x0, time=104843221770000, f=0x0, d=0 dsdx=1.000000 dtdx=0.000000
11-23 12:16:34.163  2907  3767 I InputDispatcher: Delivering touch to (4091): action: 0x4, f=0x0, d=0, '3c28f6b', t=1 
11-23 12:16:34.163  2907  3767 I InputDispatcher: Delivering touch to (4738): action: 0x0, f=0x0, d=0, '169ee40', t=1 
11-23 12:16:34.163  2907  3767 D PowerManagerService: [api] userActivityFromNative : touch displayId=0 eventTime=104843221
11-23 12:16:34.163  4738  4738 I VRI[RecentsActivity]@793eb99: ViewPostIme pointer 0
11-23 12:16:34.163  2907  3099 I GestureDetector: obtain mCurrentDownEvent. id: 310684522 caller: com.android.server.wm.SystemGesturesPointerEventListener.onPointerEvent:17 com.android.server.wm.PointerEventDispatcher.onInputEvent:51 android.view.InputEventReceiver.dispatchInputEvent:392 
11-23 12:16:34.163  2907  3099 I GestureDetector: obtain mCurrentDownEvent. id: 310684522 caller: com.android.server.wm.SystemPerformancePointerEventListener.onPointerEvent:13 com.android.server.wm.PointerEventDispatcher.onInputEvent:51 android.view.InputEventReceiver.dispatchInputEvent:392 
11-23 12:16:34.164 11946 11946 I SemDvfsHyPerManager: acquire hyper - TA_TOUCH_SHARE/11946@32, type = -999
11-23 12:16:34.164  4738  4738 I VRI[RecentsActivity]@793eb99: call setFrameRateCategory for touch hint category=high hint, reason=touch, vri=VRI[RecentsActivity]@793eb99
11-23 12:16:34.164  1928  2032 I HYPER-HAL: [RequestManager.cpp]acquire(): Acquired ID : 71742263  [11946 / 32]    HINT : TA_TOUCH_SHARE    list : [TIMEOUT / 1500] 
11-23 12:16:34.166  2062  2062 I SurfaceFlinger: [com.sec.android.app.launcher/com.android.quickstep.RecentsActivity$_4738#37324] setFrameRateCategory: HighHint
11-23 12:16:34.170  2907  3099 I GestureDetector: obtain mCurrentMotionEventRaw. action: 2 id: 901587799
11-23 12:16:34.170  2907  3099 I GestureDetector: obtain mCurrentMotionEventRaw. action: 2 id: 901587799
11-23 12:16:34.197  1910  5402 I vendor.qti.bluetooth@1.0-ibs_handler: ProcessIbsCmd: Received IBS_SLEEP_IND: 0xFE
11-23 12:16:34.197  1910  5402 D vendor.qti.bluetooth@1.0-ibs_handler: SerialClockVote: vote for UART CLK OFF
11-23 12:16:34.229  1910  5402 I vendor.qti.bluetooth@1.0-ibs_handler: ProcessIbsCmd: Received IBS_WAKE_IND: 0xFD
11-23 12:16:34.229  1910  5402 D vendor.qti.bluetooth@1.0-ibs_handler: SerialClockVote: vote for UART CLK ON
11-23 12:16:34.229  1910  5402 I vendor.qti.bluetooth@1.0-ibs_handler: ProcessIbsCmd: Writing IBS_WAKE_ACK
11-23 12:16:34.230  4491  5474 I ScanController: onScanResult to scannerId: 10- eventType=0x10, addressType=0, address=XX:XX:XX:XX:E4:03, primaryPhy=1, secondaryPhy=0, advertisingSid=0xff, txPower=127, rssi=-96, periodicAdvInt=0x0
11-23 12:16:34.231 18547 18887 I [-0500]oneconnect[1.8.37.23_01][CORE]: DataConvert.parseBleVd - deviceBle : |name:|deviceType:TV|discoverType:_BLE|services:None|connected:false[TvStatusString]POWER_OFF[TvStatus]-128[TvService]110[TvMirrorChannel]1[TvRegisteredDB][48, 0, 0, 0, 0, 0][TvYear]2016[TvOcfInfo]0[TvAcmStatus]0[ExTvStatus]0[ExtendedStatus]-1[ModuloSn]-1
11-23 12:16:34.269  1910  5402 I vendor.qti.bluetooth@1.0-ibs_handler: ProcessIbsCmd: Received IBS_SLEEP_IND: 0xFE
11-23 12:16:34.269  1910  5402 D vendor.qti.bluetooth@1.0-ibs_handler: SerialClockVote: vote for UART CLK OFF
11-23 12:16:34.270  2907  3768 D InputReader: Btn_touch(5): value=0 when=104843.329552
11-23 12:16:34.270  2907  3768 I InputReader: Touch event's action is 0x1 (id=6, t=0) [pCnt=1, s=] when=104843.329552
11-23 12:16:34.270  2907  2907 D InputDispatcher: Inject motion (0/0): action=0x1, time=104843329552000, f=0x0, d=0 dsdx=1.000000 dtdx=0.000000
11-23 12:16:34.270  2907  3767 I InputDispatcher: Delivering touch to (4738): action: 0x1, f=0x0, d=0, '169ee40', t=1 
11-23 12:16:34.270  4738  4738 I VRI[RecentsActivity]@793eb99: ViewPostIme pointer 1
11-23 12:16:34.270  4738  4738 I HoneySpace.StackRecentsView: fling in dispatchTouchEvent
11-23 12:16:34.270  4738  4738 I HoneySpace.StackRecentsView: fling: 0
11-23 12:16:34.270  4738  4738 I HoneySpace.StackRecentsView: dispatchTouchEvent: false
11-23 12:16:34.271 11946 11946 I SemDvfsHyPerManager: acquire hyper - TA_TOUCH_SHARE/11946@32, type = -999
11-23 12:16:34.271  1928  2032 I HYPER-HAL: [RequestManager.cpp]acquire(): Acquired ID : 71742263  [11946 / 32]    HINT : TA_TOUCH_SHARE    list : [TIMEOUT / 1500] 
11-23 12:16:34.276  4738  4738 I HoneySpace.TaskView: onClick, tasks = [[id=25395 windowingMode=1 user=0 lastActiveTime=153195708] null]
11-23 12:16:34.276  4738  4738 I HoneySpace.StackRecentsView: launchTask() => current: 1, launchTask: 1
11-23 12:16:34.276  4738  4738 I HoneySpace.TaskView: launchTask : 1, vm: com.honeyspace.ui.honeypots.tasklist.viewmodel.TaskListViewModel@6b9dbf3
11-23 12:16:34.276  4738  4738 I HoneySpace.OverviewEventHandler: updateTaskLaunchProgress: true
11-23 12:16:34.276  4738  4738 I HoneySpace.TaskLaunchViewModelDelegateImpl: launchTask, tasks = [[id=25395 windowingMode=1 user=0 lastActiveTime=153195708] null]
11-23 12:16:34.276  4738  4812 I HoneySpace.SALoggingUtils: SA Logging screenID: 500 eventId: 5101 detail: {Target=Fullscreen view, PACKAGE=com.discord, TYPE=Tap, NthTask=1} value: -1
11-23 12:16:34.276  4738  4738 I HoneySpace.ShellAnimationRunner: setDelegate, delegate-com.honeyspace.transition.delegate.TaskLaunchAnimationDelegate@be77e8f, strong-false
11-23 12:16:34.277  4738  4738 I HoneySpace.ShellTransitionManager: open start
11-23 12:16:34.277  4738  4257 I HoneySpace.TaskLaunchViewModelDelegateImpl: startSingleTask, isDeskTask: false, displayId = 0
11-23 12:16:34.277  4738  4257 I HoneySpace.ShellTransitionManager: startActivityFromRecents
11-23 12:16:34.278  2907 11786 D ActivityTaskManager: scheduleTopResumedActivityChanged, onTop=false, r=ActivityRecord{144529939 u0 com.sec.android.app.launcher/com.android.quickstep.RecentsActivity t25071}, caller=com.android.server.wm.ActivityTaskSupervisor.scheduleTopResumedActivityStateLossIfNeeded:19 com.android.server.wm.ActivityTaskSupervisor.updateTopResumedActivityIfNeeded:20 com.android.server.wm.TaskDisplayArea.positionChildAt:252 com.android.server.wm.Task.moveToFront:40 com.android.server.wm.TaskDisplayArea.moveHomeRootTaskToFront:9 com.android.server.wm.ActivityTaskSupervisor.startActivityFromRecents:591 
11-23 12:16:34.279  2907 11786 W ActivityTaskManager: callingPackage for (uid=-1, pid=-1) has no WPC
11-23 12:16:34.279  2907 11786 D WindowManager: Transition is created, t=TransitionRecord{bd9c58e id=-1 type=TO_FRONT flags=0x0}, caller=com.android.server.wm.Transition.<init>:182 com.android.server.wm.TransitionController.createTransition:17 com.android.server.wm.ActivityTaskSupervisor.findTaskToMoveToFront:96 com.android.server.wm.ActivityTaskManagerService.moveTaskToFrontLocked:200 com.android.server.wm.ActivityTaskSupervisor.startActivityFromRecents:727 
11-23 12:16:34.279  2907 11786 D BLASTSyncEngine: SyncGroup is created, id=2741, name=Transition-TO_FRONT, caller=com.android.server.wm.BLASTSyncEngine$SyncGroup.<init>:52 com.android.server.wm.TransitionController.moveToCollecting:79 com.android.server.wm.TransitionController.createTransition:46 com.android.server.wm.ActivityTaskSupervisor.findTaskToMoveToFront:96 com.android.server.wm.ActivityTaskManagerService.moveTaskToFrontLocked:200 com.android.server.wm.ActivityTaskSupervisor.startActivityFromRecents:727 com.android.server.wm.ActivityTaskManagerService.startActivityFromRecents:32 
11-23 12:16:34.279  2907 11786 W BLASTSyncEngine: setSyncMethod, id=2741, method=0, caller=com.android.server.wm.TransitionController.moveToCollecting:91 com.android.server.wm.TransitionController.createTransition:46 com.android.server.wm.ActivityTaskSupervisor.findTaskToMoveToFront:96 
11-23 12:16:34.279  2907 11786 V WindowManager: Start collecting in Transition: TransitionRecord{bd9c58e id=2741 type=TO_FRONT flags=0x0}, caller=com.android.server.wm.TransitionController.createTransition:46 com.android.server.wm.ActivityTaskSupervisor.findTaskToMoveToFront:96 com.android.server.wm.ActivityTaskManagerService.moveTaskToFrontLocked:200 com.android.server.wm.ActivityTaskSupervisor.startActivityFromRecents:727 com.android.server.wm.ActivityTaskManagerService.startActivityFromRecents:32 
11-23 12:16:34.279  2907 11786 V WindowManager: Collecting in transition 2741: Task{56bf10d #25395 type=standard A=10361:com.discord}, caller=com.android.server.wm.TransitionController.collect:7 com.android.server.wm.ActivityTaskSupervisor.findTaskToMoveToFront:120 com.android.server.wm.ActivityTaskManagerService.moveTaskToFrontLocked:200 com.android.server.wm.ActivityTaskSupervisor.startActivityFromRecents:727 com.android.server.wm.ActivityTaskManagerService.startActivityFromRecents:32 
11-23 12:16:34.279  2907 11786 D WindowManager: prepareSync <SYNC_STATE_WAITING_FOR_DRAW>, mPrepareSyncSeqId=0, win=Window{cbff653 u0 com.discord/com.discord.main.MainActivity}
11-23 12:16:34.279  2907 11786 I Pageboost: moveTaskToFront : 10361:com.discord
11-23 12:16:34.279  5423  5423 E pageboostd: Received HALT command code 2
11-23 12:16:34.280  2907 11786 V WindowManager: rotationForOrientation(orient=SCREEN_ORIENTATION_SENSOR (4), last=ROTATION_0 (0)); user=ROTATION_0 (0) 
11-23 12:16:34.280  2907 11786 D WindowManager: rotationForOrientation, orientationSource=ActivityRecord{144529939 u0 com.sec.android.app.launcher/com.android.quickstep.RecentsActivity t25071}
11-23 12:16:34.280  2907 11786 D ActivityTaskManager: addStartingWindow: type=1 typeParameter=1e
11-23 12:16:34.280  2907 11786 V WindowManager: Creating SnapshotStartingData
11-23 12:16:34.280  2907 11786 V WindowManager: Add starting ActivityRecord{247050148 u0 com.discord/.main.MainActivity t25395}: startingData=SnapshotStartingData{fbe91af removeAfterTransaction= 0}
11-23 12:16:34.280  2907 11786 V WindowManager: Added starting ActivityRecord{247050148 u0 com.discord/.main.MainActivity t25395}: startingWindow=null startingView=com.android.server.wm.StartingSurfaceController$StartingSurface@e189bc
11-23 12:16:34.280  2907 11786 V WindowManager: Requesting StartTransition: TransitionRecord{bd9c58e id=2741 type=TO_FRONT flags=0x0 c=[
11-23 12:16:34.280  2907 11786 V WindowManager:    ChangeInfo{b671d45 container=Task{56bf10d #25395 type=standard A=10361:com.discord} flags=0x0}
11-23 12:16:34.280  2907 11786 V WindowManager:    ChangeInfo{e30ac9a container=Display{#0 state=ON size=1080x2340 ROTATION_0} flags=0x0}
11-23 12:16:34.280  2907 11786 V WindowManager:    ChangeInfo{86c99cb container=DefaultTaskDisplayArea_d0@170505062 flags=0x0}
11-23 12:16:34.280  2907 11786 V WindowManager: ]
11-23 12:16:34.280  2907 11786 V WindowManager: }, caller=com.android.server.wm.ActivityTaskSupervisor.findTaskToMoveToFront:405 com.android.server.wm.ActivityTaskManagerService.moveTaskToFrontLocked:200 com.android.server.wm.ActivityTaskSupervisor.startActivityFromRecents:727 com.android.server.wm.ActivityTaskManagerService.startActivityFromRecents:32 android.app.IActivityTaskManager$Stub.onTransact:1759 
11-23 12:16:34.281  2907 11786 I SemDvfsHyPerManager: acquire hyper - AMS_APP_LAUNCH/2907@15, type = -999
11-23 12:16:34.281  4091  4149 V WindowManagerShell: Transition requested (#2741): android.os.BinderProxy@8fd44ed TransitionRequestInfo { type = TO_FRONT, triggerTask = TaskInfo{userId=0 taskId=25395 effectiveUid=10361 displayId=0 isRunning=true baseIntent=Intent { act=android.intent.action.MAIN cat=[android.intent.category.LAUNCHER] flg=0x10200000 cmp=com.discord/.main.MainActivity } baseActivity=ComponentInfo{com.discord/com.discord.main.MainActivity} topActivity=ComponentInfo{com.discord/com.discord.main.MainActivity} origActivity=null realActivity=ComponentInfo{com.discord/com.discord.main.MainActivity} numActivities=1 lastActiveTime=153195708 supportsMultiWindow=true resizeMode=1 isResizeable=true minWidth=-1 minHeight=-1 maxWidth=-1 maxHeight=-1 defaultMinSize=220 desktopDefaultMinSize=304 token=WCT{android.window.IWindowContainerToken$Stub$Proxy@b24bf22} topActivityType=1 pictureInPictureParams=null shouldDockBigOverlays=false launchIntoPipHostTaskId=-1 lastParentTaskIdBeforePip=-1 displayCutoutSafeInsets=Rect(0, 85 - 0, 0) topActivityInfo=ActivityInfo{72dedb3 com.discord.main.MainActivity} launchCookies=[] positionInParent=Point(0, 0) parentTaskId=-1 isFocused=false isVisible=false isVisibleRequested=false isTopActivityNoDisplay=false isSleeping=false locusId=null displayAreaFeatureId=1 isTopActivityTransparent=false isActivityStackTransparent=false lastNonFullscreenBounds=Rect(0, 85 - 1080, 2214) capturedLink=null capturedLinkTimestamp=0 requestedVisibleTypes=-9 topActivityRequestOpenInBrowserEducationTimestamp=0 appCompatTaskInfo=AppCompatTaskInfo { topActivityInSizeCompat=false eligibleForLetterboxEducation= false isLetterboxEducationEnabled= false isLetterboxDoubleTapEnabled= false eligibleForUserAspectRatioButton= false topActivityBoundsLetterboxed= false isFromLetterboxDoubleTap= false topActivityLetterboxVerticalPosition= -1 topActivityLetterboxHorizontalPosition= -1 topActivityLetterboxWidth=-1 topActivityLetterboxHeight=-1 topActivityAppBounds=Rect(0, 0 - 1080, 2340) isUserFullscreenOverrideEnabled=false isSystemFullscreenOverrideEnabled=false hasMinAspectRatioOverride=false topActivityLetterboxBounds=null cameraCompatTaskInfo=CameraCompatTaskInfo { freeformCameraCompatMode=inactive} topActivityBounds=null topActivityInDisplayCompat=false singleTapFromLetterbox=false} topActivityMainWindowFrame=null originallySupportedMultiWindow=true hasWallpaper=false rootAffinity=10361:com.discord isTopTaskInStage=false CoverLauncherWidgetTask=false LaunchedFromAppsCoverLauncherTask=false LaunchedFromMultistarCoverLauncherTask=false isAllowedSeamlessRotation=false isTopTransparentActivity=false isAliasManaged=false hasConfigChanged=false snappingGuideBounds=null isAiKeyRemoveAppTask=false lastDesktopWindowingBounds=null lastExternalDesktopWindowingBounds=null safeCutoutInsets=null}, pipChange = null, remoteTransition = RemoteTransition { remoteTransition = android.window.IRemoteTransition$Stub$Proxy@86cef70, appThread = android.app.IApplicationThread$Stub$Proxy@7f642e9, debugName = QuickstepLaunchflags =NONE }, displayChange = null, flags = 0, debugId = 2741 }
11-23 12:16:34.281  4091  4149 V ShellDesktopMode: DesktopTasksController: isDesktopModeShowing: hasVisibleTasks=false hasTopTransparentFullscreenTask=false
11-23 12:16:34.281  4091  4149 D ShellSplitScreen: logExit: no-op, mLoggerSessionId is null
11-23 12:16:34.281  4738  4738 I HoneySpace.TaskView: startSingleTask success
11-23 12:16:34.281  4738 22593 I HoneySpace.SuggestedAppsRepositoryImpl: sendSuggestedAppsLaunchTarget: ComponentInfo{com.discord/com.discord.main.MainActivity}
11-23 12:16:34.281  4091  4149 D ShellDesktopMode: handleRequest: TransitionRequestInfo {type=3, tid=25395, remote=true, debugId=2741}
11-23 12:16:34.282  4091  4149 V ShellDesktopMode: DesktopTasksController: handleFullscreenTaskLaunch
11-23 12:16:34.282  4091  4149 V ShellDesktopMode: DesktopTasksController: isDesktopModeShowing: hasVisibleTasks=false hasTopTransparentFullscreenTask=false
11-23 12:16:34.282  4091  4149 V ShellDesktopMode: DesktopTasksController: handleRequest result=null
11-23 12:16:34.282  4091  4149 V WindowManagerShell: RemoteTransition directly requested for (#2741) android.os.BinderProxy@8fd44ed: RemoteTransition { remoteTransition = android.window.IRemoteTransition$Stub$Proxy@86cef70, appThread = android.app.IApplicationThread$Stub$Proxy@7f642e9, debugName = QuickstepLaunchflags =NONE }
11-23 12:16:34.282  4091  4149 V WindowManagerShell: Transition (#2741): request handled by DefaultMixedHandler
11-23 12:16:34.282  2907 11786 V WindowManager: Starting Transition 2741, caller=com.android.server.wm.WindowOrganizerController.startTransition:47 com.android.server.wm.WindowOrganizerController.startTransition:1 android.window.IWindowOrganizerController$Stub.onTransact:259 
11-23 12:16:34.282  4091  4149 D WindowManagerShell: onActivityRestartAttempt: topActivity=ComponentInfo{com.discord/com.discord.main.MainActivity}, wasVisible=false
11-23 12:16:34.282  4738 22593 I HoneySpace.RecentTasks: onRecentTasksChanged
11-23 12:16:34.282  2907 11786 D WindowManager: prepareSync <SYNC_STATE_WAITING_FOR_DRAW>, mPrepareSyncSeqId=0, win=Window{56148c1 u0 SnapshotStartingWindow for taskId=25395}
11-23 12:16:34.283  2062  3360 I SurfaceFlinger: id=37330 createSurf, flag=84004, 56148c1 SnapshotStartingWindow for taskId=25395#37330
11-23 12:16:34.283  2907 11786 D RestrictionPolicy: isScreenCaptureEnabled : ret=true userId=0
11-23 12:16:34.283  2907 11786 V WindowManager: addWindow: ActivityRecord{247050148 u0 com.discord/.main.MainActivity t25395} startingWindow=Window{56148c1 u0 SnapshotStartingWindow for taskId=25395}
11-23 12:16:34.283  2062  2062 I SurfaceFlinger: SFWD update time=104843342762868
11-23 12:16:34.283  2062  2062 I SurfaceFlinger: [Display 0 name="Built-in Screen"#49] setFrameRateCategory: High
11-23 12:16:34.283  2062  2062 I SurfaceFlinger: [56148c1 SnapshotStartingWindow for taskId=25395#37330] attach to parent LayerHierarchy{RequestedLayerState{ActivityRecord{247050148 u0 com.discord/.main.MainActivity t25395}#37284 parentId=37283} 3 children}
11-23 12:16:34.283  2907 12890 I WindowManager: Relayout Window{56148c1 u0 SnapshotStartingWindow for taskId=25395}: viewVisibility=0 req=-1x-1 ty=3 d0
11-23 12:16:34.284  2062  3360 I SurfaceFlinger: id=37331 createSurf, flag=44004, SnapshotStartingWindow for taskId=25395$_4091#37331
11-23 12:16:34.284  2062  2062 I BpBinder: onLastStrongRef automatically unlinking death recipients: 
11-23 12:16:34.284  2907 12890 D WindowManager: makeSurface duration=0 name=SnapshotStartingWindow for taskId=25395$_4091
11-23 12:16:34.284  2907 12890 D SurfaceComposerClient: setCornerRadius ## 56148c1 SnapshotStartingWindow for taskId=25395#37330 cornerRadius=0.000000
11-23 12:16:34.284  2907 12890 D SurfaceComposerClient: setCornerRadius ## 169ee40 com.sec.android.app.launcher/com.android.quickstep.RecentsActivity#14265 cornerRadius=0.000000
11-23 12:16:34.284  2907 12890 D FreeformController: beginPostLayoutPolicyLw: forceHideRequester changed, old=Window{169ee40 u0 com.sec.android.app.launcher/com.android.quickstep.RecentsActivity}, new=null
11-23 12:16:34.284  2907 12890 D FreeformController: setBlockToAddForceHideFreeformTasks: blockToAddForceHide=false, Caller=com.android.server.wm.DisplayPolicy.beginPostLayoutPolicyLw:142
11-23 12:16:34.284  2907 12890 D SurfaceComposerClient: setCornerRadius ## 169ee40 com.sec.android.app.launcher/com.android.quickstep.RecentsActivity#14265 cornerRadius=0.000000
11-23 12:16:34.284  4738  4738 I HoneySpace.TaskListPot[4973af0]: onPause() called
11-23 12:16:34.284  4738  4738 I HoneySpace.RecentscreenPot: onPause() called
11-23 12:16:34.284  4738  4738 I HoneySpace.TaskListLoadCheckerImpl: removeLoadingCondition: 1, loadingCondition: 10
11-23 12:16:34.284  4738  4738 I HoneySpace.SuggestedAppsShowCheckerImpl: clearShowCondition
11-23 12:16:34.284  2907 12890 I WindowManager: Relayout hash=56148c1, pid=4091, syncId=-1: mAttrs={(0,0)(fillxfill) layoutInDisplayCutoutMode=always ty=APPLICATION_STARTING fmt=RGBA_8888 wanim=0x1030317 if=INPUT_FEATURE_NO_INPUT_CHANNEL
11-23 12:16:34.284  2907 12890 I WindowManager:   fl=80010118
11-23 12:16:34.284  2907 12890 I WindowManager:   pfl=30008800
11-23 12:16:34.284  2907 12890 I WindowManager:   bhv=2
11-23 12:16:34.284  2907 12890 I WindowManager:   fitSides=0
11-23 12:16:34.284  2907 12890 I WindowManager:   frameRateBoostOnTouch=true naviIconColor=0}
11-23 12:16:34.285  4738  4738 I HoneySpace.RecentsActivity: !@Boot_EBS_D: RecentsActivity.onPause()
11-23 12:16:34.285  2907 11968 I SemDvfsHyPerManager: acquire hyper - AMS_ACT_RESUME/2907@21, type = -999
11-23 12:16:34.285  2907 11968 D ActivityManagerPerformance: AMP_acquire() ACT_RESUME
11-23 12:16:34.286  2907 11968 V WindowManager: Collecting in transition 2741: ActivityRecord{247050148 u0 com.discord/.main.MainActivity t25395}, caller=com.android.server.wm.TransitionController.collect:7 com.android.server.wm.ActivityRecord.setVisibility:132 com.android.server.wm.TaskFragment.resumeTopActivity:1662 com.android.server.wm.Task.resumeTopActivityInnerLocked:119 com.android.server.wm.Task.resumeTopActivityUncheckedLocked:23 
11-23 12:16:34.286  2907 11968 V WindowManager: Setting visibility of Window{56148c1 u0 SnapshotStartingWindow for taskId=25395}: true, caller=com.android.server.wm.WindowContainer.sendAppVisibilityToClients:19 com.android.server.wm.WindowToken.setClientVisible:48 com.android.server.wm.ActivityRecord.setVisibility:486 com.android.server.wm.TaskFragment.resumeTopActivity:1662 com.android.server.wm.Task.resumeTopActivityInnerLocked:119 
11-23 12:16:34.286  2907 11968 V WindowManager: Setting visibility of Window{cbff653 u0 com.discord/com.discord.main.MainActivity}: true, caller=com.android.server.wm.WindowContainer.sendAppVisibilityToClients:19 com.android.server.wm.WindowToken.setClientVisible:48 com.android.server.wm.ActivityRecord.setVisibility:486 com.android.server.wm.TaskFragment.resumeTopActivity:1662 com.android.server.wm.Task.resumeTopActivityInnerLocked:119 
11-23 12:16:34.286  2907 11968 D SGM:FgCheckThread: TaskStackListener.onTaskFocusChanged(), taskId=25071, focused=false
11-23 12:16:34.286  2907 11968 D SGM:FgCheckThread: TaskStackListener.onTaskFocusChanged(), taskId=25395, focused=true
11-23 12:16:34.287  2907 28840 I PerProcessNandswap$NandswapMsgHandler: madvise_prefetch for com.discord
11-23 12:16:34.287  2907 11968 D SGM:FgCheckThread:   sendRunningComponentFocus(), pkgName: com.discord, userId: 0
11-23 12:16:34.287  2907 11968 D InputDispatcher: Focused application(0): ActivityRecord{247050148 u0 com.discord/.main.MainActivity t25395}
11-23 12:16:34.287  4091  4172 D ShellStartingWindow: Relayout returned: frame=ClientWindowFrames{frame=[0,0][1080,2340] display=[0,0][1080,2340] parentFrame=[0,0][0,0]}, attrs={(0,0)(fillxfill) layoutInDisplayCutoutMode=always ty=APPLICATION_STARTING fmt=RGBA_8888 wanim=0x1030317 if=INPUT_FEATURE_NO_INPUT_CHANNEL
11-23 12:16:34.287  4091  4172 D ShellStartingWindow:   fl=80010118
11-23 12:16:34.287  4091  4172 D ShellStartingWindow:   pfl=30008800
11-23 12:16:34.287  4091  4172 D ShellStartingWindow:   bhv=2
11-23 12:16:34.287  4091  4172 D ShellStartingWindow:   fitSides=0
11-23 12:16:34.287  4091  4172 D ShellStartingWindow:   frameRateBoostOnTouch=true naviIconColor=0}
11-23 12:16:34.287  4091  4172 V SnapshotDrawerUtils: Drawing snapshot surface sizeMismatch=false
11-23 12:16:34.287  2907 11968 D WindowManager: Changing focus from Window{169ee40 u0 com.sec.android.app.launcher/com.android.quickstep.RecentsActivity} to null displayId=0 Callers=com.android.server.wm.ActivityTaskManagerService.setLastResumedActivityUncheckLocked:264 com.android.server.wm.ActivityTaskSupervisor.updateTopResumedActivityIfNeeded:51 com.android.server.wm.TaskFragment.setResumedActivity:30 com.android.server.wm.ActivityRecord.setState:100 
11-23 12:16:34.287  1928  2032 I HYPER-HAL: [RequestManager.cpp]acquire(): Acquired ID : 4288077  [2907 / 21]    HINT : AMS_ACT_RESUME    list : 
11-23 12:16:34.288  2907 11968 V SystemKeyManager: updateFocusedWindow() is called, 
11-23 12:16:34.288  2907  3790 D SGM:FgCheckThread: onLooperPrepared(), msg: MSG_TASK_FOCUSED, pkgName: com.discord, userId: 0
11-23 12:16:34.288  2907 11968 D ActivityTaskManager: scheduleTopResumedActivityChanged, onTop=true, r=ActivityRecord{247050148 u0 com.discord/.main.MainActivity t25395}, caller=com.android.server.wm.ActivityTaskSupervisor.scheduleTopResumedActivityStateIfNeeded:18 com.android.server.wm.ActivityTaskSupervisor.updateTopResumedActivityIfNeeded:54 com.android.server.wm.TaskFragment.setResumedActivity:30 com.android.server.wm.ActivityRecord.setState:100 com.android.server.wm.TaskFragment.resumeTopActivity:1705 com.android.server.wm.Task.resumeTopActivityInnerLocked:119 
11-23 12:16:34.288  2907 11968 V WindowManager: Collecting in transition 2741: ActivityRecord{144529939 u0 com.sec.android.app.launcher/com.android.quickstep.RecentsActivity t25071}, caller=com.android.server.wm.TransitionController.collect:7 com.android.server.wm.ActivityRecord.setVisibility:132 com.android.server.wm.ActivityRecord.makeInvisible:32 com.android.server.wm.EnsureActivitiesVisibleHelper.process:542 com.android.server.wm.TaskFragment.updateActivityVisibilities:12 
11-23 12:16:34.288  2907 11968 D WindowManager: prepareSync <SYNC_STATE_WAITING_FOR_DRAW>, mPrepareSyncSeqId=0, win=Window{169ee40 u0 com.sec.android.app.launcher/com.android.quickstep.RecentsActivity}
11-23 12:16:34.288  2907 11968 V WindowManager: Collecting in transition 2741: WallpaperWindowToken{75b79e1 showWhenLocked=true}_<lock>, caller=com.android.server.wm.Transition.collect:387 com.android.server.wm.TransitionController.collect:7 com.android.server.wm.ActivityRecord.setVisibility:132 com.android.server.wm.ActivityRecord.makeInvisible:32 com.android.server.wm.EnsureActivitiesVisibleHelper.process:542 
11-23 12:16:34.288  2907 12890 W ParceledListSlice: Element #17 is 19532 bytes.
11-23 12:16:34.288  2907  3790 D SGM:FgCheckThread: handleTaskFocused().
11-23 12:16:34.288  2907  3790 D SGM:FgCheckThread: sendFocusOutConditionally() - mPrevNotiPkg: (unknown), userId: 0
11-23 12:16:34.288  2907 12890 W ParceledListSlice: Element #23 is 23928 bytes.
11-23 12:16:34.288  2907  3790 D SGM:FgCheckThread:   handleTaskFocused(), pkgName: com.discord, userID:0 mResumedPkgMap does not containsKey.
11-23 12:16:34.288  2907 11968 V WindowManager: rotationForOrientation(orient=SCREEN_ORIENTATION_SENSOR (4), last=ROTATION_0 (0)); user=ROTATION_0 (0) 
11-23 12:16:34.288  2907 11968 D WindowManager: rotationForOrientation, orientationSource=ActivityRecord{247050148 u0 com.discord/.main.MainActivity t25395}
11-23 12:16:34.288  2907 11968 V WindowManager: Computed rotation=ROTATION_0 (0) for display id=0 based on lastOrientation=SCREEN_ORIENTATION_SENSOR (4) and oldRotation=ROTATION_0 (0), caller=com.android.server.wm.DisplayRotation.updateOrientation:79 com.android.server.wm.DisplayContent.updateOrientation:41 com.android.server.wm.DisplayContent.updateOrientationAndComputeConfig:48 com.android.server.wm.RootWindowContainer.ensureVisibilityAndConfig:7 com.android.server.wm.TaskFragment.resumeTopActivity:1724 com.android.server.wm.Task.resumeTopActivityInnerLocked:119 
11-23 12:16:34.288  2907 11968 D BLASTSyncEngine: SyncGroup 2741: Set ready true, caller=com.android.server.wm.BLASTSyncEngine.setReady:32 com.android.server.wm.Transition.applyReady:54 com.android.server.wm.Transition.setReady:72 com.android.server.wm.TransitionController.setReady:6 com.android.server.wm.DisplayContent.executeAppTransition:4 com.android.server.wm.ActivityRecord.completeResumeLocked:115 
11-23 12:16:34.288  2907 11968 D WindowManagerServiceExt: updateTaskbarTargetIfNeeded: cn=ComponentInfo{com.discord/com.discord.main.MainActivity} occludesParent=true isInSplitScreenMode=false
11-23 12:16:34.289  2907 11968 V WindowManager: Collecting in transition 2741: WallpaperWindowToken{75b79e1 showWhenLocked=true}_<lock>, caller=com.android.server.wm.TransitionController.collect:7 com.android.server.wm.WallpaperWindowToken.setVisibility:55 com.android.server.wm.WallpaperController.adjustWallpaperWindows:857 com.android.server.wm.RootWindowContainer.applySurfaceChangesTransaction$1:141 com.android.server.wm.RootWindowContainer.performSurfacePlacementNoTrace:59 
11-23 12:16:34.289  2907  3881 D AS.MultiSoundManager: mForegroundUid = 10361
11-23 12:16:34.289  2907 11968 D SurfaceComposerClient: setCornerRadius ## 56148c1 SnapshotStartingWindow for taskId=25395#37330 cornerRadius=0.000000
11-23 12:16:34.289  2907 11968 D SurfaceComposerClient: setCornerRadius ## 56148c1 SnapshotStartingWindow for taskId=25395#37330 cornerRadius=0.000000
11-23 12:16:34.289  2907 11968 D SurfaceComposerClient: setCornerRadius ## cbff653 com.discord/com.discord.main.MainActivity#37291 cornerRadius=0.000000
11-23 12:16:34.289  2907  3914 D BackgroundInstallControlService: Package event received: 0
11-23 12:16:34.289 28916 28916 I VRI[MainActivity]@b24b197: handleAppVisibility mAppVisible = false visible = true
11-23 12:16:34.290  2907 11968 D BLASTSyncEngine: SyncGroup 2741:  Unfinished container: ActivityRecord{247050148 u0 com.discord/.main.MainActivity t25395} mSyncState=2
11-23 12:16:34.290  4738  4862 I HoneySpace.TopTaskSource: onTaskMovedToFront : taskId = 25067, displayId = 0
11-23 12:16:34.290  2907  3101 D SGM:FgCheckThread: notePauseComponent(), received pkgName: com.sec.android.app.launcher, userId: 0
11-23 12:16:34.290  4738  4862 I HoneySpace.TopTaskSource: onTaskMovedToFront : taskId = 25395, displayId = 0
11-23 12:16:34.290  2907 11786 D WindowManager: finishDrawingWindow: Window{56148c1 u0 SnapshotStartingWindow for taskId=25395} mDrawState=DRAW_PENDING seqId=2147483647
11-23 12:16:34.290  2907  3101 I DisplayDeviceRepository: Display device changed render timings: "Built-in Screen", renderFrameRate=120.00001, presentationDeadlineNanos=9333333, appVsyncOffsetNanos=8333333, frameRateOverrides=[{uid=10047 frameRateHz=120.00001}, {uid=10048 frameRateHz=120.00001}, {uid=10152 frameRateHz=120.00001}, {uid=10696 frameRateHz=120.00001}]
11-23 12:16:34.290  2907 11786 V WindowManager: Finishing drawing window Window{56148c1 u0 SnapshotStartingWindow for taskId=25395}: mDrawState=DRAW_PENDING
11-23 12:16:34.290  2907 11786 V WindowManager: Draw state now committed in Window{56148c1 u0 SnapshotStartingWindow for taskId=25395}
11-23 12:16:34.290  2907  3102 D SurfaceComposerClient: setCornerRadius ## 56148c1 SnapshotStartingWindow for taskId=25395#37330 cornerRadius=0.000000
11-23 12:16:34.290  4091  4091 I {OngoingActivityController}: onTaskFocusChanged but OA data is empty
11-23 12:16:34.290  2907  3102 D SurfaceComposerClient: setCornerRadius ## 56148c1 SnapshotStartingWindow for taskId=25395#37330 cornerRadius=0.000000
11-23 12:16:34.290  2907  3102 D SurfaceComposerClient: setCornerRadius ## cbff653 com.discord/com.discord.main.MainActivity#37291 cornerRadius=0.000000
11-23 12:16:34.291  2907  3102 V WindowManager: SyncGroup 2741: Finished!
11-23 12:16:34.291  2907  3102 V WindowManager: performShowLocked: mDrawState=HAS_DRAWN in Window{56148c1 u0 SnapshotStartingWindow for taskId=25395}
11-23 12:16:34.291  2907  3102 D ChangeTransitionController: onTransactionReady: TransitionRecord{bd9c58e id=2741 type=TO_FRONT flags=0x0 c=[
11-23 12:16:34.291  2907  3102 D ChangeTransitionController:    ChangeInfo{4dcf866 container=RemoteWallpaperAnim:1:1@9860729 flags=0x0}
11-23 12:16:34.291  2907  3102 D ChangeTransitionController:    ChangeInfo{b671d45 container=Task{56bf10d #25395 type=standard A=10361:com.discord} flags=0x0}
11-23 12:16:34.291  2907  3102 D ChangeTransitionController:    ChangeInfo{e30ac9a container=Display{#0 state=ON size=1080x2340 ROTATION_0} flags=0x0}
11-23 12:16:34.291  2907  3102 D ChangeTransitionController:    ChangeInfo{aa907a7 container=WallpaperWindowToken{75b79e1 showWhenLocked=true}_<lock> flags=0x0}
11-23 12:16:34.291  2907  3102 D ChangeTransitionController:    ChangeInfo{c775454 container=ActivityRecord{144529939 u0 com.sec.android.app.launcher/com.android.quickstep.RecentsActivity t25071} flags=0x0}
11-23 12:16:34.291  2907  3102 D ChangeTransitionController:    ChangeInfo{778affd container=Task{a235450 #25071 type=recents I=com.sec.android.app.launcher/com.android.quickstep.RecentsActivity} flags=0x0}
11-23 12:16:34.291  2907  3102 D ChangeTransitionController:    ChangeInfo{86c99cb container=DefaultTaskDisplayArea_d0@170505062 flags=0x0}
11-23 12:16:34.291  2907  3102 D ChangeTransitionController:    ChangeInfo{eb034f2 container=ActivityRecord{247050148 u0 com.discord/.main.MainActivity t25395} flags=0x0}
11-23 12:16:34.291  2907  3102 D ChangeTransitionController: ]
11-23 12:16:34.291  2907  3102 D ChangeTransitionController: }
11-23 12:16:34.291  2907  3102 V WindowManager: Start calculating TransitionInfo based on participants: {Task{56bf10d #25395 type=standard A=10361:com.discord}, WallpaperWindowToken{75b79e1 showWhenLocked=true}_<lock>, ActivityRecord{144529939 u0 com.sec.android.app.launcher/com.android.quickstep.RecentsActivity t25071}, ActivityRecord{247050148 u0 com.discord/.main.MainActivity t25395}}
11-23 12:16:34.291  4738  4864 I HoneySpace.TopTaskUseCase: topTasks 25395 ComponentInfo{com.discord/com.discord.main.MainActivity}[displayId=0]
11-23 12:16:34.291  2907  3102 V WindowManager:   Final targets: [ChangeInfo{b671d45 container=Task{56bf10d #25395 type=standard A=10361:com.discord} flags=0x30}, ChangeInfo{778affd container=Task{a235450 #25071 type=recents I=com.sec.android.app.launcher/com.android.quickstep.RecentsActivity} flags=0x10}, ChangeInfo{aa907a7 container=WallpaperWindowToken{75b79e1 showWhenLocked=true}_<lock> flags=0x0}]
11-23 12:16:34.291  4738  4862 I HoneySpace.TopTaskSource: onTaskFocusChanged(): taskId = 25395
11-23 12:16:34.291  2062  2062 I SurfaceFlinger: [SnapshotStartingWindow for taskId=25395$_4091#37331] attach to parent LayerHierarchy{RequestedLayerState{56148c1 SnapshotStartingWindow for taskId=25395#37330 parentId=37284} 1 children}
11-23 12:16:34.291  2062  3360 I SurfaceFlinger: id=37332 createSurf, flag=84004, Transition Root: Task=25395#37332
11-23 12:16:34.292  2907  3102 I SurfaceControlRegistry: show, t=StartTransaction_SyncId<2741> sc=ActivityRecord{247050148 u0 com.discord/.main.MainActivity t25395}, caller=android.view.SurfaceControl$Transaction.show:3557 com.android.server.wm.Transition.onTransactionReady:2048 com.android.server.wm.BLASTSyncEngine$SyncGroup.finishNow:240 com.android.server.wm.BLASTSyncEngine.onSurfacePlacement:263 com.android.server.wm.RootWindowContainer.performSurfacePlacementNoTrace:1083 com.android.server.wm.WindowSurfacePlacer.performSurfacePlacement:166 
11-23 12:16:34.292  2907  3102 D SurfaceComposerClient: setCornerRadius ## WallpaperWindowToken{75b79e1 showWhenLocked=false}#125 cornerRadius=0.000000
11-23 12:16:34.292  2907  3102 D SurfaceComposerClient: setCornerRadius ## Task=25071#225 cornerRadius=0.000000
11-23 12:16:34.292  2907  3102 D SurfaceComposerClient: setCornerRadius ## Task=25395#37283 cornerRadius=0.000000
11-23 12:16:34.292  2907  3102 V WindowManager: Calling onTransitionReady: {id=2741 t=TO_FRONT f=0x0 trk=0 r=[0@Point(0, 0)] c=[
11-23 12:16:34.292  2907  3102 V WindowManager:         {WCT{RemoteToken{6bafe91 Task{56bf10d #25395 type=standard A=10361:com.discord}}} m=TO_FRONT f=MOVE_TO_TOP leash=Surface(name=Task=25395)/@0xc21615 sb=Rect(0, 0 - 1080, 2340) eb=Rect(0, 0 - 1080, 2340) epz=Point(1080, 2340) d=0 taskParent=-1 inset=Rect(0, 85 - 0, 126)},
11-23 12:16:34.292  2907  3102 V WindowManager:         {WCT{RemoteToken{44e3b41 Task{a235450 #25071 type=recents I=com.sec.android.app.launcher/com.android.quickstep.RecentsActivity}}} m=TO_BACK f=SHOW_WALLPAPER|EDGE_EXTENSION_RESTRICTION leash=Surface(name=Task=25071)/@0x53be51a sb=Rect(0, 0 - 1080, 2340) eb=Rect(0, 0 - 1080, 2340) epz=Point(1080, 2340) d=0 taskParent=-1 inset=Rect(0, 85 - 0, 126)},
11-23 12:16:34.292  2907  3102 V WindowManager:         {m=TO_BACK f=IS_WALLPAPER p=WCT{RemoteToken{666947e RemoteWallpaperAnim:1:1@9860729}} leash=Surface(name=WallpaperWindowToken{75b79e1 showWhenLocked=false})/@0x9455a30 sb=Rect(0, 0 - 1080, 2340) eb=Rect(0, 0 - 1080, 2340) epz=Point(1080, 2340) d=0 inset=Rect(0, 0 - 0, 0)}
11-23 12:16:34.292  2907  3102 V WindowManager:     ]}
11-23 12:16:34.292  2907  3904 I CocktailBarManagerServiceContainer: handleMessage: entry what = 6
11-23 12:16:34.293  2907  3098 V WindowManager: Sent Transition (#2741) createdAt=11-23 12:16:34.279 via request=TransitionRequestInfo { type = TO_FRONT, triggerTask = TaskInfo{userId=0 taskId=25395 effectiveUid=10361 displayId=0 isRunning=true baseIntent=Intent { act=android.intent.action.MAIN cat=[android.intent.category.LAUNCHER] flg=0x10200000 cmp=com.discord/.main.MainActivity } baseActivity=ComponentInfo{com.discord/com.discord.main.MainActivity} topActivity=ComponentInfo{com.discord/com.discord.main.MainActivity} origActivity=null realActivity=ComponentInfo{com.discord/com.discord.main.MainActivity} numActivities=1 lastActiveTime=153195708 supportsMultiWindow=true resizeMode=1 isResizeable=true minWidth=-1 minHeight=-1 maxWidth=-1 maxHeight=-1 defaultMinSize=220 desktopDefaultMinSize=304 token=WCT{RemoteToken{6bafe91 Task{56bf10d #25395 type=standard A=10361:com.discord}}} topActivityType=1 pictureInPictureParams=null shouldDockBigOverlays=false launchIntoPipHostTaskId=-1 lastParentTaskIdBeforePip=-1 displayCutoutSafeInsets=Rect(0, 85 - 0, 0) topActivityInfo=ActivityInfo{d73b9f7 com.discord.main.MainActivity} launchCookies=[] positionInParent=Point(0, 0) parentTaskId=-1 isFocused=false isVisible=false isVisibleRequested=false isTopActivityNoDisplay=false isSleeping=false locusId=null displayAreaFeatureId=1 isTopActivityTransparent=false isActivityStackTransparent=false lastNonFullscreenBounds=Rect(0, 85 - 1080, 2214) capturedLink=null capturedLinkTimestamp=0 requestedVisibleTypes=-9 topActivityRequestOpenInBrowserEducationTimestamp=0 appCompatTaskInfo=AppCompatTaskInfo { topActivityInSizeCompat=false eligibleForLetterboxEducation= false isLetterboxEducationEnabled= false isLetterboxDoubleTapEnabled= false eligibleForUserAspectRatioButton= false topActivityBoundsLetterboxed= false isFromLetterboxDoubleTap= false topActivityLetterboxVerticalPosition= -1 topActivityLetterboxHorizontalPosition= -1 topActivityLetterboxWidth=-1 topActivityLetterboxHeight=-1 topActivityAppBounds=Rect(0, 0 - 1080, 2340) isUserFullscreenOverrideEnabled=false isSystemFullscreenOverrideEnabled=false hasMinAspectRatioOverride=false topActivityLetterboxBounds=null cameraCompatTaskInfo=CameraCompatTaskInfo { freeformCameraCompatMode=inactive} topActivityBounds=null topActivityInDisplayCompat=false singleTapFromLetterbox=false} topActivityMainWindowFrame=null originallySupportedMultiWindow=true hasWallpaper=false rootAffinity=10361:com.discord isTopTaskInStage=false CoverLauncherWidgetTask=false LaunchedFromAppsCoverLauncherTask=false LaunchedFromMultistarCoverLauncherTask=false isAllowedSeamlessRotation=false isTopTransparentActivity=false isAliasManaged=false hasConfigChanged=false snappingGuideBounds=null isAiKeyRemoveAppTask=false lastDesktopWindowingBounds=null lastExternalDesktopWindowingBounds=null safeCutoutInsets=null}, pipChange = null, remoteTransition = RemoteTransition { remoteTransition = android.window.IRemoteTransition$Stub$Proxy@f1f61c0, appThread = android.app.IApplicationThread$Stub$Proxy@aa54ef9, debugName = QuickstepLaunchflags =NONE }, displayChange = null, flags = 0, debugId = 2741 }
11-23 12:16:34.293  2907  3098 V WindowManager:     startWCT=WindowContainerTransaction { changes= {} hops= [] errorCallbackToken=null taskFragmentOrganizer=null }
11-23 12:16:34.293  2907  3098 V WindowManager:     info={id=2741 t=TO_FRONT f=0x0 trk=0 r=[0@Point(0, 0)] c=[
11-23 12:16:34.293  2907  3098 V WindowManager:         {WCT{RemoteToken{6bafe91 Task{56bf10d #25395 type=standard A=10361:com.discord}}} m=TO_FRONT f=MOVE_TO_TOP leash=Surface(name=Task=25395)/@0xc21615 sb=Rect(0, 0 - 1080, 2340) eb=Rect(0, 0 - 1080, 2340) epz=Point(1080, 2340) d=0 taskParent=-1 inset=Rect(0, 85 - 0, 126)},
11-23 12:16:34.293  2907  3098 V WindowManager:         {WCT{RemoteToken{44e3b41 Task{a235450 #25071 type=recents I=com.sec.android.app.launcher/com.android.quickstep.RecentsActivity}}} m=TO_BACK f=SHOW_WALLPAPER|EDGE_EXTENSION_RESTRICTION leash=Surface(name=Task=25071)/@0x53be51a sb=Rect(0, 0 - 1080, 2340) eb=Rect(0, 0 - 1080, 2340) epz=Point(1080, 2340) d=0 taskParent=-1 inset=Rect(0, 85 - 0, 126)},
11-23 12:16:34.293  2907  3098 V WindowManager:         {m=TO_BACK f=IS_WALLPAPER p=WCT{RemoteToken{666947e RemoteWallpaperAnim:1:1@9860729}} leash=Surface(name=WallpaperWindowToken{75b79e1 showWhenLocked=false})/@0x9455a30 sb=Rect(0, 0 - 1080, 2340) eb=Rect(0, 0 - 1080, 2340) epz=Point(1080, 2340) d=0 inset=Rect(0, 0 - 0, 0)}
11-23 12:16:34.293  2907  3098 V WindowManager:     ]}
11-23 12:16:34.293 28916 28916 I VRI[MainActivity]@b24b197: stopped(false) old = true
11-23 12:16:34.293 28916 28916 D VRI[MainActivity]@b24b197: WindowStopped on com.discord/com.discord.main.MainActivity set to false
11-23 12:16:34.294 28916 28916 D ViewRootImpl: Skipping stats log for color mode
11-23 12:16:34.295  2907  3101 V Configuration: Updating configuration, locales updated from [] to [en_US]
11-23 12:16:34.295  4091 15170 V WindowManagerShell: onTransitionReady(transaction=12485470192314)
11-23 12:16:34.295  4091  4149 V WindowManagerShell: onTransitionReady (#2741) android.os.BinderProxy@8fd44ed: {id=2741 t=TO_FRONT f=0x0 trk=0 r=[0@Point(0, 0)] c=[
11-23 12:16:34.295  4091  4149 V WindowManagerShell:         {m=TO_FRONT f=MOVE_TO_TOP leash=Surface(name=Task=25395)/@0xd09929c sb=Rect(0, 0 - 1080, 2340) eb=Rect(0, 0 - 1080, 2340) epz=Point(1080, 2340) d=0 taskParent=-1 inset=Rect(0, 85 - 0, 126)},
11-23 12:16:34.295  4091  4149 V WindowManagerShell:         {m=TO_BACK f=SHOW_WALLPAPER|EDGE_EXTENSION_RESTRICTION leash=Surface(name=Task=25071)/@0x86724a5 sb=Rect(0, 0 - 1080, 2340) eb=Rect(0, 0 - 1080, 2340) epz=Point(1080, 2340) d=0 taskParent=-1 inset=Rect(0, 85 - 0, 126)},
11-23 12:16:34.295  4091  4149 V WindowManagerShell:         {m=TO_BACK f=IS_WALLPAPER p=WCT{android.window.IWindowContainerToken$Stub$Proxy@b6b3c88} leash=Surface(name=WallpaperWindowToken{75b79e1 showWhenLocked=false})/@0xdb3107a sb=Rect(0, 0 - 1080, 2340) eb=Rect(0, 0 - 1080, 2340) epz=Point(1080, 2340) d=0 inset=Rect(0, 0 - 0, 0)}
11-23 12:16:34.295  4091  4149 V WindowManagerShell:     ]}
11-23 12:16:34.295  4091  4149 V ShellDesktopMode: DesktopModeLogger: taskInfo map after processing changes 0
11-23 12:16:34.295  4091  4149 D ShellDesktopMode: DesktopTaskChangeListener: onTaskMovingToFront for taskId=25395, displayId=0
11-23 12:16:34.295  4091  4149 I SurfaceControlRegistry: hide, t=FinishTransaction_SyncId<2741> sc=Task=25071, caller=android.view.SurfaceControl$Transaction.hide:3583 com.android.wm.shell.transition.Transitions.dispatchReady:1263 com.android.wm.shell.transition.Transitions.onTransitionReady:251 com.android.wm.shell.transition.Transitions$TransitionPlayerImpl$$ExternalSyntheticLambda0.run:13 android.os.Handler.handleCallback:995 android.os.Handler.dispatchMessage:103 
11-23 12:16:34.295  4091  4149 I SurfaceControlRegistry: show, t=StartTransaction_SyncId<2741> sc=Task=25395, caller=android.view.SurfaceControl$Transaction.show:3557 com.android.wm.shell.transition.Transitions.dispatchReady:1279 com.android.wm.shell.transition.Transitions.onTransitionReady:251 com.android.wm.shell.transition.Transitions$TransitionPlayerImpl$$ExternalSyntheticLambda0.run:13 android.os.Handler.handleCallback:995 android.os.Handler.dispatchMessage:103 
11-23 12:16:34.295  2907  3101 V Configuration: Updating configuration, locales updated from [] to [en_US]
11-23 12:16:34.295  4091  4149 I SurfaceControlRegistry: show, t=FinishTransaction_SyncId<2741> sc=Task=25395, caller=android.view.SurfaceControl$Transaction.show:3557 com.android.wm.shell.transition.Transitions.dispatchReady:1330 com.android.wm.shell.transition.Transitions.onTransitionReady:251 com.android.wm.shell.transition.Transitions$TransitionPlayerImpl$$ExternalSyntheticLambda0.run:13 android.os.Handler.handleCallback:995 android.os.Handler.dispatchMessage:103 
11-23 12:16:34.295  4091  4149 V WindowManagerShell: Playing animation for (#2741) android.os.BinderProxy@8fd44ed@0
11-23 12:16:34.296  4091  4149 I SurfaceControlRegistry: show, t=StartTransaction_SyncId<2741> sc=Transition Root: Task=25395, caller=android.view.SurfaceControl$Transaction.show:3557 com.android.wm.shell.transition.Transitions.playTransition:79 com.android.wm.shell.transition.Transitions.processReadyQueue:239 com.android.wm.shell.transition.Transitions.dispatchReady:1352 com.android.wm.shell.transition.Transitions.onTransitionReady:251 com.android.wm.shell.transition.Transitions$TransitionPlayerImpl$$ExternalSyntheticLambda0.run:13 
11-23 12:16:34.296  4091  4149 V WindowManagerShell:  try firstHandler com.android.wm.shell.transition.DefaultMixedHandler@704e168
11-23 12:16:34.296  4091  4149 V WindowManagerShell: Mixed transition for opening an intent with a remote transition and PIP or Desktop #2741
11-23 12:16:34.296  4091  4149 V WindowManagerShell: tryAnimateOpenIntentWithRemoteAndPipOrDesktop
11-23 12:16:34.296  4091  4149 V WindowManagerShell:  Delegate animation for (#2741) to RemoteTransition { remoteTransition = android.window.IRemoteTransition$Stub$Proxy@86cef70, appThread = android.app.IApplicationThread$Stub$Proxy@7f642e9, debugName = QuickstepLaunchflags =NONE }
11-23 12:16:34.296  4091  4149 V WindowManagerShell:  Excluded change from remote targets at (#2741), change={m=TO_BACK f=IS_WALLPAPER p=WCT{android.window.IWindowContainerToken$Stub$Proxy@b6b3c88} leash=Surface(name=WallpaperWindowToken{75b79e1 showWhenLocked=false})/@0xdb3107a sb=Rect(0, 0 - 1080, 2340) eb=Rect(0, 0 - 1080, 2340) epz=Point(1080, 2340) d=0 inset=Rect(0, 0 - 0, 0)}
11-23 12:16:34.296  2907  3101 D EnterpriseDeviceManagerService: isMdmAdminPresentInternal() : MDM Admin Found - com.samsung.android.kgclient
11-23 12:16:34.296  2907  3101 D SGM:GameManager: identifyGamePackage. com.discord, mCurrentUserId: 0, callingMethodInfo: com.samsung.android.game.SemGameManager.isGamePackage(SemGameManager.java:106)
11-23 12:16:34.296  4091  4149 V WindowManagerShell:  animated by firstHandler
11-23 12:16:34.296  2062  3359 I SurfaceFlinger: id=37333 createSurf, flag=84000, Surface(name=Task=25395)/@0x1e774ab_transition-leash#37333
11-23 12:16:34.296  2907  3101 D SGM:SemGameManager: isGamePackage(), pkgName=com.discord, ret=false
11-23 12:16:34.296  4738 28837 I SurfaceControlRegistry: show, t=StartTransaction_SyncId<2741> sc=Task=25395, caller=android.view.SurfaceControl$Transaction.show:3557 S.j.a:152 S.j.u:0 S.j.t:0 com.android.systemui.animation.RemoteAnimationTargetCompat.wrap:48 com.android.systemui.animation.RemoteAnimationTargetCompat.wrapApps:10 
11-23 12:16:34.296  2062  3359 I SurfaceFlinger: id=37334 createSurf, flag=84000, Surface(name=Task=25071)/@0x22fcea1_transition-leash#37334
11-23 12:16:34.297  4738 28837 I SurfaceControlRegistry: show, t=StartTransaction_SyncId<2741> sc=Task=25071, caller=android.view.SurfaceControl$Transaction.show:3557 S.j.a:152 S.j.u:0 S.j.t:0 com.android.systemui.animation.RemoteAnimationTargetCompat.wrap:48 com.android.systemui.animation.RemoteAnimationTargetCompat.wrapApps:10 
11-23 12:16:34.297  4738 28837 I SurfaceControlRegistry: apply, t=StartTransaction_SyncId<2741>, caller=android.view.SurfaceControl$Transaction.apply:3459 android.view.SurfaceControl$Transaction.apply:3447 android.view.SurfaceControl$Transaction.apply:3397 com.android.systemui.animation.RemoteAnimationRunnerCompat$1.startAnimation:645 android.window.IRemoteTransition$Stub.onTransact:162 android.os.Binder.execTransactInternal:1462 
11-23 12:16:34.297  2907  3101 D SGM:FgCheckThread: noteResumeComponent(), received pkgName: com.discord, userId: 0
11-23 12:16:34.297  2907  3790 D SGM:FgCheckThread: onLooperPrepared(), msg: MSG_APP_RESUME, pkgName: com.discord, userid: 0
11-23 12:16:34.297  2907  3790 D SGM:FgCheckThread: handleResume().
11-23 12:16:34.297  2907  3790 D SGM:FgCheckThread: sendFocusOutConditionally() - mPrevNotiPkg: (unknown), userId: 0
