11-23 12:16:34.348 28916 28916 D VRI[MainActivity]@b24b197: Setup new sync=wmsSync-VRI[MainActivity]@b24b197#2
11-23 12:16:34.348 28916 28916 I VRI[MainActivity]@b24b197: Creating new active sync group VRI[MainActivity]@b24b197#3
11-23 12:16:34.348 28916 28916 D VRI[MainActivity]@b24b197: Start draw after previous draw not visible
11-23 12:16:34.351 28916 28916 D VRI[MainActivity]@b24b197: registerCallbacksForSync syncBuffer=false
11-23 12:16:34.351  2062  2394 D SurfaceFlinger: [input] setFocusedWindow: cbff653 com.discord/com.discord.main.MainActivity
11-23 12:16:34.351 14326 14470 I Finsky  : [620] com.discord: Account determined from installer data - [l2bWhmYyBk3o1GAsWbGqUOndfIVP1uPFz9yFSCPHyH8]
11-23 12:16:34.352 14326 14597 I Finsky  : [642] com.discord: Account determined from installer data - [l2bWhmYyBk3o1GAsWbGqUOndfIVP1uPFz9yFSCPHyH8]
11-23 12:16:34.351  2907 11968 D InputDispatcher: Once focus requested (0): cbff653 com.discord/com.discord.main.MainActivity
11-23 12:16:34.352  2907 11968 D InputDispatcher: Focus request (0): cbff653 com.discord/com.discord.main.MainActivity but waiting because NO_WINDOW
11-23 12:16:34.353  4738 13833 I HoneySpace.NotificationListener: onNotificationPosted eu.faircode.netguard: 0|eu.faircode.netguard|7|null|10810: 0
11-23 12:16:34.353  4738 13833 I HoneySpace.NotificationListener: invalid notification: eu.faircode.netguard UserHandle{0}: isGroup=false, isMissing=true
11-23 12:16:34.353  4738 13833 I HoneySpace.BadgeDataSourceImpl: Get notification count. PK(p='eu.faircode.netguard', u=UserHandle{0}) - forceBadgeCount: false, notification listener: 1, badge provider: 0
11-23 12:16:34.353 14326 14597 I Finsky  : [642] Billing preferred account via installer for com.discord: [l2bWhmYyBk3o1GAsWbGqUOndfIVP1uPFz9yFSCPHyH8]
11-23 12:16:34.354 14326 14470 I Finsky  : [620] Billing preferred account via installer for com.discord: [l2bWhmYyBk3o1GAsWbGqUOndfIVP1uPFz9yFSCPHyH8]
11-23 12:16:34.354 14326 14597 I Finsky  : [642] No Play Pass entry
11-23 12:16:34.357  4091  4091 I LockscreenNotificationIconsOnlyController: onNotificationInfoUpdated 0
11-23 12:16:34.357  4091  4091 I AODNotificationManager: updateNotification() 
11-23 12:16:34.362  2907  4000 D NetdEventListenerService: DNS Requested by 137, 10361(com.discord), SUCCESS, 0ms
11-23 12:16:34.384  2907  4000 D NetdEventListenerService: DNS Requested by 137, 10361(com.discord), SUCCESS, 0ms
11-23 12:16:34.386 28916 29001 D VRI[MainActivity]@b24b197: Received frameDrawingCallback syncResult=0 frameNum=1.
11-23 12:16:34.387 28916 29001 I VRI[MainActivity]@b24b197: mWNT: t=0xb40000763a274dd0 mBlastBufferQueue=0xb4000075aa7673e0 fn= 1 HdrRenderState mRenderHdrSdrRatio=1.0 caller= android.view.ViewRootImpl$12.onFrameDraw:15441 android.view.ThreadedRenderer$1.onFrameDraw:718 <bottom of call stack> 
11-23 12:16:34.387 28916 29001 I VRI[MainActivity]@b24b197: Setting up sync and frameCommitCallback
11-23 12:16:34.389 11946 24956 I SDHMS:k : onTaskStackChanged
11-23 12:16:34.389  4738 22593 I HoneySpace.RecentTasks: onRecentTasksChanged
11-23 12:16:34.389  2054  2096 E HeatmapThread: ECT Thread time in milliseconds: 1763918194
11-23 12:16:34.390  2054  2096 D HeatmapThread: !@ batteryplugType : 0
11-23 12:16:34.390  2054  2096 D HeatmapThread: !@ batteryLevel : 44  batteryTemperature : 307 
11-23 12:16:34.390  2054  2096 D HeatmapThread: !@ Heatmap currtime: 29398636
11-23 12:16:34.390  2054  2096 D HeatmapThread: !@ Heatmap prevtime: 29398607
11-23 12:16:34.390  2054  2096 D HeatmapThread: !@ Heatmap plugstarttime: 35791394
11-23 12:16:34.390  2054  2096 D HeatmapThread: !@ Heatmap prevv_dsoh_update_time: 29398243
11-23 12:16:34.390  2054  2096 E HeatmapThread: !@ CAM New BSOH: 100
11-23 12:16:34.391 25260 25322 I [AirCmd]_ActivitySwitchDetector: onTaskStackChanged : componentName - ComponentInfo{com.discord/com.discord.main.MainActivity}
11-23 12:16:34.391  2907 12441 W ParceledListSlice: Element #17 is 19532 bytes.
11-23 12:16:34.391  2907 12441 W ParceledListSlice: Element #23 is 23928 bytes.
11-23 12:16:34.399 28916 28948 I BLASTBufferQueue: [VRI[MainActivity]@b24b197#1](f:0,a:0,s:0) onFrameAvailable the first frame is available
11-23 12:16:34.400 28916 28948 I SurfaceComposerClient: apply transaction with the first frame. layerId: 37337, bufferData(ID: 124193274331143, frameNumber: 1)
11-23 12:16:34.400 28916 28948 I VRI[MainActivity]@b24b197: Received frameCommittedCallback lastAttemptedDrawFrameNum=1 didProduceBuffer=true
11-23 12:16:34.400  2062  3359 I SurfaceFlinger: [com.discord/com.discord.main.MainActivity$_28916#37337] setTransactionState with the first frame. bufferData(ID: 124193274331143, frameNumber: 1)
11-23 12:16:34.400 28916 28916 D VRI[MainActivity]@b24b197: reportDrawFinished seqId=0
11-23 12:16:34.400  2907 12441 D WindowManager: finishDrawingWindow: Window{cbff653 u0 com.discord/com.discord.main.MainActivity} mDrawState=DRAW_PENDING seqId=0
11-23 12:16:34.400  2907  3102 D SurfaceComposerClient: setCornerRadius ## 56148c1 SnapshotStartingWindow for taskId=25395#37330 cornerRadius=0.000000
11-23 12:16:34.400  2907  3102 D SurfaceComposerClient: setCornerRadius ## cbff653 com.discord/com.discord.main.MainActivity#37291 cornerRadius=0.000000
11-23 12:16:34.400  2907  3102 D SurfaceComposerClient: setCornerRadius ## 56148c1 SnapshotStartingWindow for taskId=25395#37330 cornerRadius=0.000000
11-23 12:16:34.400  2907  3102 V WindowManager: Finish starting ActivityRecord{247050148 u0 com.discord/.main.MainActivity t25395}: first real window is shown, no animation
11-23 12:16:34.400  2907  3102 V WindowManager: Schedule remove starting ActivityRecord{247050148 u0 com.discord/.main.MainActivity t25395} startingWindow=Window{56148c1 u0 SnapshotStartingWindow for taskId=25395} animate=false Callers=com.android.server.wm.ActivityRecord.removeStartingWindow:178 com.android.server.wm.WindowState.performShowLocked:155 com.android.server.wm.WindowStateAnimator.commitFinishDrawingLocked:73 com.android.server.wm.DisplayContent$$ExternalSyntheticLambda1.accept$com$android$server$wm$DisplayContent$$ExternalSyntheticLambda37:23 com.android.server.wm.DisplayContent$$ExternalSyntheticLambda1.accept:143 
11-23 12:16:34.401  4091  4149 D ShellTaskOrganizer: removeStartingWindow, removalInfo=StartingWindowRemovalInfo{taskId=25395 frame=null playRevealAnimation=false roundedCornerRadius=0.0 deferRemoveMode=0 windowlessSurface=false removeImmediately=false}
11-23 12:16:34.401  2907  3102 D ActivityManagerPerformance: AMP_release() ACT_RESUME
11-23 12:16:34.401  2907  3102 V WindowManager: performShowLocked: mDrawState=HAS_DRAWN in Window{cbff653 u0 com.discord/com.discord.main.MainActivity}
11-23 12:16:34.401  2907  3102 D SurfaceComposerClient: setCornerRadius ## cbff653 com.discord/com.discord.main.MainActivity#37291 cornerRadius=0.000000
11-23 12:16:34.401  2907  3102 D SurfaceComposerClient: setCornerRadius ## 56148c1 SnapshotStartingWindow for taskId=25395#37330 cornerRadius=0.000000
11-23 12:16:34.401  2907  3102 D SurfaceComposerClient: setCornerRadius ## cbff653 com.discord/com.discord.main.MainActivity#37291 cornerRadius=0.000000
11-23 12:16:34.401  2907  3102 D SurfaceComposerClient: setCornerRadius ## 56148c1 SnapshotStartingWindow for taskId=25395#37330 cornerRadius=0.000000
11-23 12:16:34.401  2907  3102 D SurfaceComposerClient: setCornerRadius ## cbff653 com.discord/com.discord.main.MainActivity#37291 cornerRadius=0.000000
11-23 12:16:34.401  1928  2032 I HYPER-HAL: [RequestManager.cpp]releaseLocked(): Released ID : 4288077
11-23 12:16:34.401  4738  4738 I HoneySpace.TaskListPot[4973af0]: onStop() called
11-23 12:16:34.401  4738  4738 I HoneySpace.TaskListViewModel[112843763]: isClearAll: 43, 0, false
11-23 12:16:34.401  4738  4738 I HoneySpace.TaskListPot[4973af0]: emptyMessageEnabled false
11-23 12:16:34.401  4738  4738 I HoneySpace.TaskListViewModel[112843763]: keepPrevOrientation
11-23 12:16:34.401  4738  4738 I HoneySpace.TaskListViewModel[112843763]: unregisterSensorListener, StandaloneCoroutine{Active}@67049e6
11-23 12:16:34.401  4738  4738 I HoneySpace.TaskListViewModel[112843763]: requestedOrientation: SCREEN_ORIENTATION_LOCKED
11-23 12:16:34.401  4738  4738 I HoneySpace.OverviewEventHandler: updateTaskLaunchProgress: false
11-23 12:16:34.401  4738  4738 I HoneySpace.StackRecentsView: unbindTaskViewHolders Termux
11-23 12:16:34.401  4738 22593 I HoneySpace.TaskListViewModel[112843763]: Cancelled sensorJob and unregisterListener: currentJob: StandaloneCoroutine{Cancelling}@67049e6, sensorJob: StandaloneCoroutine{Cancelling}@67049e6, listener: a6.m0@237bb27
11-23 12:16:34.401  4738  4738 I HoneySpace.StackRecentsView: unbindTaskViewHolders Discord
11-23 12:16:34.401  4738  4738 I HoneySpace.StackRecentsView: unbindTaskViewHolders Clock
11-23 12:16:34.401  4738  4738 I HoneySpace.StackRecentsView: unbindTaskViewHolders Google
11-23 12:16:34.401  4738  4738 I HoneySpace.StackRecentsView: unbindTaskViewHolders Wikipedia
11-23 12:16:34.401  4738  4738 I HoneySpace.HoneySystemControllerImpl: isRecentsActivityIdleState false
11-23 12:16:34.401  2907 12890 D SensorService: [SO] activate (ident=0xb4000075fa35ba70, enabled=0)
11-23 12:16:34.401  4738  4738 I VRI[RecentsActivity]@793eb99: stopped(true) old = false
11-23 12:16:34.402  4738  4738 I HoneySpace.RecentsActivity: !@Boot_EBS_D: RecentsActivity.onStop()
11-23 12:16:34.402  2907  3101 I ActivityManager: Changes in 10152 2 to 5, 255 to 184
11-23 12:16:34.403  2907  3098 D [secipm]: mSecIpmManager report to nap
11-23 12:16:34.403  2907  3098 I PkgPredictorService-SecIpmManagerServiceImpl: reportToNAP uid:10361 com.discord/com.discord.main.MainActivity thisTime:121
11-23 12:16:34.403  2907  3098 D PkgPredictorService-SecIpmManagerServiceImpl: reportToNAP: mHeavyLaunchCounter is false
11-23 12:16:34.403  2907  3726 W JobScheduler.JobStatus: Exempted app com.google.android.wearable.app considered buggy
11-23 12:16:34.403  2907  3726 W JobScheduler.JobStatus: Exempted app com.google.android.wearable.app considered buggy
11-23 12:16:34.403  2907  3726 W JobScheduler.JobStatus: Exempted app com.google.android.wearable.app considered buggy
11-23 12:16:34.403  2907  3726 W JobScheduler.JobStatus: Exempted app com.google.android.wearable.app considered buggy
11-23 12:16:34.403  2907  3726 W JobScheduler.JobStatus: Exempted app com.google.android.wearable.app considered buggy
11-23 12:16:34.403  2907  3726 W JobScheduler.JobStatus: Exempted app com.google.android.wearable.app considered buggy
11-23 12:16:34.403  2907  3726 W JobScheduler.JobStatus: Exempted app com.google.android.wearable.app considered buggy
11-23 12:16:34.403  5606  5674 V OsAgent : broadcastSystemEvent - 7
11-23 12:16:34.408  2907  3101 D BBA2    : updateWindowVisible for pid : 28916, visible : 1
11-23 12:16:34.408  2907 12441 I WindowManager: Relayout Window{169ee40 u0 com.sec.android.app.launcher/com.android.quickstep.RecentsActivity}: viewVisibility=8 req=1080x2340 ty=1 d0
11-23 12:16:34.408  2907 12441 D SurfaceComposerClient: setCornerRadius ## 56148c1 SnapshotStartingWindow for taskId=25395#37330 cornerRadius=0.000000
11-23 12:16:34.408  2907 12441 D SurfaceComposerClient: setCornerRadius ## cbff653 com.discord/com.discord.main.MainActivity#37291 cornerRadius=0.000000
11-23 12:16:34.408  2907 12441 D SurfaceComposerClient: setCornerRadius ## 56148c1 SnapshotStartingWindow for taskId=25395#37330 cornerRadius=0.000000
11-23 12:16:34.408  2907 12441 D SurfaceComposerClient: setCornerRadius ## cbff653 com.discord/com.discord.main.MainActivity#37291 cornerRadius=0.000000
11-23 12:16:34.408  2907 12441 I WindowManager: Relayout hash=169ee40, pid=4738, syncId=-1: mAttrs={(0,0)(fillxfill) sim={adjust=pan} layoutInDisplayCutoutMode=always ty=BASE_APPLICATION fmt=TRANSPARENT wanim=0x1030306
11-23 12:16:34.408  2907 12441 I WindowManager:   fl=81910100
11-23 12:16:34.408  2907 12441 I WindowManager:   pfl=10008840
11-23 12:16:34.408  2907 12441 I WindowManager:   bhv=2
11-23 12:16:34.408  2907 12441 I WindowManager:   fitSides=0
11-23 12:16:34.408  2907 12441 I WindowManager:   frameRateBoostOnTouch=true
11-23 12:16:34.408  2907 12441 I WindowManager:   dvrrWindowFrameRateHint=true naviIconColor=0
11-23 12:16:34.408  2907 12441 I WindowManager:   sfl=4000000}
11-23 12:16:34.409  4738  4738 I VRI[RecentsActivity]@793eb99: Relayout returned: old=(0,0,1080,2340) new=(0,0,1080,2340) relayoutAsync=false req=(1080,2340)8 dur=1 res=0x2 s={false 0x0} ch=false seqId=0
11-23 12:16:34.409  2907 12441 E WindowManager: win=Window{169ee40 u0 com.sec.android.app.launcher/com.android.quickstep.RecentsActivity} destroySurfaces: appStopped=true cleanupOnResume=false win.mWindowRemovalAllowed=false win.mRemoveOnExit=false win.mViewVisibility=8 caller=com.android.server.wm.ActivityRecord.destroySurfaces:25 com.android.server.wm.ActivityRecord.activityStopped:192 com.android.server.wm.ActivityClientController.activityStopped:97 android.app.IActivityClientController$Stub.onTransact:740 com.android.server.wm.ActivityClientController.onTransact:1 android.os.Binder.execTransactInternal:1462 android.os.Binder.execTransact:1401 
11-23 12:16:34.409  2907  3101 D SGM:FgCheckThread: getForegroundApp(), foregroundPkgName=com.discord
11-23 12:16:34.409  2907  3101 D SGM:FgCheckThread: pkgName: com.sec.android.app.launcher is not in foreground
11-23 12:16:34.409  2907  3101 D SGM:FgCheckThread: noteStopComponent(), received pkgName: com.sec.android.app.launcher, focusedPkgName: com.discord, userId: 0
11-23 12:16:34.409  2907  3914 D BackgroundInstallControlService: Package event received: 0
11-23 12:16:34.410  2907  3099 D SGM:GameManager: identifyForegroundApp. com.discord, mCurrentUserId: 0, callerUserId: 0
11-23 12:16:34.410  2907  3099 D SGM:SemGameManager: isForegroundGame(), ret=false
11-23 12:16:34.410  2907  3099 D SGM:GameManager: identifyForegroundApp. com.discord, mCurrentUserId: 0, callerUserId: 0
11-23 12:16:34.410  2907  3099 D SGM:SemGameManager: isForegroundGame(), ret=false
11-23 12:16:34.410  2907  3099 D PkgPredictorService-SecIpmManagerServiceImpl: bg information pid:4738 uid:10152 pkgName:com.sec.android.app.launcher
11-23 12:16:34.416  2062  2062 I SurfaceFlinger: RequestedLayer [com.discord/com.discord.main.MainActivity$_28916#37337] hidden!! flag  from(1) --> to(0)
11-23 12:16:34.416  2062  2062 I SurfaceFlinger: [LayerHierarchy{RequestedLayerState{com.sec.android.app.launcher/com.android.quickstep.RecentsActivity$_4738#37324} no children}] reparent to OffscreenRoot
11-23 12:16:34.416  2062  2062 I SurfaceFlinger: [LayerHierarchy{RequestedLayerState{com.sec.android.app.launcher/com.android.quickstep.RecentsActivity$_4738#37324} no children}] RelativeParent to null
11-23 12:16:34.416  2062  2062 I SurfaceFlinger: id=37324 Removed com.sec.android.app.launcher/com.android.quickstep.RecentsActivity$_4738#37324 (258)
11-23 12:16:34.417  2062  2062 D SurfaceFlinger: Display 4630947191136750483 HWC layers:
11-23 12:16:34.417  2062  2062 D SurfaceFlinger:        DEVICE |          124193274331143 | 00002102 | RGBA_8888    |    0.0    0.0 1080.0 2340.0 |    0    0 1080 2340 | com.discord/com.discord.main.MainActivity$_28916#37337 (1)
11-23 12:16:34.417  2062  2062 D SurfaceFlinger:        DEVICE |            8856222596139 | 00000000 | RGBA_8888    |    0.0    0.0 1080.0 2340.0 |    0    0 1080 2340 | SnapshotStartingWindow for taskId=25395$_4091#37331 (100)
11-23 12:16:34.417  2062  2062 D SurfaceFlinger:        DEVICE |           17570711298300 | 00002100 | RGBA_8888    |    0.0    0.0 1080.0   85.0 |    0    0 1080   85 | StatusBar$_4091#100 (40387)
11-23 12:16:34.417  2062  2062 D SurfaceFlinger:        DEVICE |           20349555055466 | 00002100 | RGBA_8888    |    0.0    0.0   67.0  214.0 | 1013 1134 1080 1348 | com.sec.android.app.launcher/com.sam[...]l.app.CocktailBarService$_4738#37305 (1)
11-23 12:16:34.417  2062  2062 D SurfaceFlinger:        DEVICE |           17570711298295 | 00002100 | RGBA_8888    |    0.0    0.0 1080.0  126.0 |    0 2214 1080 2340 | NavigationBar0$_4091#96 (16901)
11-23 12:16:34.417  2062  2062 D SurfaceFlinger:        DEVICE |          108490873897399 | 00002100 | RGBA_8888    |   50.0    0.0  213.0  213.0 |    0  310  163  523 
11-23 12:16:34.417  2062  2062 D SurfaceFlinger: | Air_Cmd(Floating)$_25260#37170 (1)
11-23 12:16:34.417  2062  2062 D SurfaceFlinger: 
11-23 12:16:34.418  2907 12890 D InputDispatcher: Focus entered window (0): cbff653 com.discord/com.discord.main.MainActivity
11-23 12:16:34.418 28916 28916 D VRI[MainActivity]@b24b197: mThreadedRenderer.initializeIfNeeded()#2 mSurface={isValid=true 0xb40000751a2dcd40}
11-23 12:16:34.419 28916 28916 D InputMethodManagerUtils: startInputInner - Id : 0
11-23 12:16:34.419 28916 28916 I InputMethodManager: startInputInner - IInputMethodManagerGlobalInvoker.startInputOrWindowGainedFocus
11-23 12:16:34.419  2907  3783 V InputMethodManagerService: startInputOrWindowGainedFocusInternalLocked: reason=WINDOW_FOCUS_GAIN client=android.os.BinderProxy@85a2451 inputContext=null editorInfo=android.view.inputmethod.EditorInfo@a9abe77 startInputFlags=VIEW_HAS_FOCUS|INITIAL_CONNECTION softInputMode=STATE_UNSPECIFIED|ADJUST_RESIZE|IS_FORWARD_NAVIGATION windowFlags=#81810100 unverifiedTargetSdkVersion=35 bindingController=com.android.server.inputmethod.InputMethodBindingController@837273b imeDispatcher=android.window.ImeOnBackInvokedDispatcher@f58ae4 cs=ClientState{fb52d1c mUid=10361 mPid=28916 mSelfReportedDisplayId=0} imeRequestedVisible=false
11-23 12:16:34.419  2907  3783 V InputMethodManagerService: setWindowStateInner, windowToken=android.os.BinderProxy@74d0642, state=ImeTargetWindowState{ imeToken null imeFocusChanged true hasEditorFocused false requestedImeVisible false imeDisplayId 0 softInputModeState STATE_UNSPECIFIED|ADJUST_RESIZE|IS_FORWARD_NAVIGATION isStartInputByGainFocus true}
11-23 12:16:34.419  2907  3783 V InputMethodManagerService: Unspecified window will hide input
11-23 12:16:34.419  2907  3783 I ImeTracker: com.discord:6d91e684: onRequestHide at ORIGIN_SERVER reason HIDE_UNSPECIFIED_WINDOW fromUser false
11-23 12:16:34.419  2907  3783 V InputMethodManagerService: applyImeVisibility state=6
11-23 12:16:34.419  2907  3783 D SemInputMethodManagerServiceUtil: restorePreviousUsedInputMethod : failed to return the previous ime becuase the stored info is null or do not need restore
11-23 12:16:34.419  2907  3783 V InputMethodManagerService: semComputeImeDisplayIdForTarget: displayToShowIme=0
11-23 12:16:34.419  2907  3783 V InputMethodManagerService: unbindCurrentInputLocked: client=android.os.BinderProxy@4b295f4
11-23 12:16:34.419 28916 28916 I InputMethodManager: handleMessage: setImeVisibility visible=false
11-23 12:16:34.419 28916 28916 D InsetsController: hide(ime(), fromIme=false)
11-23 12:16:34.419 28916 28916 I ImeTracker: com.discord:6d91e684: onCancelled at PHASE_CLIENT_ALREADY_HIDDEN
11-23 12:16:34.419  1910  4854 D vendor.qti.bluetooth@1.0-wake_lock: Release wakelock is released 
11-23 12:16:34.420  2907  3783 V InputMethodManagerService: Creating new accessibility sessions for client ClientState{fb52d1c mUid=10361 mPid=28916 mSelfReportedDisplayId=0}
11-23 12:16:34.420  2907  3783 D InputMethodManagerService: isImeSwitcherDisabledPackage : false
11-23 12:16:34.420  2907  3783 D InputMethodManagerService: shouldShowImeSwitcherLocked : checking vis : 3
11-23 12:16:34.420  2907  3783 V InputMethodManagerService: Disabling: SessionState{uid=10152 pid=4738 method=496d759 session=7681cf4 channel=ClientState{b5a4123 mUid=10152 mPid=4738 mSelfReportedDisplayId=0} userId=0}
11-23 12:16:34.420  2907  3783 V InputMethodManagerService: Enabling: SessionState{uid=10361 pid=28916 method=496d759 session=3bc80c6 channel=ClientState{fb52d1c mUid=10361 mPid=28916 mSelfReportedDisplayId=0} userId=0}
11-23 12:16:34.420  2907  3783 D InputMethodManagerService: checkDisplayOfStartInputAndUpdateKeyboard: displayId=0, mFocusedDisplayId=0
11-23 12:16:34.420  2907  3783 D InputTransport: Input channel constructed: 'ClientS', fd=1625
11-23 12:16:34.420  2907  3783 D InputTransport: Input channel destroyed: 'ClientS', fd=1625
11-23 12:16:34.420 14179 14179 D InputMethodService: unregisterCompatOnBackInvokedCallback return because registered : false
11-23 12:16:34.420 14179 14179 D InputMethodService: updateClientDisplayId: displayId=0, mClientDisplayId=0
11-23 12:16:34.420 28916 29017 D InputTransport: Input channel constructed: 'ClientS', fd=199
11-23 12:16:34.420  2907 12441 D RestrictionPolicy: isScreenCaptureEnabled : ret=true userId=0
11-23 12:16:34.420  2907 12441 I WindowManager: Cancelling animation restarting=true, leash=Surface(name=Surface(name=82174b3 InputMethod)/@0x90ea1e9 - animation-leash of insets_animation)/@0xbb58b63
11-23 12:16:34.420  2907 12441 I WindowManager: Reparenting to original parent: Surface(name=WindowToken{881d361 type=2011 android.os.Binder@3d316c8})/@0x3c61e6e, destroy=false, surface=Surface(name=82174b3 InputMethod)/@0x90ea1e9
11-23 12:16:34.420  2907 12441 I WindowManager: Reparenting to leash, surface=Surface(name=82174b3 InputMethod)/@0x90ea1e9, leashParent=Surface(name=WindowToken{881d361 type=2011 android.os.Binder@3d316c8})/@0x3c61e6e
11-23 12:16:34.421  2062  2210 I SurfaceFlinger: id=37338 createSurf, flag=24004, Surface(name=82174b3 InputMethod)/@0x90ea1e9 - animation-leash of insets_animation#37338
11-23 12:16:34.421  2907 12441 D WindowManager: makeSurface duration=0 leash=Surface(name=Surface(name=82174b3 InputMethod)/@0x90ea1e9 - animation-leash of insets_animation)/@0xff27150
11-23 12:16:34.421  2907 12441 D InsetsSourceProvider: updateControlForTarget: control=InsetsSourceControl: {3 mType=ime mSurfacePosition=Point(0, 0) mInsetsHint=Insets{left=0, top=0, right=0, bottom=888}}, target=Window{cbff653 u0 com.discord/com.discord.main.MainActivity}, from=com.android.server.wm.ImeInsetsSourceProvider.updateControlForTarget:17 com.android.server.wm.InsetsStateController.onControlTargetChanged:83 com.android.server.wm.DisplayContent.updateImeControlTarget:21 com.android.server.wm.DisplayContent.updateImeInputAndControlTarget:156 com.android.server.wm.WindowManagerService$LocalService.updateInputMethodTargetWindow:64 
11-23 12:16:34.421  2907 12441 I ImeTracker: system_server:fc44e1e0: onRequestHide at ORIGIN_SERVER reason IME_REQUESTED_CHANGED_LISTENER fromUser false
11-23 12:16:34.421  2907  3102 D SurfaceComposerClient: setCornerRadius ## 56148c1 SnapshotStartingWindow for taskId=25395#37330 cornerRadius=0.000000
11-23 12:16:34.421  2907  3101 V InputMethodManagerService: Client requesting input be hidden
11-23 12:16:34.421  2907  3102 D SurfaceComposerClient: setCornerRadius ## cbff653 com.discord/com.discord.main.MainActivity#37291 cornerRadius=0.000000
11-23 12:16:34.421  2907  3101 V InputMethodManagerService: setWindowStateInner, windowToken=android.os.BinderProxy@74d0642, state=ImeTargetWindowState{ imeToken android.os.Binder@b16b04e imeFocusChanged true hasEditorFocused false requestedImeVisible false imeDisplayId 0 softInputModeState STATE_UNSPECIFIED|ADJUST_RESIZE|IS_FORWARD_NAVIGATION isStartInputByGainFocus true}
11-23 12:16:34.421  2907  3101 I ImeTracker: system_server:fc44e1e0: onCancelled at PHASE_SERVER_SHOULD_HIDE
11-23 12:16:34.421  2907  3101 V InputMethodManagerService: hideCurrentInputLocked : canceled, shouldHideSoftInput=false, mInputShown=false, mImeWindowVis=0
11-23 12:16:34.421  2907  3102 D SurfaceComposerClient: setCornerRadius ## 56148c1 SnapshotStartingWindow for taskId=25395#37330 cornerRadius=0.000000
11-23 12:16:34.421  2907  3102 D SurfaceComposerClient: setCornerRadius ## cbff653 com.discord/com.discord.main.MainActivity#37291 cornerRadius=0.000000
11-23 12:16:34.424  2062  2062 I SurfaceFlinger: destroyed com.sec.android.app.launcher/com.android.quickstep.RecentsActivity$_4738#37324 form LifecycleManager
11-23 12:16:34.424  2062  2062 I SurfaceFlinger: [Surface(name=82174b3 InputMethod)/@0x90ea1e9 - animation-leash of insets_animation#37338] attach to parent LayerHierarchy{RequestedLayerState{WindowToken{881d361 type=2011 android.os.Binder@3d316c8}#36784 parentId=15} 2 children}
11-23 12:16:34.424  2062  2062 I SurfaceFlinger: id=37324 onLayerDestroyed from LayerHierarchyBuilder(RequestedLayerState{com.sec.android.app.launcher/com.android.quickstep.RecentsActivity$_4738#37324 !handle})
11-23 12:16:34.425  2062  2062 I Layer   : id=37324 Destroyed com.sec.android.app.launcher/com.android.quickstep.RecentsActivity$_4738#37324
11-23 12:16:34.426  1123  1133 D io_stats: !@ cpu boost: status(OFF), traffic_level(0), io_cpus(0x0), boosted_cpus(0x0), set_freq(0)
11-23 12:16:34.432  2062  2062 I SurfaceFlinger: RequestedLayer [Surface(name=82174b3 InputMethod)/@0[...]tion-leash of insets_animation#37338] hidden!! flag  from(1) --> to(0)
11-23 12:16:34.432  2062  2062 E SurfaceFlinger: alpha changed 1.000 -> 0.000 - Surface(name=82174b3 InputMethod)/@0x90ea1e9 - animation-leash of insets_animation#37338
11-23 12:16:34.433  2062  2062 I SurfaceFlinger: [LayerHierarchy{RequestedLayerState{ImeContainer#15 parentId=37284 relativeParentId=37284 z=3} 1 children}] reparent to LayerHierarchy{RequestedLayerState{ActivityRecord{247050148 u0 com.discord/.main.MainActivity t25395}#37284 parentId=37283} 4 children}
11-23 12:16:34.433  2062  2062 I SurfaceFlinger: [LayerHierarchy{RequestedLayerState{ImeContainer#15 parentId=37284 relativeParentId=37284 z=3} 1 children}] RelativeParent to null
11-23 12:16:34.433  2062  2062 I SurfaceFlinger: [LayerHierarchy{RequestedLayerState{82174b3 InputMethod#36785 parentId=37338} no children}] reparent to LayerHierarchy{RequestedLayerState{Surface(name=82174b3 InputMethod)/@0x90ea1e9 - animation-leash of insets_animation#37338 parentId=36784} 1 children}
11-23 12:16:34.433  2062  2062 I SurfaceFlinger: [LayerHierarchy{RequestedLayerState{Surface(name=82174b3 InputMethod)/@0x90ea1e9 - animation-leash of insets_animation#37329} no children}] reparent to OffscreenRoot
11-23 12:16:34.433  2062  2062 I SurfaceFlinger: [LayerHierarchy{RequestedLayerState{Surface(name=82174b3 InputMethod)/@0x90ea1e9 - animation-leash of insets_animation#37329} no children}] RelativeParent to null
11-23 12:16:34.433  2062  2210 I SurfaceFlinger: id=37329 Removed Surface(name=82174b3 InputMethod)/@0x90ea1e9 - animation-leash of insets_animation#37329 (258)
11-23 12:16:34.433 14179 14179 I InputMethodService: scheduleImeSurfaceRemoval: removeImeSurface is posted.
11-23 12:16:34.441  2062  2062 I SurfaceFlinger: destroyed Surface(name=82174b3 InputMethod)/@0x90ea1e9 - animation-leash of insets_animation#37329 form LifecycleManager
11-23 12:16:34.441  2062  2062 I SurfaceFlinger: id=37329 onLayerDestroyed from LayerHierarchyBuilder(RequestedLayerState{Surface(name=82174b3 InputMethod)/@0x90ea1e9 - animation-leash of insets_animation#37329 !handle})
11-23 12:16:34.441  2062  2062 I Layer   : id=37329 Destroyed Surface(name=82174b3 InputMethod)/@0x90ea1e9 - animation-leash of insets_animation#37329
11-23 12:16:34.463  2907  3099 I GestureDetector: handleMessage TAP
11-23 12:16:34.464  2907  2907 I GestureDetector: handleMessage TAP
11-23 12:16:34.501  2907 12441 D WindowManager: Starting window removed Window{56148c1 u0 SnapshotStartingWindow for taskId=25395}
11-23 12:16:34.501  2907 12441 V WindowManager: Remove Window{56148c1 u0 SnapshotStartingWindow for taskId=25395}: mSurfaceControl=Surface(name=SnapshotStartingWindow for taskId=25395$_4091)/@0xcb5056f mAnimatingExit=false mRemoveOnExit=false mHasSurface=true surfaceShowing=true animating=false app-animation=false callers=com.android.server.wm.Session.remove:16 android.view.IWindowSession$Stub.onTransact:804 com.android.server.wm.Session.onTransact:1 android.os.Binder.execTransactInternal:1462 android.os.Binder.execTransact:1401 <bottom of call stack> 
11-23 12:16:34.501  2907 12441 I WindowManager: Reparenting to leash, surface=Surface(name=56148c1 SnapshotStartingWindow for taskId=25395)/@0xa31835a, leashParent=Surface(name=ActivityRecord{247050148 u0 com.discord/.main.MainActivity t25395})/@0x69f9f4a
11-23 12:16:34.501  2062  3359 I SurfaceFlinger: id=37339 createSurf, flag=24000, Surface(name=56148c1 SnapshotStartingWindow for taskId=25395)/@0xa31835a - animation-leash of window_animation#37339
11-23 12:16:34.502  2907 12441 D WindowManager: makeSurface duration=0 leash=Surface(name=Surface(name=56148c1 SnapshotStartingWindow for taskId=25395)/@0xa31835a - animation-leash of window_animation)/@0xeb6898b
11-23 12:16:34.502  2907 12441 D SurfaceComposerClient: setCornerRadius ## cbff653 com.discord/com.discord.main.MainActivity#37291 cornerRadius=0.000000
11-23 12:16:34.502  2907 12441 D SurfaceComposerClient: setCornerRadius ## cbff653 com.discord/com.discord.main.MainActivity#37291 cornerRadius=0.000000
11-23 12:16:34.502  2907  3102 D SurfaceComposerClient: setCornerRadius ## cbff653 com.discord/com.discord.main.MainActivity#37291 cornerRadius=0.000000
11-23 12:16:34.508  2907  3102 I WindowManager: Reparenting to original parent: Surface(name=ActivityRecord{247050148 u0 com.discord/.main.MainActivity t25395})/@0x69f9f4a, destroy=true, surface=Surface(name=56148c1 SnapshotStartingWindow for taskId=25395)/@0xa31835a
11-23 12:16:34.508  2907  3102 E WindowManager: win=Window{56148c1 u0 SnapshotStartingWindow for taskId=25395 EXITING} destroySurfaces: appStopped=false cleanupOnResume=false win.mWindowRemovalAllowed=true win.mRemoveOnExit=true win.mViewVisibility=0 caller=com.android.server.wm.WindowState.onExitAnimationDone:224 com.android.server.wm.WindowState.onAnimationFinished:161 com.android.server.wm.WindowContainer$$ExternalSyntheticLambda8.onAnimationFinished:3 com.android.server.wm.SurfaceAnimator$$ExternalSyntheticLambda0.onAnimationFinished:69 com.android.server.wm.LocalAnimationAdapter$$ExternalSyntheticLambda0.run:10 android.os.Handler.handleCallback:995 android.os.Handler.dispatchMessage:103 
11-23 12:16:34.508  2907  3102 D SurfaceComposerClient: setCornerRadius ## cbff653 com.discord/com.discord.main.MainActivity#37291 cornerRadius=0.000000
11-23 12:16:34.508  1952  2309 I SDM     : AIScalerFeatureIntfImpl::LookupConfig: Scale ratio = 1.780000
11-23 12:16:34.508  1952  2309 I SDM     : AIScalerParserIntfImpl::LookupConfig: Scale Ratio Match Found Here
11-23 12:16:34.508  2907  3102 D SurfaceComposerClient: setCornerRadius ## cbff653 com.discord/com.discord.main.MainActivity#37291 cornerRadius=0.000000
11-23 12:16:34.516  2062  2062 I SurfaceFlinger: [Display 0 name="Built-in Screen"#49] setFrameRateCategory: High
11-23 12:16:34.516  2062  2062 E SurfaceFlinger: alpha changed 1.000 -> 0.000 - Surface(name=56148c1 SnapshotStartingWindow for taskId=25395)/@0xa31835a - animation-leash of window_animation#37339
11-23 12:16:34.516  2062  2062 E SurfaceFlinger: alpha changed 0.000 -> 0.000 - Surface(name=56148c1 SnapshotStartingWindow for taskId=25395)/@0xa31835a - animation-leash of window_animation#37339
11-23 12:16:34.516  2062  2062 I SurfaceFlinger: [LayerHierarchy{RequestedLayerState{56148c1 SnapshotStartingWindow for taskId=25395#37330 parentId=37339 z=2147483647} 1 children}] reparent to LayerHierarchy{RequestedLayerState{Surface(name=56148c1 SnapshotStartingWindow for taskId=25395)/@0xa31835a - animation-leash of window_animation#37339 parentId=37284 z=2147483647} 1 children}
11-23 12:16:34.516  2062  2062 I SurfaceFlinger: [LayerHierarchy{RequestedLayerState{SnapshotStartingWindow for taskId=25395$_4091#37331} no children}] reparent to OffscreenRoot
11-23 12:16:34.516  2062  2062 I SurfaceFlinger: [LayerHierarchy{RequestedLayerState{SnapshotStartingWindow for taskId=25395$_4091#37331} no children}] RelativeParent to null
11-23 12:16:34.516  2062  2062 I SurfaceFlinger: [Surface(name=56148c1 SnapshotStartingWindow for taskId=25395)/@0xa31835a - animation-leash of window_animation#37339] attach to parent LayerHierarchy{RequestedLayerState{ActivityRecord{247050148 u0 com.discord/.main.MainActivity t25395}#37284 parentId=37283} 4 children}
11-23 12:16:34.516  2907  3102 D SurfaceComposerClient: setCornerRadius ## cbff653 com.discord/com.discord.main.MainActivity#37291 cornerRadius=0.000000
11-23 12:16:34.516 15691 29161 I NearbyMediums: No BLE Fast/GATT advertisements found in the latest cycle.
11-23 12:16:34.516 15691 29161 I NearbyMediums: Current Tracked Scanning Clients are : {NearbyConnections.EnvironmentMonitor, NearbySharing, NearbyConnections.TxAdvertisement}
11-23 12:16:34.517  2907  3101 I DisplayDeviceRepository: Display device changed render timings: "Built-in Screen", renderFrameRate=120.00001, presentationDeadlineNanos=9333333, appVsyncOffsetNanos=8333333, frameRateOverrides=[{uid=10047 frameRateHz=120.00001}, {uid=10048 frameRateHz=120.00001}, {uid=10152 frameRateHz=120.00001}, {uid=10361 frameRateHz=120.00001}]
11-23 12:16:34.517  2907  3102 D SurfaceComposerClient: setCornerRadius ## cbff653 com.discord/com.discord.main.MainActivity#37291 cornerRadius=0.000000
11-23 12:16:34.517  2062  2062 D SurfaceFlinger: Display 4630947191136750483 HWC layers:
11-23 12:16:34.517  2062  2062 D SurfaceFlinger:        DEVICE |          124193274331143 | 00002102 | RGBA_8888    |    0.0    0.0 1080.0 2340.0 |    0    0 1080 2340 | com.discord/com.discord.main.MainActivity$_28916#37337 (1)
11-23 12:16:34.517  2062  2062 D SurfaceFlinger:        DEVICE |           17570711298300 | 00002100 | RGBA_8888    |    0.0    0.0 1080.0   85.0 |    0    0 1080   85 | StatusBar$_4091#100 (40387)
11-23 12:16:34.517  2062  2062 D SurfaceFlinger:        DEVICE |           20349555055466 | 00002100 | RGBA_8888    |    0.0    0.0   67.0  214.0 | 1013 1134 1080 1348 | com.sec.android.app.launcher/com.sam[...]l.app.CocktailBarService$_4738#37305 (1)
11-23 12:16:34.517  2062  2062 D SurfaceFlinger:        DEVICE |           17570711298295 | 00002100 | RGBA_8888    |    0.0    0.0 1080.0  126.0 |    0 2214 1080 2340 | NavigationBar0$_4091#96 (16901)
11-23 12:16:34.517  2062  2062 D SurfaceFlinger:        DEVICE |          108490873897399 | 00002100 | RGBA_8888    |   50.0    0.0  213.0  213.0 |    0  310  163  523 | Air_Cmd(Floating)$_25260#37170 (1)
11-23 12:16:34.517  2062  2062 D SurfaceFlinger: 
11-23 12:16:34.517  4091  4091 D DisplayLifecycle: updateDisplay id = 0
11-23 12:16:34.517  2907 11968 D WifiDisplayAdapter: isFitToActiveDisplayLocked : false
11-23 12:16:34.517  4091  4207 D StackScroller: onDisplayChanged for predraw skip to 2
11-23 12:16:34.524  2062  2062 I SurfaceFlinger: [Display 0 name="Built-in Screen"#49] setFrameRateCategory: Default
11-23 12:16:34.524  2062  2062 I SurfaceFlinger: RequestedLayer [SnapshotStartingWindow for taskId=25395$_4091#37331] hidden!! flag  from(0) --> to(1)
11-23 12:16:34.524  2062  2062 I SurfaceFlinger: [LayerHierarchy{RequestedLayerState{ImeContainer#15 parentId=37284 relativeParentId=37291 z=1} 1 children}] RelativeParent to LayerHierarchy{RequestedLayerState{cbff653 com.discord/com.discord.main.MainActivity#37291 parentId=37284} 2 children}
11-23 12:16:34.524  2062  2062 I SurfaceFlinger: [LayerHierarchy{RequestedLayerState{56148c1 SnapshotStartingWindow for taskId=25395#37330 z=2147483647} no children}] reparent to OffscreenRoot
11-23 12:16:34.524  2062  2062 I SurfaceFlinger: [LayerHierarchy{RequestedLayerState{56148c1 SnapshotStartingWindow for taskId=25395#37330 z=2147483647} no children}] RelativeParent to null
11-23 12:16:34.524  2062  2062 I SurfaceFlinger: [LayerHierarchy{RequestedLayerState{Surface(name=56148c1 SnapshotStartingWindow for taskId=25395)/@0xa31835a - animation-leash of window_animation#37339 z=2147483647} no children}] reparent to OffscreenRoot
11-23 12:16:34.524  2062  2062 I SurfaceFlinger: [LayerHierarchy{RequestedLayerState{Surface(name=56148c1 SnapshotStartingWindow for taskId=25395)/@0xa31835a - animation-leash of window_animation#37339 z=2147483647} no children}] RelativeParent to null
11-23 12:16:34.525  2062  2062 I SurfaceFlinger: id=37331 Removed SnapshotStartingWindow for taskId=25395$_4091#37331 (258)
11-23 12:16:34.525  2062  2062 I SurfaceFlinger: id=37339 Removed Surface(name=56148c1 SnapshotStartingWindow for taskId=25395)/@0xa31835a - animation-leash of window_animation#37339 (258)
11-23 12:16:34.525  2062  2062 I SurfaceFlinger: id=37330 Removed 56148c1 SnapshotStartingWindow for taskId=25395#37330 (258)
11-23 12:16:34.525  2907  3101 I DisplayDeviceRepository: Display device changed render timings: "Built-in Screen", renderFrameRate=120.00001, presentationDeadlineNanos=9333333, appVsyncOffsetNanos=8333333, frameRateOverrides=[]
11-23 12:16:34.525  2907  3102 D SurfaceComposerClient: setCornerRadius ## cbff653 com.discord/com.discord.main.MainActivity#37291 cornerRadius=0.000000
11-23 12:16:34.525  4091  4207 D StackScroller: onDisplayChanged for predraw skip to 2
11-23 12:16:34.525  2907 12441 D WifiDisplayAdapter: isFitToActiveDisplayLocked : false
11-23 12:16:34.525  4091  4091 D DisplayLifecycle: updateDisplay id = 0
11-23 12:16:34.532  2062  2062 I SurfaceFlinger: destroyed 56148c1 SnapshotStartingWindow for taskId=25395#37330 form LifecycleManager
11-23 12:16:34.532  2062  2062 I SurfaceFlinger: destroyed Surface(name=56148c1 SnapshotStartingWindow for taskId=25395)/@0xa31835a - animation-leash of window_animation#37339 form LifecycleManager
11-23 12:16:34.532  2062  2062 I SurfaceFlinger: destroyed SnapshotStartingWindow for taskId=25395$_4091#37331 form LifecycleManager
11-23 12:16:34.532  2062  2062 I SurfaceFlinger: id=37330 onLayerDestroyed from LayerHierarchyBuilder(RequestedLayerState{56148c1 SnapshotStartingWindow for taskId=25395#37330 !handle z=2147483647})
11-23 12:16:34.532  2062  2062 I SurfaceFlinger: id=37339 onLayerDestroyed from LayerHierarchyBuilder(RequestedLayerState{Surface(name=56148c1 SnapshotStartingWindow for taskId=25395)/@0xa31835a - animation-leash of window_animation#37339 !handle z=2147483647})
11-23 12:16:34.532  2062  2062 I SurfaceFlinger: id=37331 onLayerDestroyed from LayerHierarchyBuilder(RequestedLayerState{SnapshotStartingWindow for taskId=25395$_4091#37331 !handle})
11-23 12:16:34.533  2062  2062 I Layer   : id=37330 Destroyed 56148c1 SnapshotStartingWindow for taskId=25395#37330
11-23 12:16:34.533  2062  2062 I Layer   : id=37339 Destroyed Surface(name=56148c1 SnapshotStartingWindow for taskId=25395)/@0xa31835a - animation-leash of window_animation#37339
11-23 12:16:34.533  2062  2062 I Layer   : id=37331 Destroyed SnapshotStartingWindow for taskId=25395$_4091#37331
11-23 12:16:34.540  2907  3868 D MdnieScenarioControlService:  packageName : com.discord    className : com.discord.main.MainActivity
11-23 12:16:34.541  2907  3868 V MdnieScenarioControlService: setUIMode from UI function(3)
11-23 12:16:34.546  4091  4091 D Bubbles : onEntryUpdated : shouldBubbleUp=false ,key=0|eu.faircode.netguard|7|null|10810
11-23 12:16:34.546  4091  4091 D InterruptionStateProvider:  no Heads up : edgelighting enabled app. 0|eu.faircode.netguard|7|null|10810
11-23 12:16:34.546  4091  4091 I {OngoingActivityController}: onEntryUpdated and OA data is empty. So update latest task info
11-23 12:16:34.546  4091  4091 I {OngoingActivityDataHelper}: setBaseActivityComponentName:ComponentInfo{com.discord/com.discord.main.MainActivity}
11-23 12:16:34.554  4091  4091 W RefactorFlag: New code path expects SceneContainerFlag to be enabled.
11-23 12:16:34.554  4091  4091 D ExpandableNotifRow: mMaxSmallHeight different before reInflateViews mMaxSmallHeight: 217 mTempSmallHeight:0 0|eu.faircode.netguard|7|null|10810
11-23 12:16:34.554  4091  4091 D ExpandableNotifRow: mMaxSmallHeight different before reInflateViews mMaxSmallHeight: 217 mTempSmallHeight:0 0|eu.faircode.netguard|7|null|10810
11-23 12:16:34.554  4091  4091 D NotificationContentView: entry : 0|eu.faircode.netguard|7|null|10810 >>> mContractedChild is tall : 217 , expandedChildHeight : 192
11-23 12:16:34.556  4091  4091 I LockscreenNotificationIconsOnlyController: onNotificationInfoUpdated 0
11-23 12:16:34.556  4091  4091 I AODNotificationManager: updateNotification() 
11-23 12:16:34.558  4091  4091 D NotificationContentView: entry : 0|eu.faircode.netguard|7|null|10810 >>> mContractedChild is tall : 217 , expandedChildHeight : 192
11-23 12:16:34.558  4091  4091 D NotificationContentView: we relayout notification header by value : false : true
11-23 12:16:34.558  4091  4091 D NotificationContentView: we update IsContentExpandable : true
11-23 12:16:34.558  4091  4091 W View    : requestLayout() improperly called by android.view.NotificationHeaderView{b32af29 V.E...... ......ID 0,0-1020,158 #1020481 android:id/notification_header} during layout: running second layout pass
11-23 12:16:34.558  4091  4091 W View    : requestLayout() improperly called by android.widget.FrameLayout{e347dac V.E...... ......ID 712,0-831,217 #102030d android:id/expand_button_touch_container} during layout: running second layout pass
11-23 12:16:34.558  4091  4091 D NotificationContentView: entry : 0|eu.faircode.netguard|7|null|10810 >>> mContractedChild is tall : 217 , expandedChildHeight : 192
11-23 12:16:34.559  4091  4091 W RefactorFlag: New code path expects SceneContainerFlag to be enabled.
11-23 12:16:34.561  4091  4794 W Paint   : The elegant text height cannot be turned off.
11-23 12:16:34.563  1951 20051 I SnapAlloc: Using graphics libs for alignment calculations
11-23 12:16:34.565  1951 20051 I SnapAlloc: Using graphics libs for alignment calculations
11-23 12:16:34.566  1951 20051 I SnapAlloc: Using graphics libs for alignment calculations
11-23 12:16:34.568  4091  4091 D ExpandableNotifRow: mMaxSmallHeight different before reInflateViews mMaxSmallHeight: 217 mTempSmallHeight:0 0|eu.faircode.netguard|7|null|10810
11-23 12:16:34.568  4091  4091 D ExpandableNotifRow: mMaxSmallHeight different before reInflateViews mMaxSmallHeight: 217 mTempSmallHeight:0 0|eu.faircode.netguard|7|null|10810
11-23 12:16:34.568  4091  4091 D ExpandableNotifRow: mMaxSmallHeight different before reInflateViews mMaxSmallHeight: 217 mTempSmallHeight:0 0|eu.faircode.netguard|7|null|10810
11-23 12:16:34.568  4091  4091 D ExpandableNotifRow: mMaxSmallHeight different before reInflateViews mMaxSmallHeight: 217 mTempSmallHeight:0 0|eu.faircode.netguard|7|null|10810
11-23 12:16:34.568  1951 20051 I SnapAlloc: Using graphics libs for alignment calculations
11-23 12:16:34.579  4091  4091 D NotificationContentView: entry : 0|eu.faircode.netguard|7|null|10810 >>> mContractedChild is tall : 217 , expandedChildHeight : 192
11-23 12:16:34.579  4091  4091 W RefactorFlag: New code path expects SceneContainerFlag to be enabled.
11-23 12:16:34.579  4091  4091 D ExpandableNotifRow: mMaxSmallHeight different before reInflateViews mMaxSmallHeight: 217 mTempSmallHeight:0 0|eu.faircode.netguard|7|null|10810
11-23 12:16:34.579  4091  4091 D ExpandableNotifRow: mMaxSmallHeight different before reInflateViews mMaxSmallHeight: 217 mTempSmallHeight:0 0|eu.faircode.netguard|7|null|10810
11-23 12:16:34.579  4091  4091 D NotificationContentView: entry : 0|eu.faircode.netguard|7|null|10810 >>> mContractedChild is tall : 217 , expandedChildHeight : 192
11-23 12:16:34.581  4091  4091 I LockscreenNotificationIconsOnlyController: onNotificationInfoUpdated 0
11-23 12:16:34.581  4091  4091 I AODNotificationManager: updateNotification() 
11-23 12:16:34.583  4091  4091 D NotificationContentView: entry : 0|eu.faircode.netguard|7|null|10810 >>> mContractedChild is tall : 217 , expandedChildHeight : 192
11-23 12:16:34.583  4091  4091 D NotificationContentView: we relayout notification header by value : false : true
11-23 12:16:34.583  4091  4091 D NotificationContentView: we update IsContentExpandable : true
11-23 12:16:34.583  4091  4091 W View    : requestLayout() improperly called by android.view.NotificationHeaderView{b32af29 V.E...... ......ID 0,0-1020,158 #1020481 android:id/notification_header} during layout: running second layout pass
11-23 12:16:34.583  4091  4091 W View    : requestLayout() improperly called by android.widget.FrameLayout{518b583 V.E...... ......ID 712,0-831,217 #102030d android:id/expand_button_touch_container} during layout: running second layout pass
11-23 12:16:34.583  4091  4091 D NotificationContentView: entry : 0|eu.faircode.netguard|7|null|10810 >>> mContractedChild is tall : 217 , expandedChildHeight : 192
11-23 12:16:34.583  4091  4091 W RefactorFlag: New code path expects SceneContainerFlag to be enabled.
11-23 12:16:34.599  4738  4738 I HoneySpace.EdgePanel.EdgeVisibilityRepository: getComputedTrayVisible : keyguardState = 1
11-23 12:16:34.599  4738  4738 I HoneySpace.EdgePanel.EdgeVisibilityRepository: updateTrayVisible: State = 0x1, visible = true, current containerState = 0, specificMode = 0
11-23 12:16:34.599  4738  4738 I HoneySpace.EdgePanel.EdgeVisibilityRepository: Same container state 0
11-23 12:16:34.641  2907  3868 D DisplayAiqeManager: getContentMode : start
11-23 12:16:34.641  2907  3868 D DisplayAiqeManagerService: getContentMode : start
11-23 12:16:34.641  2907  3868 D DisplayAiqeAidl: getContentMode : UI
11-23 12:16:34.641  2907  3868 D DisplayAiqeManagerService: getContentMode : mode - UI
11-23 12:16:34.641  2907  3868 D DisplayAiqeManager: getContentMode : mode - UI
11-23 12:16:34.641  2907  3868 V MdnieScenarioControlService: mAclOffEnabled : false
11-23 12:16:34.653  1952  2293 I SDM     : DisplayBase::CommitThread: Received idle timeout, panel: cmd, timeout: 70000 us
11-23 12:16:34.773  2907  2971 I system_server: Background concurrent mark compact GC freed 51MB AllocSpace bytes, 111(2252KB) LOS objects, 19% free, 198MB/246MB, paused 1.744ms,4.596ms total 485.226ms
11-23 12:16:34.774  4091  4091 D InsignificantCoordinator: do not update summary : 0|com.google.android.googlequicksearchbox|0|1373806084::a:snotification:[0x394,wx.f,NOTIFICATION]|10273 size: 2
11-23 12:16:34.782  2907  2973 W System  : A resource failed to call HardwareBuffer.close. 
11-23 12:16:34.786  2907  2973 W System  : A resource failed to call HardwareBuffer.close. 
11-23 12:16:34.787  2907  2973 W System  : A resource failed to call HardwareBuffer.close. 
11-23 12:16:34.854  1928 29390 I HYPER-HAL: [RequestManager.cpp]releaseLocked(): Released ID : 4690453
11-23 12:16:34.921  2907  3101 D SGM:GameManager: identifyForegroundApp. com.discord, mCurrentUserId: 0, callerUserId: 0
11-23 12:16:34.921  2907  3101 D SGM:SemGameManager: isForegroundGame(), ret=false
11-23 12:16:34.922  2907 29423 D SemInputDeviceManager: setProperty: (0) CMD,GRIP_DATA,1,60,10,20,936
11-23 12:16:34.923  2907 29423 D TspStateManager: wrote command: cmd=1,60,10,20,936, type=1
11-23 12:16:34.923  2907  3906 D SemInputDevice:TSP: SetPropertyTask: CMD,set_grip_data,1,60,10,20,936 [11-23 12:16:34.922]
11-23 12:16:34.930  2009  2040 I sysinput:aidl: onReportInformation:91, 1, cmd@set_grip_data,1,60,10,20,9
11-23 12:16:34.930  2907  3906 D SysinputHAL_AIDL: setProperty(TSP(1)): CMD, set_grip_data,1,60,10,20,936 ret=0
11-23 12:16:34.930  2009  2040 I sysinput:Touch1: operator():241, OK
11-23 12:16:34.934 14179 14179 I InputMethodService: removeImeSurface
11-23 12:16:34.934 14179 14179 I InputMethodService: cancelImeSurfaceRemoval: removeCallbacks
11-23 12:16:34.935  2907  3768 D InputReader: Btn_touch(5): value=1 when=104843.995311
11-23 12:16:34.936  2907  3768 I InputReader: Touch event's action is 0x0 (id=6, t=0) [pCnt=1, s=0.35531 ] when=104843.995311
11-23 12:16:34.936  2907  2907 D InputDispatcher: Inject motion (0/0): action=0x0, time=104843995311000, f=0x0, d=0 dsdx=1.000000 dtdx=0.000000
11-23 12:16:34.937  2907  3767 I InputDispatcher: Delivering touch to (4091): action: 0x4, f=0x0, d=0, '3c28f6b', t=1 
11-23 12:16:34.937  2907  3767 I InputDispatcher: Delivering touch to (28916): action: 0x0, f=0x0, d=0, 'cbff653', t=1 
11-23 12:16:34.937 28916 28916 I VRI[MainActivity]@b24b197: ViewPostIme pointer 0
11-23 12:16:34.937  2907  3099 I GestureDetector: obtain mCurrentDownEvent. id: 456697060 caller: com.android.server.wm.SystemGesturesPointerEventListener.onPointerEvent:17 com.android.server.wm.PointerEventDispatcher.onInputEvent:51 android.view.InputEventReceiver.dispatchInputEvent:392 
11-23 12:16:34.937 28916 28916 I GestureDetector: obtain mCurrentDownEvent. id: 456697060 caller: androidx.core.view.GestureDetectorCompat.a:3 io.sentry.android.core.internal.gestures.h.b:3 io.sentry.android.core.internal.gestures.h.dispatchTouchEvent:9 
11-23 12:16:34.938  2907  3099 I GestureDetector: obtain mCurrentDownEvent. id: 456697060 caller: com.android.server.wm.SystemPerformancePointerEventListener.onPointerEvent:13 com.android.server.wm.PointerEventDispatcher.onInputEvent:51 android.view.InputEventReceiver.dispatchInputEvent:392 
11-23 12:16:34.938 11946 11946 I SemDvfsHyPerManager: acquire hyper - TA_TOUCH_SHARE/11946@32, type = -999
11-23 12:16:34.938  1928  2032 I HYPER-HAL: [RequestManager.cpp]acquire(): Acquired ID : 71742263  [11946 / 32]    HINT : TA_TOUCH_SHARE    list : [TIMEOUT / 1500] 
11-23 12:16:34.940  2062  3359 I VSyncReactor: Current= 120, Period= 120, Distance= 0
11-23 12:16:34.944  2907  3099 I GestureDetector: obtain mCurrentMotionEventRaw. action: 2 id: 226273029
11-23 12:16:34.944  2907  3099 I GestureDetector: obtain mCurrentMotionEventRaw. action: 2 id: 226273029
11-23 12:16:34.948  2062  3359 I VSyncReactor: Current= 120, Period= 120, Distance= 120
11-23 12:16:34.952 28916 28916 I VRI[MainActivity]@b24b197: call setFrameRateCategory for touch hint category=high hint, reason=touch, vri=VRI[MainActivity]@b24b197
11-23 12:16:34.952 28916 28916 I GestureDetector: obtain mCurrentMotionEventRaw. action: 2 id: 226273029
11-23 12:16:34.957  2062  2062 I SurfaceFlinger: [com.discord/com.discord.main.MainActivity$_28916#37337] setFrameRateCategory: HighHint
11-23 12:16:34.957  4091  4091 D NavBarStateManager: NavBarStates(0) canUseNavBarBackgroundFrame: false
