11-24 11:51:54.097  4491  5525 E BtGatt.AdvertiseManager: [GSIM LOG]: gsimLogHandler, msg: MESSAGE_ADV_SET_START, appName: com.google.android.gms, id: 0, isLegacy: true
11-24 11:51:54.097 15815 11635 D BluetoothLeAdvertiser: onAdvertisingSetStarted(0, 1, 0)
11-24 11:51:54.137  1910  5402 I vendor.qti.bluetooth@1.0-ibs_handler: ProcessIbsCmd: Received IBS_SLEEP_IND: 0xFE
11-24 11:51:54.347  1910  5415 I vendor.qti.bluetooth@1.0-ibs_handler: DeviceSleep: TX Awake, Sending SLEEP_IND
11-24 11:51:54.347  1910  5415 D vendor.qti.bluetooth@1.0-ibs_handler: SerialClockVote: vote for UART CLK OFF
11-24 11:51:54.456  2907  2971 I system_server: Background concurrent mark compact GC freed 55MB AllocSpace bytes, 336(13MB) LOS objects, 18% free, 211MB/259MB, paused 1.281ms,5.041ms total 430.195ms
11-24 11:51:54.497  1910  4854 D vendor.qti.bluetooth@1.0-wake_lock: Release wakelock is released 
11-24 11:51:54.546  2054  2096 E HeatmapThread: ECT Thread time in milliseconds: 1764003114
11-24 11:51:54.547  2054  2096 D HeatmapThread: !@ batteryplugType : 0
11-24 11:51:54.548  2054  2096 D HeatmapThread: !@ batteryLevel : 70  batteryTemperature : 343 
11-24 11:51:54.548  2054  2096 D HeatmapThread: !@ Heatmap currtime: 29400051
11-24 11:51:54.548  2054  2096 D HeatmapThread: !@ Heatmap prevtime: 29400049
11-24 11:51:54.548  2054  2096 D HeatmapThread: !@ Heatmap plugstarttime: 35791394
11-24 11:51:54.548  2054  2096 D HeatmapThread: !@ Heatmap prevv_dsoh_update_time: 29399524
11-24 11:51:54.548  2054  2096 E HeatmapThread: !@ CAM New BSOH: 100
11-24 11:51:54.826  2907  3935 I SemWifiServiceDetector: Service det. resumed: T / T / 27004
11-24 11:51:54.843  1917 27802 I sensors-hal: handle_sns_client_event:379, [0][170240] accel_sample [ 3.523, -5.327, -4.027] 238130066928505
11-24 11:51:54.953  1123  1123 D io_stats: !@   8,0 r 1061000814 7511391928 w 22164933 417626096 d 1610663 361730472 f 263709 1232646 iot 31119072 0 th 0 0 0 pt 0 inp 0 0 162590.855
11-24 11:51:54.953  1123  1123 D io_stats: !@ Read_top(KB): binder:2453_2:normal(2453) 598556 .gms.persistent:high(15815) 1012 binder:1159_2:normal(1159) 420
11-24 11:51:54.953  1123  1123 D io_stats: !@ Write_top(KB): kworker/u18:4:/(3130) 1192 .gms.persistent:high(15815) 20 mpanion.android:high(29615) 4
11-24 11:51:55.025  2907  4205 D WifiNl80211Manager: Scan result ready event
11-24 11:51:55.026  2542  4029 D LOWI-9.0.1.112.a: [LOWI-Scan] wait_event:Wait done with Cmd 34
11-24 11:51:55.026  2542  4029 D LOWI-9.0.1.112.a: [LOWI-Scan] do_listen_events: Rcvd valid Netlink Cmd 34 Err 0
11-24 11:51:55.026  2542  4029 D LOWI-9.0.1.112.a: [LOWI-Scan]  -- associated
11-24 11:51:55.026  2907  4205 D WifiNative: Scan result ready event
11-24 11:51:55.026  2542  4029 D LOWI-9.0.1.112.a: [LOWI-Scan] 
11-24 11:51:55.026  2542  4029 D LOWI-9.0.1.112.a: [LOWI-Scan] BSS 24:5a:4c:**:**:3b FREQ: 5220, cFreq1[40:80:160] = [5230:0:0] cFreq2 = 0 SSID Matilda, RSSI(dBM): -65, 11mcRanging: No, Country Code = US 
11-24 11:51:55.026  2542  4029 D LOWI-9.0.1.112.a: [LOWI-Scan] 
11-24 11:51:55.026  2542  4029 D LOWI-9.0.1.112.a: [LOWI-Scan] BSS 24:5a:4c:**:**:3a FREQ: 2412, cFreq1[40:80:160] = [0:0:0] cFreq2 = 0 SSID Matilda, RSSI(dBM): -67, 11mcRanging: No, Country Code = US 
11-24 11:51:55.026  2542  4029 D LOWI-9.0.1.112.a: [LOWI-Scan] 
11-24 11:51:55.026  2542  4029 D LOWI-9.0.1.112.a: [LOWI-Scan] BSS d4:6c:6d:**:**:0c FREQ: 5220, cFreq1[40:80:160] = [5230:5210:0] cFreq2 = 0 SSID Router??, RSSI(dBM): -89, 11mcRanging: No, Country Code = USI
11-24 11:51:55.026  2542  4029 D LOWI-9.0.1.112.a: [LOWI-Scan] 
11-24 11:51:55.026  2542  4029 D LOWI-9.0.1.112.a: [LOWI-Scan] BSS ca:6c:6d:**:**:39 FREQ: 5220, cFreq1[40:80:160] = [5230:5210:0] cFreq2 = 0 SSID xfinitywifi, RSSI(dBM): -89, 11mcRanging: No, Country Code = USI
11-24 11:51:55.026  2542  4029 D LOWI-9.0.1.112.a: [LOWI-Scan] 
11-24 11:51:55.026  2542  4029 D LOWI-9.0.1.112.a: [LOWI-Scan] BSS 3c:37:86:**:**:11 FREQ: 5220, cFreq1[40:80:160] = [5230:5210:0] cFreq2 = 0 SSID NETGEAR-5G-1, RSSI(dBM): -89, 11mcRanging: No, Country Code = US 
11-24 11:51:55.026  2542  4029 D LOWI-9.0.1.112.a: [LOWI-Scan] 
11-24 11:51:55.026  2542  4029 D LOWI-9.0.1.112.a: [LOWI-Scan] BSS ca:6c:6d:**:**:0c FREQ: 5220, cFreq1[40:80:160] = [5230:5210:0] cFreq2 = 0 SSID xfinitywifi, RSSI(dBM): -89, 11mcRanging: No, Country Code = USI
11-24 11:51:55.026  2542  4029 D LOWI-9.0.1.112.a: [LOWI-Scan] 
11-24 11:51:55.026  2542  4029 D LOWI-9.0.1.112.a: [LOWI-Scan] BSS ca:2f:f7:**:**:79 FREQ: 5220, cFreq1[40:80:160] = [5230:5210:0] cFreq2 = 0 SSID , RSSI(dBM): -89, 11mcRanging: No, Country Code = US 
11-24 11:51:55.026  2542  4029 D LOWI-9.0.1.112.a: [LOWI-Scan] 
11-24 11:51:55.027  2542  4029 D LOWI-9.0.1.112.a: [LOWI-Scan] BSS da:2f:f7:**:**:79 FREQ: 5220, cFreq1[40:80:160] = [5230:5210:0] cFreq2 = 0 SSID RichardTer, RSSI(dBM): -89, 11mcRanging: No, Country Code = US 
11-24 11:51:55.027  2542  4029 D LOWI-9.0.1.112.a: [LOWI-Scan] 
11-24 11:51:55.027  2542  4029 D LOWI-9.0.1.112.a: [LOWI-Scan] BSS fa:2f:f7:**:**:79 FREQ: 5220, cFreq1[40:80:160] = [5230:5210:0] cFreq2 = 0 SSID , RSSI(dBM): -88, 11mcRanging: No, Country Code = US 
11-24 11:51:55.027  2542  4029 D LOWI-9.0.1.112.a: [LOWI-Scan] 
11-24 11:51:55.027  2542  4029 D LOWI-9.0.1.112.a: [LOWI-Scan] BSS be:d7:d4:**:**:44 FREQ: 5220, cFreq1[40:80:160] = [0:0:0] cFreq2 = 0 SSID , RSSI(dBM): -89, 11mcRanging: No, Country Code = US 
11-24 11:51:55.027  2542  4029 D LOWI-9.0.1.112.a: [LOWI-Scan] 
11-24 11:51:55.027  2542  4029 D LOWI-9.0.1.112.a: [LOWI-Scan] BSS d4:6c:6d:**:**:39 FREQ: 5220, cFreq1[40:80:160] = [5230:5210:0] cFreq2 = 0 SSID HumbleAbode2, RSSI(dBM): -89, 11mcRanging: No, Country Code = USI
11-24 11:51:55.027  2542  4029 D LOWI-9.0.1.112.a: [LOWI-Scan] 
11-24 11:51:55.027  2542  4029 D LOWI-9.0.1.112.a: [LOWI-Scan] BSS ce:6c:6d:**:**:39 FREQ: 5220, cFreq1[40:80:160] = [5230:5210:0] cFreq2 = 0 SSID , RSSI(dBM): -87, 11mcRanging: No, Country Code = USI
11-24 11:51:55.027  2542  4029 D LOWI-9.0.1.112.a: [LOWI-Scan] 
11-24 11:51:55.027  2542  4029 D LOWI-9.0.1.112.a: [LOWI-Scan] BSS 8c:76:3f:**:**:86 FREQ: 5785, cFreq1[40:80:160] = [5795:5775:0] cFreq2 = 0 SSID iot, RSSI(dBM): -77, 11mcRanging: No, Country Code = USI
11-24 11:51:55.027  2542  4029 D LOWI-9.0.1.112.a: [LOWI-Scan] 
11-24 11:51:55.027  2542  4029 D LOWI-9.0.1.112.a: [LOWI-Scan] BSS 3c:37:86:**:**:10 FREQ: 5805, cFreq1[40:80:160] = [5805:0:0] cFreq2 = 0 SSID NETGEAR-5G-2, RSSI(dBM): -87, 11mcRanging: No, Country Code = US 
11-24 11:51:55.027  2542  4029 D LOWI-9.0.1.112.a: [LOWI-Scan] 
11-24 11:51:55.027  2542  4029 D LOWI-9.0.1.112.a: [LOWI-Scan] BSS 78:8a:20:**:**:21 FREQ: 5240, cFreq1[40:80:160] = [5230:0:0] cFreq2 = 0 SSID BMLTC, RSSI(dBM): -84, 11mcRanging: No, Country Code = US 
11-24 11:51:55.027  2542  4029 D LOWI-9.0.1.112.a: [LOWI-Scan] 
11-24 11:51:55.027  2542  4029 D LOWI-9.0.1.112.a: [LOWI-Scan] BSS 7e:8a:20:**:**:21 FREQ: 5240, cFreq1[40:80:160] = [5230:0:0] cFreq2 = 0 SSID BCM, RSSI(dBM): -83, 11mcRanging: No, Country Code = US 
11-24 11:51:55.027  2542  4029 D LOWI-9.0.1.112.a: [LOWI-Scan] 
11-24 11:51:55.027  2542  4029 D LOWI-9.0.1.112.a: [LOWI-Scan] BSS d6:6c:6d:**:**:39 FREQ: 5220, cFreq1[40:80:160] = [5230:5210:0] cFreq2 = 0 SSID , RSSI(dBM): -90, 11mcRanging: No, Country Code = USI
11-24 11:51:55.027  2542  4029 D LOWI-9.0.1.112.a: [LOWI-Scan] 
11-24 11:51:55.027  2542  4029 D LOWI-9.0.1.112.a: [LOWI-Scan] BSS 1e:9e:cc:**:**:ba FREQ: 2462, cFreq1[40:80:160] = [2462:0:0] cFreq2 = 0 SSID beefyburrito, RSSI(dBM): -73, 11mcRanging: No, Country Code = US 
11-24 11:51:55.027  2542  4029 D LOWI-9.0.1.112.a: [LOWI-Scan] 
11-24 11:51:55.027  2542  4029 D LOWI-9.0.1.112.a: [LOWI-Scan] BSS ce:6c:6d:**:**:38 FREQ: 2412, cFreq1[40:80:160] = [2412:0:0] cFreq2 = 0 SSID , RSSI(dBM): -80, 11mcRanging: No, Country Code = USI
11-24 11:51:55.027  2542  4029 D LOWI-9.0.1.112.a: [LOWI-Scan] 
11-24 11:51:55.027  2542  4029 D LOWI-9.0.1.112.a: [LOWI-Scan] BSS a8:e2:c1:**:**:9a FREQ: 2412, cFreq1[40:80:160] = [0:0:0] cFreq2 = 0 SSID Ring Setup 99, RSSI(dBM): -75, 11mcRanging: No, Country Code =    
11-24 11:51:55.027  2542  4029 D LOWI-9.0.1.112.a: [LOWI-Scan] 
11-24 11:51:55.027  2542  4029 D LOWI-9.0.1.112.a: [LOWI-Scan] BSS 74:ac:b9:**:**:a3 FREQ: 5785, cFreq1[40:80:160] = [5795:0:0] cFreq2 = 0 SSID Eastown Vet Guest WiFi, RSSI(dBM): -84, 11mcRanging: No, Country Code = US 
11-24 11:51:55.027  2542  4029 D LOWI-9.0.1.112.a: [LOWI-Scan] 
11-24 11:51:55.027  2542  4029 D LOWI-9.0.1.112.a: [LOWI-Scan] BSS 7a:ac:b9:**:**:a3 FREQ: 5785, cFreq1[40:80:160] = [5795:0:0] cFreq2 = 0 SSID EVC, RSSI(dBM): -83, 11mcRanging: No, Country Code = US 
11-24 11:51:55.027  2542  4029 D LOWI-9.0.1.112.a: [LOWI-Scan] 
11-24 11:51:55.027  2542  4029 D LOWI-9.0.1.112.a: [LOWI-Scan] BSS 82:ac:b9:**:**:a3 FREQ: 5785, cFreq1[40:80:160] = [5795:0:0] cFreq2 = 0 SSID EVC5, RSSI(dBM): -83, 11mcRanging: No, Country Code = US 
11-24 11:51:55.027  2542  4029 D LOWI-9.0.1.112.a: [LOWI-Scan] 
11-24 11:51:55.027  2542  4029 D LOWI-9.0.1.112.a: [LOWI-Scan] BSS 7e:ac:b9:**:**:a3 FREQ: 5785, cFreq1[40:80:160] = [5795:0:0] cFreq2 = 0 SSID EVC-CC-network, RSSI(dBM): -83, 11mcRanging: No, Country Code = US 
11-24 11:51:55.027  2542  4029 D LOWI-9.0.1.112.a: [LOWI-Scan] 
11-24 11:51:55.027  2542  4029 D LOWI-9.0.1.112.a: [LOWI-Scan] BSS 12:36:aa:**:**:42 FREQ: 2462, cFreq1[40:80:160] = [2462:0:0] cFreq2 = 0 SSID , RSSI(dBM): -80, 11mcRanging: No, Country Code = US 
11-24 11:51:55.027  2542  4029 D LOWI-9.0.1.112.a: [LOWI-Scan] 
11-24 11:51:55.027  2542  4029 D LOWI-9.0.1.112.a: [LOWI-Scan] BSS 12:36:aa:**:**:45 FREQ: 2462, cFreq1[40:80:160] = [2462:0:0] cFreq2 = 0 SSID Carlton Crew, RSSI(dBM): -80, 11mcRanging: No, Country Code = US 
11-24 11:51:55.027  2542  4029 D LOWI-9.0.1.112.a: [LOWI-Scan] 
11-24 11:51:55.027  2542  4029 D LOWI-9.0.1.112.a: [LOWI-Scan] BSS 24:7d:4d:**:**:77 FREQ: 2412, cFreq1[40:80:160] = [0:0:0] cFreq2 = 0 SSID Ring Setup 76, RSSI(dBM): -54, 11mcRanging: No, Country Code =    
11-24 11:51:55.027  2542  4029 D LOWI-9.0.1.112.a: [LOWI-Scan] 
11-24 11:51:55.027  2542  4029 D LOWI-9.0.1.112.a: [LOWI-Scan] BSS 74:ac:b9:**:**:4c FREQ: 5200, cFreq1[40:80:160] = [5190:0:0] cFreq2 = 0 SSID Eastown Vet Guest WiFi, RSSI(dBM): -89, 11mcRanging: No, Country Code = US 
11-24 11:51:55.027  2542  4029 D LOWI-9.0.1.112.a: [LOWI-Scan] 
11-24 11:51:55.027  2542  4029 D LOWI-9.0.1.112.a: [LOWI-Scan] BSS 7a:ac:b9:**:**:4c FREQ: 5200, cFreq1[40:80:160] = [5190:0:0] cFreq2 = 0 SSID EVC, RSSI(dBM): -88, 11mcRanging: No, Country Code = US 
11-24 11:51:55.027  2542  4029 D LOWI-9.0.1.112.a: [LOWI-Scan] 
11-24 11:51:55.027  2542  4029 D LOWI-9.0.1.112.a: [LOWI-Scan] BSS 82:ac:b9:**:**:4c FREQ: 5200, cFreq1[40:80:160] = [5190:0:0] cFreq2 = 0 SSID EVC5, RSSI(dBM): -88, 11mcRanging: No, Country Code = US 
11-24 11:51:55.027  2542  4029 D LOWI-9.0.1.112.a: [LOWI-Scan] 
11-24 11:51:55.027  2542  4029 D LOWI-9.0.1.112.a: [LOWI-Scan] BSS 7e:ac:b9:**:**:4c FREQ: 5200, cFreq1[40:80:160] = [5190:0:0] cFreq2 = 0 SSID EVC-CC-network, RSSI(dBM): -89, 11mcRanging: No, Country Code = US 
11-24 11:51:55.027  2542  4029 D LOWI-9.0.1.112.a: [LOWI-Scan] 
11-24 11:51:55.027  2542  4029 D LOWI-9.0.1.112.a: [LOWI-Scan] BSS 2e:aa:8e:**:**:4f FREQ: 2462, cFreq1[40:80:160] = [0:0:0] cFreq2 = 0 SSID , RSSI(dBM): -82, 11mcRanging: No, Country Code = US 
11-24 11:51:55.027  2542  4029 D LOWI-9.0.1.112.a: [LOWI-Scan] 
11-24 11:51:55.027  2542  4029 D LOWI-9.0.1.112.a: [LOWI-Scan] BSS 1e:9e:cc:**:**:bb FREQ: 5785, cFreq1[40:80:160] = [5795:5775:0] cFreq2 = 0 SSID beefyburrito, RSSI(dBM): -84, 11mcRanging: No, Country Code = US 
11-24 11:51:55.027  2542  4029 D LOWI-9.0.1.112.a: [LOWI-Scan] 
11-24 11:51:55.027  2542  4029 D LOWI-9.0.1.112.a: [LOWI-Scan] BSS 1e:9e:cc:**:**:bd FREQ: 5785, cFreq1[40:80:160] = [5795:5775:0] cFreq2 = 0 SSID xfinitywifi, RSSI(dBM): -85, 11mcRanging: No, Country Code = US 
11-24 11:51:55.027  2542  4029 D LOWI-9.0.1.112.a: [LOWI-Scan] 
11-24 11:51:55.027  2542  4029 D LOWI-9.0.1.112.a: [LOWI-Scan] BSS 28:7a:ee:**:**:3a FREQ: 5805, cFreq1[40:80:160] = [5795:0:0] cFreq2 = 0 SSID Xfinity Mobile, RSSI(dBM): -85, 11mcRanging: No, Country Code = US 
11-24 11:51:55.027  2542  4029 D LOWI-9.0.1.112.a: [LOWI-Scan] 
11-24 11:51:55.027  2542  4029 D LOWI-9.0.1.112.a: [LOWI-Scan] BSS d6:6c:6d:**:**:38 FREQ: 2412, cFreq1[40:80:160] = [2412:0:0] cFreq2 = 0 SSID , RSSI(dBM): -79, 11mcRanging: No, Country Code = USI
11-24 11:51:55.027  2542  4029 D LOWI-9.0.1.112.a: [LOWI-Scan] 
11-24 11:51:55.027  2542  4029 D LOWI-9.0.1.112.a: [LOWI-Scan] BSS 7e:ac:b9:**:**:b4 FREQ: 2412, cFreq1[40:80:160] = [0:0:0] cFreq2 = 0 SSID EVC-CC-network, RSSI(dBM): -79, 11mcRanging: No, Country Code = US 
11-24 11:51:55.027  2542  4029 D LOWI-9.0.1.112.a: [LOWI-Scan] 
11-24 11:51:55.027  2542  4029 D LOWI-9.0.1.112.a: [LOWI-Scan] BSS 0a:a7:c0:**:**:fb FREQ: 2412, cFreq1[40:80:160] = [2412:0:0] cFreq2 = 0 SSID , RSSI(dBM): -78, 11mcRanging: No, Country Code = US 
11-24 11:51:55.027  2542  4029 D LOWI-9.0.1.112.a: [LOWI-Scan] 
11-24 11:51:55.027  2542  4029 D LOWI-9.0.1.112.a: [LOWI-Scan] BSS 0a:a7:c0:**:**:fc FREQ: 2412, cFreq1[40:80:160] = [2412:0:0] cFreq2 = 0 SSID , RSSI(dBM): -78, 11mcRanging: No, Country Code = US 
11-24 11:51:55.027  2542  4029 D LOWI-9.0.1.112.a: [LOWI-Scan] 
11-24 11:51:55.027  2542  4029 D LOWI-9.0.1.112.a: [LOWI-Scan] BSS 0a:a7:c0:**:**:fe FREQ: 2412, cFreq1[40:80:160] = [2412:0:0] cFreq2 = 0 SSID RichardTer, RSSI(dBM): -77, 11mcRanging: No, Country Code = US 
11-24 11:51:55.027  2542  4029 D LOWI-9.0.1.112.a: [LOWI-Scan] 
11-24 11:51:55.027  2542  4029 D LOWI-9.0.1.112.a: [LOWI-Scan] BSS dc:7f:a4:**:**:65 FREQ: 2412, cFreq1[40:80:160] = [0:0:0] cFreq2 = 0 SSID ATT49tWF5s, RSSI(dBM): -81, 11mcRanging: No, Country Code = US 
11-24 11:51:55.027  2542  4029 D LOWI-9.0.1.112.a: [LOWI-Scan] 
11-24 11:51:55.027  2542  4029 D LOWI-9.0.1.112.a: [LOWI-Scan] BSS dc:7f:a4:**:**:67 FREQ: 2412, cFreq1[40:80:160] = [0:0:0] cFreq2 = 0 SSID ECGuest, RSSI(dBM): -83, 11mcRanging: No, Country Code = US 
11-24 11:51:55.027  2542  4029 D LOWI-9.0.1.112.a: [LOWI-Scan] 
11-24 11:51:55.027  2542  4029 D LOWI-9.0.1.112.a: [LOWI-Scan] BSS 8c:88:21:**:**:1a FREQ: 2412, cFreq1[40:80:160] = [0:0:0] cFreq2 = 0 SSID HumbleAbode2_Ext, RSSI(dBM): -80, 11mcRanging: No, Country Code = CN 
11-24 11:51:55.027  2542  4029 D LOWI-9.0.1.112.a: [LOWI-Scan] 
11-24 11:51:55.027  2542  4029 D LOWI-9.0.1.112.a: [LOWI-Scan] BSS d4:6c:6d:**:**:38 FREQ: 2412, cFreq1[40:80:160] = [2412:0:0] cFreq2 = 0 SSID HumbleAbode2, RSSI(dBM): -80, 11mcRanging: No, Country Code = USI
11-24 11:51:55.027  2542  4029 D LOWI-9.0.1.112.a: [LOWI-Scan] 
11-24 11:51:55.027  2542  4029 D LOWI-9.0.1.112.a: [LOWI-Scan] BSS 08:b4:b1:**:**:a6 FREQ: 2437, cFreq1[40:80:160] = [0:0:0] cFreq2 = 0 SSID DrDrod, RSSI(dBM): -80, 11mcRanging: No, Country Code = US 
11-24 11:51:55.027  2542  4029 D LOWI-9.0.1.112.a: [LOWI-Scan] 
11-24 11:51:55.027  2542  4029 D LOWI-9.0.1.112.a: [LOWI-Scan] BSS 8c:76:3f:**:**:85 FREQ: 2437, cFreq1[40:80:160] = [2437:0:0] cFreq2 = 0 SSID iot2g, RSSI(dBM): -67, 11mcRanging: No, Country Code = USI
11-24 11:51:55.027  2542  4029 D LOWI-9.0.1.112.a: [LOWI-Scan] 
11-24 11:51:55.027  2542  4029 D LOWI-9.0.1.112.a: [LOWI-Scan] BSS 74:ac:b9:**:**:a3 FREQ: 2437, cFreq1[40:80:160] = [0:0:0] cFreq2 = 0 SSID Eastown Vet Guest WiFi, RSSI(dBM): -79, 11mcRanging: No, Country Code = US 
11-24 11:51:55.027  2542  4029 D LOWI-9.0.1.112.a: [LOWI-Scan] 
11-24 11:51:55.027  2542  4029 D LOWI-9.0.1.112.a: [LOWI-Scan] BSS 74:ac:b9:**:**:77 FREQ: 2437, cFreq1[40:80:160] = [0:0:0] cFreq2 = 0 SSID Eastown Vet Guest WiFi, RSSI(dBM): -80, 11mcRanging: No, Country Code = US 
11-24 11:51:55.027  2542  4029 D LOWI-9.0.1.112.a: [LOWI-Scan] 
11-24 11:51:55.027  2542  4029 D LOWI-9.0.1.112.a: [LOWI-Scan] BSS 7a:ac:b9:**:**:a3 FREQ: 2437, cFreq1[40:80:160] = [0:0:0] cFreq2 = 0 SSID EVC, RSSI(dBM): -78, 11mcRanging: No, Country Code = US 
11-24 11:51:55.027  2542  4029 D LOWI-9.0.1.112.a: [LOWI-Scan] 
11-24 11:51:55.027  2542  4029 D LOWI-9.0.1.112.a: [LOWI-Scan] BSS 82:8a:20:**:**:21 FREQ: 5240, cFreq1[40:80:160] = [5230:0:0] cFreq2 = 0 SSID , RSSI(dBM): -84, 11mcRanging: No, Country Code = US 
11-24 11:51:55.027  2542  4029 D LOWI-9.0.1.112.a: [LOWI-Scan] 
11-24 11:51:55.027  2542  4029 D LOWI-9.0.1.112.a: [LOWI-Scan] BSS 86:8a:20:**:**:21 FREQ: 5240, cFreq1[40:80:160] = [5230:0:0] cFreq2 = 0 SSID , RSSI(dBM): -84, 11mcRanging: No, Country Code = US 
11-24 11:51:55.027  2542  4029 D LOWI-9.0.1.112.a: [LOWI-Scan] 
11-24 11:51:55.027  2542  4029 D LOWI-9.0.1.112.a: [LOWI-Scan] BSS 52:86:8c:**:**:74 FREQ: 2462, cFreq1[40:80:160] = [0:0:0] cFreq2 = 0 SSID , RSSI(dBM): -87, 11mcRanging: No, Country Code = US 
11-24 11:51:55.027  2542  4029 D LOWI-9.0.1.112.a: [LOWI-Scan] 
11-24 11:51:55.027  2542  4029 D LOWI-9.0.1.112.a: [LOWI-Scan] BSS 1e:9e:cc:**:**:b8 FREQ: 2462, cFreq1[40:80:160] = [2462:0:0] cFreq2 = 0 SSID , RSSI(dBM): -74, 11mcRanging: No, Country Code = US 
11-24 11:51:55.027  2542  4029 D LOWI-9.0.1.112.a: [LOWI-Scan] 
11-24 11:51:55.027  2542  4029 D LOWI-9.0.1.112.a: [LOWI-Scan] BSS 12:36:aa:**:**:41 FREQ: 2462, cFreq1[40:80:160] = [2462:0:0] cFreq2 = 0 SSID , RSSI(dBM): -80, 11mcRanging: No, Country Code = US 
11-24 11:51:55.027  2542  4029 D LOWI-9.0.1.112.a: [LOWI-Scan] 
11-24 11:51:55.027  2542  4029 D LOWI-9.0.1.112.a: [LOWI-Scan] BSS 94:f7:be:**:**:43 FREQ: 5745, cFreq1[40:80:160] = [5755:5775:0] cFreq2 = 0 SSID TMOBILE-0E40, RSSI(dBM): -91, 11mcRanging: No, Country Code = US 
11-24 11:51:55.027  2542  4029 D LOWI-9.0.1.112.a: [LOWI-Scan] 
11-24 11:51:55.027  2542  4029 D LOWI-9.0.1.112.a: [LOWI-Scan] BSS 10:86:8c:**:**:74 FREQ: 2462, cFreq1[40:80:160] = [0:0:0] cFreq2 = 0 SSID Oreo, RSSI(dBM): -86, 11mcRanging: No, Country Code = US 
11-24 11:51:55.027  2542  4029 D LOWI-9.0.1.112.a: [LOWI-Scan] 
11-24 11:51:55.027  2542  4029 D LOWI-9.0.1.112.a: [LOWI-Scan] BSS 08:b4:b1:**:**:cf FREQ: 2462, cFreq1[40:80:160] = [0:0:0] cFreq2 = 0 SSID DrDrod, RSSI(dBM): -81, 11mcRanging: No, Country Code = US 
11-24 11:51:55.027  2542  4029 D LOWI-9.0.1.112.a: [LOWI-Scan] 
11-24 11:51:55.027  2542  4029 D LOWI-9.0.1.112.a: [LOWI-Scan] BSS 12:36:aa:**:**:40 FREQ: 5785, cFreq1[40:80:160] = [5795:5775:0] cFreq2 = 0 SSID xfinitywifi, RSSI(dBM): -89, 11mcRanging: No, Country Code = US 
11-24 11:51:55.027  2542  4029 D LOWI-9.0.1.112.a: [LOWI-Scan] 
11-24 11:51:55.027  2542  4029 D LOWI-9.0.1.112.a: [LOWI-Scan] BSS 1e:9e:cc:**:**:bf FREQ: 5785, cFreq1[40:80:160] = [5795:5775:0] cFreq2 = 0 SSID Xfinity Mobile, RSSI(dBM): -89, 11mcRanging: No, Country Code = US 
11-24 11:51:55.027  2542  4029 D LOWI-9.0.1.112.a: [LOWI-Scan] 
11-24 11:51:55.027  2542  4029 D LOWI-9.0.1.112.a: [LOWI-Scan] BSS 8e:76:3f:**:**:86 FREQ: 5785, cFreq1[40:80:160] = [5795:5775:0] cFreq2 = 0 SSID , RSSI(dBM): -76, 11mcRanging: No, Country Code = USI
11-24 11:51:55.027  2542  4029 D LOWI-9.0.1.112.a: [LOWI-Scan] 
11-24 11:51:55.027  2542  4029 D LOWI-9.0.1.112.a: [LOWI-Scan] BSS 96:76:3f:**:**:86 FREQ: 5785, cFreq1[40:80:160] = [5795:5775:0] cFreq2 = 0 SSID , RSSI(dBM): -76, 11mcRanging: No, Country Code = USI
11-24 11:51:55.027  2542  4029 D LOWI-9.0.1.112.a: [LOWIDiagLog] Log: lowiMeasResult->request: invalid null argument
11-24 11:51:55.027  2542  4029 I LOWI-9.0.1.112.a: [LOWI-Scan] lowi_close_record:Scan done in 237938925ms, 61 APs in scan results
11-24 11:51:55.027  2542  4029 D LOWI-9.0.1.112.a: [LOWI-Scan] WipsScanUsingNL: passive scan cached 0, took 61043 ms, err 0
11-24 11:51:55.027  2542  4029 D LOWI-9.0.1.112.a: [LOWI-Scan] lowi_proc_req_passive_scan_with_live_meas - No WLAN Frames to be parsed
11-24 11:51:55.027  2542  4029 D LOWI-9.0.1.112.a: [LOWIScanResultReceiver] Send scan meas to listener
11-24 11:51:55.027  2542  4029 D LOWI-9.0.1.112.a: [LOWIScanResultReceiver] Enter passive listening mode
11-24 11:51:55.027  2542  4029 D LOWI-9.0.1.112.a: [LOWIWifiDriverInterface] getMeasurements - Passive listening mode
11-24 11:51:55.027  2542  4029 D LOWI-9.0.1.112.a: [LOWI-Scan] WipsScanUsingNL:wait -1 sec for netlink message
11-24 11:51:55.027  2542  2794 D LOWI-9.0.1.112.a: [LOWIEventReceiver] handleEvent:FROM:NA, TO:NA, REQ:NA, IREQ:NA, REQ_ID:0, RESP:NA, INFO:NA
11-24 11:51:55.027  2542  2794 D LOWI-9.0.1.112.a: [LOWIBackgroundScanMgr] isRspForBgScanMgr: evt(LOWI_NO_EVT) - not handled
11-24 11:51:55.027  2542  2794 D LOWI-9.0.1.112.a: [LOWIScheduler] manageMsg: NULL results or NULL request in results
11-24 11:51:55.027  2542  2794 D LOWI-9.0.1.112.a: [LOWIController] Measurements received
11-24 11:51:55.027  2542  2794 D LOWI-9.0.1.112.a: [LOWICacheManager] putInCache:Num of Meas to add: 61
11-24 11:51:55.028  2542  2794 D LOWI-9.0.1.112.a: [LOWICacheManager] addToCache: Cache Full, Cache Limit: 100, Purging: 50
11-24 11:51:55.028  2542  2794 D LOWI-9.0.1.112.a: [LOWIController] processMeasurementResults: No current Request. Cache measurements
11-24 11:51:55.028  2542  2794 D LOWI-9.0.1.112.a: [LOWIController] sendAsyncScanResponse: Request FreeWifiScanObserver_36 is from a different client.
11-24 11:51:55.028  2542  2794 D LOWI-9.0.1.112.a: [LOWIController] generateResponse: Type (ASYNC_DISCOVERY_SCAN_RESULTS) ScanStatus (1) request FreeWifiScanObserver_36
11-24 11:51:55.028  2542  2794 D LOWI-9.0.1.112.a: [LOWIEventDispatcher] sendResponse - originator = FreeWifiScanObserver
11-24 11:51:55.028  2542  2794 D LOWI-9.0.1.112.a: [LOWIUtils] injectScanMeasurements - num of APs = 61
11-24 11:51:55.028  2907  3838 D WificondScannerImpl: Filtering out 6 scan results.
11-24 11:51:55.028  2542  2794 I LOWI-9.0.1.112.a: [LOWIUtils] responseToOutPostcard - TO: FreeWifiScanObserver, FROM:   LOWI-SERVER, RESP:  LOWI_ASYNC_DISCOVERY_SCAN_RESULTS
11-24 11:51:55.028  2542  2794 D LOWI-9.0.1.112.a: [LOWIControllerExtn] sendLOWILpDiscoveryScanResponse: Not a discovery scan response
11-24 11:51:55.029  2907  3838 I WifiScanner: onFullResults
11-24 11:51:55.029  2907  3838 I WifiScanner: onFullResults
11-24 11:51:55.029  2907  3838 I WifiScanner: onFullResults
11-24 11:51:55.029 15815 16658 I WifiScanner: onFullResults
11-24 11:51:55.029  2907  3923 D SemWifiScanPool: remove old scan results, size:10
11-24 11:51:55.029  2907  4453 D SLocation: ReceiverPair - handleWifiScan - wifi scanned enter
11-24 11:51:55.029  2907  4453 D SLocation: ReceiverPair - ignore direction of location due to wifi, id = 1, reason = 500
11-24 11:51:55.029  2907  3923 D SemWifiScanPool: countryCode: US, count: 52, totalSamples: 53, rate: 98.113205%
11-24 11:51:55.030  2907  4453 I SLocation: ReceiverPairWithWifi - handle Wifi Scans ID = 57
11-24 11:51:55.030  2907  4453 I SLocation: ReceiverPairWithWifi - force set enter id=57 by wifi scan
11-24 11:51:55.030  2907  3923 V SemWifiScanPool: updateScanResult, full scan:55 configKeys: 28 pool_bssid:370 pool_configKeys:184
11-24 11:51:55.030  2907  3923 D WifiConnectivityMonitor: onScanResultUpdated
11-24 11:51:55.030  2907  3923 D WifiConnectivityMonitor: mMaxScannedCountryCode : US
11-24 11:51:55.030  2907  4453 D SLocation: ReceiverPair - ignore direction of location due to wifi, id = 57, reason = 500
11-24 11:51:55.030  2907  4453 I SLocation: ReceiverPairWithWifi - handle Wifi Scans ID = 68
11-24 11:51:55.030  2907  4453 I SLocation: ReceiverPairWithWifi - handle Wifi Scans ID = 70
11-24 11:51:55.030  2907  4453 I SLocation: ReceiverPairWithWifi - force set enter id=70 by wifi scan
11-24 11:51:55.030  2907  4453 D SLocation: ReceiverPair - ignore direction of location due to wifi, id = 70, reason = 500
11-24 11:51:55.030 15815 20387 I WifiScanner: onFullResults
11-24 11:51:55.032  1916  2119 I LocSvc_api_v02: ---> locClientSendReq line 2409 QMI_LOC_INJECT_WIFI_AP_DATA_REQ_V02
11-24 11:51:55.034  1916  6868 I LocSvc_ApiV02: <--- globalRespCb line 385 QMI_LOC_INJECT_WIFI_AP_DATA_REQ_V02
11-24 11:51:55.042  2907  3834 E WifiStaIfaceAidlImpl: getCachedScanData failed with service-specific exception: android.os.ServiceSpecificException:  (code 4)
11-24 11:51:55.546  2054  2096 E HeatmapThread: ECT Thread time in milliseconds: 1764003115
11-24 11:51:55.547  2054  2096 D HeatmapThread: !@ batteryplugType : 0
11-24 11:51:55.547  2054  2096 D HeatmapThread: !@ batteryLevel : 70  batteryTemperature : 343 
11-24 11:51:55.547  2054  2096 D HeatmapThread: !@ Heatmap currtime: 29400051
11-24 11:51:55.547  2054  2096 D HeatmapThread: !@ Heatmap prevtime: 29400049
11-24 11:51:55.547  2054  2096 D HeatmapThread: !@ Heatmap plugstarttime: 35791394
11-24 11:51:55.547  2054  2096 D HeatmapThread: !@ Heatmap prevv_dsoh_update_time: 29399524
11-24 11:51:55.547  2054  2096 E HeatmapThread: !@ CAM New BSOH: 100
11-24 11:51:55.797  4331  4979 I EPDG -- SIM0 [SMARTWIFI]: isProfiling, hash=13743432, started=true
11-24 11:51:55.797  4331  4979 I EPDG -- SIM0 [SMARTWIFI]: isWifiRssiLessOrEqualsHandoverThreshold: received rssi is: -74 handover threshold is: -85
11-24 11:51:55.797  4331  4979 I EPDG -- SIM0 [SMARTWIFI]: isProfiling, hash=13743432, started=true
11-24 11:51:55.797  4331  4979 I EPDG -- SIM0 [SMARTWIFI]: Rssi : -74 highrange : -71 lowrange : -80 mIsRssiInHystersis : true
11-24 11:51:56.138  2907  3931 V SilentRoamingWifiInfo: hasActiveStream: mSuccessfulTxPacketsPerSecond= 0.0, mSuccessfulRxPacketsPerSecond= 0.0, mPps= 16, isVoipRunning= false
11-24 11:51:56.189  2011  2809 I thermal_core: pivot(AP) : 478, skin : 363
11-24 11:51:56.216  1920  1943 D AHAL_ModulePrimary_QTI: getVendorParameters: id count: 1
11-24 11:51:56.216  1920  1943 I PAL: ResourceManager: getActiveStream_l: 6569: no active streams found for device 3 ret -2
11-24 11:51:56.216  1920  1943 D AHAL_SecModulePrimary: onGetSECGenericParameters get temperature for g_hw_speaker_amp_temp_rcv: 0
11-24 11:51:56.216  1920  1943 D AHAL_ModulePrimary_QTI: getVendorParameters: id count: 1
11-24 11:51:56.216  1920  1943 I PAL: ResourceManager: getActiveStream_l: 6569: no active streams found for device 3 ret -2
11-24 11:51:56.216  1920  1943 D AHAL_SecModulePrimary: onGetSECGenericParameters get temperature for g_hw_speaker_amp_temp_spk: 0
11-24 11:51:56.216 11946 12599 I SDHMS:x : SIOP:: AP:478 BAT:341 USB:315 CHG:428 PA:469 WIFI:409 CF:382 BLK:0 SUBBAT:0 LRPTHM:363 SKIN:377 SKINF:377 SKINB:365 LRP:377 LRF:377 LRB:365 APT:377 APR:365 RCV:363 SPK:314 CHGF:372 CHGR:359 MEMF:376 MEMR:363 WIFIF:373 WIFIR:362 FCAM:317 UPSPK:375 DNSPK:318 VAP:436 VWIFI:416 AMB2:220 HIGH:0 AVGCUR:-1041 POWER:-4185
11-24 11:51:56.216 11946 12599 I AudioManager: setParameters keyValuePairs = g_hw_speaker_amp_temp_spk=31
11-24 11:51:56.216  2041  7144 D AudioFlinger: setParameters: filtered dev setParameters keyvalue g_hw_speaker_amp_temp_spk=31
11-24 11:51:56.216  1920  1943 D AHAL_HFP_QTI: hfp_set_parameters enter
11-24 11:51:56.216  1920  1943 D AHAL_HFP_QTI: hfp_set_parameters Exit
11-24 11:51:56.216  1920  1943 D AHAL_SecModulePrimary: processSetVendorParameters: configured g_hw_speaker_amp_temp_spk
11-24 11:51:56.216  1920  1943 D AHAL_SecModulePrimary: processSetVendorParameters: handler set on Feature:0
11-24 11:51:56.216  1920  1943 D AHAL_SecModulePrimary: onSetSECGenericParameters set temperature for g_hw_speaker_amp_temp_spk: 31
11-24 11:51:56.216  1920  1943 I PAL: API: pal_set_param: 1377: Enter: param id 3002
11-24 11:51:56.216  1920  1943 I PAL: ResourceManager: getActiveStream_l: 6569: no active streams found for device 3 ret -2
11-24 11:51:56.216  2041  7144 E ConversionHelperAidl: Function: parseAndSetVendorParameters Line: 94 Failed 
11-24 11:51:56.216  2041  7144 E ConversionHelperAidl: Function: parseAndSetVendorParameters Line: 94 Failed 
11-24 11:51:56.217 11946 12599 I AudioManager: setParameters keyValuePairs = g_hw_speaker_amp_temp_rcv=36
11-24 11:51:56.217  2041  7144 D AudioFlinger: setParameters: filtered dev setParameters keyvalue g_hw_speaker_amp_temp_rcv=36
11-24 11:51:56.217  1920  1943 D AHAL_HFP_QTI: hfp_set_parameters enter
11-24 11:51:56.217  1920  1943 D AHAL_HFP_QTI: hfp_set_parameters Exit
11-24 11:51:56.217  1920  1943 D AHAL_SecModulePrimary: processSetVendorParameters: configured g_hw_speaker_amp_temp_rcv
11-24 11:51:56.217  1920  1943 D AHAL_SecModulePrimary: processSetVendorParameters: handler set on Feature:0
11-24 11:51:56.217  1920  1943 D AHAL_SecModulePrimary: onSetSECGenericParameters set temperature for g_hw_speaker_amp_temp_rcv: 36
11-24 11:51:56.217  1920  1943 I PAL: API: pal_set_param: 1377: Enter: param id 3001
11-24 11:51:56.217  1920  1943 I PAL: ResourceManager: getActiveStream_l: 6569: no active streams found for device 3 ret -2
11-24 11:51:56.217  2041  7144 E ConversionHelperAidl: Function: parseAndSetVendorParameters Line: 94 Failed 
11-24 11:51:56.217  2041  7144 E ConversionHelperAidl: Function: parseAndSetVendorParameters Line: 94 Failed 
11-24 11:51:56.217 11946 12044 I M0      : limitCPUFreq:: freq = 2841600
11-24 11:51:56.217 11946 12044 I SemDvfsHyPerManager: acquire hyper - SIOP_ARM_MAX/11946@3, type = 301993986
11-24 11:51:56.217  1928  2032 I HYPER-HAL: [RequestManager.cpp]acquire(): Acquired ID : 71395278  [11946 / 3]    HINT :      list : [CPUMaxFreq / 2841600] 
11-24 11:51:56.546  2054  2096 E HeatmapThread: ECT Thread time in milliseconds: 1764003116
11-24 11:51:56.548  2054  2096 D HeatmapThread: !@ batteryplugType : 0
11-24 11:51:56.548  2054  2096 D HeatmapThread: !@ batteryLevel : 70  batteryTemperature : 343 
11-24 11:51:56.548  2054  2096 D HeatmapThread: !@ Heatmap currtime: 29400051
11-24 11:51:56.548  2054  2096 D HeatmapThread: !@ Heatmap prevtime: 29400049
11-24 11:51:56.548  2054  2096 D HeatmapThread: !@ Heatmap plugstarttime: 35791394
11-24 11:51:56.548  2054  2096 D HeatmapThread: !@ Heatmap prevv_dsoh_update_time: 29399524
11-24 11:51:56.548  2054  2096 E HeatmapThread: !@ CAM New BSOH: 100
11-24 11:51:56.846  1917 27802 I sensors-hal: handle_sns_client_event:379, [0][170334] accel_sample [ 6.819, -3.649, -0.207] 238132077742047
11-24 11:51:56.892  2907  3121 D BatteryExternalStatsWorker: update stats : update-network-download (6)
11-24 11:51:56.892  2907  3121 D BatteryExternalStatsWorker: Fetch WiFi data
11-24 11:51:56.892  2907  3121 D BatteryExternalStatsWorker: Update Rail Energy data
11-24 11:51:56.902  2907  3834 E WifiStaIfaceAidlImpl: getCachedScanData failed with service-specific exception: android.os.ServiceSpecificException:  (code 4)
11-24 11:51:56.902  2907  3121 D BatteryExternalStatsWorker: mStats lock released
11-24 11:51:56.904  2907  3121 D BatteryExternalStatsWorker: Update wifi state
11-24 11:51:56.904  2907  3121 D BatteryExternalStatsWorker: done updateExternalStatsLocked
11-24 11:51:56.953  1123  1123 D io_stats: !@   8,0 r 1061046866 7511756304 w 22164933 417626096 d 1610663 361730472 f 263709 1232646 iot 31120548 0 th 0 0 0 pt 0 inp 0 1 162592.855
11-24 11:51:57.445  1917  1917 I sensors-hal: set_config:60, sample_period_ns is adjusted to 20000000 based on min/max delay_ns
11-24 11:51:57.445  1917  1917 I sensors-hal: send_sensor_config_request:582, resampler is used, set resampler config
11-24 11:51:57.445  1917  1917 I sensors-hal: send_sync_sensor_request:515, send sync request
11-24 11:51:57.445  1917  1917 I sensors-hal: send_sync_sensor_request:544, wait for notification of response
11-24 11:51:57.445  1917 27802 I sensors-hal: qsh_conn_resp_cb:972, resp_value = 0 for accel 
11-24 11:51:57.445  1917  1917 I sensors-hal: send_sync_sensor_request:550, takes 0 ms to receive the response with 0
11-24 11:51:57.445  1917  1917 I sensors-hal: batch:368, android.sensor.accelerometer/11, period=20000000, max_latency=200000000 request completed
11-24 11:51:57.446 15815 11858 D SensorManager: unregisterListener
11-24 11:51:57.462  4033  4033 I wpa_supplicant: Heartbeat 22315
11-24 11:51:57.546  2054  2096 E HeatmapThread: ECT Thread time in milliseconds: 1764003117
11-24 11:51:57.548  2054  2096 D HeatmapThread: !@ batteryplugType : 0
11-24 11:51:57.548  2054  2096 D HeatmapThread: !@ batteryLevel : 70  batteryTemperature : 343 
11-24 11:51:57.548  2054  2096 D HeatmapThread: !@ Heatmap currtime: 29400051
11-24 11:51:57.548  2054  2096 D HeatmapThread: !@ Heatmap prevtime: 29400049
11-24 11:51:57.548  2054  2096 D HeatmapThread: !@ Heatmap plugstarttime: 35791394
11-24 11:51:57.548  2054  2096 D HeatmapThread: !@ Heatmap prevv_dsoh_update_time: 29399524
11-24 11:51:57.548  2054  2096 E HeatmapThread: !@ CAM New BSOH: 100
11-24 11:51:57.782  2907  4000 D NetdEventListenerService: DNS Requested by 190, 11014(com.microsoft.emmx), 4(FAIL), isBlocked=true, 0ms
11-24 11:51:57.829  2907  3935 I SemWifiServiceDetector: Service det. suspended: T / T / 27004
11-24 11:51:58.435  2007  2063 E BatteryDump: !@new_battery_dump : 3982,-1595,100,100,69,341,314,432,341,0,363,432,0,Discharging,NO_CHARGING,None,Good,NONE,0,Normal,0,0,9300,0x40000000,0x10000,0x0,0,0,1317,v0002,0000,0000,00000000,0,0,0,0,276,4030,6842,980,0,
11-24 11:51:58.438  2907  6652 D BatteryService: [processValuesLocked]batteryLevel:69 ,LastbatteryLevel:70 ,mPlugType:0 ,batteryStatus:3
11-24 11:51:58.438  2907  6652 D BatteryService: [countBatteryChangedConditions]mBatteryChangedConditionCounts:[33, 7, 1, 1034, 24, 379, 498, 0, 0, 24, 24, 0, 27, 0, 0, 19, 234, 24, 0, 0, 0, 1]
11-24 11:51:58.438  2907  6652 D BatteryService: Sending ACTION_BATTERY_CHANGED: level:69, status:3, health:2, remain:0, ac:false, usb:false, wireless:false, pogo:false, misc:0x10000, charge_type:0, charger_type:0, voltage:3982, temperature:341, online:1, charging_status:0, cycle_count:0, current_avg:-1441406, ps:false, hvc:false, current_event:0x40000000, mcc:0, mcv:0, cc:3447500, present:true, scale:100, technology:Li-ion, protection:0
11-24 11:51:58.438  2011  2011 I seh_thermal_service: getTemperaturesWithType SehTemperatureType: 3
11-24 11:51:58.438  2007  2007 I sehhealth-service: updateLrpSysfs: write: 377
11-24 11:51:58.438  2907  6652 D [SS]BattUtils: [readNode]path:/efs/FactoryApp/bsoh ,value:100.00
11-24 11:51:58.438  2907  6652 D [SS][BattInfo]BattInfoManager: [processAsoc]mBatteryUsageSinceLastAsocUpdate:17
11-24 11:51:58.438  2907  6652 D [SS][BattInfo]BattInfoManager: [processDischargingLevel]mCurrentBatteryUsage:7
11-24 11:51:58.439  4091  4091 I AODBatteryManager: updateBatteryData: ACTION_BATTERY_CHANGED: true, isSleepModeChanged:false ,isRemainingTimeChanged: false, isUSBRestriction: false
11-24 11:51:58.439  2907  3994 I DeviceBatteryInfoService: action: android.intent.action.BATTERY_CHANGED
11-24 11:51:58.439  2907  3994 I DeviceBatteryInfoService: phone battery level: 69
11-24 11:51:58.439  2907  3994 I DeviceBatteryInfoService: phone battery status: 3
11-24 11:51:58.439  2907  3994 D DeviceBatteryInfoService: setBatteryStatus : 3
11-24 11:51:58.439  4091  4091 I AODBatteryManager: getChargeEstimateTime: not charging
11-24 11:51:58.439  4091  4091 I AODBatteryManager: saveBatteryData : AOD BatteryData [mBatteryLevel=69, mBatteryStatus=DISCHARGING, mBatteryPlugType=NOT_DEFINED, mBatteryPlugged=false, mRemainingChargeTime=0, mBatteryChargingType=0, mBatteryChargerType=NORMAL, mBatteryOnline=NONE, mBatterySwellingMode=NONE, mBatteryProtectMode=false, mBatteryProtectModeType=1, mSleepChargingEvent=null, mSleepChargingEventFinishTime=null, mBatteryHealth=2, mIsDirectPowerMode=false, mIsUsbRestriction=false]
11-24 11:51:58.439  4091  4091 I ChargingInfoManager: removeMessages: 
11-24 11:51:58.439  4091  4091 W AODAlarmTimer_HIDE_CHARGING_INFO_TIMER: stop : not yet started 
11-24 11:51:58.439  4091  4091 I ChargingInfoManager: updateChargingInfo: newState = AOD ChargingInfo [mState=NONE, mIsCharging=false, mIsPlugged=false, mIsFullyCharged=false, mIsBatteryProtectMode=false, mBetteryLevel=69, mBetteryProtectModeType1, mIsSlowChargingfalse], oldState = AOD ChargingInfo [mState=NONE, mIsCharging=false, mIsPlugged=false, mIsFullyCharged=false, mIsBatteryProtectMode=false, mBetteryLevel=70, mBetteryProtectModeType1, mIsSlowChargingfalse]
11-24 11:51:58.439  4091  4091 I PowerUI : mBootCompleted = true |  mFullyConnected = true
11-24 11:51:58.439  2907  3828 D MotionRecognitionService: [SAR]  onReceive : ACTION_BATTERY_CHANGED, Plugged: 0
11-24 11:51:58.439  4091  4091 I PowerUI : BATTERY_HEALTH_CHECK / batteryHealth : 2 / wirelessOverheat : false
11-24 11:51:58.440  2907  2907 E PocketModeEvent: PocketModeSetting is off 
11-24 11:51:58.440  2907  2907 D AdaptiveBrightnessLongtermModelBuilder[0]: Received android.intent.action.BATTERY_CHANGED
11-24 11:51:58.440  2907  6652 D KNOX_MDM_SettingsProvider: isChangeAllowed() : name = key_sleep_charging
11-24 11:51:58.440  2907  6652 D KNOX_MDM_SettingsProvider: edmUri: content://com.sec.knox.provider/RestrictionPolicy3
11-24 11:51:58.440  2907  6652 D KNOX_MDM_SettingsProvider: projectionArgs: isSettingsChangesAllowed
11-24 11:51:58.440  2907  6652 D KNOX_MDM_SettingsProvider: selectionArgs: false
11-24 11:51:58.440  2907  6652 D KNOX_MDM_SettingsProvider: selectionArgs: 10048
11-24 11:51:58.440  2907  6652 D SecContentProvider: query(), uri = 17 selection = isSettingsChangesAllowed
11-24 11:51:58.440  2907  6652 D SecContentProvider: called from android.uid.systemui:10048
11-24 11:51:58.440  2907  6652 D RestrictionPolicy: isSettingsChangesAllowedAsUser, userId 0 : true
11-24 11:51:58.440  2907  6652 D KNOX_MDM_SettingsProvider: ret = 1
11-24 11:51:58.440  2907  2907 D SemInsManager: Disconnected to charger
11-24 11:51:58.440  2907  2907 D SemWifiApIntentHandler: rcvd:android.intent.action.BATTERY_LEVEL_CHANGED
11-24 11:51:58.440  2907  6652 D KNOX_MDM_SettingsProvider: isChangeAllowed() : name = sleep_charging_finish_time
11-24 11:51:58.440  2907  6652 D KNOX_MDM_SettingsProvider: edmUri: content://com.sec.knox.provider/RestrictionPolicy3
11-24 11:51:58.440  2907  6652 D KNOX_MDM_SettingsProvider: projectionArgs: isSettingsChangesAllowed
11-24 11:51:58.440  2907  6652 D KNOX_MDM_SettingsProvider: selectionArgs: false
11-24 11:51:58.440  2907  6652 D KNOX_MDM_SettingsProvider: selectionArgs: 10048
11-24 11:51:58.440  2907  6652 D SecContentProvider: query(), uri = 17 selection = isSettingsChangesAllowed
11-24 11:51:58.440  2907  6652 D SecContentProvider: called from android.uid.systemui:10048
11-24 11:51:58.440  2907  6652 D RestrictionPolicy: isSettingsChangesAllowedAsUser, userId 0 : true
11-24 11:51:58.440  2907  6652 D KNOX_MDM_SettingsProvider: ret = 1
11-24 11:51:58.441  4063  4063 D SemBigDataInfoController: Intent: android.intent.action.BATTERY_CHANGED
11-24 11:51:58.441  4091  4091 D PowerUI : Skip charging animation - by Plug reason
11-24 11:51:58.441  4091  4091 D PowerUI : Skip charging sound & vibrate - by Plug reason
11-24 11:51:58.441  4091  4091 D PowerUI : oldMisalign : false, curMisalign : false
11-24 11:51:58.441  4063  4063 D SemBigDataInfoController: Intent: android.intent.action.BATTERY_CHANGED
11-24 11:51:58.441  6784  6784 I [SCPMV2][SystemMonitorReceiver]: onReceive: android.intent.action.BATTERY_CHANGED
11-24 11:51:58.441  2907  6652 D KNOX_MDM_SettingsProvider: isChangeAllowed() : name = ltc_highsoc_exceed_time
11-24 11:51:58.441  2907  6652 D KNOX_MDM_SettingsProvider: edmUri: content://com.sec.knox.provider/RestrictionPolicy3
11-24 11:51:58.441  2907  6652 D KNOX_MDM_SettingsProvider: projectionArgs: isSettingsChangesAllowed
11-24 11:51:58.441  2907  6652 D KNOX_MDM_SettingsProvider: selectionArgs: false
11-24 11:51:58.441  2907  6652 D KNOX_MDM_SettingsProvider: selectionArgs: 10048
11-24 11:51:58.442  2907  6652 D SecContentProvider: query(), uri = 17 selection = isSettingsChangesAllowed
11-24 11:51:58.442  2907  6652 D SecContentProvider: called from android.uid.systemui:10048
11-24 11:51:58.442  2907  6652 D RestrictionPolicy: isSettingsChangesAllowedAsUser, userId 0 : true
11-24 11:51:58.442  2907  6652 D KNOX_MDM_SettingsProvider: ret = 1
11-24 11:51:58.442 11946 11946 I SDHMS:RutCore: Current options : ScreenBrightness(90), sScreenResolutionLevel(1), PerformanceRestricted, DataRestricted(PSM), AOD(Off), DarkMode, 
11-24 11:51:58.442 11946 11946 I SDHMS:RutCore: PSM gain = 114 -> Default(101), Brightness(4), Resolution(0), PerfRestrict(3), DarkMode(6), 
11-24 11:51:58.442 11946 11946 I SDHMS:RutCore: UPSM gain = 258 -> Default(245), Brightness(4), Resolution(0), PerfRestrict(3), DarkMode(6), 
11-24 11:51:58.444  4091  4091 D SamsungBatteryMeterDrawable: onBatteryLevelChanged isSomethingChanged: true
11-24 11:51:58.444  4091  4091 D SamsungBatteryMeterDrawable: onBatteryLevelChanged isSomethingChanged: true
11-24 11:51:58.444  4091  4091 D SamsungBatteryMeterDrawable: onBatteryLevelChanged isSomethingChanged: true
11-24 11:51:58.444  4091  4091 D SamsungBatteryMeterDrawable: onBatteryLevelChanged isSomethingChanged: true
11-24 11:51:58.444  4091  4091 D KeyguardUpdateMonitor: handleBatteryUpdate
11-24 11:51:58.444  4091  4091 D KeyguardSecIndicationController: addTrustAgentHelp false
11-24 11:51:58.445  4091  4091 D KeyguardSecIndicationPolicy:  remove Item pos = DEFAULT, type =     TRUST_AGENT_HELP
11-24 11:51:58.445  4091  4091 D KeyguardSecIndicationController: addUsbRestriction false/isSecure=true
11-24 11:51:58.445  4091  4091 D KeyguardSecIndicationPolicy:  remove Item pos = DEFAULT, type =      USB_RESTRICTION
11-24 11:51:58.445  4091  4091 D KeyguardSecIndicationController: addBatteryAndOwnerInfoIndication() battery status = BatteryStatus{status=3,level=69,plugged=0,chargingStatus=0,maxChargingWattage=-1,remaining=-1ultraFastCharger=0}
11-24 11:51:58.445  4091  4091 D KeyguardSecIndicationPolicy:  remove Item pos = DEFAULT, type =              BATTERY
11-24 11:51:58.445  4091  4091 D KeyguardSecIndicationPolicy:  remove Item pos = DEFAULT, type =      BATTERY_RESTING
11-24 11:51:58.453  1820  1820 D Zygote  : Forked child process 11869
11-24 11:51:58.453  2907  3108 I ActivityManager: Start proc 11869:com.google.android.apps.turbo/u0a269 for broadcast {com.google.android.apps.turbo/com.google.android.apps.turbo.nudges.broadcasts.BatteryStatusChangedReceiver}
11-24 11:51:58.453  2907  3108 I ActivityManager: ProcessObserver broadcast disabled
11-24 11:51:58.461  4091  4091 I SecKeyguardClockPositionAlgorithm: prepareClockContainerHeightChanging:
11-24 11:51:58.461  4091  4091 I PluginFaceWidgetManager: isEditMode = false
11-24 11:51:58.461  4091  4091 I NowBarItemManager: getVisibleList isScreenTurnedOn = false / aodShowState false shouldControlScreenOff false visibleList size = 0
11-24 11:51:58.462  4091  4091 I SecKeyguardClockPositionAlgorithm: prepareClockContainerHeightChanging:
11-24 11:51:58.462  4091  4091 I PluginFaceWidgetManager: isEditMode = false
11-24 11:51:58.462  4091  4091 I NowBarItemManager: getVisibleList isScreenTurnedOn = false / aodShowState false shouldControlScreenOff false visibleList size = 0
11-24 11:51:58.462  4091  4091 W View    : requestLayout() improperly called by com.android.systemui.qs.SecQSGradationDrawableView{59921a5 V.E...... ......I. 0,0-1080,310 #7f0a0a16 app:id/qs_gradation_view} during layout: running second layout pass
11-24 11:51:58.462  4091  4091 W View    : requestLayout() improperly called by android.widget.FrameLayout{511c97a V.E...... ......I. 0,0-1080,2340 #2} during layout: running second layout pass
11-24 11:51:58.462  4091  4091 W View    : requestLayout() improperly called by android.widget.FrameLayout{252252b V.E...... ......I. 0,148-1080,2214 #7f0a0a14 app:id/qs_frame} during layout: running second layout pass
11-24 11:51:58.462  4091  4091 I SecKeyguardClockPositionAlgorithm: prepareClockContainerHeightChanging:
11-24 11:51:58.462  4091  4091 I PluginFaceWidgetManager: isEditMode = false
11-24 11:51:58.462  4091  4091 I NowBarItemManager: getVisibleList isScreenTurnedOn = false / aodShowState false shouldControlScreenOff false visibleList size = 0
11-24 11:51:58.462  4091  4091 I SecKeyguardClockPositionAlgorithm: prepareClockContainerHeightChanging:
11-24 11:51:58.462  4091  4091 I PluginFaceWidgetManager: isEditMode = false
11-24 11:51:58.462  4091  4091 I NowBarItemManager: getVisibleList isScreenTurnedOn = false / aodShowState false shouldControlScreenOff false visibleList size = 0
11-24 11:51:58.473 11869 11869 I roid.apps.turbo: Using CollectorTypeCMC GC.
11-24 11:51:58.475 11869 11869 E roid.apps.turbo: Not starting debugger since process cannot load the jdwp agent.
11-24 11:51:58.477 11869 11869 D nativeloader: Load libframework-connectivity-tiramisu-jni.so using APEX ns com_android_tethering for caller /apex/com.android.tethering/javalib/framework-connectivity-t.jar: ok
11-24 11:51:58.480 11869 11869 D ActivityThread: setConscryptValidator
11-24 11:51:58.480 11869 11869 D ActivityThread: setConscryptValidator - put
11-24 11:51:58.485  5606  5674 V OsAgent : broadcastSystemEvent - 7
11-24 11:51:58.486 11869 11869 D CompatChangeReporter: Compat change id reported: 242716250; UID 10269; state: ENABLED
11-24 11:51:58.489 11869 11869 D ApplicationLoaders: Returning zygote-cached class loader: /system/framework/org.apache.http.legacy.jar
11-24 11:51:58.489 11869 11869 D ApplicationLoaders: Returning zygote-cached class loader: /system_ext/framework/androidx.window.extensions.jar
11-24 11:51:58.489 11869 11869 D ApplicationLoaders: Returning zygote-cached class loader: /system_ext/framework/androidx.window.sidecar.jar
11-24 11:51:58.498 11869 11869 D nativeloader: InitLlndkLibrariesProduct: libEGL.so:libGLESv1_CM.so:libGLESv2.so:libGLESv3.so:libRS.so:libandroid_net.so:libapexsupport.so:libavf.so:libbinder_ndk.so:libc.so:libcgrouprc.so:libclang_rt.asan-aarch64-android.so:libclang_rt.hwasan-aarch64-android.so:libcom.android.tethering.connectivity_native.so:libdl.so:libft2.so:liblog.so:libm.so:libmediandk.so:libnativewindow.so:libneuralnetworks.so:libselinux.so:libsync.so:libvendorsupport.so:libvndksupport.so:libvulkan.so
11-24 11:51:58.498 11869 11869 D nativeloader: Configuring product-clns-9 for unbundled product apk /product/priv-app/Turbo/Turbo.apk. target_sdk_version=34, uses_libraries=, library_path=/product/priv-app/Turbo/lib/arm64:/product/priv-app/Turbo/Turbo.apk!/lib/arm64-v8a:/product/lib64:/system/product/lib64, permitted_path=/data:/mnt/expand:/data/user/0/com.google.android.apps.turbo:/product/lib64:/system/product/lib64
11-24 11:51:58.498 11869 11869 D nativeloader: InitVndkspLibrariesProduct: VNDK is deprecated with product
11-24 11:51:58.505 11869 11869 V GraphicsEnvironment: Currently set values for:
11-24 11:51:58.505 11869 11869 V GraphicsEnvironment:   angle_gl_driver_selection_pkgs=[]
11-24 11:51:58.505 11869 11869 V GraphicsEnvironment:   angle_gl_driver_selection_values=[]
11-24 11:51:58.505 11869 11869 V GraphicsEnvironment: com.google.android.apps.turbo is not listed in per-application setting
11-24 11:51:58.505 11869 11869 V GraphicsEnvironment: ANGLE allowlist from config: 
11-24 11:51:58.505 11869 11869 V GraphicsEnvironment: com.google.android.apps.turbo is not listed in ANGLE allowlist or settings, returning default
11-24 11:51:58.523 11869 11869 W Turbo.TurboApplication: Going to the application!
11-24 11:51:58.524  2907  4205 I ActivityManager: Changes in 10269 19 to 11, 0 to 128
11-24 11:51:58.525  2907  6652 I ActivityManager: Changes in 10269 11 to 19, 128 to 0
11-24 11:51:58.546  2054  2096 E HeatmapThread: ECT Thread time in milliseconds: 1764003118
11-24 11:51:58.547  2054  2096 D HeatmapThread: !@ batteryplugType : 0
11-24 11:51:58.548  2054  2096 D HeatmapThread: !@ batteryLevel : 69  batteryTemperature : 341 
11-24 11:51:58.548  2054  2096 D HeatmapThread: !@ Heatmap currtime: 29400051
11-24 11:51:58.548  2054  2096 D HeatmapThread: !@ Heatmap prevtime: 29400049
11-24 11:51:58.548  2054  2096 D HeatmapThread: !@ Heatmap plugstarttime: 35791394
11-24 11:51:58.548  2054  2096 D HeatmapThread: !@ Heatmap prevv_dsoh_update_time: 29399524
11-24 11:51:58.548  2054  2096 E HeatmapThread: !@ CAM New BSOH: 100
11-24 11:51:58.806  4331  4979 I EPDG -- SIM0 [SMARTWIFI]: isProfiling, hash=13743432, started=true
11-24 11:51:58.806  4331  4979 I EPDG -- SIM0 [SMARTWIFI]: isWifiRssiLessOrEqualsHandoverThreshold: received rssi is: -71 handover threshold is: -85
11-24 11:51:58.806  4331  4979 I EPDG -- SIM0 [SMARTWIFI]: isProfiling, hash=13743432, started=true
11-24 11:51:58.806  4331  4979 I EPDG -- SIM0 [SMARTWIFI]: Rssi : -71 highrange : -71 lowrange : -80 mIsRssiInHystersis : true
11-24 11:51:58.953  1123  1123 D io_stats: !@   8,0 r 1061124867 7512098676 w 22165249 417627408 d 1610666 361730492 f 263710 1232652 iot 31121916 0 th 0 0 0 pt 0 inp 0 0 162594.855
11-24 11:51:58.953  1123  1123 D io_stats: !@ Read_top(KB): binder:2453_2:normal(2453) 695604 roid.apps.turbo:high(11869) 5332 MainThread:low(6554) 1740
11-24 11:51:58.953  1123  1123 D io_stats: !@ Write_top(KB): kworker/7:1:/(9894) 612 f2fs_ckpt-254:6:/(1586) 524 kworker/u18:1:/(13192) 88
11-24 11:51:59.008  2907  3139 D MARsPolicyManager: triggerAction called!
11-24 11:51:59.008  2907  3139 I NSLocationMonitor: getGPSUsingApps() called
11-24 11:51:59.008  5270 19222 I NSLocationManager_FLP: getGPSUsingApps, No change
11-24 11:51:59.009  2907  3139 W Binder  : Outgoing transactions from this process must be FLAG_ONEWAY
11-24 11:51:59.009  2907  3139 W Binder  : java.lang.Throwable
11-24 11:51:59.009  2907  3139 W Binder  : 	at android.os.BinderProxy.transact(BinderProxy.java:566)
11-24 11:51:59.009  2907  3139 W Binder  : 	at android.bluetooth.IBluetoothGatt$Stub$Proxy.getAdvertisingSetUids(IBluetoothGatt.java:1678)
11-24 11:51:59.009  2907  3139 W Binder  : 	at android.bluetooth.BluetoothAdapter.getAdvertisingSetUids(BluetoothAdapter.java:8476)
11-24 11:51:59.009  2907  3139 W Binder  : 	at android.bluetooth.BluetoothAdapter.getHWUsingApps(BluetoothAdapter.java:1342)
11-24 11:51:59.009  2907  3139 W Binder  : 	at com.android.server.am.mars.filter.filter.BlueToothConnectedFilter.updateBTUsingPackages(qb/102426799 98834f38e400f7c4037d609216d0ed02a5d35d0fe72ebb2edd6c44271c6e369b:22)
