11-24 11:51:59.009  2907  3139 W Binder  : 	at com.android.server.am.MARsPolicyManager.triggerAction(qb/102426799 98834f38e400f7c4037d609216d0ed02a5d35d0fe72ebb2edd6c44271c6e369b:96)
11-24 11:51:59.009  2907  3139 W Binder  : 	at com.android.server.am.MARsHandler$MainHandler.handleMessage(qb/102426799 98834f38e400f7c4037d609216d0ed02a5d35d0fe72ebb2edd6c44271c6e369b:1830)
11-24 11:51:59.009  2907  3139 W Binder  : 	at android.os.Handler.dispatchMessage(Handler.java:110)
11-24 11:51:59.009  2907  3139 W Binder  : 	at android.os.Looper.loopOnce(Looper.java:273)
11-24 11:51:59.009  2907  3139 W Binder  : 	at android.os.Looper.loop(Looper.java:363)
11-24 11:51:59.009  2907  3139 W Binder  : 	at com.android.server.am.MARsHandler$MainThread.run(qb/102426799 98834f38e400f7c4037d609216d0ed02a5d35d0fe72ebb2edd6c44271c6e369b:27)
11-24 11:51:59.010  2907  3139 D MARs:ActiveTrafficFilter: filter : com.whatsapp(0)
11-24 11:51:59.010  2907  3139 D MARs:ActiveTrafficFilter: filter : com.microsoft.emmx(0)
11-24 11:51:59.015  2907  4205 E KernelCpuUidFullTimeReader: Negative delta from freq time for uid: 90068, delta: -20
11-24 11:51:59.015  2907  4205 D CustomizedBinderCallsStatsInternal: reportCpuUsage() : 1%
11-24 11:51:59.015  2907  3106 I BinderCallsStats: Collected cpu time : 469us, collected call count : 7860 for 346359 ms
11-24 11:51:59.016  2907  4205 D ProcessCpuUsage: [0] 1930, {556=16610, 748=2590, 960=1480, 1152=960, 1363=6790, 1555=1780, 1785=800, 1996=490, 2227=5310, 2400=420, 2745=6760, 2918=100, 3072=850, 3532=15110}
11-24 11:51:59.016  2907  4205 D ProcessCpuUsage: [6] 2041, {1017=36220, 1689=110, 1958=1370, 2246=4260, 2841=2680, 3283=500, 3840=630, 4089=230, 4281=10060, 4473=3840}
11-24 11:51:59.047  1917 27802 I sensors-hal: handle_sns_client_event:379, [0][170427] accel_sample [ 0.652, -7.307, -0.736] 238134079970484
11-24 11:51:59.546  2054  2096 E HeatmapThread: ECT Thread time in milliseconds: 1764003119
11-24 11:51:59.548  2054  2096 D HeatmapThread: !@ batteryplugType : 0
11-24 11:51:59.548  2054  2096 D HeatmapThread: !@ batteryLevel : 69  batteryTemperature : 341 
11-24 11:51:59.548  2054  2096 D HeatmapThread: !@ Heatmap currtime: 29400051
11-24 11:51:59.548  2054  2096 D HeatmapThread: !@ Heatmap prevtime: 29400049
11-24 11:51:59.548  2054  2096 D HeatmapThread: !@ Heatmap plugstarttime: 35791394
11-24 11:51:59.548  2054  2096 D HeatmapThread: !@ Heatmap prevv_dsoh_update_time: 29399524
11-24 11:51:59.548  2054  2096 E HeatmapThread: !@ CAM New BSOH: 100
11-24 11:52:00.231  2419  2419 I CNSS    : /sys/wifi/max_chipset_log_size doesn't exist
11-24 11:52:00.546  2054  2096 E HeatmapThread: ECT Thread time in milliseconds: 1764003120
11-24 11:52:00.548  2054  2096 D HeatmapThread: !@ batteryplugType : 0
11-24 11:52:00.548  2054  2096 D HeatmapThread: !@ batteryLevel : 69  batteryTemperature : 341 
11-24 11:52:00.548  2054  2096 D HeatmapThread: !@ Heatmap currtime: 29400052
11-24 11:52:00.548  2054  2096 D HeatmapThread: !@ Heatmap prevtime: 29400049
11-24 11:52:00.548  2054  2096 D HeatmapThread: !@ Heatmap plugstarttime: 35791394
11-24 11:52:00.548  2054  2096 D HeatmapThread: !@ Heatmap prevv_dsoh_update_time: 29399524
11-24 11:52:00.548  2054  2096 E HeatmapThread: !@ CAM New BSOH: 100
11-24 11:52:00.788 28243 28243 I crond   : (u0_a739) WRONG FILE OWNER (/data/data/com.termux/files/usr/var/spool/cron/u0_a739)
11-24 11:52:00.790 11890 11890 I CROND   : (u0_a364) CMD (bash -c "rm ~/storage/shared/heart/theart,txt")
11-24 11:52:00.790 11891 11891 I CROND   : (u0_a364) CMD (bash -c "touch ~/storage/shared/heart/theart,txt")
11-24 11:52:00.826 11889 11889 I CROND   : (u0_a364) CMDOUT (touch: setting times of '/data/data/com.termux/files/home/storage/shared/heart/theart,txt': No such file or directory)
11-24 11:52:00.826 11888 11888 I CROND   : (u0_a364) CMDEND (bash -c "rm ~/storage/shared/heart/theart,txt")
11-24 11:52:00.827 11889 11889 I CROND   : (u0_a364) CMDEND (bash -c "touch ~/storage/shared/heart/theart,txt")
11-24 11:52:00.833  2907  3935 I SemWifiServiceDetector: Service det. resumed: T / T / 27004
11-24 11:52:00.953  1123  1123 D io_stats: !@   8,0 r 1061192252 7512395504 w 22165249 417627408 d 1610746 361732600 f 263710 1232652 iot 31123312 0 th 0 0 0 pt 0 inp 0 0 162596.856
11-24 11:52:01.005  2036  2036 I SSC_DAEMON: handleSensorTestReqMsg:88, Sensor type :14, Msg type:15
11-24 11:52:01.005  2036  2036 I SSC_DAEMON: sns_device_mode_event_send:47, DEVICE_MODE type: 62, state: open
11-24 11:52:01.007  2036  2036 I factory.ssc: vendor/qcom/proprietary/adsprpc/src/fastrpc_apps_user.c:1800: remote_handle64_open: opened handle 0x102 (remote 0x0) for '":;./\createstaticpd:sensorspd&_dom=adsp on domain 0 (spawn time 0 us, load time 0 us), refs 0
11-24 11:52:01.009  2036 11897 I factory.ssc: vendor/qcom/proprietary/adsprpc/src/listener_android.c:119: listener thread starting
11-24 11:52:01.010  2036  2036 I factory.ssc: vendor/qcom/proprietary/adsprpc/src/fastrpc_perf.c:292: fastrpc_perf_init: enabled systrace 0x0 and RPC traces (kernel 0, dsp 0) with frequency 1000
11-24 11:52:01.010  2036  2036 I factory.ssc: vendor/qcom/proprietary/adsprpc/src/fastrpc_apps_user.c:2332: Info: remote_get_info capability of attribute 129 for domain 0 is 1
11-24 11:52:01.010  2036 11906 I factory.ssc: vendor/qcom/proprietary/adsprpc/src/log_config.c:360: file_watcher_thread starting for domain 0
11-24 11:52:01.010  2036 11906 W factory.ssc: vendor/qcom/proprietary/adsprpc/src/log_config.c:380:file_watcher_thread: Couldn't find file factory.ssc.farf, errno (No such file or directory) at ;/vendor/lib64/rfs/dsp;/vendor/lib/rfsa/adsp;/vendor/lib/rfsa/dsp;/vendor/dsp;
11-24 11:52:01.012  2036 11897 I factory.ssc: vendor/qcom/proprietary/adsprpc/src/mod_table.c:701: open_mod_table_open_from_static: reverse module apps_std opened with handle 0xde7fc3e8 (idx 0)
11-24 11:52:01.012  2036 11897 D factory.ssc: vendor/qcom/proprietary/adsprpc/src/apps_std_imp.c:382: apps_std_fopen_fd done for ./libsns_device_mode_skel.so with       fopen:226us, read:0us, rpc_alloc:0us,       mmap:0us fd 0x0 error_code 0x2
11-24 11:52:01.012  2036 11897 D factory.ssc: vendor/qcom/proprietary/adsprpc/src/apps_std_imp.c:382: apps_std_fopen_fd done for ./libsns_device_mode_skel.so with       fopen:1us, read:0us, rpc_alloc:0us,       mmap:0us fd 0x0 error_code 0x2
11-24 11:52:01.012  2036 11897 D factory.ssc: vendor/qcom/proprietary/adsprpc/src/apps_std_imp.c:382: apps_std_fopen_fd done for /vendor/lib64/rfs/dsp/adsp/./libsns_device_mode_skel.so with       fopen:2us, read:0us, rpc_alloc:0us,       mmap:0us fd 0x0 error_code 0x2
11-24 11:52:01.012  2036 11897 D factory.ssc: vendor/qcom/proprietary/adsprpc/src/apps_std_imp.c:382: apps_std_fopen_fd done for /vendor/lib64/rfs/dsp/./libsns_device_mode_skel.so with       fopen:2us, read:0us, rpc_alloc:0us,       mmap:0us fd 0x0 error_code 0x2
11-24 11:52:01.012  2036 11897 D factory.ssc: vendor/qcom/proprietary/adsprpc/src/apps_std_imp.c:382: apps_std_fopen_fd done for /vendor/lib/rfsa/adsp/adsp/./libsns_device_mode_skel.so with       fopen:1us, read:0us, rpc_alloc:0us,       mmap:0us fd 0x0 error_code 0x2
11-24 11:52:01.012  2036 11897 D factory.ssc: vendor/qcom/proprietary/adsprpc/src/apps_std_imp.c:382: apps_std_fopen_fd done for /vendor/lib/rfsa/adsp/./libsns_device_mode_skel.so with       fopen:2us, read:0us, rpc_alloc:0us,       mmap:0us fd 0x0 error_code 0x2
11-24 11:52:01.012  2036 11897 D factory.ssc: vendor/qcom/proprietary/adsprpc/src/apps_std_imp.c:382: apps_std_fopen_fd done for /vendor/lib/rfsa/dsp/adsp/./libsns_device_mode_skel.so with       fopen:1us, read:0us, rpc_alloc:0us,       mmap:0us fd 0x0 error_code 0x2
11-24 11:52:01.013  2036 11897 D factory.ssc: vendor/qcom/proprietary/adsprpc/src/apps_std_imp.c:382: apps_std_fopen_fd done for /vendor/lib/rfsa/dsp/./libsns_device_mode_skel.so with       fopen:1us, read:0us, rpc_alloc:0us,       mmap:0us fd 0x0 error_code 0x2
11-24 11:52:01.014  2036 11897 D factory.ssc: vendor/qcom/proprietary/adsprpc/src/apps_std_imp.c:382: apps_std_fopen_fd done for /vendor/dsp/adsp/./libsns_device_mode_skel.so with       fopen:19us, read:138us, rpc_alloc:323us,       mmap:621us fd 0x1a error_code 0x0
11-24 11:52:01.014  2036 11897 I factory.ssc: vendor/qcom/proprietary/adsprpc/src/apps_std_imp.c:1133: Successfully opened file /vendor/dsp/adsp/./libsns_device_mode_skel.so
11-24 11:52:01.015  2036  2036 I factory.ssc: vendor/qcom/proprietary/adsprpc/src/fastrpc_apps_user.c:1800: remote_handle64_open: opened handle 0xb40000798bc32a90 (remote 0xb3a8e940) for file:///libsns_device_mode_skel.so?sns_device_mode_skel_handle_invoke&_modver=1.0&_dom=adsp on domain 0 (spawn time 2043 us, load time 5599 us), refs 1
11-24 11:52:01.016  2036  2036 E SSC_DAEMON: sns_device_mode_event_send:83, Device mode=62, state=1, ret=0
11-24 11:52:01.016  2036  2036 I factory.ssc: vendor/qcom/proprietary/adsprpc/src/fastrpc_apps_user.c:3504: domain_deinit for domain 0: dev 19
11-24 11:52:01.017  2036 11906 W factory.ssc: vendor/qcom/proprietary/adsprpc/src/log_config.c:394:Warning: file_watcher_thread received exit for domain 0, file factory.ssc.farf
11-24 11:52:01.017  2036 11906 I factory.ssc: vendor/qcom/proprietary/adsprpc/src/log_config.c:446: file_watcher_thread exiting for domain 0
11-24 11:52:01.021  2036  2036 I factory.ssc: vendor/qcom/proprietary/adsprpc/src/mod_table.c:792: open_mod_table_close: closed reverse module apps_std with handle 0xde7fc3e8
11-24 11:52:01.021  2036  2036 I factory.ssc: vendor/qcom/proprietary/adsprpc/src/fastrpc_apps_user.c:3706: close_device_node: closed dev 19 on domain 0
11-24 11:52:01.021  2036  2036 I factory.ssc: vendor/qcom/proprietary/adsprpc/src/fastrpc_apps_user.c:3548: domain_deinit: closed device 19 on domain 0 (kill time 238 us)
11-24 11:52:01.021  2036  2036 I factory.ssc: vendor/qcom/proprietary/adsprpc/src/fastrpc_apps_user.c:1920: remote_handle64_close: closed handle 0xb40000798bc32a90 remote handle 0xb3a8e940 name libsns_device_mode_skel.so, refs 0 domain 0
11-24 11:52:01.021  2036  2036 I factory.ssc: vendor/qcom/proprietary/adsprpc/src/fastrpc_apps_user.c:1688: List of open handles on domain 0:
11-24 11:52:01.046  1917 27802 I sensors-hal: handle_sns_client_event:379, [0][170520] accel_sample [-0.263, -13.576,  0.539] 238136090952567
11-24 11:52:01.546  2054  2096 E HeatmapThread: ECT Thread time in milliseconds: 1764003121
11-24 11:52:01.548  2054  2096 D HeatmapThread: !@ batteryplugType : 0
11-24 11:52:01.548  2054  2096 D HeatmapThread: !@ batteryLevel : 69  batteryTemperature : 341 
11-24 11:52:01.548  2054  2096 D HeatmapThread: !@ Heatmap currtime: 29400052
11-24 11:52:01.548  2054  2096 D HeatmapThread: !@ Heatmap prevtime: 29400049
11-24 11:52:01.548  2054  2096 D HeatmapThread: !@ Heatmap plugstarttime: 35791394
11-24 11:52:01.548  2054  2096 D HeatmapThread: !@ Heatmap prevv_dsoh_update_time: 29399524
11-24 11:52:01.548  2054  2096 E HeatmapThread: !@ CAM New BSOH: 100
11-24 11:52:01.644  2907  2907 D SemWifiEleStateTracker: onSensorChanged mTotalStepCount : 5616
11-24 11:52:01.748  1123  1133 D io_stats: !@ cpu boost: status(ON), traffic_level(1), io_cpus(0xfc), boosted_cpus(0xff), set_freq(2000000)
11-24 11:52:01.819  4331  4979 I EPDG -- SIM0 [SMARTWIFI]: isProfiling, hash=13743432, started=true
11-24 11:52:01.819  4331  4979 I EPDG -- SIM0 [SMARTWIFI]: isWifiRssiLessOrEqualsHandoverThreshold: received rssi is: -71 handover threshold is: -85
11-24 11:52:01.819  4331  4979 I EPDG -- SIM0 [SMARTWIFI]: isProfiling, hash=13743432, started=true
11-24 11:52:01.819  4331  4979 I EPDG -- SIM0 [SMARTWIFI]: Rssi : -71 highrange : -71 lowrange : -80 mIsRssiInHystersis : true
11-24 11:52:02.010  2907  3104 E Watchdog: !@Sync: 5412 heap(MB): 217 / 259 FD: 1574 [2025-11-24 11:52:02.010]
11-24 11:52:02.242  1917  3823 I sensors-hal: qsh_conn_event_cb:927, event[0] sensor:activities  Wakeup, msg_id=1025, ts=4572358757205
11-24 11:52:02.242  1917  3823 I sensors-hal: handle_sns_client_event:57, activities_event: msgid:1025
11-24 11:52:02.242  1917  3823 I sensors-hal: handle_sns_client_event:67, activities_event index 1 number 1 total 10
11-24 11:52:02.242  1917  3823 I sensors-hal: submit_data:121, Activities 0.000000 ts 4572358757205
11-24 11:52:02.242  1917  3823 I sensors-hal: insert_awaking_events:873, smp2p_event, 16.activities, msgid:1025026
11-24 11:52:02.243  2907  3825 D SensorService: setSContextDataLocked ints length 3 , byte length 5
11-24 11:52:02.243  2907  3825 D SensorService: setSContextDataLocked 34100ec1
11-24 11:52:02.243  1917  1917 I sensors-hal: inject_sensor_data:412, handle 1502 send inject
11-24 11:52:02.243  1917  1917 I sensors-hal: sendContextData:303, sensor hal 5, (0xc1, 0xe, 0x10, 0x34)
11-24 11:52:02.243  1917  1917 I sensors-hal: sendContextData:206, activities 5 c1, 1
11-24 11:52:02.243  1917  1917 I sensors-hal: sendUserData:227, Activities cmd 0xc1 0xe
11-24 11:52:02.243  1917  1917 I sensors-hal: sendUserData:241, Activities system time h 16 m 52 s 2
11-24 11:52:02.243  1917  1917 I sensors-hal: create_send_context_data:45, sending create_send_context_data
11-24 11:52:02.243  1917  1917 I sensors-hal: send_context_data:701, activities, 4914309220830019584, 1320970896291267344, msgid:700
11-24 11:52:02.243  1917  1917 I sensors-hal: save_screen_data:449, no screen data, skip~~
11-24 11:52:02.243  1917  1917 I sensors-hal: sendContextData:124, common_info 5
11-24 11:52:02.243  1917  1917 I sensors-hal: sendUserData:147, CommonInfo 0xc1 0xe 0x10 0x34
11-24 11:52:02.243  1917  1917 I sensors-hal: create_send_context_data:70, sending create_send_context_data
11-24 11:52:02.243  1917  1917 I sensors-hal: send_context_data:701, common_info, 4914309147815575552, 1320970896291267344, msgid:700
11-24 11:52:02.243  2907  3821 D CAE     : onGetSensorHubData(SensorHubParserProvider.java:92) - onGetSensorHubData Event [event buffer len :10], AP_SLEEP
11-24 11:52:02.243  2907  3821 I CAE     : parse(SensorHubParserProvider.java:188) - buffer size = 10
11-24 11:52:02.243  2907  3821 I CAE     : parse(SensorHubParserProvider.java:199) - 1, 1, 26, 2, 3, -98, -117, 37, 2, 2,
11-24 11:52:02.243  1917  3823 I sensors-hal: qsh_conn_resp_cb:972, resp_value = 0 for activities 
11-24 11:52:02.243  1917  3823 I sensors-hal: qsh_conn_resp_cb:972, resp_value = 0 for common_info 
11-24 11:52:02.244  2907  3821 D CAE     : display(ContextProvider.java:375) - ================= ACTIVITY_TRACKER_INTERRUPT =================
11-24 11:52:02.244  2907  3821 I CAE     : display(ContextProvider.java:391) - Accuracy=[2], OperationMode=[1], ActivityType=[2], TimeStamp=[1764003121957]
11-24 11:52:02.244  2907  3818 D SemContextService: Service.updateContext() : service = Activity Notification
11-24 11:52:02.244  2907  2907 D SemContextManager: onSemContextChanged() : event = Activity Notification
11-24 11:52:02.244  2907  6912 D SemContextManager: onSemContextChanged() : event = Activity Notification
11-24 11:52:02.244  2907  2907 I SemWifiLinkQualityMonitor: Sensor registration based on context
11-24 11:52:02.244  2907  2907 D SemContextManager: onSemContextChanged() : event = Activity Notification
11-24 11:52:02.244  2907  2907 I SemWifiIntelligentConnectionManager: Context change: 1764003121957 / 2 / 2
11-24 11:52:02.245  2907  6912 W ContextImpl: Calling a method in the system process without a qualified user: android.app.ContextImpl.sendBroadcast:1335 com.samsung.android.mocca.app.base.SemContextProvider.reportActivityNotificationEvent:209 com.samsung.android.mocca.app.base.SemContextProvider.lambda$new$3:34 com.samsung.android.mocca.app.base.SemContextProvider.a:0 x.i.onSemContextChanged:2 
11-24 11:52:02.246   491   491 I [CE]_ContextEngineReceiver: onReceive - ContextEngineReceiver onReceive action : com.samsung.android.mocca.ACTION_MOBILE_ACTIVITY_NOTIFICATION_EVENT
11-24 11:52:02.246   491   491 I [CE]_ContextEngineReceiver: onReceive - ActivityDataManager intent : com.samsung.android.mocca.ACTION_MOBILE_ACTIVITY_NOTIFICATION_EVENT
11-24 11:52:02.247   491   491 I [CE]_MovingContextProvider: Phone Activity - event: 2, 2
11-24 11:52:02.415  1919  4028 I WifiHAL : event received NL80211_CMD_VENDOR, vendor_id = 0x1374, subcmd = 0xe2
11-24 11:52:02.416  4033  4033 I wpa_supplicant: nl80211: Vendor event: wiphy=0 vendor_id=0x1374 subcmd=226
11-24 11:52:02.416  2505  2505 I cnss-daemon: nl80211 response handler invoked
11-24 11:52:02.416  2505  2505 I cnss-daemon: nl80211_response_handler: cmd 103, vendorID 4980, subcmd 226  received
11-24 11:52:02.416  2542  4029 D LOWI-9.0.1.112.a: [LOWI-Scan] wait_event:Wait done with Cmd 103
11-24 11:52:02.416  2542  4029 D LOWI-9.0.1.112.a: [LOWI-Scan] do_listen_events: Rcvd valid Netlink Cmd 0 Err 0
11-24 11:52:02.424  4033  4033 E wpa_sslib: Invalid sub roam reason received: 0 for roam reason POOR_RSSI
11-24 11:52:02.438  2907  2907 D SemWifiEleStateTracker: onSensorChanged mTotalStepCount : 5617
11-24 11:52:02.450  4091  4771 I DateTimeView: updateAll - getTimeFormat
11-24 11:52:02.450  4091  4091 D ClockFaceEvents: onTimeTick. callers : com.android.keyguard.ClockEventController$keyguardUpdateMonitorCallback$1.refreshTime:19
11-24 11:52:02.450  4091  4091 D ClockFaceEvents: com.android.keyguard.ClockEventController$keyguardUpdateMonitorCallback$1.onTimeChanged:1
11-24 11:52:02.450  4091  4091 D ClockFaceEvents: com.android.keyguard.KeyguardUpdateMonitor$16.handleMessage:732
11-24 11:52:02.451  4091  4091 D ClockFaceEvents: onTimeTick. callers : com.android.keyguard.ClockEventController$keyguardUpdateMonitorCallback$1.refreshTime:38
11-24 11:52:02.451  4091  4091 D ClockFaceEvents: com.android.keyguard.ClockEventController$keyguardUpdateMonitorCallback$1.onTimeChanged:1
11-24 11:52:02.451  4091  4091 D ClockFaceEvents: com.android.keyguard.KeyguardUpdateMonitor$16.handleMessage:732
11-24 11:52:02.451  4091  4091 D FaceWidgetPagesController: onTimeChanged()
11-24 11:52:02.451  2907  3759 D ActivityManager: Received BROADCAST intent 0x689b234 Key{broadcastIntent pkg=com.google.android.gms/com.google.android.gms.location_base intent=act=com.google.android.location.ALARM_WAKEUP_ACTIVITY_DETECTION xflg=0x4 flags=0x4000000 u=0} requestCode=0 sent=0 from uid 1000
11-24 11:52:02.451  4091  4091 D FaceWidgetPagesController: refreshViews() reason = ON_TIME_TICK, force = false
11-24 11:52:02.451  2907  2907 I EyeComfortSolutionService: action  :  android.intent.action.TIME_TICK
11-24 11:52:02.452  4091  4771 D QSClockBellTower: onReceive(android.intent.action.TIME_TICK) mTimeZoneString:America/New_York
11-24 11:52:02.453  1917  1917 I sensors-hal: set_config:60, sample_period_ns is adjusted to 20000000 based on min/max delay_ns
11-24 11:52:02.453  1917  1917 I sensors-hal: send_sensor_config_request:582, resampler is used, set resampler config
11-24 11:52:02.453  1917  1917 I sensors-hal: send_sync_sensor_request:515, send sync request
11-24 11:52:02.453  1917  1917 I sensors-hal: send_sync_sensor_request:544, wait for notification of response
11-24 11:52:02.454  1917 27802 I sensors-hal: qsh_conn_resp_cb:972, resp_value = 0 for accel 
11-24 11:52:02.454  1917  1917 I sensors-hal: send_sync_sensor_request:550, takes 0 ms to receive the response with 0
11-24 11:52:02.454  1917  1917 I sensors-hal: batch:368, android.sensor.accelerometer/11, period=20000000, max_latency=0 request completed
11-24 11:52:02.454  1917  1917 I sensors-hal: flush:388, android.sensor.accelerometer/11
11-24 11:52:02.454  1917  1917 I sensors-hal: send_sync_sensor_request:515, send sync request
11-24 11:52:02.454  1917  1917 I sensors-hal: send_sync_sensor_request:544, wait for notification of response
11-24 11:52:02.454  1917 27802 I sensors-hal: qsh_conn_resp_cb:972, resp_value = 0 for accel 
11-24 11:52:02.454  1917  1917 I sensors-hal: send_sync_sensor_request:550, takes 0 ms to receive the response with 0
11-24 11:52:02.454  1917  1917 I sensors-hal: flush:394, android.sensor.accelerometer/11 completed
11-24 11:52:02.454 15815 11913 D SensorManager: registerListener :: 11, lsm6dsv_0 Accelerometer Non-wakeup, 20000, 0, 
11-24 11:52:02.455  4091  4091 D QSClockBellTower: He is ready to ring the bell. (((QSClockBellSound - TimeText:11:52, TimeContentDescription:11:52 AM, DateText:Mon, November 24, ShortDateText:Mon, Nov 24, Demo:false)))
11-24 11:52:02.455  4091  4091 D QSClock : StatusBar clock=11:52 notifyTimeChanged(QSClockBellSound - TimeText:11:52, TimeContentDescription:11:52 AM, DateText:Mon, November 24, ShortDateText:Mon, Nov 24, Demo:false) clockVisibleByPolicy=true, clockVisibleByUser=true, visible=false, parent=android.widget.LinearLayout{18782fc V.E...... ......ID 0,0-0,68 #7f0a069b app:id/left_clock_container} caller=com.android.systemui.statusbar.phone.fragment.CollapsedStatusBarFragment.animateHiddenState:96 com.android.systemui.statusbar.phone.fragment.CollapsedStatusBarFragment.updateStatusBarVisibilitiesInner:260 com.android.systemui.statusbar.phone.fragment.CollapsedStatusBarFragment$$ExternalSyntheticLambda1.run:6 com.android.systemui.statusbar.phone.fragment.CollapsedStatusBarFragmentExt.onKeyguardShowingChanged:10 com.android.systemui.statusbar.policy.KeyguardStateControllerImpl$$ExternalSyntheticLambda0.accept:24  
11-24 11:52:02.455  4091  4091 D QSClockBellTower: Everyone heard the bell. run(currentTime:1764003122454, getTime():Mon Nov 24 11:52:02 EST 2025, getTimeZone():libcore.util.ZoneInfo[mDstSavings=3600000,mUseDst=true,mDelegate=[id="America/New_York",mRawOffset=-18000000,mEarliestRawOffset=-17762000,transitions=360]])
11-24 11:52:02.455  1917 27802 I sensors-hal: handle_sns_std_flush_event:840, dt=accel, META_DATA_FLUSH_COMPLETE, _pending_flush_requests=1, _wakeup_type=0
11-24 11:52:02.463  1123  1133 D io_stats: !@ cpu boost: status(ON), traffic_level(1), io_cpus(0xff), boosted_cpus(0xff), set_freq(2000000)
11-24 11:52:02.472  4091  4091 I SecKeyguardClockPositionAlgorithm: prepareClockContainerHeightChanging:
11-24 11:52:02.472  4091  4091 I PluginFaceWidgetManager: isEditMode = false
11-24 11:52:02.472  4091  4091 I NowBarItemManager: getVisibleList isScreenTurnedOn = false / aodShowState false shouldControlScreenOff false visibleList size = 0
11-24 11:52:02.472  4091  4091 I SecKeyguardClockPositionAlgorithm: prepareClockContainerHeightChanging:
11-24 11:52:02.472  4091  4091 I PluginFaceWidgetManager: isEditMode = false
11-24 11:52:02.472  4091  4091 I NowBarItemManager: getVisibleList isScreenTurnedOn = false / aodShowState false shouldControlScreenOff false visibleList size = 0
11-24 11:52:02.546  2054  2096 E HeatmapThread: ECT Thread time in milliseconds: 1764003122
11-24 11:52:02.547  2054  2096 D HeatmapThread: !@ batteryplugType : 0
11-24 11:52:02.547  2054  2096 D HeatmapThread: !@ batteryLevel : 69  batteryTemperature : 341 
11-24 11:52:02.547  2054  2096 D HeatmapThread: !@ Heatmap currtime: 29400052
11-24 11:52:02.547  2054  2096 D HeatmapThread: !@ Heatmap prevtime: 29400049
11-24 11:52:02.547  2054  2096 D HeatmapThread: !@ Heatmap plugstarttime: 35791394
11-24 11:52:02.547  2054  2096 D HeatmapThread: !@ Heatmap prevv_dsoh_update_time: 29399524
11-24 11:52:02.547  2054  2096 E HeatmapThread: !@ CAM New BSOH: 100
11-24 11:52:02.866  1917 27802 I sensors-hal: handle_sns_client_event:379, [0][170613] accel_sample [ 2.009, -10.808,  2.893] 238138097516422
11-24 11:52:02.917  2907  2907 D SemWifiEleStateTracker: onSensorChanged mTotalStepCount : 5618
11-24 11:52:02.953  1123  1123 D io_stats: !@   8,0 r 1061253431 7512680652 w 22165249 417627408 d 1610746 361732600 f 263710 1232652 iot 31124800 0 th 0 0 0 pt 0 inp 0 4 162598.856
11-24 11:52:02.954  1123  1123 D io_stats: !@ Read_top(KB): binder:2453_2:normal(2453) 574420 sh:low(11891) 3380 crond:low(11890) 2636
11-24 11:52:02.954  1123  1123 D io_stats: !@ fuse-log: WORST (10364 1 1 1 1) (0 18 0 1 0) (10364 4 0 2 0) TOTAL_LATENCY (10364 1 1 1 1 4 0 2 10 0 1) (0 0 18 0 1) TOTAL_CNT (10364 8 4 2 25 2 1 1) (0 1 18 1) 
11-24 11:52:03.132  4033  4033 E wpa_sslib: Invalid sub roam reason received: 0 for roam reason POOR_RSSI
11-24 11:52:03.132  4033  4033 I wpa_supplicant: nl80211: Vendor event: wiphy=0 vendor_id=0x1374 subcmd=226
11-24 11:52:03.132  1919  4028 I WifiHAL : event received NL80211_CMD_VENDOR, vendor_id = 0x1374, subcmd = 0xe2
11-24 11:52:03.132  2542  4029 D LOWI-9.0.1.112.a: [LOWI-Scan] wait_event:Wait done with Cmd 103
11-24 11:52:03.132  2542  4029 D LOWI-9.0.1.112.a: [LOWI-Scan] do_listen_events: Rcvd valid Netlink Cmd 0 Err 0
11-24 11:52:03.132  2505  2505 I cnss-daemon: nl80211 response handler invoked
11-24 11:52:03.132  2505  2505 I cnss-daemon: nl80211_response_handler: cmd 103, vendorID 4980, subcmd 226  received
11-24 11:52:03.546  2054  2096 E HeatmapThread: ECT Thread time in milliseconds: 1764003123
11-24 11:52:03.548  2054  2096 D HeatmapThread: !@ batteryplugType : 0
11-24 11:52:03.548  2054  2096 D HeatmapThread: !@ batteryLevel : 69  batteryTemperature : 341 
11-24 11:52:03.548  2054  2096 D HeatmapThread: !@ Heatmap currtime: 29400052
11-24 11:52:03.548  2054  2096 D HeatmapThread: !@ Heatmap prevtime: 29400049
11-24 11:52:03.548  2054  2096 D HeatmapThread: !@ Heatmap plugstarttime: 35791394
11-24 11:52:03.548  2054  2096 D HeatmapThread: !@ Heatmap prevv_dsoh_update_time: 29399524
11-24 11:52:03.548  2054  2096 E HeatmapThread: !@Entered the read from path function
11-24 11:52:03.548  2054  2096 E HeatmapThread: !@Read Extended_heatmap from efs is: 13050 0 0 0 0 0 0 0 0 0 0 0 0 0 0 0 0 0 2140 0 0 0 0 0 0 0 0 0 0 0 0 0 0 0 0 0 1526 0 0 0 0 0 0 0 0 0 0 0 0 0 0 0 0 0 1344 0 0 0 0 0 0 0 0 0 0 0 0 0 0 0 0 0 1404 0 0 0 0 0 0 0 0 0 0 0 0 0 0 0 0 0 1186 0 0 0 0 0 0 0 0 0 0 0 0 0 0 0 0 0 1191 0 0 0 0 0 0 0 0 0 0 0 0 0 0 0 0 0 1163 0 0 0 0 0 0 0 0 0 0 0 0 0 0 0 0 0 1027 0 0 0 0 0 0 0 0 0 0 0 0 0 0 0 0 0 1159 0 0 0 0 0 0 0 0 0 0 0 0 0 0 0 0 0 1121 0 0 0 0 0 0 0 0 0 0 0 0 0 0 0 0 0 4440 0 0 0 0 0 0 0 0 0 0 0 0 0 0 0 0 0 4860 0 0 0 0 0 0 0 0 0 0 0 0 0 0 0 0 0 10553 0 0 0 0 0 0 0 0 0 0 0 0 0 0 0 0 0 9281 0 0 0 0 0 0 0 0 0 0 0 0 0 0 0 0 0 7970 0 0 0 0 0 0 0 0 0 0 0 0 0 0 0 0 0 7841 0 0 0 0 0 0 0 0 0 0 0 0 0 0 0 0 0 6101 0 0 0 0 0 0 0 0 0 0 0 0 0 0 0 0 0 2562 0 0 0 0 0 0 0 0 0 0 0 0 0 0 0 0 0 2426 0 0 0 0 0 0 0 0 0 0 0 0 0 0 0 0 0 1822 0 0 0 0 0 0 0 0 0 0 0 0 0 0 0 0 0 1435 0 0 0 0 0 0 0 0 0 0 0 0 0 0 0 0 0 212 0 0 0 0 0 0 0 0 0 0 0 0 0 0 0 0 0 212 0 0 0 0 0 0 0 0 0 0 0 0 0 0 0 0 0 197 0 0 0 0 0 0 0 0 0 0 0 0 0 0 0 0 0 142 0 0 0 0 
11-24 11:52:03.548  2054  2096 E HeatmapThread: !@Write Extended Heatmap to efs is: 13050 0 0 0 0 0 0 0 0 0 0 0 0 0 0 0 0 0 2140 0 0 0 0 0 0 0 0 0 0 0 0 0 0 0 0 0 1526 0 0 0 0 0 0 0 0 0 0 0 0 0 0 0 0 0 1344 0 0 0 0 0 0 0 0 0 0 0 0 0 0 0 0 0 1404 0 0 0 0 0 0 0 0 0 0 0 0 0 0 0 0 0 1186 0 0 0 0 0 0 0 0 0 0 0 0 0 0 0 0 0 1191 0 0 0 0 0 0 0 0 0 0 0 0 0 0 0 0 0 1163 0 0 0 0 0 0 0 0 0 0 0 0 0 0 0 0 0 1027 0 0 0 0 0 0 0 0 0 0 0 0 0 0 0 0 0 1159 0 0 0 0 0 0 0 0 0 0 0 0 0 0 0 0 0 1121 0 0 0 0 0 0 0 0 0 0 0 0 0 0 0 0 0 4440 0 0 0 0 0 0 0 0 0 0 0 0 0 0 0 0 0 4860 0 0 0 0 0 0 0 0 0 0 0 0 0 0 0 0 0 10553 0 0 0 0 0 0 0 0 0 0 0 0 0 0 0 0 0 9282 0 0 0 0 0 0 0 0 0 0 0 0 0 0 0 0 0 7970 0 0 0 0 0 0 0 0 0 0 0 0 0 0 0 0 0 7841 0 0 0 0 0 0 0 0 0 0 0 0 0 0 0 0 0 6101 0 0 0 0 0 0 0 0 0 0 0 0 0 0 0 0 0 2562 0 0 0 0 0 0 0 0 0 0 0 0 0 0 0 0 0 2426 0 0 0 0 0 0 0 0 0 0 0 0 0 0 0 0 0 1822 0 0 0 0 0 0 0 0 0 0 0 0 0 0 0 0 0 1435 0 0 0 0 0 0 0 0 0 0 0 0 0 0 0 0 0 212 0 0 0 0 0 0 0 0 0 0 0 0 0 0 0 0 0 212 0 0 0 0 0 0 0 0 0 0 0 0 0 0 0 0 0 197 0 0 0 0 0 0 0 0 0 0 0 0 0 0 0 0 0 142 0 0 0 0 0
11-24 11:52:03.548  2054  2096 E HeatmapThread: !@ CAM New BSOH: 100
11-24 11:52:03.822  2907 11968 D NetdEventListenerService: CSC Feature value: true
11-24 11:52:03.822  2907  4000 D NetdEventListenerService: DNS Requested by 190, 11014(com.microsoft.emmx), 4(FAIL), isBlocked=true, 0ms
11-24 11:52:04.015  2907  3139 D MARsPolicyManager: triggerAction called!
11-24 11:52:04.015  2907  3139 I NSLocationMonitor: getGPSUsingApps() called
11-24 11:52:04.016  5270 19222 I NSLocationManager_FLP: getGPSUsingApps, No change
11-24 11:52:04.019  2907  5267 W LocationManagerService: onFreezeStateChanged, uid[10505]=true
11-24 11:52:04.019  2907  5267 I PowerManagerService: [PWL] SetWakeLockEnableDisable uid = 10505 , disable= true
11-24 11:52:04.019  2907  5267 I PowerManagerService: [PWL] find out in ws: PARTIAL_WAKE_LOCK                 '*sync*/com.android.contacts/com.whatsapp' ACQ=-55s651ms (uid=1000 pid=2907 ws=WorkSource{10505} displayId=0 lock=38c199a)  disabled -> true
11-24 11:52:04.019  2907  3139 D ActivityManager: FCA:FCA recordedFileRss = 0, and changeinRss = 41000
11-24 11:52:04.019  2907  3139 D FreecessController: FZ : com.whatsapp(10505) [6341] reason: LEV [cached:X
11-24 11:52:04.021  2907  5267 W LocationManagerService: onFreezeStateChanged, uid[11014]=true
11-24 11:52:04.021  2907  5267 I PowerManagerService: [PWL] SetWakeLockEnableDisable uid = 11014 , disable= true
11-24 11:52:04.021  2907  5267 I PowerManagerService: [PWL] can not change uid =  11014
11-24 11:52:04.021  2907  3139 D ActivityManager: FCA:FCA recordedFileRss = 0, and changeinRss = 59372
11-24 11:52:04.021  2907  3139 D ActivityManager: FCA:process record failed for pid:23748
11-24 11:52:04.021  2907  3139 D FreecessController: FZ : com.microsoft.emmx(11014) [9842, 27141, 23748] reason: LEV [cached:O
11-24 11:52:04.546  2054  2096 E HeatmapThread: ECT Thread time in milliseconds: 1764003124
11-24 11:52:04.547  2054  2096 D HeatmapThread: !@ batteryplugType : 0
11-24 11:52:04.548  2054  2096 D HeatmapThread: !@ batteryLevel : 69  batteryTemperature : 341 
11-24 11:52:04.548  2054  2096 D HeatmapThread: !@ Heatmap currtime: 29400052
11-24 11:52:04.548  2054  2096 D HeatmapThread: !@ Heatmap prevtime: 29400049
11-24 11:52:04.548  2054  2096 D HeatmapThread: !@ Heatmap plugstarttime: 35791394
11-24 11:52:04.548  2054  2096 D HeatmapThread: !@ Heatmap prevv_dsoh_update_time: 29399524
11-24 11:52:04.548  2054  2096 E HeatmapThread: !@ CAM New BSOH: 100
11-24 11:52:04.592  1159 11713 I keystore2: system/security/keystore2/watchdog/src/lib.rs:377 - Watchdog thread idle -> terminating. Have a great day.
11-24 11:52:04.826  4331  4979 I EPDG -- SIM0 [SMARTWIFI]: isProfiling, hash=13743432, started=true
11-24 11:52:04.827  4331  4979 I EPDG -- SIM0 [SMARTWIFI]: isWifiRssiLessOrEqualsHandoverThreshold: received rssi is: -77 handover threshold is: -85
11-24 11:52:04.827  4331  4979 I EPDG -- SIM0 [SMARTWIFI]: isProfiling, hash=13743432, started=true
11-24 11:52:04.827  4331  4979 I EPDG -- SIM0 [SMARTWIFI]: Rssi : -77 highrange : -71 lowrange : -80 mIsRssiInHystersis : true
11-24 11:52:04.885  1917 27802 I sensors-hal: handle_sns_client_event:379, [0][170707] accel_sample [ 0.696, -8.843,  2.732] 238140108405172
11-24 11:52:04.954  1123  1123 D io_stats: !@   8,0 r 1061286548 7513026196 w 22165266 417632828 d 1610746 361732600 f 263710 1232653 iot 31126228 0 th 0 0 0 pt 0 inp 0 1 162600.856
11-24 11:52:05.056  1917  3823 I sensors-hal: qsh_conn_event_cb:927, event[0] sensor:activities  Wakeup, msg_id=1025, ts=4572412799171
11-24 11:52:05.056  1917  3823 I sensors-hal: handle_sns_client_event:57, activities_event: msgid:1025
11-24 11:52:05.056  1917  3823 I sensors-hal: handle_sns_client_event:67, activities_event index 1 number 1 total 10
11-24 11:52:05.056  1917  3823 I sensors-hal: submit_data:121, Activities 0.000000 ts 4572412799171
11-24 11:52:05.056  1917  3823 I sensors-hal: insert_awaking_events:873, smp2p_event, 17.activities, msgid:1025026
11-24 11:52:05.057  2907  3825 D SensorService: setSContextDataLocked ints length 3 , byte length 5
11-24 11:52:05.057  2907  3825 D SensorService: setSContextDataLocked 34100ec1
11-24 11:52:05.057  1917  1917 I sensors-hal: inject_sensor_data:412, handle 1502 send inject
11-24 11:52:05.057  1917  1917 I sensors-hal: sendContextData:303, sensor hal 5, (0xc1, 0xe, 0x10, 0x34)
11-24 11:52:05.057  1917  1917 I sensors-hal: sendContextData:206, activities 5 c1, 1
11-24 11:52:05.057  1917  1917 I sensors-hal: sendUserData:227, Activities cmd 0xc1 0xe
11-24 11:52:05.057  1917  1917 I sensors-hal: sendUserData:241, Activities system time h 16 m 52 s 5
11-24 11:52:05.057  1917  1917 I sensors-hal: create_send_context_data:45, sending create_send_context_data
11-24 11:52:05.057  1917  1917 I sensors-hal: send_context_data:701, activities, 4914309220830019584, 1320970896291267344, msgid:700
11-24 11:52:05.057  1917  1917 I sensors-hal: save_screen_data:449, no screen data, skip~~
11-24 11:52:05.057  1917  1917 I sensors-hal: sendContextData:124, common_info 5
11-24 11:52:05.057  1917  1917 I sensors-hal: sendUserData:147, CommonInfo 0xc1 0xe 0x10 0x34
11-24 11:52:05.057  1917  1917 I sensors-hal: create_send_context_data:70, sending create_send_context_data
11-24 11:52:05.057  1917  1917 I sensors-hal: send_context_data:701, common_info, 4914309147815575552, 1320970896291267344, msgid:700
11-24 11:52:05.057  2907  3821 D CAE     : onGetSensorHubData(SensorHubParserProvider.java:92) - onGetSensorHubData Event [event buffer len :10], AP_SLEEP
11-24 11:52:05.057  2907  3821 I CAE     : parse(SensorHubParserProvider.java:188) - buffer size = 10
11-24 11:52:05.057  2907  3821 I CAE     : parse(SensorHubParserProvider.java:199) - 1, 1, 26, 2, 3, -98, -106, 49, 1, 1,
11-24 11:52:05.057  2907  3821 D CAE     : display(ContextProvider.java:375) - ================= ACTIVITY_TRACKER_INTERRUPT =================
11-24 11:52:05.057  2907  3821 I CAE     : display(ContextProvider.java:391) - Accuracy=[1], OperationMode=[1], ActivityType=[1], TimeStamp=[1764003124785]
11-24 11:52:05.057  2907  3818 D SemContextService: Service.updateContext() : service = Activity Notification
11-24 11:52:05.057  2907  2907 D SemContextManager: onSemContextChanged() : event = Activity Notification
11-24 11:52:05.057  2907  6912 D SemContextManager: onSemContextChanged() : event = Activity Notification
11-24 11:52:05.057  2907  2907 D SemContextManager: onSemContextChanged() : event = Activity Notification
11-24 11:52:05.057  2907  2907 I SemWifiIntelligentConnectionManager: Context change: 1764003124785 / 1 / 1
11-24 11:52:05.058  1917  3823 I sensors-hal: qsh_conn_resp_cb:972, resp_value = 0 for activities 
11-24 11:52:05.058  1917  3823 I sensors-hal: qsh_conn_resp_cb:972, resp_value = 0 for common_info 
11-24 11:52:05.059  2907  6912 I Mocca_VehicleDetectionHelper: (1.1.04.1)GPS: Clear list due to Walk/Run followed by Stationary
11-24 11:52:05.059  2907  6912 W ContextImpl: Calling a method in the system process without a qualified user: android.app.ContextImpl.sendBroadcast:1335 com.samsung.android.mocca.app.base.SemContextProvider.reportActivityNotificationEvent:209 com.samsung.android.mocca.app.base.SemContextProvider.lambda$new$3:34 com.samsung.android.mocca.app.base.SemContextProvider.a:0 x.i.onSemContextChanged:2 
11-24 11:52:05.060   491   491 I [CE]_ContextEngineReceiver: onReceive - ContextEngineReceiver onReceive action : com.samsung.android.mocca.ACTION_MOBILE_ACTIVITY_NOTIFICATION_EVENT
11-24 11:52:05.060   491   491 I [CE]_ContextEngineReceiver: onReceive - ActivityDataManager intent : com.samsung.android.mocca.ACTION_MOBILE_ACTIVITY_NOTIFICATION_EVENT
11-24 11:52:05.060   491   491 I [CE]_MovingContextProvider: Phone Activity - event: 1, 1
11-24 11:52:05.166 15815  9610 I CastDatabase: Saving the database
11-24 11:52:05.172 15815  9610 I SQLiteCastStore: [CastNetworkInfo] saved: 0, skipped: 0, [CastDeviceInfo]: saved 0, skipped 0, [ProbedNetworks]: saved 0, skipped: 0, [ProbedSocketAddress]: saved 0, skipped: 0, [Network-Device pairs]: saved: 0
11-24 11:52:05.525  2907 11785 D CompatChangeReporter: Compat change id reported: 161145287; UID 10269; state: ENABLED
11-24 11:52:05.530  2907 11968 D CompatChangeReporter: Compat change id reported: 261072174; UID 10269; state: ENABLED
11-24 11:52:05.546  2054  2096 E HeatmapThread: ECT Thread time in milliseconds: 1764003125
11-24 11:52:05.547  2054  2096 D HeatmapThread: !@ batteryplugType : 0
11-24 11:52:05.548  2054  2096 D HeatmapThread: !@ batteryLevel : 69  batteryTemperature : 341 
11-24 11:52:05.548  2054  2096 D HeatmapThread: !@ Heatmap currtime: 29400052
11-24 11:52:05.548  2054  2096 D HeatmapThread: !@ Heatmap prevtime: 29400049
11-24 11:52:05.548  2054  2096 D HeatmapThread: !@ Heatmap plugstarttime: 35791394
11-24 11:52:05.548  2054  2096 D HeatmapThread: !@ Heatmap prevv_dsoh_update_time: 29399524
11-24 11:52:05.548  2054  2096 E HeatmapThread: !@ CAM New BSOH: 100
11-24 11:52:05.895  1917  1917 I sensors-hal: set_config:60, sample_period_ns is adjusted to 20000000 based on min/max delay_ns
11-24 11:52:05.895  1917  1917 I sensors-hal: send_sensor_config_request:582, resampler is used, set resampler config
11-24 11:52:05.895  1917  1917 I sensors-hal: send_sync_sensor_request:515, send sync request
11-24 11:52:05.895  1917  1917 I sensors-hal: send_sync_sensor_request:544, wait for notification of response
11-24 11:52:05.895  1917 27802 I sensors-hal: qsh_conn_resp_cb:972, resp_value = 0 for accel 
11-24 11:52:05.895  1917  1917 I sensors-hal: send_sync_sensor_request:550, takes 0 ms to receive the response with 0
11-24 11:52:05.895  1917  1917 I sensors-hal: batch:368, android.sensor.accelerometer/11, period=20000000, max_latency=200000000 request completed
11-24 11:52:05.895 15815 11913 D SensorManager: unregisterListener
11-24 11:52:06.026  2907  3750 D ActivityManager: FCA:Reclamation for pid: 6341
11-24 11:52:06.035  2907  3750 D ActivityManager: FCA:Reclamation for pid: 9842
11-24 11:52:06.217  2011  2809 I thermal_core: pivot(AP) : 464, skin : 377
11-24 11:52:06.244  1920  1943 D AHAL_ModulePrimary_QTI: getVendorParameters: id count: 1
11-24 11:52:06.244  1920  1943 I PAL: ResourceManager: getActiveStream_l: 6569: no active streams found for device 3 ret -2
11-24 11:52:06.244  1920  1943 D AHAL_SecModulePrimary: onGetSECGenericParameters get temperature for g_hw_speaker_amp_temp_rcv: 0
11-24 11:52:06.244  1920  1943 D AHAL_ModulePrimary_QTI: getVendorParameters: id count: 1
11-24 11:52:06.244  1920  1943 I PAL: ResourceManager: getActiveStream_l: 6569: no active streams found for device 3 ret -2
11-24 11:52:06.244  1920  1943 D AHAL_SecModulePrimary: onGetSECGenericParameters get temperature for g_hw_speaker_amp_temp_spk: 0
11-24 11:52:06.245 11946 12599 I SDHMS:x : SIOP:: AP:464 BAT:341 USB:313 CHG:434 PA:461 WIFI:420 CF:389 BLK:0 SUBBAT:0 LRPTHM:366 SKIN:375 SKINF:375 SKINB:373 LRP:375 LRF:375 LRB:373 APT:375 APR:373 RCV:366 SPK:312 CHGF:367 CHGR:365 MEMF:372 MEMR:371 WIFIF:373 WIFIR:373 FCAM:316 UPSPK:373 DNSPK:317 VAP:442 VWIFI:417 AMB2:219 HIGH:0 AVGCUR:-1441 POWER:-5738
11-24 11:52:06.245 11946 12599 I AudioManager: setParameters keyValuePairs = g_hw_speaker_amp_temp_spk=31
11-24 11:52:06.245  2041  6810 D AudioFlinger: setParameters: filtered dev setParameters keyvalue g_hw_speaker_amp_temp_spk=31
11-24 11:52:06.245  1920  1943 D AHAL_HFP_QTI: hfp_set_parameters enter
11-24 11:52:06.245  1920  1943 D AHAL_HFP_QTI: hfp_set_parameters Exit
11-24 11:52:06.245  1920  1943 D AHAL_SecModulePrimary: processSetVendorParameters: configured g_hw_speaker_amp_temp_spk
11-24 11:52:06.245  1920  1943 D AHAL_SecModulePrimary: processSetVendorParameters: handler set on Feature:0
11-24 11:52:06.245  1920  1943 D AHAL_SecModulePrimary: onSetSECGenericParameters set temperature for g_hw_speaker_amp_temp_spk: 31
11-24 11:52:06.245  1920  1943 I PAL: API: pal_set_param: 1377: Enter: param id 3002
11-24 11:52:06.245  1920  1943 I PAL: ResourceManager: getActiveStream_l: 6569: no active streams found for device 3 ret -2
11-24 11:52:06.245  2041  6810 E ConversionHelperAidl: Function: parseAndSetVendorParameters Line: 94 Failed 
11-24 11:52:06.245  2041  6810 E ConversionHelperAidl: Function: parseAndSetVendorParameters Line: 94 Failed 
11-24 11:52:06.246 11946 12599 I AudioManager: setParameters keyValuePairs = g_hw_speaker_amp_temp_rcv=37
11-24 11:52:06.246  2041  6810 D AudioFlinger: setParameters: filtered dev setParameters keyvalue g_hw_speaker_amp_temp_rcv=37
11-24 11:52:06.246  1920  1943 D AHAL_HFP_QTI: hfp_set_parameters enter
11-24 11:52:06.246  1920  1943 D AHAL_HFP_QTI: hfp_set_parameters Exit
11-24 11:52:06.246  1920  1943 D AHAL_SecModulePrimary: processSetVendorParameters: configured g_hw_speaker_amp_temp_rcv
11-24 11:52:06.246  1920  1943 D AHAL_SecModulePrimary: processSetVendorParameters: handler set on Feature:0
11-24 11:52:06.246  1920  1943 D AHAL_SecModulePrimary: onSetSECGenericParameters set temperature for g_hw_speaker_amp_temp_rcv: 37
11-24 11:52:06.246  1920  1943 I PAL: API: pal_set_param: 1377: Enter: param id 3001
11-24 11:52:06.246  1920  1943 I PAL: ResourceManager: getActiveStream_l: 6569: no active streams found for device 3 ret -2
11-24 11:52:06.246  2041  6810 E ConversionHelperAidl: Function: parseAndSetVendorParameters Line: 94 Failed 
11-24 11:52:06.246  2041  6810 E ConversionHelperAidl: Function: parseAndSetVendorParameters Line: 94 Failed 
11-24 11:52:06.246 11946 12044 I M0      : limitCPUFreq:: freq = 3072000
11-24 11:52:06.246 11946 12044 I SemDvfsHyPerManager: acquire hyper - SIOP_ARM_MAX/11946@3, type = 301993986
11-24 11:52:06.247  1928  2032 I HYPER-HAL: [RequestManager.cpp]acquire(): Acquired ID : 71395278  [11946 / 3]    HINT :      list : [CPUMaxFreq / 3072000] 
11-24 11:52:06.331 15815 15815 D BoundBrokerSvc: onUnbind: Intent { act=com.google.android.gms.auth.aang.events.services.START dat=chimera-action:/... xflg=0x4 cmp=com.google.android.gms/.chimera.PersistentApiService }
11-24 11:52:06.339  2907  3914 D BackgroundInstallControlService: Package event received: 0
11-24 11:52:06.546  2054  2096 E HeatmapThread: ECT Thread time in milliseconds: 1764003126
11-24 11:52:06.547  2054  2096 D HeatmapThread: !@ batteryplugType : 0
11-24 11:52:06.547  2054  2096 D HeatmapThread: !@ batteryLevel : 69  batteryTemperature : 341 
11-24 11:52:06.547  2054  2096 D HeatmapThread: !@ Heatmap currtime: 29400052
11-24 11:52:06.547  2054  2096 D HeatmapThread: !@ Heatmap prevtime: 29400049
11-24 11:52:06.547  2054  2096 D HeatmapThread: !@ Heatmap plugstarttime: 35791394
11-24 11:52:06.547  2054  2096 D HeatmapThread: !@ Heatmap prevv_dsoh_update_time: 29399524
11-24 11:52:06.548  2054  2096 E HeatmapThread: !@ CAM New BSOH: 100
11-24 11:52:06.897  1917 27802 I sensors-hal: handle_sns_client_event:379, [0][170801] accel_sample [ 0.531, -9.745, -0.410] 238142127868817
11-24 11:52:06.954  1123  1123 D io_stats: !@   8,0 r 1061341371 7513385072 w 22165276 417632892 d 1610746 361732600 f 263711 1232655 iot 31127624 0 th 0 0 0 pt 0 inp 0 0 162602.856
11-24 11:52:06.954  1123  1123 D io_stats: !@ Read_top(KB): binder:2453_2:normal(2453) 669996 m.spotify.music:high(27632) 27648 MainThread:low(6554) 1888
11-24 11:52:06.954  1123  1123 D io_stats: !@ Write_top(KB): kworker/u18:1:/(13192) 5404 .gms.persistent:high(15815) 32 system_server:normal(2907) 20
11-24 11:52:07.354  2907  3916 I ChimeraGenieUnloadPolicyHandler: LRU list is empty
11-24 11:52:07.465  4033  4033 I wpa_supplicant: Heartbeat 22316
11-24 11:52:07.546  2054  2096 E HeatmapThread: ECT Thread time in milliseconds: 1764003127
11-24 11:52:07.548  2054  2096 D HeatmapThread: !@ batteryplugType : 0
11-24 11:52:07.548  2054  2096 D HeatmapThread: !@ batteryLevel : 69  batteryTemperature : 341 
11-24 11:52:07.548  2054  2096 D HeatmapThread: !@ Heatmap currtime: 29400052
11-24 11:52:07.548  2054  2096 D HeatmapThread: !@ Heatmap prevtime: 29400049
11-24 11:52:07.548  2054  2096 D HeatmapThread: !@ Heatmap plugstarttime: 35791394
11-24 11:52:07.548  2054  2096 D HeatmapThread: !@ Heatmap prevv_dsoh_update_time: 29399524
11-24 11:52:07.548  2054  2096 E HeatmapThread: !@ CAM New BSOH: 100
11-24 11:52:07.631   911   911 I lmkd    : 0(delay), 0(swap), 50(freelimit), 0(reentrymode) memory pressure events were skipped after a kill!
11-24 11:52:07.837  4331  4979 I EPDG -- SIM0 [SMARTWIFI]: isProfiling, hash=13743432, started=true
11-24 11:52:07.837  4331  4979 I EPDG -- SIM0 [SMARTWIFI]: isWifiRssiLessOrEqualsHandoverThreshold: received rssi is: -79 handover threshold is: -85
11-24 11:52:07.837  4331  4979 I EPDG -- SIM0 [SMARTWIFI]: isProfiling, hash=13743432, started=true
11-24 11:52:07.837  4331  4979 I EPDG -- SIM0 [SMARTWIFI]: Rssi : -79 highrange : -71 lowrange : -80 mIsRssiInHystersis : true
11-24 11:52:07.903  2907  3121 D BatteryExternalStatsWorker: update stats : procstate-change (10)
11-24 11:52:07.903  2907  3121 D BatteryExternalStatsWorker: Fetch WiFi data
11-24 11:52:07.903  2907  3121 D BatteryExternalStatsWorker: Update Rail Energy data
11-24 11:52:07.911  2907  3834 E WifiStaIfaceAidlImpl: getCachedScanData failed with service-specific exception: android.os.ServiceSpecificException:  (code 4)
11-24 11:52:07.911  2907  3121 D BatteryExternalStatsWorker: mStats lock released
11-24 11:52:07.912  2907  3121 D BatteryExternalStatsWorker: Update wifi state
11-24 11:52:07.912  2907  3121 D BatteryExternalStatsWorker: done updateExternalStatsLocked
11-24 11:52:08.043  4063  4490 D SatelliteController: isInCarrierRoamingNbIotNtn: satellite is disabled
11-24 11:52:08.043  4063  4490 D SatelliteController: isInCarrierRoamingNbIotNtn: satellite is disabled
11-24 11:52:08.045  4331  4331 I EPDG -- SIM0 [SMARTCELLULAR]: onSignalStrengthsChanged: SignalStrength:{mCdma=Invalid,mGsm=Invalid,mWcdma=Invalid,mTdscdma=Invalid,mLte=Invalid,mNr=CellSignalStrengthNr:{ csiRsrp = 2147483647 csiRsrq = 2147483647 csiCqiTableIndex = 2147483647 csiCqiReport = [] ssRsrp = -97 ssRsrq = -11 ssSinr = 14 level = 1 parametersUseForLevel = 0 timingAdvance = 2147483647 },SignalBarInfo{ nrLevel=4 },rat=20,primary=CellSignalStrengthNr}
11-24 11:52:08.045  4091  4308 D MobileSignalTransitionManager: updateSignalTransition
11-24 11:52:08.046  4738  4860 I HoneySpace.StatusIconTracker: invokeEvent() called with: event = Mobile(bundle=Bundle[mParcelledData.dataSize=256])
11-24 11:52:08.242   911   911 I lmkd    : 0(delay), 0(swap), 50(freelimit), 0(reentrymode) memory pressure events were skipped after a kill!
11-24 11:52:08.375  2907  3873 W SyncManager: Detected sync making no progress for startTime 238083612, mTimeoutStartTime 238083612, mHistoryRowId 1318, syncOperation JobId=470 ***/com.whatsapp u0 [com.android.contacts] PERIODIC ExpectedIn=-1m00s Reason=Periodic. cancelling.
11-24 11:52:08.376  2907  5238 D ActivityManager: unpendingScheduleServiceRestart: u=10505, drop=false
11-24 11:52:08.377  2907  3873 D FreecessController: UFZ : com.whatsapp(10505) [6341] reason: ServiceANR
11-24 11:52:08.377  2907  5267 W LocationManagerService: onFreezeStateChanged, uid[10505]=false
11-24 11:52:08.378  2907  5267 I PowerManagerService: [PWL] SetWakeLockEnableDisable uid = 10505 , disable= false
11-24 11:52:08.378  2907  5267 I PowerManagerService: [PWL] can not change uid =  10505
11-24 11:52:08.378  2907  3873 I ActivityManager: Changes in 10505 8 to 10, 128 to 0
11-24 11:52:08.378  2907  3873 I ActivityManager: Changes in 10055 8 to 10, 128 to 0
11-24 11:52:08.379 14056 14056 I ContactsProvider: [P] onTrimMemory-success
11-24 11:52:08.405  2907  3916 I ChimeraGenieUnloadPolicyHandler: LRU list is empty
11-24 11:52:08.546  2054  2096 E HeatmapThread: ECT Thread time in milliseconds: 1764003128
11-24 11:52:08.548  2054  2096 D HeatmapThread: !@ batteryplugType : 0
11-24 11:52:08.548  2054  2096 D HeatmapThread: !@ batteryLevel : 69  batteryTemperature : 341 
11-24 11:52:08.548  2054  2096 D HeatmapThread: !@ Heatmap currtime: 29400052
11-24 11:52:08.548  2054  2096 D HeatmapThread: !@ Heatmap prevtime: 29400049
11-24 11:52:08.548  2054  2096 D HeatmapThread: !@ Heatmap plugstarttime: 35791394
11-24 11:52:08.548  2054  2096 D HeatmapThread: !@ Heatmap prevv_dsoh_update_time: 29399524
11-24 11:52:08.548  2054  2096 E HeatmapThread: !@ CAM New BSOH: 100
11-24 11:52:08.551  2907  3935 I SemWifiServiceDetector: NSD results: [0, 1, 2, 0, 0, 1, 2, 0, 0] Traff. type 1 Thr 0
11-24 11:52:08.954  1123  1123 D io_stats: !@   8,0 r 1061393575 7513678376 w 22165307 417636900 d 1610746 361732600 f 263711 1232656 iot 31129056 0 th 0 0 0 pt 0 inp 0 1 162604.857
11-24 11:52:08.958   911   911 I lmkd    : 0(delay), 0(swap), 50(freelimit), 0(reentrymode) memory pressure events were skipped after a kill!
11-24 11:52:09.026  2907  3139 D MARsPolicyManager: triggerAction called!
11-24 11:52:09.026  2907  3139 I NSLocationMonitor: getGPSUsingApps() called
11-24 11:52:09.027  5270 19222 I NSLocationManager_FLP: getGPSUsingApps, No change
11-24 11:52:09.097  1917 27802 I sensors-hal: handle_sns_client_event:379, [0][170894] accel_sample [ 0.593, -9.982, -1.410] 238144138745015
11-24 11:52:09.454  2907  3916 I ChimeraGenieUnloadPolicyHandler: LRU list is empty
11-24 11:52:09.546  2054  2096 E HeatmapThread: ECT Thread time in milliseconds: 1764003129
11-24 11:52:09.547  2054  2096 D HeatmapThread: !@ batteryplugType : 0
11-24 11:52:09.548  2054  2096 D HeatmapThread: !@ batteryLevel : 69  batteryTemperature : 341 
11-24 11:52:09.548  2054  2096 D HeatmapThread: !@ Heatmap currtime: 29400052
11-24 11:52:09.548  2054  2096 D HeatmapThread: !@ Heatmap prevtime: 29400049
11-24 11:52:09.548  2054  2096 D HeatmapThread: !@ Heatmap plugstarttime: 35791394
11-24 11:52:09.548  2054  2096 D HeatmapThread: !@ Heatmap prevv_dsoh_update_time: 29399524
11-24 11:52:09.548  2054  2096 E HeatmapThread: !@ CAM New BSOH: 100
11-24 11:52:09.683   911   911 I lmkd    : 0(delay), 0(swap), 50(freelimit), 0(reentrymode) memory pressure events were skipped after a kill!
11-24 11:52:09.841  2907  3935 I SemWifiServiceDetector: Service det. suspended: T / T / 27004
11-24 11:52:10.180  4063  4490 D SatelliteController: isInCarrierRoamingNbIotNtn: satellite is disabled
11-24 11:52:10.180  2907  3923 D SemCellularStateManager: onSignalStrengthsChanged: mCellularSignalLevel=2
11-24 11:52:10.180  4063  4490 D SatelliteController: isInCarrierRoamingNbIotNtn: satellite is disabled
