11-24 11:51:44.324  4091  4091 D PluginAODManager: onNotificationInfoUpdated() 0|com.reddit.frontpage|0|0|com.reddit.frontpage|g:Aggregate_NormalNotificationSection|10387|0|com.reddit.frontpage|g:Aggregate_NormalNotificationSection
11-24 11:51:44.324  4091  4091 D PluginAODManager: onNotificationInfoUpdated() 0|ai.perplexity.app.android|0|null|10534
11-24 11:51:44.324  4091  4091 D PluginAODManager: onNotificationInfoUpdated() 0|com.ubnt.easyunifi|0|null|10581
11-24 11:51:44.324  4091  4091 D PluginAODManager: onNotificationInfoUpdated() 0|com.ubercab|0|0|com.ubercab|g:Aggregate_NormalNotificationSection|11292|0|com.ubercab|g:Aggregate_NormalNotificationSection
11-24 11:51:44.324  4091  4091 D PluginAODManager: onNotificationInfoUpdated() 0|com.spotify.music|1612441384|null|10344
11-24 11:51:44.324  4091  4091 D PluginAODManager: onNotificationInfoUpdated() 0|com.termux|1337|null|10364
11-24 11:51:44.324  4091  4091 D PluginAODManager: onNotificationInfoUpdated() 0|com.samsung.ecomm|0|0|com.samsung.ecomm|g:Aggregate_NormalNotificationSection|10333|0|com.samsung.ecomm|g:Aggregate_NormalNotificationSection
11-24 11:51:44.324  4091  4091 D PluginAODManager: onNotificationInfoUpdated() 0|com.google.android.gm|-1900620907|gig:-1858221256:CLASSIC_INBOX_ALL_MAIL|10290
11-24 11:51:44.324  4091  4091 D PluginAODManager: onNotificationInfoUpdated() 0|android|1005|net.dinglisch.android.taskerm/.MyAccessibilityService|1000
11-24 11:51:44.324  4091  4091 D PluginAODManager: onNotificationInfoUpdated() 0|com.dd.doordash|0|0|com.dd.doordash|g:Aggregate_NormalNotificationSection|10394|0|com.dd.doordash|g:Aggregate_NormalNotificationSection
11-24 11:51:44.324  4091  4091 D PluginAODManager: onNotificationInfoUpdated() 0|com.samsung.android.forest|104|null|1000
11-24 11:51:44.324  4091  4091 D PluginAODManager: onNotificationInfoUpdated() 0|com.google.android.apps.messaging|7|incoming_message_group_key|10270
11-24 11:51:44.324  4091  4091 D PluginAODManager: onNotificationInfoUpdated() 0|android|1005|io.github.muntashirakon.AppManager/.accessibility.NoRootAccessibilityService|1000
11-24 11:51:44.324  4091  4091 D PluginAODManager: onNotificationInfoUpdated() 0|com.ubercab.eats|0|0|com.ubercab.eats|g:Aggregate_NormalNotificationSection|10460|0|com.ubercab.eats|g:Aggregate_NormalNotificationSection
11-24 11:51:44.324  4091  4091 D PluginAODManager: onNotificationInfoUpdated() 0|com.google.android.gms|0|0|com.google.android.gms|g:Aggregate_NormalNotificationSection|10272|0|com.google.android.gms|g:Aggregate_NormalNotificationSection
11-24 11:51:44.324  4091  4091 D PluginAODManager: onNotificationInfoUpdated() 0|io.github.muntashirakon.AppManager|0|0|io.github.muntashirakon.AppManager|g:Aggregate_NormalNotificationSection|10363|0|io.github.muntashirakon.AppManager|g:Aggregate_NormalNotificationSection
11-24 11:51:44.324  4091  4091 D PluginAODManager: onNotificationInfoUpdated() 0|app.flixcapacitor.mobile|2131296394|null|11245
11-24 11:51:44.324  4091  4091 D PluginAODManager: onNotificationInfoUpdated() 0|org.telegram.messenger|-90455783|null|10403
11-24 11:51:44.324  4091  4091 I AODNotificationManager: updateVisibleNotifications: 31
11-24 11:51:44.329  1910  5402 I vendor.qti.bluetooth@1.0-ibs_handler: ProcessIbsCmd: Received IBS_SLEEP_IND: 0xFE
11-24 11:51:44.333  4091  4091 I SecKeyguardClockPositionAlgorithm: prepareClockContainerHeightChanging:
11-24 11:51:44.333  4091  4091 I PluginFaceWidgetManager: isEditMode = false
11-24 11:51:44.333  4091  4091 I NowBarItemManager: getVisibleList isScreenTurnedOn = false / aodShowState false shouldControlScreenOff false visibleList size = 0
11-24 11:51:44.333  4091  4091 I SecKeyguardClockPositionAlgorithm: prepareClockContainerHeightChanging:
11-24 11:51:44.333  4091  4091 I PluginFaceWidgetManager: isEditMode = false
11-24 11:51:44.333  4091  4091 I NowBarItemManager: getVisibleList isScreenTurnedOn = false / aodShowState false shouldControlScreenOff false visibleList size = 0
11-24 11:51:44.334  1951  5866 I SnapAlloc: Using graphics libs for alignment calculations
11-24 11:51:44.340  1951  5866 I SnapAlloc: Using graphics libs for alignment calculations
11-24 11:51:44.341  1951  5866 I SnapAlloc: Using graphics libs for alignment calculations
11-24 11:51:44.352  4091  4091 D ExpandableNotifRow: mMaxSmallHeight different before reInflateViews mMaxSmallHeight: 217 mTempSmallHeight:0 0|eu.faircode.netguard|0|0|eu.faircode.netguard|g:Aggregate_NormalNotificationSection|10810|0|eu.faircode.netguard|g:Aggregate_NormalNotificationSection
11-24 11:51:44.352  4091  4091 D ExpandableNotifRow: mMaxSmallHeight different before reInflateViews mMaxSmallHeight: 217 mTempSmallHeight:0 0|eu.faircode.netguard|0|0|eu.faircode.netguard|g:Aggregate_NormalNotificationSection|10810|0|eu.faircode.netguard|g:Aggregate_NormalNotificationSection
11-24 11:51:44.352  4091  4091 D ExpandableNotifRow: mMaxSmallHeight different before reInflateViews mMaxSmallHeight: 217 mTempSmallHeight:0 0|eu.faircode.netguard|0|0|eu.faircode.netguard|g:Aggregate_NormalNotificationSection|10810|0|eu.faircode.netguard|g:Aggregate_NormalNotificationSection
11-24 11:51:44.352  4091  4091 D ExpandableNotifRow: mMaxSmallHeight different before reInflateViews mMaxSmallHeight: 217 mTempSmallHeight:0 0|eu.faircode.netguard|0|0|eu.faircode.netguard|g:Aggregate_NormalNotificationSection|10810|0|eu.faircode.netguard|g:Aggregate_NormalNotificationSection
11-24 11:51:44.352  1951  5866 I SnapAlloc: Using graphics libs for alignment calculations
11-24 11:51:44.362  2907  4000 D NetdEventListenerService: DNS Requested by 190, 11014(com.microsoft.emmx), 4(FAIL), isBlocked=true, 0ms
11-24 11:51:44.370  4091  4091 I LockscreenNotificationIconsOnlyController: onNotificationInfoUpdated 31
11-24 11:51:44.372  4091  4091 I AODNotificationManager: updateNotification() 
11-24 11:51:44.373  4091  4091 D ContrastColorUtil: GrayScale=false. Bitmap is not grayscale.
11-24 11:51:44.373  4091  4091 D PluginAODManager: onNotificationInfoUpdated() 31
11-24 11:51:44.373  4091  4091 D PluginAODManager: onNotificationInfoUpdated() -1|android|62|null|1000
11-24 11:51:44.373  4091  4091 D PluginAODManager: onNotificationInfoUpdated() 0|com.whiz.droneapp|123456|null|10371
11-24 11:51:44.373  4091  4091 D PluginAODManager: onNotificationInfoUpdated() 0|net.dinglisch.android.taskerm|2147483647|null|10529
11-24 11:51:44.373  4091  4091 D PluginAODManager: onNotificationInfoUpdated() 0|com.google.android.gm|0|gig:542584007:CLASSIC_INBOX_ALL_MAIL|10290
11-24 11:51:44.373  4091  4091 D PluginAODManager: onNotificationInfoUpdated() 0|com.amazon.mShop.android.shopping|0|0|com.amazon.mShop.android.shopping|g:Aggregate_NormalNotificationSection|10370|0|com.amazon.mShop.android.shopping|g:Aggregate_NormalNotificationSection
11-24 11:51:44.373  4091  4091 D PluginAODManager: onNotificationInfoUpdated() 0|com.google.android.apps.walletnfcrel|0|0|com.google.android.apps.walletnfcrel|g:Aggregate_NormalNotificationSection|10434|0|com.google.android.apps.walletnfcrel|g:Aggregate_NormalNotificationSection
11-24 11:51:44.373  4091  4091 D PluginAODManager: onNotificationInfoUpdated() 0|com.samsung.android.dialer|3|-1:2131363190|10124
11-24 11:51:44.373  4091  4091 D PluginAODManager: onNotificationInfoUpdated() 0|com.google.android.gm|0|gig:-263567249:^sq_ig_i_personal|10290
11-24 11:51:44.373  4091  4091 D PluginAODManager: onNotificationInfoUpdated() 0|com.samsung.android.app.smartcapture|0|0|com.samsung.android.app.smartcapture|g:Aggregate_NormalNotificationSection|10232|0|com.samsung.android.app.smartcapture|g:Aggregate_NormalNotificationSection
11-24 11:51:44.373  4091  4091 D PluginAODManager: onNotificationInfoUpdated() 0|com.google.android.gm|0|gig:1373806084:^sq_ig_i_personal|10290
11-24 11:51:44.373  4091  4091 D PluginAODManager: onNotificationInfoUpdated() 0|com.google.android.apps.photos|0|1373806084::SUMMARY::c0903042387bccd2a42b21b5dbf1fd9a|10280
11-24 11:51:44.373  4091  4091 D PluginAODManager: onNotificationInfoUpdated() 0|com.android.providers.downloads|0|0|com.android.providers.downloads|g:Aggregate_NormalNotificationSection|10067|0|com.android.providers.downloads|g:Aggregate_NormalNotificationSection
11-24 11:51:44.373  4091  4091 D PluginAODManager: onNotificationInfoUpdated() 0|com.samsung.android.lool|2000|null|1000
11-24 11:51:44.373  4091  4091 D PluginAODManager: onNotificationInfoUpdated() 0|com.reddit.frontpage|0|0|com.reddit.frontpage|g:Aggregate_NormalNotificationSection|10387|0|com.reddit.frontpage|g:Aggregate_NormalNotificationSection
11-24 11:51:44.373  4091  4091 D PluginAODManager: onNotificationInfoUpdated() 0|ai.perplexity.app.android|0|null|10534
11-24 11:51:44.373  4091  4091 D PluginAODManager: onNotificationInfoUpdated() 0|com.ubnt.easyunifi|0|null|10581
11-24 11:51:44.373  4091  4091 D PluginAODManager: onNotificationInfoUpdated() 0|com.ubercab|0|0|com.ubercab|g:Aggregate_NormalNotificationSection|11292|0|com.ubercab|g:Aggregate_NormalNotificationSection
11-24 11:51:44.373  4091  4091 D PluginAODManager: onNotificationInfoUpdated() 0|com.spotify.music|1612441384|null|10344
11-24 11:51:44.373  4091  4091 D PluginAODManager: onNotificationInfoUpdated() 0|com.termux|1337|null|10364
11-24 11:51:44.373  4091  4091 D PluginAODManager: onNotificationInfoUpdated() 0|com.samsung.ecomm|0|0|com.samsung.ecomm|g:Aggregate_NormalNotificationSection|10333|0|com.samsung.ecomm|g:Aggregate_NormalNotificationSection
11-24 11:51:44.373  4091  4091 D PluginAODManager: onNotificationInfoUpdated() 0|com.google.android.gm|-1900620907|gig:-1858221256:CLASSIC_INBOX_ALL_MAIL|10290
11-24 11:51:44.373  4091  4091 D PluginAODManager: onNotificationInfoUpdated() 0|android|1005|net.dinglisch.android.taskerm/.MyAccessibilityService|1000
11-24 11:51:44.373  4091  4091 D PluginAODManager: onNotificationInfoUpdated() 0|com.dd.doordash|0|0|com.dd.doordash|g:Aggregate_NormalNotificationSection|10394|0|com.dd.doordash|g:Aggregate_NormalNotificationSection
11-24 11:51:44.373  4091  4091 D PluginAODManager: onNotificationInfoUpdated() 0|com.samsung.android.forest|104|null|1000
11-24 11:51:44.373  4091  4091 D PluginAODManager: onNotificationInfoUpdated() 0|com.google.android.apps.messaging|7|incoming_message_group_key|10270
11-24 11:51:44.373  4091  4091 D PluginAODManager: onNotificationInfoUpdated() 0|android|1005|io.github.muntashirakon.AppManager/.accessibility.NoRootAccessibilityService|1000
11-24 11:51:44.373  4091  4091 D PluginAODManager: onNotificationInfoUpdated() 0|com.ubercab.eats|0|0|com.ubercab.eats|g:Aggregate_NormalNotificationSection|10460|0|com.ubercab.eats|g:Aggregate_NormalNotificationSection
11-24 11:51:44.373  4091  4091 D PluginAODManager: onNotificationInfoUpdated() 0|com.google.android.gms|0|0|com.google.android.gms|g:Aggregate_NormalNotificationSection|10272|0|com.google.android.gms|g:Aggregate_NormalNotificationSection
11-24 11:51:44.373  4091  4091 D PluginAODManager: onNotificationInfoUpdated() 0|io.github.muntashirakon.AppManager|0|0|io.github.muntashirakon.AppManager|g:Aggregate_NormalNotificationSection|10363|0|io.github.muntashirakon.AppManager|g:Aggregate_NormalNotificationSection
11-24 11:51:44.373  4091  4091 D PluginAODManager: onNotificationInfoUpdated() 0|app.flixcapacitor.mobile|2131296394|null|11245
11-24 11:51:44.373  4091  4091 D PluginAODManager: onNotificationInfoUpdated() 0|org.telegram.messenger|-90455783|null|10403
11-24 11:51:44.373  4091  4091 I AODNotificationManager: updateVisibleNotifications: 31
11-24 11:51:44.384  4091  4091 I SecKeyguardClockPositionAlgorithm: prepareClockContainerHeightChanging:
11-24 11:51:44.384  4091  4091 I PluginFaceWidgetManager: isEditMode = false
11-24 11:51:44.384  4091  4091 I NowBarItemManager: getVisibleList isScreenTurnedOn = false / aodShowState false shouldControlScreenOff false visibleList size = 0
11-24 11:51:44.384  4091  4091 I SecKeyguardClockPositionAlgorithm: prepareClockContainerHeightChanging:
11-24 11:51:44.384  4091  4091 I PluginFaceWidgetManager: isEditMode = false
11-24 11:51:44.384  4091  4091 I NowBarItemManager: getVisibleList isScreenTurnedOn = false / aodShowState false shouldControlScreenOff false visibleList size = 0
11-24 11:51:44.453 22110 22110 W Finsky  : [2] STU: Failed to get storage stats for package 'com.google.android.cellbroadcast' (1601: Error getting stats: android.content.pm.PackageManager.NameNotFoundException)
11-24 11:51:44.458  4091  4091 I NowBarUtils: sendBlockingTouchAreaToWallpaper Rect(540, 2260 - 540, 2260) reason OnLayoutChangeListener cardState=-1
11-24 11:51:44.497 22110 22110 W Finsky  : [2] STU: Failed to get storage stats for package 'com.samsung.android.vital' (1601: Error getting stats: android.content.pm.PackageManager.NameNotFoundException)
11-24 11:51:44.510 22110 22110 W Finsky  : [2] STU: Failed to get storage stats for package 'com.android.compos' (1601: Error getting stats: android.content.pm.PackageManager.NameNotFoundException)
11-24 11:51:44.517 15815 15815 D BoundBrokerSvc: onRebind: Intent { act=com.google.android.gms.libs.gmscorelogger.service.START dat=chimera-action:/... xflg=0x4 cmp=com.google.android.gms/.chimera.PersistentDirectBootAwareApiService }
11-24 11:51:44.539  1910  5415 I vendor.qti.bluetooth@1.0-ibs_handler: DeviceSleep: TX Awake, Sending SLEEP_IND
11-24 11:51:44.539  1910  5415 D vendor.qti.bluetooth@1.0-ibs_handler: SerialClockVote: vote for UART CLK OFF
11-24 11:51:44.546  2054  2096 E HeatmapThread: ECT Thread time in milliseconds: 1764003104
11-24 11:51:44.547  2054  2096 D HeatmapThread: !@ batteryplugType : 0
11-24 11:51:44.547  2054  2096 D HeatmapThread: !@ batteryLevel : 70  batteryTemperature : 343 
11-24 11:51:44.547  2054  2096 D HeatmapThread: !@ Heatmap currtime: 29400051
11-24 11:51:44.547  2054  2096 D HeatmapThread: !@ Heatmap prevtime: 29400049
11-24 11:51:44.547  2054  2096 D HeatmapThread: !@ Heatmap plugstarttime: 35791394
11-24 11:51:44.547  2054  2096 D HeatmapThread: !@ Heatmap prevv_dsoh_update_time: 29399524
11-24 11:51:44.547  2054  2096 E HeatmapThread: !@ CAM New BSOH: 100
11-24 11:51:44.559  4091  4091 I AppIconSolution: return adaptive icon for com.samsung.android.dialer, isNight = true
11-24 11:51:44.559  4091  4091 I AppIconSolution: return adaptive icon for com.samsung.android.dialer, isNight = true
11-24 11:51:44.560  4091  4091 I AppIconSolution: return adaptive icon for com.samsung.android.dialer, isNight = true
11-24 11:51:44.563  4091  4091 D KeyguardUpdateMonitor: isUserUnlocked userId:0, unlocked:true
11-24 11:51:44.563  4091  4091 D KeyguardSecAffordanceView: sendBlockingTouchAreaToWallpaper rect: Rect(0, 0 - 0, 0), nowBarVisible: false, LeftShortcut
11-24 11:51:44.563  4091  4091 D KeyguardUpdateMonitor: isUserUnlocked userId:0, unlocked:true
11-24 11:51:44.563  4091  4091 D KeyguardUpdateMonitor: isUserUnlocked userId:0, unlocked:true
11-24 11:51:44.563  4091  4091 D KeyguardSecAffordanceView: sendBlockingTouchAreaToWallpaper rect: Rect(0, 0 - 0, 0), nowBarVisible: false, RightShortcut
11-24 11:51:44.569  4091  4091 D InsignificantCoordinator: Insignificant summary filtered out by other condition 
11-24 11:51:44.606 22110 22110 W Finsky  : [2] STU: Failed to get storage stats for package 'com.android.uprobestats' (1601: Error getting stats: android.content.pm.PackageManager.NameNotFoundException)
11-24 11:51:44.611 22110 22110 W Finsky  : [2] STU: Failed to get storage stats for package 'com.android.profiling' (1601: Error getting stats: android.content.pm.PackageManager.NameNotFoundException)
11-24 11:51:44.625  2062  2382 D Scheduler: displayPowerTimerCallback ExpiredDisplayPowerTimer: 1
11-24 11:51:44.689  1910  4854 D vendor.qti.bluetooth@1.0-wake_lock: Release wakelock is released 
11-24 11:51:44.741 22110 22110 W Finsky  : [2] STU: Failed to get storage stats for package 'com.samsung.android.media.extractor' (1601: Error getting stats: android.content.pm.PackageManager.NameNotFoundException)
11-24 11:51:44.788 11810 12058 I id.diagmonagent: Explicit concurrent mark compact GC freed 1130KB AllocSpace bytes, 0(0B) LOS objects, 90% free, 2533KB/26MB, paused 55us,413us total 5.655ms
11-24 11:51:44.843  5270  5349 I RequestManager_FLP: onOpChanged, op=0 / packageName=com.samsung.android.oneconnect
11-24 11:51:44.875 15815 11635 I NearbyPresence: (REDACTED) [NP_EVENT] screenOn %s
11-24 11:51:44.875 15815 11635 I NearbyPresence: (REDACTED) [NP_CONTROL] %s
11-24 11:51:44.875 15815 11635 I NearbyPresence: (REDACTED) ScanProviderControllerImpl runOrUpdateScan %s
11-24 11:51:44.875 15815 10908 I NearbyPresence: (REDACTED) [NP_DEBUG] provider state %s medium %s %s
11-24 11:51:44.875 15815 10908 D BluetoothAdapter: isLeEnabled(): ON
11-24 11:51:44.875 15815 10908 D BluetoothLeScanner: Stop Scan with callback
11-24 11:51:44.876  4491  4530 I bt_shim_scanner: system/main/shim/le_scanning_manager.cc:141 Unregister: in shim layer, scannerId=7
11-24 11:51:44.876  4491  4851 W bluetooth: system/gd/hci/le_scanning_manager.cc:697 unregister_scanner: unregister_scanner
11-24 11:51:44.876 15815 10908 D BluetoothAdapter: isLeEnabled(): ON
11-24 11:51:44.876  4491  5528 I bt_shim_scanner: system/main/shim/le_scanning_manager.cc:197 ScanFilterParamSetup: in shim layer, clientIf=7
11-24 11:51:44.876 15815 10908 D BluetoothLeScanner: Start Scan with callback
11-24 11:51:44.876  1910  1935 D vendor.qti.bluetooth@1.0-ibs_handler: SerialClockVote: vote for UART CLK ON
11-24 11:51:44.876  4491  5528 E ScanManager: [GSIM LOG]: gsimLogHandler, msg: MESSAGE_SCAN_STOP, appName: com.google.android.gms, scannerId: 7, reportDelayMillis=0
11-24 11:51:44.876  4491  4530 I bt_shim_scanner: system/main/shim/le_scanning_manager.cc:135 RegisterScanner: in shim layer, UUID=5a673548-bdc1-4688-a717-050c9860dc23
11-24 11:51:44.876 11810 11810 W ContextImpl: Calling a method in the system process without a qualified user: android.app.ContextImpl.startService:2068 android.content.ContextWrapper.startService:872 android.content.ContextWrapper.startService:872 com.sec.android.diagmonagent.sa.receiver.CFLogReceiver.onReceive:56 android.app.ActivityThread.handleReceiver:5663 
11-24 11:51:44.877  1910  1935 D vendor.qti.bluetooth@1.0-wake_lock: Acquire wakelock is acquired 
11-24 11:51:44.877  1910  1935 I vendor.qti.bluetooth@1.0-ibs_handler: DeviceWakeUp: Writing IBS_WAKE_IND
11-24 11:51:44.877  1910  5402 I vendor.qti.bluetooth@1.0-ibs_handler: ProcessIbsCmd: Received IBS_WAKE_ACK: 0xFC
11-24 11:51:44.877  1910  5402 I vendor.qti.bluetooth@1.0-ibs_handler: ProcessIbsCmd: Signal wack_cond_
11-24 11:51:44.877  1910  1935 D vendor.qti.bluetooth@1.0-ibs_handler: DeviceWakeUp: Unblocked from waiting for FC, pthread_cond_timedwait ret = 0
11-24 11:51:44.877  4491  4851 W bluetooth: system/gd/hci/le_scanning_manager.cc:650 register_scanner: register_scanner
11-24 11:51:44.877 15815 16660 D BluetoothLeScanner: onScannerRegistered() - status=0 scannerId=7 mScannerId=0
11-24 11:51:44.877  1910  5402 I vendor.qti.bluetooth@1.0-ibs_handler: ProcessIbsCmd: Received IBS_WAKE_IND: 0xFD
11-24 11:51:44.877  1910  5402 I vendor.qti.bluetooth@1.0-ibs_handler: ProcessIbsCmd: Writing IBS_WAKE_ACK
11-24 11:51:44.878  4491  5528 E ScanManager: [GSIM LOG]: gsimLogHandler, msg: MESSAGE_SCAN_START, appName: com.google.android.gms, scannerId: 7, reportDelayMillis=0
11-24 11:51:44.878 11810 11810 W ContextImpl: Calling a method in the system process without a qualified user: android.app.ContextImpl.startService:2068 android.content.ContextWrapper.startService:872 android.content.ContextWrapper.startService:872 com.sec.android.diagmonagent.sa.receiver.CFLogReceiver.onReceive:56 android.app.ActivityThread.handleReceiver:5663 
11-24 11:51:44.882  2907  3139 D ForegroundServiceMgr: op [android:system_alert_window] access time
11-24 11:51:44.882  2907  3139 D ForegroundServiceMgr: op [android:wake_lock] access time
11-24 11:51:44.882  2907  3139 D ForegroundServiceMgr: op [android:activate_vpn] access time
11-24 11:51:44.882  2907  3139 D ForegroundServiceMgr: op [android:start_foreground] access time
11-24 11:51:44.882  2907  3139 D ForegroundServiceMgr: op [android:establish_vpn_service] access time
11-24 11:51:44.882  2907  3139 D ForegroundServiceMgr: op [android:access_restricted_settings] access time
11-24 11:51:44.917  1917 27802 I sensors-hal: handle_sns_client_event:379, [0][169775] accel_sample [ 3.210,  2.172, 10.410] 238120021434673
11-24 11:51:44.924  1910  5402 I vendor.qti.bluetooth@1.0-ibs_handler: ProcessIbsCmd: Received IBS_SLEEP_IND: 0xFE
11-24 11:51:44.951  1123  1123 D io_stats: !@   8,0 r 1060756447 7510036400 w 22164805 417613896 d 1610599 361729744 f 263709 1232646 iot 31110988 0 th 0 0 0 pt 0 inp 0 1 162580.854
11-24 11:51:45.079 15815 10908 I NearbyPresence: (REDACTED)  %s isScanning scanMode: %s.
11-24 11:51:45.079 15815 10908 I NearbyPresence: (REDACTED) [NP_DEBUG] scan updates %s medium %s
11-24 11:51:45.127  1910  5415 I vendor.qti.bluetooth@1.0-ibs_handler: DeviceSleep: TX Awake, Sending SLEEP_IND
11-24 11:51:45.127  1910  5415 D vendor.qti.bluetooth@1.0-ibs_handler: SerialClockVote: vote for UART CLK OFF
11-24 11:51:45.260  2907  6652 D PowerManagerService: [api] release WakeLock DRAW_WAKE_LOCK                    'AOD_EnsureWorkingTime' ACQ=-1s504ms (uid=10048 pid=4091 displayId=0 lock=f14f39b)
11-24 11:51:45.277  1910  4854 D vendor.qti.bluetooth@1.0-wake_lock: Release wakelock is released 
11-24 11:51:45.430  2421 24395 I CameraService: onUidStateChanged: uid=10048, procState is changed. (1 -> 5)
11-24 11:51:45.430  2907  3909 I MR2ServiceImpl: Updating composite discovery preference | preference: RouteDiscoveryRequest{ preferredFeatures={}, activeScan=false }, active routers: []
11-24 11:51:45.430  5606  5674 V OsAgent : broadcastSystemEvent - 7
11-24 11:51:45.510 15815 11635 I NearbyPresence: (REDACTED) [NP_EVENT] %s
11-24 11:51:45.510 15815 11635 I NearbyPresence: (REDACTED) [NP_CONTROL] %s
11-24 11:51:45.510 15815 11635 I NearbyPresence: (REDACTED) %s: Reporting device lost for %s
11-24 11:51:45.511 15815 11635 I NearbyPresence: (REDACTED) [NP_CONTROL] %s
11-24 11:51:45.511 15815 11635 I NearbyPresence: (REDACTED) [FppSensorFusionController] Update called with options: %s
11-24 11:51:45.546  2054  2096 E HeatmapThread: ECT Thread time in milliseconds: 1764003105
11-24 11:51:45.547  2054  2096 D HeatmapThread: !@ batteryplugType : 0
11-24 11:51:45.547  2054  2096 D HeatmapThread: !@ batteryLevel : 70  batteryTemperature : 343 
11-24 11:51:45.547  2054  2096 D HeatmapThread: !@ Heatmap currtime: 29400051
11-24 11:51:45.547  2054  2096 D HeatmapThread: !@ Heatmap prevtime: 29400049
11-24 11:51:45.547  2054  2096 D HeatmapThread: !@ Heatmap plugstarttime: 35791394
11-24 11:51:45.547  2054  2096 D HeatmapThread: !@ Heatmap prevv_dsoh_update_time: 29399524
11-24 11:51:45.547  2054  2096 E HeatmapThread: !@ CAM New BSOH: 100
11-24 11:51:45.563 15815 11204 D BluetoothLeAdvertiser: Stop AdvertingSet
11-24 11:51:45.563  4491  5525 W BtGatt.AdvertiseManager: stopAdvertisingSet() - Enter the mNativeInterface
11-24 11:51:45.563  4491  5525 I bt_shim_advertiser: system/main/shim/le_advertising_manager.cc:80 Unregister: in shim layer
11-24 11:51:45.563  4491  5846 I bluetooth_core::gatt::server::isolation_manager: removing server (if any) associated with advertiser AdvertiserId(0)
11-24 11:51:45.563  4491  4851 W bluetooth: system/gd/hci/le_advertising_manager.cc:443 remove_advertiser: advertiser_id =0
11-24 11:51:45.563  4491  5525 E BtGatt.AdvertiseManager: [GSIM LOG]: gsimLogHandler, msg: MESSAGE_ADV_SET_STOP, appName: com.google.android.gms, id: 0, isLegacy: true
11-24 11:51:45.563 15815 15815 D BluetoothLeAdvertiser: onAdvertisingSetStopped(0)
11-24 11:51:45.563  1910  1935 D vendor.qti.bluetooth@1.0-ibs_handler: SerialClockVote: vote for UART CLK ON
11-24 11:51:45.564  1910  1935 D vendor.qti.bluetooth@1.0-wake_lock: Acquire wakelock is acquired 
11-24 11:51:45.564  1910  1935 I vendor.qti.bluetooth@1.0-ibs_handler: DeviceWakeUp: Writing IBS_WAKE_IND
11-24 11:51:45.569  1910  5402 I vendor.qti.bluetooth@1.0-ibs_handler: ProcessIbsCmd: Received IBS_WAKE_ACK: 0xFC
11-24 11:51:45.569  1910  5402 I vendor.qti.bluetooth@1.0-ibs_handler: ProcessIbsCmd: Signal wack_cond_
11-24 11:51:45.569  1910  1935 D vendor.qti.bluetooth@1.0-ibs_handler: DeviceWakeUp: Unblocked from waiting for FC, pthread_cond_timedwait ret = 0
11-24 11:51:45.569  1910  5402 I vendor.qti.bluetooth@1.0-ibs_handler: ProcessIbsCmd: Received IBS_WAKE_IND: 0xFD
11-24 11:51:45.569  1910  5402 I vendor.qti.bluetooth@1.0-ibs_handler: ProcessIbsCmd: Writing IBS_WAKE_ACK
11-24 11:51:45.618  1910  5402 I vendor.qti.bluetooth@1.0-ibs_handler: ProcessIbsCmd: Received IBS_SLEEP_IND: 0xFE
11-24 11:51:45.679  1928  2032 I HYPER-HAL: [RequestManager.cpp]acquire(): Acquired ID : 302885645  [1932 / 22679]    HINT :      list : [TID_LOW_LATENCY / 0] [TID / 12305] [TID / 12306] [TID / 25260] [TID / 12310] 
11-24 11:51:45.679  1932  1932 I SS_POWER_HINT_SESSION: SS_ADPF 25260-10047-d550 destroy
11-24 11:51:45.679  1928  2032 I HYPER-HAL: [RequestManager.cpp]releaseLocked(): Released ID : 302885645
11-24 11:51:45.679  1928  2032 I HYPER-HAL: [RequestManager.cpp]acquire(): Acquired ID : 302910258  [1932 / 22680]    HINT :      list : [UCLAMP_MIN_BOOST / 0] [TIMEOUT / 0] [TID / 12305] [TID / 12306] [TID / 25260] [TID / 12310] 
11-24 11:51:45.679  1928  2032 I HYPER-HAL: [RequestManager.cpp]releaseLocked(): Released ID : 302910258
11-24 11:51:45.686  1932  1932 I SS_POWER_HINT_SESSION: SS_ADPF 25260-10047-eb30 destroy
11-24 11:51:45.686  1928  2032 I HYPER-HAL: [RequestManager.cpp]acquire(): Acquired ID : 302836422  [1932 / 22677]    HINT :      list : [TID_LOW_LATENCY / 0] [TID / 12305] [TID / 12306] [TID / 25260] [TID / 12310] 
11-24 11:51:45.686  1928  2032 I HYPER-HAL: [RequestManager.cpp]releaseLocked(): Released ID : 302836422
11-24 11:51:45.686  1928  2032 I HYPER-HAL: [RequestManager.cpp]acquire(): Acquired ID : 302861033  [1932 / 22678]    HINT :      list : [UCLAMP_MIN_BOOST / 0] [TIMEOUT / 0] [TID / 12305] [TID / 12306] [TID / 25260] [TID / 12310] 
11-24 11:51:45.686  1928  2032 I HYPER-HAL: [RequestManager.cpp]releaseLocked(): Released ID : 302861033
11-24 11:51:45.687  1932  1932 I SS_POWER_HINT_SESSION: SS_ADPF 4738-10152-8db0 destroy
11-24 11:51:45.687  1928  2032 I HYPER-HAL: [RequestManager.cpp]acquire(): Acquired ID : 302590367  [1932 / 22667]    HINT :      list : [TID_LOW_LATENCY / 0] [TID / 12324] [TID / 12325] [TID / 4738] [TID / 12328] 
11-24 11:51:45.687  1928  2032 I HYPER-HAL: [RequestManager.cpp]releaseLocked(): Released ID : 302590367
11-24 11:51:45.687  1928  2032 I HYPER-HAL: [RequestManager.cpp]acquire(): Acquired ID : 302614968  [1932 / 22668]    HINT :      list : [UCLAMP_MIN_BOOST / 0] [TIMEOUT / 0] [TID / 12324] [TID / 12325] [TID / 4738] [TID / 12328] 
11-24 11:51:45.687  1928  2032 I HYPER-HAL: [RequestManager.cpp]releaseLocked(): Released ID : 302614968
11-24 11:51:45.826  1910  5415 I vendor.qti.bluetooth@1.0-ibs_handler: DeviceSleep: TX Awake, Sending SLEEP_IND
11-24 11:51:45.826  1910  5415 D vendor.qti.bluetooth@1.0-ibs_handler: SerialClockVote: vote for UART CLK OFF
11-24 11:51:45.976  1910  4854 D vendor.qti.bluetooth@1.0-wake_lock: Release wakelock is released 
11-24 11:51:46.160  2011  2809 I thermal_core: pivot(AP) : 429, skin : 361
11-24 11:51:46.187  1920  1943 D AHAL_ModulePrimary_QTI: getVendorParameters: id count: 1
11-24 11:51:46.187  1920  1943 I PAL: ResourceManager: getActiveStream_l: 6569: no active streams found for device 3 ret -2
11-24 11:51:46.187  1920  1943 D AHAL_SecModulePrimary: onGetSECGenericParameters get temperature for g_hw_speaker_amp_temp_rcv: 0
11-24 11:51:46.187  1920  1943 D AHAL_ModulePrimary_QTI: getVendorParameters: id count: 1
11-24 11:51:46.187  1920  1943 I PAL: ResourceManager: getActiveStream_l: 6569: no active streams found for device 3 ret -2
11-24 11:51:46.187  1920  1943 D AHAL_SecModulePrimary: onGetSECGenericParameters get temperature for g_hw_speaker_amp_temp_spk: 0
11-24 11:51:46.187 11946 12599 I SDHMS:x : SIOP:: AP:429 BAT:340 USB:316 CHG:397 PA:423 WIFI:395 CF:377 BLK:0 SUBBAT:0 LRPTHM:364 SKIN:363 SKINF:363 SKINB:358 LRP:363 LRF:363 LRB:358 APT:363 APR:358 RCV:360 SPK:314 CHGF:359 CHGR:351 MEMF:361 MEMR:355 WIFIF:361 WIFIR:357 FCAM:317 UPSPK:377 DNSPK:318 VAP:426 VWIFI:417 AMB2:221 HIGH:0 AVGCUR:-365 POWER:-1467
11-24 11:51:46.188 11946 12599 I AudioManager: setParameters keyValuePairs = g_hw_speaker_amp_temp_spk=31
11-24 11:51:46.188  2041  7144 D AudioFlinger: setParameters: filtered dev setParameters keyvalue g_hw_speaker_amp_temp_spk=31
11-24 11:51:46.188  1920  1943 D AHAL_HFP_QTI: hfp_set_parameters enter
11-24 11:51:46.188  1920  1943 D AHAL_HFP_QTI: hfp_set_parameters Exit
11-24 11:51:46.188  1920  1943 D AHAL_SecModulePrimary: processSetVendorParameters: configured g_hw_speaker_amp_temp_spk
11-24 11:51:46.188  1920  1943 D AHAL_SecModulePrimary: processSetVendorParameters: handler set on Feature:0
11-24 11:51:46.188  1920  1943 D AHAL_SecModulePrimary: onSetSECGenericParameters set temperature for g_hw_speaker_amp_temp_spk: 31
11-24 11:51:46.188  1920  1943 I PAL: API: pal_set_param: 1377: Enter: param id 3002
11-24 11:51:46.188  1920  1943 I PAL: ResourceManager: getActiveStream_l: 6569: no active streams found for device 3 ret -2
11-24 11:51:46.188  2041  7144 E ConversionHelperAidl: Function: parseAndSetVendorParameters Line: 94 Failed 
11-24 11:51:46.188  2041  7144 E ConversionHelperAidl: Function: parseAndSetVendorParameters Line: 94 Failed 
11-24 11:51:46.188 11946 12599 I AudioManager: setParameters keyValuePairs = g_hw_speaker_amp_temp_rcv=36
11-24 11:51:46.188  2041  7144 D AudioFlinger: setParameters: filtered dev setParameters keyvalue g_hw_speaker_amp_temp_rcv=36
11-24 11:51:46.188  1920  1943 D AHAL_HFP_QTI: hfp_set_parameters enter
11-24 11:51:46.188  1920  1943 D AHAL_HFP_QTI: hfp_set_parameters Exit
11-24 11:51:46.188  1920  1943 D AHAL_SecModulePrimary: processSetVendorParameters: configured g_hw_speaker_amp_temp_rcv
11-24 11:51:46.188  1920  1943 D AHAL_SecModulePrimary: processSetVendorParameters: handler set on Feature:0
11-24 11:51:46.188  1920  1943 D AHAL_SecModulePrimary: onSetSECGenericParameters set temperature for g_hw_speaker_amp_temp_rcv: 36
11-24 11:51:46.188  1920  1943 I PAL: API: pal_set_param: 1377: Enter: param id 3001
11-24 11:51:46.188  1920  1943 I PAL: ResourceManager: getActiveStream_l: 6569: no active streams found for device 3 ret -2
11-24 11:51:46.188  2041  7144 E ConversionHelperAidl: Function: parseAndSetVendorParameters Line: 94 Failed 
11-24 11:51:46.188  2041  7144 E ConversionHelperAidl: Function: parseAndSetVendorParameters Line: 94 Failed 
11-24 11:51:46.189 11946 12044 I M0      : limitCPUFreq:: freq = 4281600
11-24 11:51:46.189 11946 12044 I SemDvfsHyPerManager: acquire hyper - SIOP_ARM_MAX/11946@3, type = 301993986
11-24 11:51:46.189  1928  2032 I HYPER-HAL: [RequestManager.cpp]acquire(): Acquired ID : 71395278  [11946 / 3]    HINT :      list : [CPUMaxFreq / 4281600] 
11-24 11:51:46.191  1123  1133 D io_stats: !@ cpu boost: status(ON), traffic_level(1), io_cpus(0xdf), boosted_cpus(0xff), set_freq(2000000)
11-24 11:51:46.301  2907  3151 D PowerManagerService: UserActivityState : 1 -> 4 groupId=0
11-24 11:51:46.301  2907  3151 I PowerManagerService: [PWL] Off : 238121s ago
11-24 11:51:46.301  2907  3151 I PowerManagerService: [PWL]   PowerManagerService.WakeLocks: ref count=1 [unknown: (11-24 11:51:08.367)]
11-24 11:51:46.301  2907  3151 I PowerManagerService: [PWL]     mWakeLockSummary : 0x41
11-24 11:51:46.301  2907  3151 I PowerManagerService: [PWL]       PARTIAL_WAKE_LOCK                 '*job*r/@SyncManager@com.android.contacts/com.whatsapp:android' ACQ=-37s934ms (uid=1000 pid=2907 ws=WorkSource{ chains=WorkChain{(10505), (1000, JobScheduler)}} displayId=0 lock=295d4b3)
11-24 11:51:46.301  2907  3151 I PowerManagerService: [PWL]       PARTIAL_WAKE_LOCK                 '*sync*/com.android.contacts/com.whatsapp' ACQ=-37s933ms (uid=1000 pid=2907 ws=WorkSource{10505} displayId=0 lock=38c199a)
11-24 11:51:46.301  2907  3151 I PowerManagerService: [PWL]       PARTIAL_WAKE_LOCK                 '*job*r/com.android.vending/com.google.android.finsky.scheduler.process.mainimpl.PhoneskyJobServiceMain' ACQ=-2s826ms (uid=1000 pid=2907 ws=WorkSource{ chains=WorkChain{(10271), (1000, JobScheduler)}} displayId=0 lock=60c4a70)
11-24 11:51:46.302  2907  2907 I MdnieScenarioControlService: action  :  com.samsung.server.PowerManagerService.action.USER_ACTIVITY
11-24 11:51:46.547  2054  2096 E HeatmapThread: ECT Thread time in milliseconds: 1764003106
11-24 11:51:46.548  2054  2096 D HeatmapThread: !@ batteryplugType : 0
11-24 11:51:46.548  2054  2096 D HeatmapThread: !@ batteryLevel : 70  batteryTemperature : 343 
11-24 11:51:46.548  2054  2096 D HeatmapThread: !@ Heatmap currtime: 29400051
11-24 11:51:46.548  2054  2096 D HeatmapThread: !@ Heatmap prevtime: 29400049
11-24 11:51:46.548  2054  2096 D HeatmapThread: !@ Heatmap plugstarttime: 35791394
11-24 11:51:46.548  2054  2096 D HeatmapThread: !@ Heatmap prevv_dsoh_update_time: 29399524
11-24 11:51:46.548  2054  2096 E HeatmapThread: !@ CAM New BSOH: 100
11-24 11:51:46.656 29615 29615 D WM-DelayedWorkTracker: Scheduling work cc91e37c-fce7-40b6-8e49-f6ea5c482f33
11-24 11:51:46.656 29615 29615 D WM-GreedyScheduler: Starting work for cc91e37c-fce7-40b6-8e49-f6ea5c482f33
11-24 11:51:46.656 29615 29650 D WM-Processor: Processor: processing WorkGenerationalId(workSpecId=cc91e37c-fce7-40b6-8e49-f6ea5c482f33, generation=0)
11-24 11:51:46.657 29615 29615 D WM-WorkerWrapper: Starting work for io.homeassistant.companion.android.websocket.WebsocketManager
11-24 11:51:46.657 29615 29650 I WM-WorkerWrapper: Worker result SUCCESS for Work [ id=cc91e37c-fce7-40b6-8e49-f6ea5c482f33, tags={ io.homeassistant.companion.android.websocket.WebsocketManager } ]
11-24 11:51:46.658 29615 29615 D WM-Processor: Processor cc91e37c-fce7-40b6-8e49-f6ea5c482f33 executed; reschedule = false
11-24 11:51:46.658  2907  6652 W JobScheduler.JobStatus: Exempted app com.google.android.wearable.app considered buggy
11-24 11:51:46.659  2907  6652 W JobScheduler.JobStatus: Exempted app com.google.android.wearable.app considered buggy
11-24 11:51:46.659  2907  6652 W JobScheduler.JobStatus: Exempted app com.google.android.wearable.app considered buggy
11-24 11:51:46.659  2907  3151 D PowerManagerService: UserActivityStateListenerState: 0
11-24 11:51:46.659  2907  6652 W JobScheduler.JobStatus: Exempted app com.google.android.wearable.app considered buggy
11-24 11:51:46.659 29615 29650 D WM-GreedyScheduler: Cancelling work ID cc91e37c-fce7-40b6-8e49-f6ea5c482f33
11-24 11:51:46.660 29615 29650 D WM-SystemJobScheduler: Scheduling work ID cc91e37c-fce7-40b6-8e49-f6ea5c482f33Job ID 150888
11-24 11:51:46.765  4331  4979 I EPDG -- SIM0 [SMARTWIFI]: isProfiling, hash=13743432, started=true
11-24 11:51:46.765  4331  4979 I EPDG -- SIM0 [SMARTWIFI]: isWifiRssiLessOrEqualsHandoverThreshold: received rssi is: -72 handover threshold is: -85
11-24 11:51:46.765  4331  4979 I EPDG -- SIM0 [SMARTWIFI]: isProfiling, hash=13743432, started=true
11-24 11:51:46.765  4331  4979 I EPDG -- SIM0 [SMARTWIFI]: Rssi : -72 highrange : -71 lowrange : -80 mIsRssiInHystersis : true
11-24 11:51:46.917  1917 27802 I sensors-hal: handle_sns_client_event:379, [0][169868] accel_sample [-0.020, -0.371,  9.612] 238122032242538
11-24 11:51:46.952  1123  1123 D io_stats: !@   8,0 r 1060790485 7510258096 w 22164805 417613896 d 1610663 361730472 f 263709 1232646 iot 31112660 0 th 0 0 0 pt 0 inp 0 2 162582.854
11-24 11:51:46.952  1123  1123 D io_stats: !@ Read_top(KB): binder:2453_2:normal(2453) 283864 ndroid.systemui:high(4091) 30704 ndroid.systemui:top(4091) 19692
11-24 11:51:46.952  1123  1123 D io_stats: !@ Write_top(KB): f2fs_ckpt-254:6:/(1586) 1292 kworker/3:0:/(8359) 936 kworker/7:1:/(9894) 196
11-24 11:51:46.952  1123  1123 D io_stats: !@ MemInfo(KB): total 11381328 free 638420 avail 3091248 actv(f) 879400 inactv(f) 1108248 dirty 10344 wb 0 anonpg 2288708 slab 1320048
11-24 11:51:47.022  1123  1133 D io_stats: !@ cpu boost: status(ON), traffic_level(1), io_cpus(0xff), boosted_cpus(0xff), set_freq(2000000)
11-24 11:51:47.440 29615 29615 D WM-DelayedWorkTracker: Scheduling work 2fdab169-4dc3-44c8-a32b-c3fcb3dca419
11-24 11:51:47.445 29615 29615 D WM-GreedyScheduler: Starting tracking for 2fdab169-4dc3-44c8-a32b-c3fcb3dca419
11-24 11:51:47.457 29615 29651 D WM-ConstraintTracker: NetworkStateTracker24: initial state = NetworkState(isConnected=true, isValidated=true, isMetered=false, isNotRoaming=true)
11-24 11:51:47.457 29615 29651 D WM-NetworkStateTracker: Registering network callback
11-24 11:51:47.459  4033  4033 I wpa_supplicant: Heartbeat 22314
11-24 11:51:47.461 29615 29651 D ConnectivityManager: StackLog: [android.net.ConnectivityManager.sendRequestForNetwork(ConnectivityManager.java:4736)] [android.net.ConnectivityManager.registerDefaultNetworkCallbackForUid(ConnectivityManager.java:5461)] [android.net.ConnectivityManager.registerDefaultNetworkCallback(ConnectivityManager.java:5428)] [android.net.ConnectivityManager.registerDefaultNetworkCallback(ConnectivityManager.java:5402)] [androidx.print.PrintHelper$$ExternalSyntheticApiModelOutline0.m(D8$$SyntheticClass:0)] [androidx.work.impl.utils.NetworkApi24.registerDefaultNetworkCallbackCompat(NetworkApi24.kt:26)] [androidx.work.impl.constraints.trackers.NetworkStateTracker24.startTracking(NetworkStateTracker.kt:165)] [androidx.work.impl.constraints.trackers.ConstraintTracker.addListener(ConstraintTracker.kt:52)] [androidx.work.impl.constraints.controllers.BaseConstraintController$track$1.invokeSuspend(ContraintControllers.kt:62)] [androidx.work.impl.constraints.controllers.BaseConstraintController$track$1.invoke(Unknown Source:8)] [androidx.work.impl.constraints.controllers.BaseConstraintController$track$1.invoke(Unknown Source:4)] [kotlinx.coroutines.flow.ChannelFlowBuilder.collectTo$suspendImpl(Builders.kt:316)] [kotlinx.coroutines.flow.ChannelFlowBuilder.collectTo(Unknown Source:0)] [kotlinx.coroutines.flow.CallbackFlowBuilder.collectTo(Builders.kt:330)] [kotlinx.coroutines.flow.internal.ChannelFlow$collectToFun$1.invokeSuspend(ChannelFlow.kt:56)] [kotlin.coroutines.jvm.internal.BaseContinuationImpl.resumeWith(ContinuationImpl.kt:34)] [kotlinx.coroutines.DispatchedTask.run(DispatchedTask.kt:100)] [androidx.work.impl.utils.SerialExecutorImpl$Task.run(SerialExecutorImpl.java:96)] [java.util.concurrent.ThreadPoolExecutor.runWorker(ThreadPoolExecutor.java:1156)] [java.util.concurrent.ThreadPoolExecutor$Worker.run(ThreadPoolExecutor.java:651)] [java.lang.Thread.run(Thread.java:1119)]
11-24 11:51:47.461  2907  6652 D ConnectivityService: requestNetwork for uid/pid:10392/29615 activeRequest: null callbackRequest: 29841 [NetworkRequest [ REQUEST id=29842, [ Capabilities: INTERNET&NOT_RESTRICTED&TRUSTED&NOT_VCN_MANAGED&NOT_BANDWIDTH_CONSTRAINED Uid: 10392 RequestorUid: 10392 RequestorPkg: io.homeassistant.companion.android UnderlyingNetworks: Null] ]] callback flags: 0 order: 2147483647 isUidTracked: false declaredMethods: AVAIL|LOST|NC
11-24 11:51:47.462  2907  3853 D ConnectivityService:    accepting network in place of null for NetworkRequest [ REQUEST id=29842, [ Capabilities: INTERNET&NOT_RESTRICTED&TRUSTED&NOT_VCN_MANAGED&NOT_BANDWIDTH_CONSTRAINED Uid: 10392 RequestorUid: 10392 RequestorPkg: io.homeassistant.companion.android UnderlyingNetworks: Null] ]
11-24 11:51:47.462 29615 29651 D WM-GreedyScheduler: Constraints met: Scheduling work ID WorkGenerationalId(workSpecId=2fdab169-4dc3-44c8-a32b-c3fcb3dca419, generation=0)
11-24 11:51:47.462 29615 30589 D WM-NetworkStateTracker: Network capabilities changed: [ Transports: WIFI Capabilities: NOT_METERED&INTERNET&NOT_RESTRICTED&TRUSTED&NOT_VPN&VALIDATED&NOT_ROAMING&FOREGROUND&NOT_CONGESTED&NOT_SUSPENDED&NOT_VCN_MANAGED&NOT_BANDWIDTH_CONSTRAINED LinkUpBandwidth>=40127Kbps LinkDnBandwidth>=43091Kbps TransportInfo: <SSID: <unknown ssid>, BSSID: 02:00:00:00:00:00, MAC: 02:00:00:00:00:00, IP: /192.168.1.247, Security type: 2, Supplicant state: COMPLETED, Wi-Fi standard: 11ax, RSSI: -75, Link speed: 137Mbps, Tx Link speed: 137Mbps, Max Supported Tx Link speed: 573Mbps, Rx Link speed: 137Mbps, Max Supported Rx Link speed: 573Mbps, Frequency: 5220MHz, Net ID: -1, Metered hint: false, score: 60, isUsable: true, CarrierMerged: false, SubscriptionId: -1, IsPrimary: -1, Trusted: true, Restricted: false, Ephemeral: false, OEM paid: false, OEM private: false, OSU AP: false, FQDN: <none>, Provider friendly name: <none>, Requesting package name: <none><none>MLO Information: , Is TID-To-Link negotiation supported by the AP: false, AP MLD Address: <none>, AP MLO Link Id: <none>, AP MLO Affiliated links: <none>, Vendor Data: <none>> SignalStrength: -75 UnderlyingNetworks: Null]
11-24 11:51:47.463 29615 29652 D WM-Processor: Processor: processing WorkGenerationalId(workSpecId=2fdab169-4dc3-44c8-a32b-c3fcb3dca419, generation=0)
11-24 11:51:47.463  2907  3834 D WifiNetworkFactory: got request NetworkRequest [ REQUEST id=29842, [ Capabilities: INTERNET&NOT_RESTRICTED&TRUSTED&NOT_VCN_MANAGED&NOT_BANDWIDTH_CONSTRAINED Uid: 10392 RequestorUid: 10392 RequestorPkg: io.homeassistant.companion.android UnderlyingNetworks: Null] ]
11-24 11:51:47.463  2907  3834 D UntrustedWifiNetworkFactory: got request NetworkRequest [ REQUEST id=29842, [ Capabilities: INTERNET&NOT_RESTRICTED&TRUSTED&NOT_VCN_MANAGED&NOT_BANDWIDTH_CONSTRAINED Uid: 10392 RequestorUid: 10392 RequestorPkg: io.homeassistant.companion.android UnderlyingNetworks: Null] ]
11-24 11:51:47.463  2907  3834 D OemPaidWifiNetworkFactory: got request NetworkRequest [ REQUEST id=29842, [ Capabilities: INTERNET&NOT_RESTRICTED&TRUSTED&NOT_VCN_MANAGED&NOT_BANDWIDTH_CONSTRAINED Uid: 10392 RequestorUid: 10392 RequestorPkg: io.homeassistant.companion.android UnderlyingNetworks: Null] ]
11-24 11:51:47.463  2907  3834 D MultiInternetWifiNetworkFactory: got request NetworkRequest [ REQUEST id=29842, [ Capabilities: INTERNET&NOT_RESTRICTED&TRUSTED&NOT_VCN_MANAGED&NOT_BANDWIDTH_CONSTRAINED Uid: 10392 RequestorUid: 10392 RequestorPkg: io.homeassistant.companion.android UnderlyingNetworks: Null] ]
11-24 11:51:47.463  2907  3853 D ConnectivityService: Rematched networks [computed 0ms] [applied 0ms] [issued 1]
11-24 11:51:47.463  2907  3853 D ConnectivityService: NetworkReassignment :
11-24 11:51:47.463  2907  3853 D ConnectivityService:   29842 : null → 190
11-24 11:51:47.464 29615 29615 D WM-WorkerWrapper: Starting work for io.homeassistant.companion.android.sensors.SensorWorker
11-24 11:51:47.469 29615 29649 I WM-Processor: Moving WorkSpec (2fdab169-4dc3-44c8-a32b-c3fcb3dca419) to the foreground
11-24 11:51:47.470  2907  6652 I ActivityManager: Background started FGS: Allowed [callingPackage: io.homeassistant.companion.android; callingUid: 10392; uidState: BFGS; uidBFSL: [BFSL]; intent: Intent { act=ACTION_START_FOREGROUND xflg=0x4 cmp=io.homeassistant.companion.android/androidx.work.impl.foreground.SystemForegroundService (has extras) }; code:PROC_STATE_BFGS; tempAllowListReason:<,reasonCode:SYSTEM_ALLOW_LISTED,duration:9223372036854775807,callingUid:-1>; allowWiu:-1; targetSdkVersion:36; callerTargetSdkVersion:36; startForegroundCount:0; bindFromPackage:null: isBindService:false]
11-24 11:51:47.471  5606  5674 V OsAgent : broadcastSystemEvent - 7
11-24 11:51:47.472 29615 27850 D SensorWorkerBase$doWork: Updating all Sensors in foreground.
11-24 11:51:47.474 29615 29615 I WM-SystemFgDispatcher: Started foreground service Intent { act=ACTION_START_FOREGROUND xflg=0x4 cmp=io.homeassistant.companion.android/androidx.work.impl.foreground.SystemForegroundService (has extras) }
11-24 11:51:47.474 29615 29615 D WM-SystemFgDispatcher: Notifying with (id:42, workSpecId: 2fdab169-4dc3-44c8-a32b-c3fcb3dca419, notificationType :1)
11-24 11:51:47.474  2907  6652 W ActivityManager: Foreground service started from background can not have location/camera/microphone access: service io.homeassistant.companion.android/androidx.work.impl.foreground.SystemForegroundService
11-24 11:51:47.474  2907  6652 I ActivityManager: Background started FGS: Allowed [callingPackage: io.homeassistant.companion.android; callingUid: 10392; uidState: FGS ; uidBFSL: [BFSL]; intent: Intent { act=ACTION_START_FOREGROUND cmp=io.homeassistant.companion.android/androidx.work.impl.foreground.SystemForegroundService }; code:PROC_STATE_FGS; tempAllowListReason:<,reasonCode:SYSTEM_ALLOW_LISTED,duration:9223372036854775807,callingUid:-1>; allowWiu:-1; targetSdkVersion:36; callerTargetSdkVersion:36; startForegroundCount:0; bindFromPackage:null: isBindService:false]
11-24 11:51:47.475  2907  6652 W ForegroundServiceTypeLoggerModule: Foreground service start for UID: 10392 does not have any types
11-24 11:51:47.475  4091 11909 D SecFgsManagerController: onForegroundStateChanged: [dialog:false]:[isForeground:true]:[packageName:io.homeassistant.companion.android]:[token:android.os.BinderProxy@cb96170]:[userId:0]
11-24 11:51:47.475  2907  3914 D BackgroundInstallControlService: Package event received: 0
11-24 11:51:47.475 29615 29615 D WM-SystemFgDispatcher: Notifying with (id:42, workSpecId: 2fdab169-4dc3-44c8-a32b-c3fcb3dca419, notificationType :1)
11-24 11:51:47.475 29615 29615 I NotificationManager: io.homeassistant.companion.android: notify(42, null, Notification(channel=Sensor Worker shortcut=null contentView=null vibrate=null sound=null defaults=0 flags=0 color=0x00000000 vis=PRIVATE semFlags=0x0 semPriority=0 semMissedCount=0)) as user
11-24 11:51:47.476  4091 11909 D SecFgsManagerController: updateUiControl[io.homeassistant.companion.android]: 65
11-24 11:51:47.476  4091 11909 D SecFgsManagerController: updateNumberOfVisibleRunningPackagesLocked: 5
11-24 11:51:47.476  2907  6652 W ActivityManager: Foreground service started from background can not have location/camera/microphone access: service io.homeassistant.companion.android/androidx.work.impl.foreground.SystemForegroundService
11-24 11:51:47.476  2907  6652 I ActivityManager: Background started FGS: Allowed [callingPackage: io.homeassistant.companion.android; callingUid: 10392; uidState: FGS ; uidBFSL: [BFSL]; intent: Intent { act=ACTION_START_FOREGROUND cmp=io.homeassistant.companion.android/androidx.work.impl.foreground.SystemForegroundService }; code:PROC_STATE_FGS; tempAllowListReason:<,reasonCode:SYSTEM_ALLOW_LISTED,duration:9223372036854775807,callingUid:-1>; allowWiu:-1; targetSdkVersion:36; callerTargetSdkVersion:36; startForegroundCount:1; bindFromPackage:null: isBindService:false]
11-24 11:51:47.476  4091 11909 D SecFgsManagerController: onForegroundStateChanged: [dialog:false]:[isForeground:true]:[packageName:io.homeassistant.companion.android]:[token:android.os.BinderProxy@cb96170]:[userId:0]
11-24 11:51:47.477 29615 27850 D ServerConnectionInfo: Using cloud / remote UI URL
11-24 11:51:47.546  2054  2096 E HeatmapThread: ECT Thread time in milliseconds: 1764003107
11-24 11:51:47.547  2054  2096 D HeatmapThread: !@ batteryplugType : 0
11-24 11:51:47.547  2054  2096 D HeatmapThread: !@ batteryLevel : 70  batteryTemperature : 343 
11-24 11:51:47.547  2054  2096 D HeatmapThread: !@ Heatmap currtime: 29400051
11-24 11:51:47.547  2054  2096 D HeatmapThread: !@ Heatmap prevtime: 29400049
11-24 11:51:47.547  2054  2096 D HeatmapThread: !@ Heatmap plugstarttime: 35791394
11-24 11:51:47.547  2054  2096 D HeatmapThread: !@ Heatmap prevv_dsoh_update_time: 29399524
11-24 11:51:47.547  2054  2096 E HeatmapThread: !@ CAM New BSOH: 100
11-24 11:51:47.809 11745 11745 I AidlLazyServiceRegistrar: Process has 0 (of 1 available) client(s) in use after notification vendor.samsung.hardware.tlc.kg.ISehKg/default has clients: 0
11-24 11:51:47.809 11745 11745 I AidlLazyServiceRegistrar: Trying to shut down the service. No clients in use for any service in process.
11-24 11:51:47.810 11745 11745 I AidlLazyServiceRegistrar: Unregistered all clients and exiting
11-24 11:51:48.189 29615 27850 I SensorReceiverBase: Sensor updates and sync completed
11-24 11:51:48.190 29615 29652 I WM-WorkerWrapper: Worker result SUCCESS for Work [ id=2fdab169-4dc3-44c8-a32b-c3fcb3dca419, tags={ io.homeassistant.companion.android.sensors.SensorWorker } ]
11-24 11:51:48.191 29615 29615 D WM-Processor: Processor 2fdab169-4dc3-44c8-a32b-c3fcb3dca419 executed; reschedule = false
11-24 11:51:48.191 29615 29615 D WM-GreedyScheduler: Stopping tracking for WorkGenerationalId(workSpecId=2fdab169-4dc3-44c8-a32b-c3fcb3dca419, generation=0)
11-24 11:51:48.191  2907  6652 W JobScheduler.JobStatus: Exempted app com.google.android.wearable.app considered buggy
11-24 11:51:48.192  2907  6652 W JobScheduler.JobStatus: Exempted app com.google.android.wearable.app considered buggy
11-24 11:51:48.192  2907  6652 W JobScheduler.JobStatus: Exempted app com.google.android.wearable.app considered buggy
11-24 11:51:48.192  2907  6652 W JobScheduler.JobStatus: Exempted app com.google.android.wearable.app considered buggy
11-24 11:51:48.192 29615 29651 D WM-GreedyScheduler: Cancelling work ID 2fdab169-4dc3-44c8-a32b-c3fcb3dca419
11-24 11:51:48.192 29615 29615 D WM-SystemFgDispatcher: Removing Notification (id: 42, workSpecId: WorkGenerationalId(workSpecId=2fdab169-4dc3-44c8-a32b-c3fcb3dca419, generation=0), notificationType: 1
11-24 11:51:48.193 29615 29615 I WM-SystemFgDispatcher: Stopping foreground service
11-24 11:51:48.193 29615 29615 D WM-SystemFgService: Shutting down.
11-24 11:51:48.193  2907  6652 D ActivityManager: Stop FGS timeout: ServiceRecord{99f937a u0 io.homeassistant.companion.android/androidx.work.impl.foreground.SystemForegroundService c:io.homeassistant.companion.android}
11-24 11:51:48.193  2907  6652 W ForegroundServiceTypeLoggerModule: FGS stop call for: 10392 has no types!
