11-24 11:51:48.193  4091 11909 D SecFgsManagerController: onForegroundStateChanged: [dialog:false]:[isForeground:false]:[packageName:io.homeassistant.companion.android]:[token:android.os.BinderProxy@cb96170]:[userId:0]
11-24 11:51:48.193  4091 11909 D SecFgsManagerController: updateNumberOfVisibleRunningPackagesLocked: 4
11-24 11:51:48.193 29615 29651 D WM-SystemJobScheduler: Scheduling work ID 2fdab169-4dc3-44c8-a32b-c3fcb3dca419Job ID 150889
11-24 11:51:48.193  2907  3914 D BackgroundInstallControlService: Package event received: 0
11-24 11:51:48.193  2907  3914 D BackgroundInstallControlService: Package event received: 0
11-24 11:51:48.194  5606  5674 V OsAgent : broadcastSystemEvent - 7
11-24 11:51:48.194 29615 29651 D WM-NetworkStateTracker: Unregistering network callback
11-24 11:51:48.194 29615 29651 D ConnectivityManager: StackLog: [android.net.ConnectivityManager.unregisterNetworkCallback(ConnectivityManager.java:5571)] [androidx.work.impl.utils.NetworkApi21.unregisterNetworkCallbackCompat(NetworkApi21.kt:28)] [androidx.work.impl.constraints.trackers.NetworkStateTracker24.stopTracking(NetworkStateTracker.kt:180)] [androidx.work.impl.constraints.trackers.ConstraintTracker.removeListener(ConstraintTracker.kt:67)] [androidx.work.impl.constraints.controllers.BaseConstraintController$track$1$1.invoke(ContraintControllers.kt:63)] [androidx.work.impl.constraints.controllers.BaseConstraintController$track$1$1.invoke(ContraintControllers.kt:63)] [kotlinx.coroutines.channels.ProduceKt.awaitClose(Produce.kt:69)] [kotlinx.coroutines.channels.ProduceKt$awaitClose$1.invokeSuspend(Unknown Source:13)] [kotlin.coroutines.jvm.internal.BaseContinuationImpl.resumeWith(ContinuationImpl.kt:34)] [kotlinx.coroutines.DispatchedTask.run(DispatchedTask.kt:98)] [androidx.work.impl.utils.SerialExecutorImpl$Task.run(SerialExecutorImpl.java:96)] [java.util.concurrent.ThreadPoolExecutor.runWorker(ThreadPoolExecutor.java:1156)] [java.util.concurrent.ThreadPoolExecutor$Worker.run(ThreadPoolExecutor.java:651)] [java.lang.Thread.run(Thread.java:1119)]
11-24 11:51:48.195  2907  3853 D ConnectivityService:  Removing from current network [190 WIFI], leaving 249 requests.
11-24 11:51:48.546  2054  2096 E HeatmapThread: ECT Thread time in milliseconds: 1764003108
11-24 11:51:48.547  2054  2096 D HeatmapThread: !@ batteryplugType : 0
11-24 11:51:48.547  2054  2096 D HeatmapThread: !@ batteryLevel : 70  batteryTemperature : 343 
11-24 11:51:48.547  2054  2096 D HeatmapThread: !@ Heatmap currtime: 29400051
11-24 11:51:48.547  2054  2096 D HeatmapThread: !@ Heatmap prevtime: 29400049
11-24 11:51:48.547  2054  2096 D HeatmapThread: !@ Heatmap plugstarttime: 35791394
11-24 11:51:48.547  2054  2096 D HeatmapThread: !@ Heatmap prevv_dsoh_update_time: 29399524
11-24 11:51:48.547  2054  2096 E HeatmapThread: !@ CAM New BSOH: 100
11-24 11:51:48.775  2907  3853 D InetDiagMessage: Destroyed 0 sockets, proto=IPPROTO_TCP, family=AF_INET, states=14
11-24 11:51:48.775  2907  3853 D InetDiagMessage: Destroyed 0 sockets, proto=IPPROTO_TCP, family=AF_INET6, states=14
11-24 11:51:48.775  2907  3853 D InetDiagMessage: Destroyed live tcp sockets for uids={10357} in 2ms
11-24 11:51:48.776  2907  3853 D InetDiagMessage: Destroyed 0 sockets, proto=IPPROTO_TCP, family=AF_INET, states=14
11-24 11:51:48.776  2907  3853 D InetDiagMessage: Destroyed 0 sockets, proto=IPPROTO_TCP, family=AF_INET6, states=14
11-24 11:51:48.776  2907  3853 D InetDiagMessage: Destroyed live tcp sockets for uids={20357} in 0ms
11-24 11:51:48.904  4091  4207 D AppOpsPrivacyItemMonitor: showLocationSystemApps  AppOpItem(Op code=1, UID=10392, AttributionTag=null, Package name=io.homeassistant.companion.android, Paused=false)false)false)false)false)false)false)false)false)false)false)false)false)false)false)false)false)false)false)false)false)false)false)false)false)false)false)false)false)false)false)false)false)false)false)false)false)false)false)false)false)false)false)false)false)false)false)false)false)false)false)false)false)false)false)false)false)false)false)false)false)false)false)false)false)false)false)false)false)false)false)false)false)false)false)false)false)false)false)false)false)false)false)false)false)false)false)false)false)false)false)false)false)false)false)false)false)false)false)false)false)false)false)false)false)false)false)false)false)false)false)false)false)false)false)false)false)false)false)false)false)false)false)false)false)false)false)false)false)false)false)false)false)false)false)false)false)false)false)false)false)false)false)false)false)false)false)false)false)false)false)false)false)false)false)false)false)false)false)false)false)false)false)false)false)false)false)false)false)false)false)false)false)false)false)false)false)false)false)false)false)false)false)false)false)false)false)false)false)false)false)false)false)false)false)false)false)false)false)false)false)false)false)false)false)false)false)false)false)false)false)false)false)false)false)false)false)false)false)false)false)false)false)false)false)false)false)false)false)false)false)false)false)false)false)false)false)false)false)false)false)false)false)false)false)false)false)false)false)false)false)false)false)false)false)false)false)false)false)false)false)false)false)false)false)false)false)false)false)false)false)false)false)false)false)false)false)false)false)false)false)false)false)false)false)false)false)false)false)false)false)false)false)false)false)false)false)false)false)false)false)false)false)false)false)false)false)false)false)false)false)false)false)false)false)false)false)false)false)false)false)false)false)false)false)false)false)false)false)false)false)false)false)false)false)false)false)false)false)false)false)false)false)false)false)false)false)false)false)false)false)false)false)false)false)false)false)false)false)false)false)false)false)false)false)false)false)false)false)false)false)false)false)false)false)false)false)false)false)false)false)false)false)false)false)false)false)false)false)false)false)false)false)false)false)false)false)false)false)false)false)false)false)false)false)false)false)false)false)false)false)false)false)false)false)false)false)false)false)false)false)false)false)false)false)false)false)false)false)false)false)false)false)false)false)false)false)false)false)false)false)false)false)false)false)false)false)false)false)false)false)false)false)false)false)false)false)false)false)false)false)false)false)false)false)false)false)false)false)false)false)false)false)false)false)false)false)false)false)false)false)false)false)false)false)false)false)false)false)false)false)false)false)false)false)false)false)false)false)false)false)false)false)false)false)false)false)false)false)false)false)false)false)false)false)false)false)false)false)false)false)false)false)false)false)false)false)false)false)false)false)false)false)false)false)false)false)false)false)false)false)false)false)false)false)false)false)false)
11-24 11:51:48.904  4091  4091 D AiAgentEffect: onPrivacyItemsChanged privacyItems.size = 1
11-24 11:51:48.904  4091  4091 D AiAgentEffect: onPrivacyItemsChanged privacyItems isEmpty or found item is null
11-24 11:51:48.917  1917 27802 I sensors-hal: handle_sns_client_event:379, [0][169961] accel_sample [-0.061, -0.949,  9.558] 238124043148006
11-24 11:51:48.952  1123  1123 D io_stats: !@   8,0 r 1060832051 7510515384 w 22164909 417624856 d 1610663 361730472 f 263709 1232646 iot 31114320 0 th 0 0 0 pt 0 inp 0 0 162584.855
11-24 11:51:49.050  2907  3106 I ActivityManager: Changes in 10898 5 to 15, 144 to 0
11-24 11:51:49.193  2907  3139 D ForegroundServiceMgr: op [android:monitor_location] access time
11-24 11:51:49.193  2907  3139 D ForegroundServiceMgr: op [android:read_clipboard] access time
11-24 11:51:49.193  2907  3139 D ForegroundServiceMgr: op [android:gps] access time
11-24 11:51:49.193  2907  3139 D ForegroundServiceMgr: op [android:system_alert_window] access time
11-24 11:51:49.193  2907  3139 D ForegroundServiceMgr: op [android:vibrate] access time
11-24 11:51:49.193  2907  3139 D ForegroundServiceMgr: op [android:wake_lock] access time
11-24 11:51:49.193  2907  3139 D ForegroundServiceMgr: op [android:activity_recognition] access time
11-24 11:51:49.193  2907  3139 D ForegroundServiceMgr: op [android:monitor_location_high_power] access time
11-24 11:51:49.193  2907  3139 D ForegroundServiceMgr: op [android:start_foreground] access time
11-24 11:51:49.193  2907  3139 D ForegroundServiceMgr: op [android:wifi_scan] access time
11-24 11:51:49.193  2907  3139 D ForegroundServiceMgr: op [android:fine_location] access time
11-24 11:51:49.193  2907  3139 D ForegroundServiceMgr: access at 1764003060000, 2025/11/24 11:51
11-24 11:51:49.193  2907  3139 D ForegroundServiceMgr: op [android:access_restricted_settings] access time
11-24 11:51:49.193  2907  3139 D ForegroundServiceMgr: op [android:bluetooth_connect] access time
11-24 11:51:49.546  2054  2096 E HeatmapThread: ECT Thread time in milliseconds: 1764003109
11-24 11:51:49.547  2054  2096 D HeatmapThread: !@ batteryplugType : 0
11-24 11:51:49.547  2054  2096 D HeatmapThread: !@ batteryLevel : 70  batteryTemperature : 343 
11-24 11:51:49.547  2054  2096 D HeatmapThread: !@ Heatmap currtime: 29400051
11-24 11:51:49.547  2054  2096 D HeatmapThread: !@ Heatmap prevtime: 29400049
11-24 11:51:49.547  2054  2096 D HeatmapThread: !@ Heatmap plugstarttime: 35791394
11-24 11:51:49.547  2054  2096 D HeatmapThread: !@ Heatmap prevv_dsoh_update_time: 29399524
11-24 11:51:49.548  2054  2096 E HeatmapThread: !@ CAM New BSOH: 100
11-24 11:51:49.776  4331  4979 I EPDG -- SIM0 [SMARTWIFI]: isProfiling, hash=13743432, started=true
11-24 11:51:49.777  4331  4979 I EPDG -- SIM0 [SMARTWIFI]: isWifiRssiLessOrEqualsHandoverThreshold: received rssi is: -79 handover threshold is: -85
11-24 11:51:49.777  4331  4979 I EPDG -- SIM0 [SMARTWIFI]: isProfiling, hash=13743432, started=true
11-24 11:51:49.777  4331  4979 I EPDG -- SIM0 [SMARTWIFI]: Rssi : -79 highrange : -71 lowrange : -80 mIsRssiInHystersis : true
11-24 11:51:50.192  2419  2419 I CNSS    : /sys/wifi/max_chipset_log_size doesn't exist
11-24 11:51:50.546  2054  2096 E HeatmapThread: ECT Thread time in milliseconds: 1764003110
11-24 11:51:50.547  2054  2096 D HeatmapThread: !@ batteryplugType : 0
11-24 11:51:50.547  2054  2096 D HeatmapThread: !@ batteryLevel : 70  batteryTemperature : 343 
11-24 11:51:50.547  2054  2096 D HeatmapThread: !@ Heatmap currtime: 29400051
11-24 11:51:50.547  2054  2096 D HeatmapThread: !@ Heatmap prevtime: 29400049
11-24 11:51:50.547  2054  2096 D HeatmapThread: !@ Heatmap plugstarttime: 35791394
11-24 11:51:50.547  2054  2096 D HeatmapThread: !@ Heatmap prevv_dsoh_update_time: 29399524
11-24 11:51:50.548  2054  2096 E HeatmapThread: !@ CAM New BSOH: 100
11-24 11:51:50.917  1917 27802 I sensors-hal: handle_sns_client_event:379, [0][170054] accel_sample [ 1.819, -2.011, 10.349] 238126053962463
11-24 11:51:50.952  1123  1123 D io_stats: !@   8,0 r 1060884609 7510791396 w 22164909 417624856 d 1610663 361730472 f 263709 1232646 iot 31115928 0 th 0 0 0 pt 0 inp 0 1 162586.855
11-24 11:51:50.952  1123  1123 D io_stats: !@ Read_top(KB): binder:2453_2:normal(2453) 513324 mpanion.android:high(29615) 19680 init:/(1) 96
11-24 11:51:50.952  1123  1123 D io_stats: !@ Write_top(KB): kworker/u17:4:/(3089) 10952 mpanion.android:high(29615) 8
11-24 11:51:51.310  1917  4026 I sensors-hal: qsh_conn_event_cb:894, SCHED_FIFO(10) for qmi_cbk
11-24 11:51:51.310  1917  4026 I sensors-hal: qsh_conn_event_cb:927, event[0] sensor:Tilt Detector  Wakeup, msg_id=774, ts=4572148872701
11-24 11:51:51.311  1917  4026 I sensors-hal: handle_sns_client_event:55, tilt_event: ts=238126553566057
11-24 11:51:51.311  1917  4026 I sensors-hal: insert_awaking_events:873, smp2p_event, 18.tilt_ss, msgid:774
11-24 11:51:51.313  2907 11785 W AppOps  : Noting op not finished: uid 10272 pkg com.google.android.gms code 113 startTime of in progress event=1764003065362
11-24 11:51:51.314  2907 11785 D ActivityManager: Received SERVICE intent 0x7077325 Key{startService pkg=com.google.android.gms/fused_location_provider intent=act=com.google.android.gms.location.util.nlp.RESULT cat=[targeted_intent_op_prefix:.location.util.nlp.NlpInternalApi$NlpReceiverIntentOperation] xflg=0x4 cmp=com.google.android.gms/.chimera.PersistentIntentOperationService flags=0x2000000 u=0} requestCode=1 from uid 10272
11-24 11:51:51.314  2907 11785 D ActivityManager: Received SERVICE intent 0x34bae87 Key{startService pkg=com.google.android.gms/fused_location_provider intent=act=com.google.android.gms.location.util.nlp.RESULT cat=[targeted_intent_op_prefix:.location.util.nlp.NlpInternalApi$NlpReceiverIntentOperation] xflg=0x4 cmp=com.google.android.gms/.chimera.PersistentIntentOperationService flags=0x2000000 u=0} requestCode=0 from uid 10272
11-24 11:51:51.315  2907 11785 D ActivityManager: Received SERVICE intent 0x1669100 Key{startService pkg=com.google.android.gms/fused_location_provider intent=act=com.google.android.location.internal.action.FLP_AR_RESULT xflg=0x4 pkg=com.google.android.gms cmp=com.google.android.gms/com.google.android.location.internal.PendingIntentCallbackService flags=0x2000000 u=0} requestCode=0 from uid 10272
11-24 11:51:51.315  2907 11785 W AppOps  : Noting op not finished: uid 10272 pkg com.google.android.gms code 113 startTime of in progress event=1764003065362
11-24 11:51:51.316  2907 11785 D ActivityManager: Received SERVICE intent 0x5fc1056 Key{startService pkg=com.google.android.gms/geofencer_provider intent=act=com.google.android.location.internal.action.GEOFENCER_AR_RESULT xflg=0x4 pkg=com.google.android.gms cmp=com.google.android.gms/com.google.android.location.internal.PendingIntentCallbackService flags=0x2000000 u=0} requestCode=0 from uid 10272
11-24 11:51:51.317  2907  4205 I ActivityManager: Not sending broadcast null - app com.google.android.apps.maps has background restrictions
11-24 11:51:51.317  2907  4205 D ActivityManager: Received BROADCAST intent 0xabb1351 Key{broadcastIntent pkg=com.google.android.apps.maps intent=xflg=0x4 cmp=com.google.android.apps.maps/com.google.android.apps.gmm.locationsharing.reporting.ActivityRecognitionBroadcastReceiver flags=0x2000000 u=0} requestCode=0 sent=-96 from uid 10272
11-24 11:51:51.317  2907 11968 W AppOps  : Noting op not finished: uid 10272 pkg com.google.android.gms code 113 startTime of in progress event=1764003065362
11-24 11:51:51.317  2907 11968 D ActivityManager: Received SERVICE intent 0x694a0fe Key{startService pkg=com.google.android.gms/current_semantic_location intent=act=com.google.android.gms.semanticlocation.ACTION_ACTIVITY xflg=0x4 cmp=com.google.android.gms/.semanticlocation.service.SemanticLocationService flags=0x2000000 u=0} requestCode=0 from uid 10272
11-24 11:51:51.317  2907 11968 W AppOps  : Noting op not finished: uid 10272 pkg com.google.android.gms code 113 startTime of in progress event=1764003065362
11-24 11:51:51.318  2907 11968 D ActivityManager: Received SERVICE intent 0xccb23df Key{startService pkg=com.google.android.gms/com.google.android.gms.location_base intent=act=com.google.android.location.internal.action.AR_TRANSITION_RESULT xflg=0x4 pkg=com.google.android.gms cmp=com.google.android.gms/com.google.android.location.internal.PendingIntentCallbackService flags=0x2000000 u=0} requestCode=0 from uid 10272
11-24 11:51:51.318 15815 15815 D BoundBrokerSvc: onRebind: Intent { act=com.google.android.gms.auth.aang.events.services.START dat=chimera-action:/... xflg=0x4 cmp=com.google.android.gms/.chimera.PersistentApiService }
11-24 11:51:51.318  2907 11785 W AppOps  : Noting op not finished: uid 10272 pkg com.google.android.gms code 79 startTime of in progress event=1764003065362
11-24 11:51:51.318  2907 11785 D ActivityManager: Received BROADCAST intent 0x57de83a Key{broadcastIntent pkg=com.google.android.gms/com.google.android.gms.personalsafety intent=act=com.google.android.gms.personalsafety.scanners.ACTION_ACTIVITY_DETECTED xflg=0x4 pkg=com.google.android.gms flags=0x2000000 u=0} requestCode=0 sent=0 from uid 10272
11-24 11:51:51.319  1917  1917 I sensors-hal: flush:388, android.sensor.accelerometer/11
11-24 11:51:51.319  1917  1917 I sensors-hal: send_sync_sensor_request:515, send sync request
11-24 11:51:51.319  1917  1917 I sensors-hal: send_sync_sensor_request:544, wait for notification of response
11-24 11:51:51.320 15815  9610 W LogErrorOperation: onLogError callback failed.
11-24 11:51:51.320  1917 27802 I sensors-hal: qsh_conn_resp_cb:972, resp_value = 0 for accel 
11-24 11:51:51.320  1917  1917 I sensors-hal: send_sync_sensor_request:550, takes 0 ms to receive the response with 0
11-24 11:51:51.320  1917  1917 I sensors-hal: flush:394, android.sensor.accelerometer/11 completed
11-24 11:51:51.320  1917  1917 I sensors-hal: activate:305, android.sensor.tilt_detector/222 en=0
11-24 11:51:51.320  1917  1917 I sensors-hal: send_sync_sensor_request:515, send sync request
11-24 11:51:51.320  1917  1917 I sensors-hal: send_sync_sensor_request:544, wait for notification of response
11-24 11:51:51.321  1917  4026 I sensors-hal: qsh_conn_resp_cb:972, resp_value = 0 for tilt_ss 
11-24 11:51:51.321  1917  1917 I sensors-hal: send_sync_sensor_request:550, takes 0 ms to receive the response with 0
11-24 11:51:51.321  1917  1917 I sensors-hal: activate:335, android.sensor.tilt_detector/222 en=0 completed
11-24 11:51:51.321 15815 15899 D SensorManager: unregisterListener
11-24 11:51:51.322  1917 27802 I sensors-hal: handle_sns_std_flush_event:840, dt=accel, META_DATA_FLUSH_COMPLETE, _pending_flush_requests=1, _wakeup_type=0
11-24 11:51:51.329  2907 11785 D ActivityManager: Received SERVICE intent 0x7077325 Key{startService pkg=com.google.android.gms/fused_location_provider intent=act=com.google.android.gms.location.util.nlp.RESULT cat=[targeted_intent_op_prefix:.location.util.nlp.NlpInternalApi$NlpReceiverIntentOperation] xflg=0x4 cmp=com.google.android.gms/.chimera.PersistentIntentOperationService flags=0x2000000 u=0} requestCode=1 from uid 10272
11-24 11:51:51.330  2907 11785 D ActivityManager: Received SERVICE intent 0x34bae87 Key{startService pkg=com.google.android.gms/fused_location_provider intent=act=com.google.android.gms.location.util.nlp.RESULT cat=[targeted_intent_op_prefix:.location.util.nlp.NlpInternalApi$NlpReceiverIntentOperation] xflg=0x4 cmp=com.google.android.gms/.chimera.PersistentIntentOperationService flags=0x2000000 u=0} requestCode=0 from uid 10272
11-24 11:51:51.330  2907  4083 D ActivityManager: Received SERVICE intent 0x1669100 Key{startService pkg=com.google.android.gms/fused_location_provider intent=act=com.google.android.location.internal.action.FLP_AR_RESULT xflg=0x4 pkg=com.google.android.gms cmp=com.google.android.gms/com.google.android.location.internal.PendingIntentCallbackService flags=0x2000000 u=0} requestCode=0 from uid 10272
11-24 11:51:51.331  2907 11785 D ActivityManager: Received SERVICE intent 0x5fc1056 Key{startService pkg=com.google.android.gms/geofencer_provider intent=act=com.google.android.location.internal.action.GEOFENCER_AR_RESULT xflg=0x4 pkg=com.google.android.gms cmp=com.google.android.gms/com.google.android.location.internal.PendingIntentCallbackService flags=0x2000000 u=0} requestCode=0 from uid 10272
11-24 11:51:51.331  2907  6652 I ActivityManager: Not sending broadcast null - app com.google.android.apps.maps has background restrictions
11-24 11:51:51.331  2907  6652 D ActivityManager: Received BROADCAST intent 0xabb1351 Key{broadcastIntent pkg=com.google.android.apps.maps intent=xflg=0x4 cmp=com.google.android.apps.maps/com.google.android.apps.gmm.locationsharing.reporting.ActivityRecognitionBroadcastReceiver flags=0x2000000 u=0} requestCode=0 sent=-96 from uid 10272
11-24 11:51:51.332  2907  6652 D ActivityManager: Received SERVICE intent 0x694a0fe Key{startService pkg=com.google.android.gms/current_semantic_location intent=act=com.google.android.gms.semanticlocation.ACTION_ACTIVITY xflg=0x4 cmp=com.google.android.gms/.semanticlocation.service.SemanticLocationService flags=0x2000000 u=0} requestCode=0 from uid 10272
11-24 11:51:51.332 15815  9610 I SemanticLocation: New activity record out of order; sorting [CONTEXT service_id=173 ]
11-24 11:51:51.332  2907  4083 D ActivityManager: Received SERVICE intent 0xccb23df Key{startService pkg=com.google.android.gms/com.google.android.gms.location_base intent=act=com.google.android.location.internal.action.AR_TRANSITION_RESULT xflg=0x4 pkg=com.google.android.gms cmp=com.google.android.gms/com.google.android.location.internal.PendingIntentCallbackService flags=0x2000000 u=0} requestCode=0 from uid 10272
11-24 11:51:51.333  2907  6652 D ActivityManager: Received BROADCAST intent 0x57de83a Key{broadcastIntent pkg=com.google.android.gms/com.google.android.gms.personalsafety intent=act=com.google.android.gms.personalsafety.scanners.ACTION_ACTIVITY_DETECTED xflg=0x4 pkg=com.google.android.gms flags=0x2000000 u=0} requestCode=0 sent=0 from uid 10272
11-24 11:51:51.333 15815 10908 W LogErrorOperation: onLogError callback failed.
11-24 11:51:51.334  2907  4083 D ActivityManager: Received SERVICE intent 0x7077325 Key{startService pkg=com.google.android.gms/fused_location_provider intent=act=com.google.android.gms.location.util.nlp.RESULT cat=[targeted_intent_op_prefix:.location.util.nlp.NlpInternalApi$NlpReceiverIntentOperation] xflg=0x4 cmp=com.google.android.gms/.chimera.PersistentIntentOperationService flags=0x2000000 u=0} requestCode=1 from uid 10272
11-24 11:51:51.334  2907  4083 D ActivityManager: Received SERVICE intent 0x34bae87 Key{startService pkg=com.google.android.gms/fused_location_provider intent=act=com.google.android.gms.location.util.nlp.RESULT cat=[targeted_intent_op_prefix:.location.util.nlp.NlpInternalApi$NlpReceiverIntentOperation] xflg=0x4 cmp=com.google.android.gms/.chimera.PersistentIntentOperationService flags=0x2000000 u=0} requestCode=0 from uid 10272
11-24 11:51:51.335  2907 11785 D ActivityManager: Received SERVICE intent 0x1669100 Key{startService pkg=com.google.android.gms/fused_location_provider intent=act=com.google.android.location.internal.action.FLP_AR_RESULT xflg=0x4 pkg=com.google.android.gms cmp=com.google.android.gms/com.google.android.location.internal.PendingIntentCallbackService flags=0x2000000 u=0} requestCode=0 from uid 10272
11-24 11:51:51.335  2907  4205 D ActivityManager: Received SERVICE intent 0x5fc1056 Key{startService pkg=com.google.android.gms/geofencer_provider intent=act=com.google.android.location.internal.action.GEOFENCER_AR_RESULT xflg=0x4 pkg=com.google.android.gms cmp=com.google.android.gms/com.google.android.location.internal.PendingIntentCallbackService flags=0x2000000 u=0} requestCode=0 from uid 10272
11-24 11:51:51.336  2907 11785 I ActivityManager: Not sending broadcast null - app com.google.android.apps.maps has background restrictions
11-24 11:51:51.336  2907 11785 D ActivityManager: Received BROADCAST intent 0xabb1351 Key{broadcastIntent pkg=com.google.android.apps.maps intent=xflg=0x4 cmp=com.google.android.apps.maps/com.google.android.apps.gmm.locationsharing.reporting.ActivityRecognitionBroadcastReceiver flags=0x2000000 u=0} requestCode=0 sent=-96 from uid 10272
11-24 11:51:51.336  2907 11785 D ActivityManager: Received SERVICE intent 0x694a0fe Key{startService pkg=com.google.android.gms/current_semantic_location intent=act=com.google.android.gms.semanticlocation.ACTION_ACTIVITY xflg=0x4 cmp=com.google.android.gms/.semanticlocation.service.SemanticLocationService flags=0x2000000 u=0} requestCode=0 from uid 10272
11-24 11:51:51.337  2907  6652 D ActivityManager: Received SERVICE intent 0xccb23df Key{startService pkg=com.google.android.gms/com.google.android.gms.location_base intent=act=com.google.android.location.internal.action.AR_TRANSITION_RESULT xflg=0x4 pkg=com.google.android.gms cmp=com.google.android.gms/com.google.android.location.internal.PendingIntentCallbackService flags=0x2000000 u=0} requestCode=0 from uid 10272
11-24 11:51:51.337  2907  4205 D ActivityManager: Received BROADCAST intent 0x57de83a Key{broadcastIntent pkg=com.google.android.gms/com.google.android.gms.personalsafety intent=act=com.google.android.gms.personalsafety.scanners.ACTION_ACTIVITY_DETECTED xflg=0x4 pkg=com.google.android.gms flags=0x2000000 u=0} requestCode=0 sent=0 from uid 10272
11-24 11:51:51.337 15815 15899 I ActivityScheduler: nextTriggerTime: 238126581, in 0ms, detectorType: 39, FULL_TYPE alarmWindowMillis: 0
11-24 11:51:51.338 15815  9610 W LogErrorOperation: onLogError callback failed.
11-24 11:51:51.546  2054  2096 E HeatmapThread: ECT Thread time in milliseconds: 1764003111
11-24 11:51:51.547  2054  2096 D HeatmapThread: !@ batteryplugType : 0
11-24 11:51:51.547  2054  2096 D HeatmapThread: !@ batteryLevel : 70  batteryTemperature : 343 
11-24 11:51:51.547  2054  2096 D HeatmapThread: !@ Heatmap currtime: 29400051
11-24 11:51:51.547  2054  2096 D HeatmapThread: !@ Heatmap prevtime: 29400049
11-24 11:51:51.547  2054  2096 D HeatmapThread: !@ Heatmap plugstarttime: 35791394
11-24 11:51:51.547  2054  2096 D HeatmapThread: !@ Heatmap prevv_dsoh_update_time: 29399524
11-24 11:51:51.548  2054  2096 E HeatmapThread: !@ CAM New BSOH: 100
11-24 11:51:51.549 15815 11635 I NearbyConnections: Invalidate cached hpkeKey for client 180791761
11-24 11:51:51.823  2907  3935 I SemWifiServiceDetector: Service det. suspended: T / T / 27004
11-24 11:51:51.863  2907  3936 I BatteryService_BatteryPropertiesRegistrar: [getProperty]id:6
11-24 11:51:51.863  2907  3936 I BatteryService_BatteryPropertiesRegistrar: [getProperty]prop.long:-9223372036854775808 ,prop.string:null
11-24 11:51:51.864  2907  3936 I BatteryService_BatteryPropertiesRegistrar: [getProperty]id:4
11-24 11:51:51.864  2907  3936 I BatteryService_BatteryPropertiesRegistrar: [getProperty]prop.long:-9223372036854775808 ,prop.string:null
11-24 11:51:51.864  2907  3936 I SemWifiIntelligentTrainingManager: Tr. cond. check: false / 1 (2) / false / 1 (1)
11-24 11:51:51.864  2907  3936 I BatteryService_BatteryPropertiesRegistrar: [getProperty]id:6
11-24 11:51:51.864  2907  3936 I BatteryService_BatteryPropertiesRegistrar: [getProperty]prop.long:-9223372036854775808 ,prop.string:null
11-24 11:51:52.014  2907  3916 I ChimeraGenieUnloadPolicyHandler: LRU list is empty
11-24 11:51:52.025   911   911 I lmkd    : 0(delay), 0(swap), 50(freelimit), 0(reentrymode) memory pressure events were skipped after a kill!
11-24 11:51:52.313  2907 11785 W AppOps  : Noting op not finished: uid 10272 pkg com.google.android.gms code 113 startTime of in progress event=1764003065362
11-24 11:51:52.313  2907 11785 W AppOps  : Noting op not finished: uid 10272 pkg com.google.android.gms code 113 startTime of in progress event=1764003065362
11-24 11:51:52.313  2907 11785 W AppOps  : Noting op not finished: uid 10272 pkg com.google.android.gms code 113 startTime of in progress event=1764003065362
11-24 11:51:52.313  2907 11785 W AppOps  : Noting op not finished: uid 10272 pkg com.google.android.gms code 113 startTime of in progress event=1764003065362
11-24 11:51:52.313  2907 11785 W AppOps  : Noting op not finished: uid 10272 pkg com.google.android.gms code 79 startTime of in progress event=1764003065362
11-24 11:51:52.546  2054  2096 E HeatmapThread: ECT Thread time in milliseconds: 1764003112
11-24 11:51:52.547  2054  2096 D HeatmapThread: !@ batteryplugType : 0
11-24 11:51:52.547  2054  2096 D HeatmapThread: !@ batteryLevel : 70  batteryTemperature : 343 
11-24 11:51:52.547  2054  2096 D HeatmapThread: !@ Heatmap currtime: 29400051
11-24 11:51:52.547  2054  2096 D HeatmapThread: !@ Heatmap prevtime: 29400049
11-24 11:51:52.547  2054  2096 D HeatmapThread: !@ Heatmap plugstarttime: 35791394
11-24 11:51:52.547  2054  2096 D HeatmapThread: !@ Heatmap prevv_dsoh_update_time: 29399524
11-24 11:51:52.547  2054  2096 E HeatmapThread: !@ CAM New BSOH: 100
11-24 11:51:52.685   911   911 I lmkd    : 0(delay), 0(swap), 50(freelimit), 0(reentrymode) memory pressure events were skipped after a kill!
11-24 11:51:52.786  4331  4979 I EPDG -- SIM0 [SMARTWIFI]: isProfiling, hash=13743432, started=true
11-24 11:51:52.786  4331  4979 I EPDG -- SIM0 [SMARTWIFI]: isWifiRssiLessOrEqualsHandoverThreshold: received rssi is: -71 handover threshold is: -85
11-24 11:51:52.786  4331  4979 I EPDG -- SIM0 [SMARTWIFI]: isProfiling, hash=13743432, started=true
11-24 11:51:52.786  4331  4979 I EPDG -- SIM0 [SMARTWIFI]: Rssi : -71 highrange : -71 lowrange : -80 mIsRssiInHystersis : true
11-24 11:51:52.921  1917 27802 I sensors-hal: handle_sns_client_event:379, [0][170147] accel_sample [-15.095, -0.731,  3.205] 238128060572151
11-24 11:51:52.952  1123  1123 D io_stats: !@   8,0 r 1060946093 7511119488 w 22164911 417624868 d 1610663 361730472 f 263709 1232646 iot 31117516 0 th 0 0 0 pt 0 inp 0 0 162588.855
11-24 11:51:53.546  2054  2096 E HeatmapThread: ECT Thread time in milliseconds: 1764003113
11-24 11:51:53.547  2054  2096 D HeatmapThread: !@ batteryplugType : 0
11-24 11:51:53.548  2054  2096 D HeatmapThread: !@ batteryLevel : 70  batteryTemperature : 343 
11-24 11:51:53.548  2054  2096 D HeatmapThread: !@ Heatmap currtime: 29400051
11-24 11:51:53.548  2054  2096 D HeatmapThread: !@ Heatmap prevtime: 29400049
11-24 11:51:53.548  2054  2096 D HeatmapThread: !@ Heatmap plugstarttime: 35791394
11-24 11:51:53.548  2054  2096 D HeatmapThread: !@ Heatmap prevv_dsoh_update_time: 29399524
11-24 11:51:53.548  2054  2096 E HeatmapThread: !@ CAM New BSOH: 100
11-24 11:51:53.876 15815 11635 I NearbyPresence: (REDACTED) %s verified [==] new request %s equals to the old request
11-24 11:51:53.876 15815 11635 I NearbyPresence: (REDACTED) %s verified [==] new request %s equals to the old request
11-24 11:51:53.876 15815 11635 I NearbyPresence: (REDACTED) %s verified [!=] new request %s does not equal to the old request %s
11-24 11:51:53.876 15815 11635 I NearbyPresence: (REDACTED) BleAdvertiseProviderController: request.isRequested() %s
11-24 11:51:53.876 15815 11635 I NearbyPresence: (REDACTED) %s: stopping existing advertisement(s) %s,
11-24 11:51:54.000  2907  3759 D ActivityManager: Received BROADCAST intent 0x3afb521 Key{broadcastIntent pkg=android intent=act=FIRST_ALARM_TRIGGER_ACTION flg=0x40000000 xflg=0x4 pkg=android flags=0x4000000 u=0} requestCode=0 sent=0 from uid 1000
11-24 11:51:54.001 15815 15899 W Settings: Setting airplane_mode_on has moved from android.provider.Settings.System to android.provider.Settings.Global, returning read-only value.
11-24 11:51:54.001  2907  3107 D ActivityManager: sync unfroze 11148 com.samsung.android.dqagent for 10
11-24 11:51:54.002  2907  3107 D ActivityManager: sync unfroze 9612 com.samsung.SMT for 10
11-24 11:51:54.002  2907  2907 D PDSTrigger: mPolicyIntentReceiver broadcast received action : FIRST_ALARM_TRIGGER_ACTION
11-24 11:51:54.002  1917  1917 I sensors-hal: set_config:60, sample_period_ns is adjusted to 20000000 based on min/max delay_ns
11-24 11:51:54.002  1917  1917 I sensors-hal: send_sensor_config_request:582, resampler is used, set resampler config
11-24 11:51:54.002  1917  1917 I sensors-hal: send_sync_sensor_request:515, send sync request
11-24 11:51:54.002  1917  1917 I sensors-hal: send_sync_sensor_request:544, wait for notification of response
11-24 11:51:54.003  2907  2907 D MARsTrigger: mPolicyIntentReceiver broadcast received action : FIRST_ALARM_TRIGGER_ACTION
11-24 11:51:54.003  2907  3139 D MARsPolicyManager: triggerAction called!
11-24 11:51:54.003  2907  3139 I NSLocationMonitor: getGPSUsingApps() called
11-24 11:51:54.003  5270 19222 I NSLocationManager_FLP: getGPSUsingApps, No change
11-24 11:51:54.003  1917 27802 I sensors-hal: qsh_conn_resp_cb:972, resp_value = 0 for accel 
11-24 11:51:54.003  1917  1917 I sensors-hal: send_sync_sensor_request:550, takes 0 ms to receive the response with 0
11-24 11:51:54.003  1917  1917 I sensors-hal: batch:368, android.sensor.accelerometer/11, period=20000000, max_latency=0 request completed
11-24 11:51:54.003  1917  1917 I sensors-hal: flush:388, android.sensor.accelerometer/11
11-24 11:51:54.003  1917  1917 I sensors-hal: send_sync_sensor_request:515, send sync request
11-24 11:51:54.003  1917  1917 I sensors-hal: send_sync_sensor_request:544, wait for notification of response
11-24 11:51:54.003  2907  3139 W Binder  : Outgoing transactions from this process must be FLAG_ONEWAY
11-24 11:51:54.003  2907  3139 W Binder  : java.lang.Throwable
11-24 11:51:54.003  2907  3139 W Binder  : 	at android.os.BinderProxy.transact(BinderProxy.java:566)
11-24 11:51:54.003  2907  3139 W Binder  : 	at android.bluetooth.IBluetoothGatt$Stub$Proxy.getAdvertisingSetUids(IBluetoothGatt.java:1678)
11-24 11:51:54.003  2907  3139 W Binder  : 	at android.bluetooth.BluetoothAdapter.getAdvertisingSetUids(BluetoothAdapter.java:8476)
11-24 11:51:54.003  2907  3139 W Binder  : 	at android.bluetooth.BluetoothAdapter.getHWUsingApps(BluetoothAdapter.java:1342)
11-24 11:51:54.003  2907  3139 W Binder  : 	at com.android.server.am.mars.filter.filter.BlueToothConnectedFilter.updateBTUsingPackages(qb/102426799 98834f38e400f7c4037d609216d0ed02a5d35d0fe72ebb2edd6c44271c6e369b:22)
11-24 11:51:54.003  2907  3139 W Binder  : 	at com.android.server.am.MARsPolicyManager.triggerAction(qb/102426799 98834f38e400f7c4037d609216d0ed02a5d35d0fe72ebb2edd6c44271c6e369b:96)
11-24 11:51:54.003  2907  3139 W Binder  : 	at com.android.server.am.MARsHandler$MainHandler.handleMessage(qb/102426799 98834f38e400f7c4037d609216d0ed02a5d35d0fe72ebb2edd6c44271c6e369b:1830)
11-24 11:51:54.003  2907  3139 W Binder  : 	at android.os.Handler.dispatchMessage(Handler.java:110)
11-24 11:51:54.003  2907  3139 W Binder  : 	at android.os.Looper.loopOnce(Looper.java:273)
11-24 11:51:54.003  2907  3139 W Binder  : 	at android.os.Looper.loop(Looper.java:363)
11-24 11:51:54.003  2907  3139 W Binder  : 	at com.android.server.am.MARsHandler$MainThread.run(qb/102426799 98834f38e400f7c4037d609216d0ed02a5d35d0fe72ebb2edd6c44271c6e369b:27)
11-24 11:51:54.004  2542  4029 D LOWI-9.0.1.112.a: [LOWI-Scan] wait_event:Wait done with Cmd 33
11-24 11:51:54.004  2542  4029 D LOWI-9.0.1.112.a: [LOWI-Scan] do_listen_events: Rcvd valid Netlink Cmd 0 Err 0
11-24 11:51:54.004  1917 27802 I sensors-hal: qsh_conn_resp_cb:972, resp_value = 0 for accel 
11-24 11:51:54.004  1917  1917 I sensors-hal: send_sync_sensor_request:550, takes 0 ms to receive the response with 0
11-24 11:51:54.004  1917  1917 I sensors-hal: flush:394, android.sensor.accelerometer/11 completed
11-24 11:51:54.004 15815 11858 D SensorManager: registerListener :: 11, lsm6dsv_0 Accelerometer Non-wakeup, 20000, 0, 
11-24 11:51:54.004  2907  3139 D MARs:ActiveTrafficFilter: filter : com.whatsapp(0)
11-24 11:51:54.005  2907  3139 D MARs:ActiveTrafficFilter: filter : com.microsoft.emmx(0)
11-24 11:51:54.005  2907  3923 D SemCellularStateManager: onCellInfoChanged: cellInfoList Number of cell: 1
11-24 11:51:54.005  2907  3923 D SemCellularStateManager: onCellInfoChanged: Registered = true, mCellularCellId = 172
11-24 11:51:54.005  4132  4132 I TelephonyCallbackForPdnController<0>: onCellInfoChanged: xxxxx
11-24 11:51:54.005  4132  4132 I ImsCallSessionManager: onCellInfoChanged, phoneId: 0
11-24 11:51:54.005  4132  4220 I RegiMgr-Handler: handleMessage: EVENT_CELL_INFO_CHANGED
11-24 11:51:54.005  1917 27802 I sensors-hal: handle_sns_std_flush_event:840, dt=accel, META_DATA_FLUSH_COMPLETE, _pending_flush_requests=1, _wakeup_type=0
11-24 11:51:54.005  4132  4220 I RegiMgr<0>: updatePani RegisterTask[0][mProfile=VZW VoLTE, mRegistrationRat=20, mPdnType=11, mState=REGISTERED, mObject=UserAgent - :
11-24 11:51:54.005  4132  4220 I RegiMgr<0>:  total records=2342
11-24 11:51:54.005  4132  4220 I RegiMgr<0>:  rec[0]: time=11-24 11:44:38.034 processed=ReadyState org=RegisteredState dest=<null> what=34(0x22)
11-24 11:51:54.005  4132  4220 I RegiMgr<0>:  rec[1]: time=11-24 11:44:38.043 processed=RegisteredState org=RegisteredState dest=<null> what=2000(0x7d0)
11-24 11:51:54.005  4132  4220 I RegiMgr<0>:  rec[2]: time=11-24 11:45:39.488 processed=ReadyState org=RegisteredState dest=<null> what=34(0x22)
11-24 11:51:54.005  4132  4220 I RegiMgr<0>:  rec[3]: time=11-24 11:45:39.495 processed=RegisteredState org=RegisteredState dest=<null> what=2000(0x7d0)
11-24 11:51:54.005  4132  4220 I RegiMgr<0>:  rec[4]: time=11-24 11:46:30.202 processed=ReadyState org=RegisteredState dest=<null> what=34(0x22)
11-24 11:51:54.005  4132  4220 I RegiMgr<0>:  rec[5]: time=11-24 11:46:30.203 processed=RegisteredState org=RegisteredState dest=<null> what=2000(0x7d0)
11-24 11:51:54.005  4132  4220 I RegiMgr<0>:  rec[6]: time=11-24 11:46:40.568 processed=ReadyState org=RegisteredState dest=<null> what=34(0x22)
11-24 11:51:54.005  4132  4220 I RegiMgr<0>:  rec[7]: time=11-24 11:46:40.568 processed=RegisteredState org=RegisteredState dest=<null> what=2000(0x7d0)
11-24 11:51:54.005  4132  4220 I RegiMgr<0>:  rec[8]: time=11-24 11:46:42.409 processed=ReadyState org=RegisteredState dest=<null> what=34(0x22)
11-24 11:51:54.005  4132  4220 I RegiMgr<0>:  rec[9]: time=11-24 11:46:42.409 processed=RegisteredState org=RegisteredState dest=<null> what=2000(0x7d0)
11-24 11:51:54.005  4132  4220 I RegiMgr<0>:  rec[10]: time=11-24 11:47:41.439 processed=ReadyState org=RegisteredState dest=<null> what=34(0x22)
11-24 11:51:54.005  4132  4220 I RegiMgr<0>:  rec[11]: time=11-24 11:47:41.439 processed=RegisteredState org=RegisteredState dest=<null> what=2000(0x7d0)
11-24 11:51:54.005  4132  4220 I RegiMgr<0>:  rec[12]: time=11-24 11:48:42.518 processed=ReadyState org=RegisteredState dest=<null> what=34(0x22)
11-24 11:51:54.005  4132  4220 I RegiMgr<0>:  rec[13]: time=11-24 11:48:42.528 processed=RegisteredState org=RegisteredState dest=<null> what=2000(0x7d0)
11-24 11:51:54.005  4132  4220 I RegiMgr<0>:  rec[14]: time=11-24 11:50:04.398 processed=ReadyState org=RegisteredState dest=<null> what=34(0x22)
11-24 11:51:54.005  4132  4220 I RegiMgr<0>:  rec[15]: time=11-24 11:50:04.409 processed=RegisteredState org=RegisteredState dest=<null> what=2000(0x7d0)
11-24 11:51:54.005  4132  4220 I RegiMgr<0>:  rec[16]: time=11-24 11:50:52.820 processed=ReadyState org=RegisteredState dest=<null> what=34(0x22)
11-24 11:51:54.005  4132  4220 I RegiMgr<0>:  rec[17]: time=11-24 11:50:52.820 processed=RegisteredState org=RegisteredState dest=<null> what=2000(0x7d0)
11-24 11:51:54.005  4132  4220 I RegiMgr<0>:  rec[18]: time=11-24 11:50:53.337 processed=ReadyState org=RegisteredState dest=<null> what=34(0x22)
11-24 11:51:54.005  4132  4220 I RegiMgr<0>:  rec[19]: time=11-24 11:50:53.338 processed=RegisteredState org=RegisteredState dest=<null> what=2000(0x7d0)
11-24 11:51:54.005  4132  4220 I RegiMgr<0>: curState=RegisteredState
11-24 11:51:54.005  4132  4220 I RegiMgr<0>: , mReason=, mPcscfHostname=null, mDeregiReason=41]
11-24 11:51:54.006  4132  4220 I PaniGenerator<0>: generate: subId=2, network=20, pdn=11
11-24 11:51:54.006  4132  4220 I PaniGenerator<0>: generate: network=20, fallbackPlmn=311480
11-24 11:51:54.006  4132  4220 I PdnController<0>: getAllCellInfo mNeedCellLocationUpdate : false
11-24 11:51:54.006  4132  4220 I PaniGenerator: generate: change to NW PLMN(311480)
11-24 11:51:54.006  4132  4220 I PaniGenerator: NR Access Type TDD
11-24 11:51:54.006  4132  4220 I PaniGenerator: setLkcForLastPani: No Last PANI header for VZW VoLTE
11-24 11:51:54.006  4132  4220 I UserAgent<0>: updatePani
11-24 11:51:54.006  4132  4477 I SECIMSJ : [3982]> 140
11-24 11:51:54.006  4132  4484 I [IMS6.0]: IMS_onResponse()
11-24 11:51:54.006  4132  4484 I StackIF : processMessage 2
11-24 11:51:54.006  4132  4484 I StackIF : Processing Response
11-24 11:51:54.006  4132  4484 I SECIMSJ : [3982]< 600
11-24 11:51:54.006  4132  4484 I StackIF : processResponse: reqId 600
11-24 11:51:54.006  4132  4484 I StackIF : processResponse: handle 8805 result 0 reason 0
11-24 11:51:54.006  4132  4220 I RegiMgr<0>: updatePani RegisterTask[0][mProfile=SamsungCMC_PD, mRegistrationRat=18, mPdnType=1, mState=REGISTERED, mObject=UserAgent - :
11-24 11:51:54.006  4132  4220 I RegiMgr<0>:  total records=39
11-24 11:51:54.006  4132  4220 I RegiMgr<0>:  rec[0]: time=11-24 11:44:38.034 processed=ReadyState org=RegisteredState dest=<null> what=34(0x22)
11-24 11:51:54.006  4132  4220 I RegiMgr<0>:  rec[1]: time=11-24 11:44:38.043 processed=RegisteredState org=RegisteredState dest=<null> what=2000(0x7d0)
11-24 11:51:54.006  4132  4220 I RegiMgr<0>:  rec[2]: time=11-24 11:45:39.488 processed=ReadyState org=RegisteredState dest=<null> what=34(0x22)
11-24 11:51:54.006  4132  4220 I RegiMgr<0>:  rec[3]: time=11-24 11:45:39.495 processed=RegisteredState org=RegisteredState dest=<null> what=2000(0x7d0)
11-24 11:51:54.006  4132  4220 I RegiMgr<0>:  rec[4]: time=11-24 11:46:30.202 processed=ReadyState org=RegisteredState dest=<null> what=34(0x22)
11-24 11:51:54.006  4132  4220 I RegiMgr<0>:  rec[5]: time=11-24 11:46:30.203 processed=RegisteredState org=RegisteredState dest=<null> what=2000(0x7d0)
11-24 11:51:54.006  4132  4220 I RegiMgr<0>:  rec[6]: time=11-24 11:46:40.569 processed=ReadyState org=RegisteredState dest=<null> what=34(0x22)
11-24 11:51:54.006  4132  4220 I RegiMgr<0>:  rec[7]: time=11-24 11:46:40.569 processed=RegisteredState org=RegisteredState dest=<null> what=2000(0x7d0)
11-24 11:51:54.006  4132  4220 I RegiMgr<0>:  rec[8]: time=11-24 11:46:42.410 processed=ReadyState org=RegisteredState dest=<null> what=34(0x22)
11-24 11:51:54.006  4132  4220 I RegiMgr<0>:  rec[9]: time=11-24 11:46:42.411 processed=RegisteredState org=RegisteredState dest=<null> what=2000(0x7d0)
11-24 11:51:54.006  4132  4220 I RegiMgr<0>:  rec[10]: time=11-24 11:47:41.439 processed=ReadyState org=RegisteredState dest=<null> what=34(0x22)
11-24 11:51:54.006  4132  4220 I RegiMgr<0>:  rec[11]: time=11-24 11:47:41.440 processed=RegisteredState org=RegisteredState dest=<null> what=2000(0x7d0)
11-24 11:51:54.006  4132  4220 I RegiMgr<0>:  rec[12]: time=11-24 11:48:42.518 processed=ReadyState org=RegisteredState dest=<null> what=34(0x22)
11-24 11:51:54.006  4132  4220 I RegiMgr<0>:  rec[13]: time=11-24 11:48:42.528 processed=RegisteredState org=RegisteredState dest=<null> what=2000(0x7d0)
11-24 11:51:54.006  4132  4220 I RegiMgr<0>:  rec[14]: time=11-24 11:50:04.398 processed=ReadyState org=RegisteredState dest=<null> what=34(0x22)
11-24 11:51:54.006  4132  4220 I RegiMgr<0>:  rec[15]: time=11-24 11:50:04.409 processed=RegisteredState org=RegisteredState dest=<null> what=2000(0x7d0)
11-24 11:51:54.006  4132  4220 I RegiMgr<0>:  rec[16]: time=11-24 11:50:52.820 processed=ReadyState org=RegisteredState dest=<null> what=34(0x22)
11-24 11:51:54.006  4132  4220 I RegiMgr<0>:  rec[17]: time=11-24 11:50:52.821 processed=RegisteredState org=RegisteredState dest=<null> what=2000(0x7d0)
11-24 11:51:54.006  4132  4220 I RegiMgr<0>:  rec[18]: time=11-24 11:50:53.339 processed=ReadyState org=RegisteredState dest=<null> what=34(0x22)
11-24 11:51:54.006  4132  4220 I RegiMgr<0>:  rec[19]: time=11-24 11:50:53.339 processed=RegisteredState org=RegisteredState dest=<null> what=2000(0x7d0)
11-24 11:51:54.006  4132  4220 I RegiMgr<0>: curState=RegisteredState
11-24 11:51:54.006  4132  4220 I RegiMgr<0>: , mReason=, mPcscfHostname=pcscf2-c0-ue1.samsungmdec.com, mDeregiReason=41]
11-24 11:51:54.006  4132  4220 I PaniGenerator<0>: generate: subId=2, network=20, pdn=1
11-24 11:51:54.006  4132  4220 I PaniGenerator<0>: generate: network=18, fallbackPlmn=00000
11-24 11:51:54.006  4132  4220 I PaniGenerator<0>: generateWiFiPani: Format for generating PANI - <PREFIX>;<NODE_ID>
11-24 11:51:54.006  4132  4220 I PaniGenerator<0>: generateWiFiPani: normalized PANI: IEEE-802.11;i-wlan-node-id=245a4c91223b
11-24 11:51:54.006  4132  4220 I PaniGenerator: setLkcForLastPani: No Last PANI header for SamsungCMC_PD
11-24 11:51:54.006  4132  4220 I UserAgent<0>: updatePani
11-24 11:51:54.007  4132  4220 I RegiMgr<0>: tryRegister:
11-24 11:51:54.007  4132  4477 I SECIMSJ : [3983]> 124
11-24 11:51:54.007  4132  4220 I RegiMgr<0>: RegisterTask(s): VZW VoLTE (REGISTERED, rat = 20, service = [smsip, mmtel]), SamsungCMC_PD (REGISTERED, rat = 18, service = [mmtel])
11-24 11:51:54.007  4132  4484 I [IMS6.0]: IMS_onResponse()
11-24 11:51:54.007  4132  4484 I StackIF : processMessage 2
11-24 11:51:54.007  4132  4484 I StackIF : Processing Response
11-24 11:51:54.007  4132  4484 I SECIMSJ : [3983]< 600
11-24 11:51:54.007  4132  4484 I StackIF : processResponse: reqId 600
11-24 11:51:54.007  4132  4484 I StackIF : processResponse: handle 14392 result 0 reason 0
11-24 11:51:54.007  4132  4220 I RegiMgr<1>: RegisterTask(s): SamsungCMC_PD (IDLE)
11-24 11:51:54.007  4132  4220 I RcsPolicyMgr<0>: pendingRcsRegister: mActiveDataPhoneId = 0
11-24 11:51:54.007  4132  4220 I RcsPolicyMgr<0>: pendingRcsRegister: mActiveDataPhoneId = 0
11-24 11:51:54.077 15815 11635 D BluetoothLeAdvertiser: Stop AdvertingSet
11-24 11:51:54.077 15815 11635 D BluetoothLeAdvertiser: Stop AdvertingSet
11-24 11:51:54.077  4491  5525 W BtGatt.AdvertiseManager: stopAdvertisingSet() - Enter the mNativeInterface
11-24 11:51:54.077  4491  5525 I bt_shim_advertiser: system/main/shim/le_advertising_manager.cc:80 Unregister: in shim layer
11-24 11:51:54.077  4491  5846 I bluetooth_core::gatt::server::isolation_manager: removing server (if any) associated with advertiser AdvertiserId(2)
11-24 11:51:54.077  4491  4851 W bluetooth: system/gd/hci/le_advertising_manager.cc:443 remove_advertiser: advertiser_id =2
11-24 11:51:54.077  4491  5525 E BtGatt.AdvertiseManager: [GSIM LOG]: gsimLogHandler, msg: MESSAGE_ADV_SET_STOP, appName: com.google.android.gms, id: 2, isLegacy: true
11-24 11:51:54.077 15815 11204 D BluetoothLeAdvertiser: onAdvertisingSetStopped(2)
11-24 11:51:54.077 15815 11635 I NearbyPresence: (REDACTED) %s: successfully stopped advertising
11-24 11:51:54.077  4491  5525 W BtGatt.AdvertiseManager: stopAdvertisingSet() - Enter the mNativeInterface
11-24 11:51:54.077  4491  5525 I bt_shim_advertiser: system/main/shim/le_advertising_manager.cc:80 Unregister: in shim layer
11-24 11:51:54.077  4491  5846 I bluetooth_core::gatt::server::isolation_manager: removing server (if any) associated with advertiser AdvertiserId(3)
11-24 11:51:54.077  1910  1935 D vendor.qti.bluetooth@1.0-ibs_handler: SerialClockVote: vote for UART CLK ON
11-24 11:51:54.077  4491  5525 E BtGatt.AdvertiseManager: [GSIM LOG]: gsimLogHandler, msg: MESSAGE_ADV_SET_STOP, appName: com.google.android.gms, id: 3, isLegacy: true
11-24 11:51:54.077 15815 11204 I NearbyPresence: (REDACTED) %s: Nearby Presence stops mac rotation scheduler.
11-24 11:51:54.078 15815 11859 D BluetoothLeAdvertiser: onAdvertisingSetStopped(3)
11-24 11:51:54.078  1910  1935 D vendor.qti.bluetooth@1.0-wake_lock: Acquire wakelock is acquired 
11-24 11:51:54.078  1910  1935 I vendor.qti.bluetooth@1.0-ibs_handler: DeviceWakeUp: Writing IBS_WAKE_IND
11-24 11:51:54.078  1910  5402 I vendor.qti.bluetooth@1.0-ibs_handler: ProcessIbsCmd: Received IBS_WAKE_ACK: 0xFC
11-24 11:51:54.078  1910  5402 I vendor.qti.bluetooth@1.0-ibs_handler: ProcessIbsCmd: Signal wack_cond_
11-24 11:51:54.078  1910  1935 D vendor.qti.bluetooth@1.0-ibs_handler: DeviceWakeUp: Unblocked from waiting for FC, pthread_cond_timedwait ret = 0
11-24 11:51:54.078  4491  4851 W bluetooth: system/gd/hci/le_advertising_manager.cc:443 remove_advertiser: advertiser_id =3
11-24 11:51:54.080  1910  5402 I vendor.qti.bluetooth@1.0-ibs_handler: ProcessIbsCmd: Received IBS_WAKE_IND: 0xFD
11-24 11:51:54.080  1910  5402 I vendor.qti.bluetooth@1.0-ibs_handler: ProcessIbsCmd: Writing IBS_WAKE_ACK
11-24 11:51:54.091 15815 11635 W NearbyPresence: IdentityManager: there is no valid broadcast credential for Identity[type=contacts group, provider name =]. [CONTEXT service_id=317 ]
11-24 11:51:54.091 15815 11635 W NearbyPresence: IdentityManager: Returned empty metadata key. Due to missing broadcast credential. [CONTEXT service_id=317 ]
11-24 11:51:54.091 15815 11635 W NearbyPresence: BleAdvertiseBluetoothProvider: Can't load encrypted metadata encryption key in non public mode [CONTEXT service_id=317 ]
11-24 11:51:54.094 15815 11635 I fpp     : device=PA3Q, txOffset=0
11-24 11:51:54.094 15815 11635 I NearbyPresence: (REDACTED) %s: Creating Java V0 advertisement
11-24 11:51:54.094 15815 11635 I NearbyPresence: (REDACTED) %s: Broadcast with parameter %s
11-24 11:51:54.094 15815 11635 D BluetoothAdapter: isLeEnabled(): ON
11-24 11:51:54.095 15815 11635 I NearbyPresence: (REDACTED) %s successfully started advertising %s
11-24 11:51:54.095  4491  5525 I bt_shim_advertiser: system/main/shim/le_advertising_manager.cc:155 StartAdvertisingSet: in shim layer
11-24 11:51:54.095  4491  5525 I bt_shim_advertiser: system/main/shim/le_advertising_manager.cc:174 StartAdvertisingSet: create advertising set, client_id:255, reg_id:-3196
11-24 11:51:54.095  4491  4851 W bluetooth: system/gd/hci/le_advertising_manager.cc:431 allocate_advertiser: advertiser_id=0
11-24 11:51:54.095  4491  4851 W bluetooth: system/gd/hci/le_advertising_manager.cc:643 create_extended_advertiser_with_id: advertiser_id=0
11-24 11:51:54.095  4491  4851 I bluetooth: system/gd/hci/le_advertising_manager.cc:722 create_extended_advertiser_with_id: Scheduling address rotation for advertiser_id=0
11-24 11:51:54.095  4491  4851 I bluetooth: system/gd/hci/le_address_manager.cc:581 GetNextPrivateAddressIntervalRange: client=advertising_set_0, nonwake=7m7s, wake=13m4s
11-24 11:51:54.095  4491  4851 I bluetooth: system/gd/hci/le_advertising_manager.cc:1307 enable_advertiser: advertiser_id=0
11-24 11:51:54.096 15815 11859 I AlarmManager: setExactAndAllowWhileIdle [name: NearbyBleWakeup type: 0 triggerAtMillis: 1764003739096]
11-24 11:51:54.096  4491  4851 I bluetooth: system/gd/hci/le_advertising_manager.cc:1868 on_set_advertising_set_random_address_complete: update random address for advertising set 0 : xx:xx:xx:xx:9d:a8
