--------- beginning of main
11-23 17:36:07.094 28499 28499 D SuggestionBar: clearSuggestions called - showing empty list instead of hiding
11-23 17:36:07.094 28499 28499 D InputMethodService: unregisterCompatOnBackInvokedCallback : android.inputmethodservice.InputMethodService$$ExternalSyntheticLambda2@5f58124
11-23 17:36:07.094 28499 28499 D InputMethodService: updateClientDisplayId: displayId=0, mClientDisplayId=0
11-23 17:36:07.095 28499 28499 W Config  : Fixed clipboard_history_limit type mismatch: 0
11-23 17:36:07.095 28499 28499 D OptimizedVocabulary: Config cached: confidenceWeight=0.75, autocorrect=true
11-23 17:36:07.095 28499 28499 D OnnxSwipePredictor: Config updated: verbose_logging=true, show_raw=true, batch_beams=false
11-23 17:36:07.095 28499 28499 D SwipeTrajectoryProcessor: Resampling mode set to: DISCARD
11-23 17:36:07.095 28499 28499 D NeuralSwipeTypingEngine: Neural config updated
11-23 17:36:07.095 28499 28499 D Keyboard2View: Pre-calculated keyWidth=106.425 for immediate touch handling
11-23 17:36:07.095 28499 28499 D NeuralSwipeTypingEngine: Set keyboard dimensions: 1080x783
11-23 17:36:07.096 28499 28499 D NeuralSwipeTypingEngine: Set keyboard dimensions: 1080x632
11-23 17:36:07.096 28499 28499 D NeuralSwipeTypingEngine: Set key positions: 27 keys
11-23 17:36:07.096 28499 28499 D NeuralLayoutHelper: Set 27 key positions on neural engine
11-23 17:36:07.096 28499 28499 D SwipeTrajectoryProcessor: 📐 QWERTY area bounds set: top=0, height=595 (full kb height=632)
11-23 17:36:07.096 28499 28499 D NeuralSwipeTypingEngine: Set QWERTY area bounds: top=0, height=595
11-23 17:36:07.096 28499 28499 D NeuralLayoutHelper: Set QWERTY bounds: top=0, height=595 (q.y=99, m.y=496)
11-23 17:36:07.096 28499 28499 D SwipeTrajectoryProcessor: 📐 Touch Y-offset set: 0 pixels
11-23 17:36:07.096 28499 28499 D NeuralSwipeTypingEngine: Set touch Y-offset: 0 pixels
11-23 17:36:07.096 28499 28499 D NeuralLayoutHelper: Touch Y-offset: 0 pixels (DISABLED for debugging, row height=198)
11-23 17:36:07.097 28499 28499 D juloo.keyboard2: inputType=0x0 imeOptions=0x0 privateImeOptions=null
11-23 17:36:07.099 28499 28499 D juloo.keyboard2: actionLabel=null actionId=0
11-23 17:36:07.099 28499 28499 D juloo.keyboard2: initialSelStart=-1 initialSelEnd=-1 initialToolType=1 initialCapsMode=0x0
11-23 17:36:07.099 28499 28499 D juloo.keyboard2: hintText=null label=null
11-23 17:36:07.099 28499 28499 D juloo.keyboard2: packageName=com.sec.android.app.launcher autofillId=0 fieldId=0 fieldName=null
11-23 17:36:07.099 28499 28499 D juloo.keyboard2: extras=Bundle[{appShowRequested=false, isTextEditor=false, displayId=0}]
11-23 17:36:07.099 28499 28499 D juloo.keyboard2: hintLocales=null
11-23 17:36:07.099 28499 28499 D juloo.keyboard2: supportedHandwritingGestureTypes=(none)
11-23 17:36:07.099 28499 28499 D juloo.keyboard2: supportedHandwritingGesturePreviewTypes=(none)
11-23 17:36:07.099 28499 28499 D juloo.keyboard2: isStylusHandwritingEnabled=false
11-23 17:36:07.099 28499 28499 D juloo.keyboard2: writingToolsEnabled=true
11-23 17:36:07.099 28499 28499 D juloo.keyboard2: contentMimeTypes=null
11-23 17:36:07.099 28499 28499 D juloo.keyboard2: extras: Bundle[{appShowRequested=false, isTextEditor=false, displayId=0}]
11-23 17:36:07.099 28499 28499 D juloo.keyboard2: swapEnterActionKey: true
11-23 17:36:07.099 28499 28499 D juloo.keyboard2: actionLabel: null
11-23 17:36:07.099 28499 28499 D InputMethodService: registerCompatOnBackInvokedCallback : android.inputmethodservice.InputMethodService$$ExternalSyntheticLambda2@5f58124
11-23 17:36:07.099 28499 28499 I InputMethod: hideSoftInput(): flags=0
11-23 17:36:07.100 28499 28499 D SuggestionBar: clearSuggestions called - showing empty list instead of hiding
11-23 17:36:07.100 28499 28499 D InputMethodService: unregisterCompatOnBackInvokedCallback : android.inputmethodservice.InputMethodService$$ExternalSyntheticLambda2@5f58124
11-23 17:36:07.100 28499 28499 D InputMethodService: sendBroadcastImeShownState: isInputViewShown=false candidatesVisibility=4
11-23 17:36:07.100 28499 28499 D InputMethodService: sendInputViewShownStateSSRM(): false
11-23 17:36:07.101 28499 28499 I InputMethodService: scheduleImeSurfaceRemoval: removeImeSurface is posted.
11-23 17:36:07.101 28499 28499 I ImeTracker: system_server:1e53a17b: onHidden
11-23 17:36:07.101 28499 28499 I BLASTBufferQueue_Java: update, w= 1080 h= 2340 mName = VRI[InputMethod]@485b086 mNativeObject= 0xb4000075aa3e1bc0 sc.mNativeObject= 0xb4000076ba3328d0 format= -2 caller= android.view.ViewRootImpl.updateBlastSurfaceIfNeeded:3574 android.view.ViewRootImpl.relayoutWindow:11685 android.view.ViewRootImpl.performTraversals:4804 android.view.ViewRootImpl.doTraversal:3924 android.view.ViewRootImpl$TraversalRunnable.run:12903 android.view.Choreographer$CallbackRecord.run:1901 
11-23 17:36:07.101 28499 28499 I VRI[InputMethod]@485b086: Relayout returned: old=(0,0,1080,2340) new=(0,0,1080,2340) relayoutAsync=true req=(1080,2340)0 dur=0 res=0x0 s={true 0xb40000751a3cd070} ch=false seqId=0
11-23 17:36:07.102 28499 28499 D NeuralSwipeTypingEngine: Set keyboard dimensions: 1080x632
11-23 17:36:07.102 28499 28499 D NeuralSwipeTypingEngine: Set key positions: 27 keys
11-23 17:36:07.102 28499 28499 D NeuralLayoutHelper: Set 27 key positions on neural engine
11-23 17:36:07.102 28499 28499 D SwipeTrajectoryProcessor: 📐 QWERTY area bounds set: top=0, height=595 (full kb height=632)
11-23 17:36:07.102 28499 28499 D NeuralSwipeTypingEngine: Set QWERTY area bounds: top=0, height=595
11-23 17:36:07.102 28499 28499 D NeuralLayoutHelper: Set QWERTY bounds: top=0, height=595 (q.y=99, m.y=496)
11-23 17:36:07.102 28499 28499 D SwipeTrajectoryProcessor: 📐 Touch Y-offset set: 0 pixels
11-23 17:36:07.102 28499 28499 D NeuralSwipeTypingEngine: Set touch Y-offset: 0 pixels
11-23 17:36:07.102 28499 28499 D NeuralLayoutHelper: Touch Y-offset: 0 pixels (DISABLED for debugging, row height=198)
11-23 17:36:07.104 28499 28499 I VRI[InputMethod]@485b086: registerCallbackForPendingTransactions
11-23 17:36:07.105 28499 28618 I VRI[InputMethod]@485b086: mWNT: t=0xb40000763a4e5810 mBlastBufferQueue=0xb4000075aa3e1bc0 fn= 227 HdrRenderState mRenderHdrSdrRatio=1.0 caller= android.view.ViewRootImpl$10.onFrameDraw:6536 android.view.ViewRootImpl$4.onFrameDraw:2489 android.view.ThreadedRenderer$1.onFrameDraw:718 
11-23 17:36:07.107 28499 28620 D HWUI    : CacheManager::trimMemory(20)
11-23 17:36:07.115 28499 28499 I InputMethodService: scheduleImeSurfaceRemoval: canceled, mShowInputRequested=false, mWindowVisible=false, IsmWindowNull=false, IsmImeSurfaceRemoverRunnableNotNull=true
11-23 17:36:07.601 28499 28499 I InputMethodService: removeImeSurface
11-23 17:36:07.601 28499 28499 I InputMethodService: cancelImeSurfaceRemoval: removeCallbacks
11-23 17:36:07.607 28499 28620 D HWUI    : CacheManager::trimMemory(20)
11-23 17:36:07.615 28499 28499 I VRI[InputMethod]@485b086: Relayout returned: old=(0,0,1080,2340) new=(0,0,1080,2340) relayoutAsync=false req=(1080,2340)8 dur=5 res=0x2 s={false 0x0} ch=true seqId=0
11-23 17:36:07.616 28499 28499 D VRI[InputMethod]@485b086: Not drawing due to not visible. Reason=View.GONE
11-23 17:36:07.642 28499 28499 I VRI[SwipeDebugActivity]@d02771: handleAppVisibility mAppVisible = false visible = true
11-23 17:36:07.643 28499 28499 I VRI[SwipeDebugActivity]@d02771: stopped(false) old = true
11-23 17:36:07.643 28499 28499 D VRI[SwipeDebugActivity]@d02771: WindowStopped on juloo.keyboard2.debug/juloo.keyboard2.SwipeDebugActivity set to false
11-23 17:36:07.650 28499 28499 I InsetsController: onStateChanged: host=juloo.keyboard2.debug/juloo.keyboard2.SwipeDebugActivity, from=android.view.ViewRootImpl.onInsetsStateChanged:3026, state=InsetsState: {mDisplayFrame=Rect(0, 0 - 1080, 2340), mDisplayCutout=DisplayCutout{insets=Rect(0, 85 - 0, 0) waterfall=Insets{left=0, top=0, right=0, bottom=0} boundingRect={Bounds=[Rect(0, 0 - 0, 0), Rect(514, 0 - 566, 85), Rect(0, 0 - 0, 0), Rect(0, 0 - 0, 0)]} cutoutPathParserInfo={CutoutPathParserInfo{displayWidth=1080 displayHeight=2340 physicalDisplayWidth=1080 physicalDisplayHeight=2340 density={2.8125} cutoutSpec={M 0,0 H -9.333333333333333 V 30.13333333333333 H 9.333333333333333 V 0 H 0 Z @dp} rotation={0} scale={1.0} physicalPixelDisplaySizeRatio={1.0}}} sideOverrides={}}, mRoundedCorners=RoundedCorners{[RoundedCorner{position=TopLeft, radius=39, center=Point(39, 39)}, RoundedCorner{position=TopRight, radius=39, center=Point(1041, 39)}, RoundedCorner{position=BottomRight, radius=39, center=Point(1041, 2301)}, RoundedCorner{position=BottomLeft, radius=39, center=Point(39, 2301)}]}  mRoundedCornerFrame=Rect(0, 0 - 1080, 2340), mPrivacyIndicatorBounds=PrivacyIndicatorBounds {static bounds=Rect(964, 0 - 1080, 85) rotation=0}, mDisplayShape=DisplayShape{ spec=-311912193 displayWidth=1080 displayHeight=2340 physicalPixelDisplaySizeRatio=0.75 rotation=0 offsetX=0 offsetY=0 scale=1.0}, mSources= { InsetsSource: {8ced0001 mType=navigationBars mFrame=[0,2214][1080,2340] mVisible=true mFlags= mSideHint=BOTTOM mBoundingRects=null}, InsetsSource: {8ced0004 mType=systemGestures mFrame=[0,0][0,0] mVisible=true mFlags= mSideHint=NONE mBoundingRects=null}, InsetsSource: {8ced0005 mType=mandatorySystemGestures mFrame=[0,2214][1080,2340] mVisible=true mFlags= mSideHint=BOTTOM mBoundingRects=null}, InsetsSource: {8ced0006 mType=tappableElement mFrame=[0,2214][1080,2340] mVisible=true mFlags= mSideHint=BOTTOM mBoundingRects=null}, InsetsSource: {8ced0024 mType=systemGestures mFrame=[0,0][0,0] mVisible=true mFlags= mSideHint=NONE mBoundingRects=null}, InsetsSource: {3 mType=ime mFrame=[0,0][0,0] mVisible=false mFlags= mSideHint=NONE mBoundingRects=null}, InsetsSource: {27 mType=displayCutout mFrame=[0,0][1080,85] mVisible=true mFlags= mSideHint=TOP mBoundingRects=null}, InsetsSource: {12d50000 mType=statusBars mFrame=[0,0][1080,85] mVisible=true mFlags= mSideHint=TOP mBoundingRects=null}, InsetsSource: {12d50005 mType=mandatorySystemGestures mFrame=[0,0][1080,117] mVisible=true mFlags= mSideHint=TOP mBoundingRects=null}, InsetsSource: {12d50006 mType=tappableElement mFrame=[0,0][1080,85] mVisible=true mFlags= mSideHint=TOP mBoundingRects=null} }
11-23 17:36:07.651 28499 28499 I BufferQueueProducer: [](id:6f530000001f,api:0,p:-1,c:28499) setDequeueTimeout:2077252342
11-23 17:36:07.651 28499 28499 I BLASTBufferQueue_Java: new BLASTBufferQueue, mName= VRI[SwipeDebugActivity]@d02771 mNativeObject= 0xb4000075aa3e1bc0 caller= android.view.ViewRootImpl.updateBlastSurfaceIfNeeded:3585 android.view.ViewRootImpl.relayoutWindow:11685 android.view.ViewRootImpl.performTraversals:4804 android.view.ViewRootImpl.doTraversal:3924 android.view.ViewRootImpl$TraversalRunnable.run:12903 android.view.Choreographer$CallbackRecord.run:1901 android.view.Choreographer$CallbackRecord.run:1910 android.view.Choreographer.doCallbacks:1367 android.view.Choreographer.doFrame:1292 android.view.Choreographer$FrameDisplayEventReceiver.run:1870 
11-23 17:36:07.651 28499 28499 I BLASTBufferQueue_Java: update, w= 1080 h= 2340 mName = VRI[SwipeDebugActivity]@d02771 mNativeObject= 0xb4000075aa3e1bc0 sc.mNativeObject= 0xb4000076ba3328d0 format= -1 caller= android.view.ViewRootImpl.updateBlastSurfaceIfNeeded:3590 android.view.ViewRootImpl.relayoutWindow:11685 android.view.ViewRootImpl.performTraversals:4804 android.view.ViewRootImpl.doTraversal:3924 android.view.ViewRootImpl$TraversalRunnable.run:12903 android.view.Choreographer$CallbackRecord.run:1901 
11-23 17:36:07.651 28499 28499 I VRI[SwipeDebugActivity]@d02771: Relayout returned: old=(0,0,1080,2340) new=(0,0,1080,2340) relayoutAsync=false req=(1080,2340)0 dur=3 res=0x3 s={true 0xb40000751a3dc510} ch=true seqId=0
11-23 17:36:07.651 28499 28499 D VRI[SwipeDebugActivity]@d02771: mThreadedRenderer.initialize() mSurface={isValid=true 0xb40000751a3dc510} hwInitialized=true
11-23 17:36:07.652 28499 28499 D ScrollView:  onsize change changed 
11-23 17:36:07.652 28499 28499 D VRI[SwipeDebugActivity]@d02771: reportNextDraw android.view.ViewRootImpl.performTraversals:5443 android.view.ViewRootImpl.doTraversal:3924 android.view.ViewRootImpl$TraversalRunnable.run:12903 android.view.Choreographer$CallbackRecord.run:1901 android.view.Choreographer$CallbackRecord.run:1910 
11-23 17:36:07.652 28499 28499 D VRI[SwipeDebugActivity]@d02771: Setup new sync=wmsSync-VRI[SwipeDebugActivity]@d02771#68
11-23 17:36:07.652 28499 28499 I VRI[SwipeDebugActivity]@d02771: Creating new active sync group VRI[SwipeDebugActivity]@d02771#69
11-23 17:36:07.652 28499 28499 D VRI[SwipeDebugActivity]@d02771: Start draw after previous draw not visible
11-23 17:36:07.652 28499 28499 D VRI[SwipeDebugActivity]@d02771: registerCallbacksForSync syncBuffer=false
11-23 17:36:07.653 28499 28619 D VRI[SwipeDebugActivity]@d02771: Received frameDrawingCallback syncResult=0 frameNum=1.
11-23 17:36:07.653 28499 28619 I VRI[SwipeDebugActivity]@d02771: mWNT: t=0xb40000763a4e7410 mBlastBufferQueue=0xb4000075aa3e1bc0 fn= 1 HdrRenderState mRenderHdrSdrRatio=1.0 caller= android.view.ViewRootImpl$12.onFrameDraw:15441 android.view.ThreadedRenderer$1.onFrameDraw:718 <bottom of call stack> 
11-23 17:36:07.653 28499 28619 I VRI[SwipeDebugActivity]@d02771: Setting up sync and frameCommitCallback
11-23 17:36:07.656 28499 28620 I BLASTBufferQueue: [VRI[SwipeDebugActivity]@d02771#31](f:0,a:0,s:0) onFrameAvailable the first frame is available
11-23 17:36:07.656 28499 28620 I SurfaceComposerClient: apply transaction with the first frame. layerId: 42533, bufferData(ID: 122402272968828, frameNumber: 1)
11-23 17:36:07.656 28499 28620 I VRI[SwipeDebugActivity]@d02771: Received frameCommittedCallback lastAttemptedDrawFrameNum=1 didProduceBuffer=true
11-23 17:36:07.656 28499 28499 D VRI[SwipeDebugActivity]@d02771: reportDrawFinished seqId=0
11-23 17:36:07.657 28499 28499 I InsetsSourceConsumer: applyRequestedVisibilityToControl: visible=true, type=statusBars, host=juloo.keyboard2.debug/juloo.keyboard2.SwipeDebugActivity
11-23 17:36:07.657 28499 28499 I InsetsSourceConsumer: applyRequestedVisibilityToControl: visible=true, type=navigationBars, host=juloo.keyboard2.debug/juloo.keyboard2.SwipeDebugActivity
11-23 17:36:07.675 28499 28499 D VRI[SwipeDebugActivity]@d02771: mThreadedRenderer.initializeIfNeeded()#2 mSurface={isValid=true 0xb40000751a3dc510}
11-23 17:36:07.675 28499 28499 D InputMethodManagerUtils: startInputInner - Id : 0
11-23 17:36:07.675 28499 28499 I InputMethodManager: startInputInner - IInputMethodManagerGlobalInvoker.startInputOrWindowGainedFocus
11-23 17:36:07.677 28499 28499 D InputMethodService: unregisterCompatOnBackInvokedCallback return because registered : false
11-23 17:36:07.677 28499 28499 D InputMethodService: updateClientDisplayId: displayId=0, mClientDisplayId=0
11-23 17:36:07.677 28499 28499 I InputMethod: showSoftInput(): flags=1
11-23 17:36:07.677 28499 28659 D InputTransport: Input channel constructed: 'ClientS', fd=170
11-23 17:36:07.678 28499 28499 W Config  : Fixed clipboard_history_limit type mismatch: 0
11-23 17:36:07.678 28499 28499 D OptimizedVocabulary: Config cached: confidenceWeight=0.75, autocorrect=true
11-23 17:36:07.678 28499 28499 D OnnxSwipePredictor: Config updated: verbose_logging=true, show_raw=true, batch_beams=false
11-23 17:36:07.678 28499 28499 D SwipeTrajectoryProcessor: Resampling mode set to: DISCARD
11-23 17:36:07.678 28499 28499 D NeuralSwipeTypingEngine: Neural config updated
11-23 17:36:07.678 28499 28499 D Keyboard2View: Pre-calculated keyWidth=106.425 for immediate touch handling
11-23 17:36:07.678 28499 28499 D NeuralSwipeTypingEngine: Set keyboard dimensions: 1080x783
11-23 17:36:07.679 28499 28499 D NeuralSwipeTypingEngine: Set keyboard dimensions: 1080x632
11-23 17:36:07.679 28499 28499 D NeuralSwipeTypingEngine: Set key positions: 27 keys
11-23 17:36:07.679 28499 28499 D NeuralLayoutHelper: Set 27 key positions on neural engine
11-23 17:36:07.679 28499 28499 D SwipeTrajectoryProcessor: 📐 QWERTY area bounds set: top=0, height=595 (full kb height=632)
11-23 17:36:07.679 28499 28499 D NeuralSwipeTypingEngine: Set QWERTY area bounds: top=0, height=595
11-23 17:36:07.679 28499 28499 D NeuralLayoutHelper: Set QWERTY bounds: top=0, height=595 (q.y=99, m.y=496)
11-23 17:36:07.679 28499 28499 D SwipeTrajectoryProcessor: 📐 Touch Y-offset set: 0 pixels
11-23 17:36:07.679 28499 28499 D NeuralSwipeTypingEngine: Set touch Y-offset: 0 pixels
11-23 17:36:07.679 28499 28499 D NeuralLayoutHelper: Touch Y-offset: 0 pixels (DISABLED for debugging, row height=198)
11-23 17:36:07.682 28499 28499 D juloo.keyboard2: inputType=0x1 imeOptions=0x6 privateImeOptions=null
11-23 17:36:07.682 28499 28499 D juloo.keyboard2: actionLabel=null actionId=0
11-23 17:36:07.682 28499 28499 D juloo.keyboard2: initialSelStart=11 initialSelEnd=11 initialToolType=1 initialCapsMode=0x0
11-23 17:36:07.682 28499 28499 D juloo.keyboard2: hintText=Type or swipe here... label=null
11-23 17:36:07.682 28499 28499 D juloo.keyboard2: packageName=juloo.keyboard2.debug autofillId=1073741824 fieldId=2131296518 fieldName=null
11-23 17:36:07.682 28499 28499 D juloo.keyboard2: extras=Bundle[{androidx.core.view.inputmethod.EditorInfoCompat.STYLUS_HANDWRITING_ENABLED=true, appShowRequested=false, maxLength=5000, isTextEditor=true, displayId=0}]
11-23 17:36:07.682 28499 28499 D juloo.keyboard2: hintLocales=null
11-23 17:36:07.682 28499 28499 D juloo.keyboard2: supportedHandwritingGestureTypes=SELECT|SELECT_RANGE|INSERT|DELETE|DELETE_RANGE|REMOVE_SPACE|JOIN_OR_SPLIT
11-23 17:36:07.682 28499 28499 D juloo.keyboard2: supportedHandwritingGesturePreviewTypes=SELECT|SELECT_RANGE|DELETE|DELETE_RANGE
11-23 17:36:07.683 28499 28499 D juloo.keyboard2: isStylusHandwritingEnabled=true
11-23 17:36:07.683 28499 28499 D juloo.keyboard2: writingToolsEnabled=true
11-23 17:36:07.683 28499 28499 D juloo.keyboard2: contentMimeTypes=null
11-23 17:36:07.683 28499 28499 D juloo.keyboard2: extras: Bundle[{androidx.core.view.inputmethod.EditorInfoCompat.STYLUS_HANDWRITING_ENABLED=true, appShowRequested=false, maxLength=5000, isTextEditor=true, displayId=0}]
11-23 17:36:07.683 28499 28499 D juloo.keyboard2: swapEnterActionKey: true
11-23 17:36:07.683 28499 28499 D juloo.keyboard2: actionLabel: Done
11-23 17:36:07.683 28499 28499 D InputMethodService: sendBroadcastImeShownState: isInputViewShown=true candidatesVisibility=4
11-23 17:36:07.683 28499 28499 D InputMethodService: sendInputViewShownStateSSRM(): true
11-23 17:36:07.683 28499 28499 D InputMethodService: registerCompatOnBackInvokedCallback : android.inputmethodservice.InputMethodService$$ExternalSyntheticLambda2@5f58124
11-23 17:36:07.684 28499 28499 I InputMethodManager: handleMessage: setImeVisibility visible=true
11-23 17:36:07.684 28499 28499 D InsetsController: show(ime(), fromIme=false)
11-23 17:36:07.684 28499 28499 I ImeTracker: juloo.keyboard2.debug:85e1215c: onCancelled at PHASE_CLIENT_REPORT_REQUESTED_VISIBLE_TYPES
11-23 17:36:07.684 28499 28499 I InputMethod: showSoftInput(): flags=1
11-23 17:36:07.684 28499 28499 I InputMethodService: startViews: mShowInputRequested=true, mInputViewStarted=true, mCandidatesViewStarted= false
11-23 17:36:07.684 28499 28499 D InputMethodService: sendBroadcastImeShownState: isInputViewShown=true candidatesVisibility=4
11-23 17:36:07.684 28499 28499 D InputMethodService: registerCompatOnBackInvokedCallback return because registered : true
11-23 17:36:07.687 28499 28499 I BufferQueueProducer: [](id:6f5300000020,api:0,p:2049323504,c:28499) setDequeueTimeout:2077252342
11-23 17:36:07.687 28499 28499 I BLASTBufferQueue_Java: new BLASTBufferQueue, mName= VRI[InputMethod]@485b086 mNativeObject= 0xb4000075aa345200 caller= android.view.ViewRootImpl.updateBlastSurfaceIfNeeded:3585 android.view.ViewRootImpl.relayoutWindow:11685 android.view.ViewRootImpl.performTraversals:4804 android.view.ViewRootImpl.doTraversal:3924 android.view.ViewRootImpl$TraversalRunnable.run:12903 android.view.Choreographer$CallbackRecord.run:1901 android.view.Choreographer$CallbackRecord.run:1910 android.view.Choreographer.doCallbacks:1367 android.view.Choreographer.doFrame:1292 android.view.Choreographer$FrameDisplayEventReceiver.run:1870 
11-23 17:36:07.687 28499 28499 I BLASTBufferQueue_Java: update, w= 1080 h= 2340 mName = VRI[InputMethod]@485b086 mNativeObject= 0xb4000075aa345200 sc.mNativeObject= 0xb4000076ba27b210 format= -2 caller= android.view.ViewRootImpl.updateBlastSurfaceIfNeeded:3590 android.view.ViewRootImpl.relayoutWindow:11685 android.view.ViewRootImpl.performTraversals:4804 android.view.ViewRootImpl.doTraversal:3924 android.view.ViewRootImpl$TraversalRunnable.run:12903 android.view.Choreographer$CallbackRecord.run:1901 
11-23 17:36:07.687 28499 28499 I VRI[InputMethod]@485b086: Relayout returned: old=(0,0,1080,2340) new=(0,0,1080,2340) relayoutAsync=false req=(1080,2340)0 dur=2 res=0x3 s={true 0xb40000751a25ee50} ch=true seqId=0
11-23 17:36:07.687 28499 28499 D VRI[InputMethod]@485b086: mThreadedRenderer.initialize() mSurface={isValid=true 0xb40000751a25ee50} hwInitialized=true
11-23 17:36:07.688 28499 28499 D NeuralSwipeTypingEngine: Set keyboard dimensions: 1080x632
11-23 17:36:07.688 28499 28499 D NeuralSwipeTypingEngine: Set key positions: 27 keys
11-23 17:36:07.688 28499 28499 D NeuralLayoutHelper: Set 27 key positions on neural engine
11-23 17:36:07.688 28499 28499 D SwipeTrajectoryProcessor: 📐 QWERTY area bounds set: top=0, height=595 (full kb height=632)
11-23 17:36:07.688 28499 28499 D NeuralSwipeTypingEngine: Set QWERTY area bounds: top=0, height=595
11-23 17:36:07.688 28499 28499 D NeuralLayoutHelper: Set QWERTY bounds: top=0, height=595 (q.y=99, m.y=496)
11-23 17:36:07.688 28499 28499 D SwipeTrajectoryProcessor: 📐 Touch Y-offset set: 0 pixels
11-23 17:36:07.688 28499 28499 D NeuralSwipeTypingEngine: Set touch Y-offset: 0 pixels
11-23 17:36:07.688 28499 28499 D NeuralLayoutHelper: Touch Y-offset: 0 pixels (DISABLED for debugging, row height=198)
11-23 17:36:07.689 28499 28499 D VRI[InputMethod]@485b086: reportNextDraw android.view.ViewRootImpl.performTraversals:5443 android.view.ViewRootImpl.doTraversal:3924 android.view.ViewRootImpl$TraversalRunnable.run:12903 android.view.Choreographer$CallbackRecord.run:1901 android.view.Choreographer$CallbackRecord.run:1910 
11-23 17:36:07.689 28499 28499 D VRI[InputMethod]@485b086: Setup new sync=wmsSync-VRI[InputMethod]@485b086#70
11-23 17:36:07.689 28499 28499 I VRI[InputMethod]@485b086: Creating new active sync group VRI[InputMethod]@485b086#71
11-23 17:36:07.689 28499 28499 D VRI[InputMethod]@485b086: Start draw after previous draw not visible
11-23 17:36:07.690 28499 28499 D VRI[InputMethod]@485b086: registerCallbacksForSync syncBuffer=false
11-23 17:36:07.691 28499 28618 D VRI[InputMethod]@485b086: Received frameDrawingCallback syncResult=0 frameNum=1.
11-23 17:36:07.691 28499 28618 I VRI[InputMethod]@485b086: mWNT: t=0xb40000763a388b50 mBlastBufferQueue=0xb4000075aa345200 fn= 1 HdrRenderState mRenderHdrSdrRatio=1.0 caller= android.view.ViewRootImpl$12.onFrameDraw:15441 android.view.ThreadedRenderer$1.onFrameDraw:718 <bottom of call stack> 
11-23 17:36:07.691 28499 28618 I VRI[InputMethod]@485b086: Setting up sync and frameCommitCallback
11-23 17:36:07.692 28499 28620 I BLASTBufferQueue: [VRI[InputMethod]@485b086#32](f:0,a:0,s:0) onFrameAvailable the first frame is available
11-23 17:36:07.692 28499 28620 I SurfaceComposerClient: apply transaction with the first frame. layerId: 42537, bufferData(ID: 122402272968835, frameNumber: 1)
11-23 17:36:07.692 28499 28620 I VRI[InputMethod]@485b086: Received frameCommittedCallback lastAttemptedDrawFrameNum=1 didProduceBuffer=true
11-23 17:36:07.692 28499 28499 D VRI[InputMethod]@485b086: reportDrawFinished seqId=0
11-23 17:36:07.704 28499 28499 I InsetsController: onStateChanged: host=juloo.keyboard2.debug/juloo.keyboard2.SwipeDebugActivity, from=android.view.ViewRootImpl.onInsetsStateChanged:3026, state=InsetsState: {mDisplayFrame=Rect(0, 0 - 1080, 2340), mDisplayCutout=DisplayCutout{insets=Rect(0, 85 - 0, 0) waterfall=Insets{left=0, top=0, right=0, bottom=0} boundingRect={Bounds=[Rect(0, 0 - 0, 0), Rect(514, 0 - 566, 85), Rect(0, 0 - 0, 0), Rect(0, 0 - 0, 0)]} cutoutPathParserInfo={CutoutPathParserInfo{displayWidth=1080 displayHeight=2340 physicalDisplayWidth=1080 physicalDisplayHeight=2340 density={2.8125} cutoutSpec={M 0,0 H -9.333333333333333 V 30.13333333333333 H 9.333333333333333 V 0 H 0 Z @dp} rotation={0} scale={1.0} physicalPixelDisplaySizeRatio={1.0}}} sideOverrides={}}, mRoundedCorners=RoundedCorners{[RoundedCorner{position=TopLeft, radius=39, center=Point(39, 39)}, RoundedCorner{position=TopRight, radius=39, center=Point(1041, 39)}, RoundedCorner{position=BottomRight, radius=39, center=Point(1041, 2301)}, RoundedCorner{position=BottomLeft, radius=39, center=Point(39, 2301)}]}  mRoundedCornerFrame=Rect(0, 0 - 1080, 2340), mPrivacyIndicatorBounds=PrivacyIndicatorBounds {static bounds=Rect(964, 0 - 1080, 85) rotation=0}, mDisplayShape=DisplayShape{ spec=-311912193 displayWidth=1080 displayHeight=2340 physicalPixelDisplaySizeRatio=0.75 rotation=0 offsetX=0 offsetY=0 scale=1.0}, mSources= { InsetsSource: {8ced0001 mType=navigationBars mFrame=[0,2214][1080,2340] mVisible=true mFlags= mSideHint=BOTTOM mBoundingRects=null}, InsetsSource: {8ced0004 mType=systemGestures mFrame=[0,0][0,0] mVisible=true mFlags= mSideHint=NONE mBoundingRects=null}, InsetsSource: {8ced0005 mType=mandatorySystemGestures mFrame=[0,2214][1080,2340] mVisible=true mFlags= mSideHint=BOTTOM mBoundingRects=null}, InsetsSource: {8ced0006 mType=tappableElement mFrame=[0,2214][1080,2340] mVisible=true mFlags= mSideHint=BOTTOM mBoundingRects=null}, InsetsSource: {8ced0024 mType=systemGestures mFrame=[0,0][0,0] mVisible=true mFlags= mSideHint=NONE mBoundingRects=null}, InsetsSource: {3 mType=ime mFrame=[0,1452][1080,2340] mVisible=true mFlags= mSideHint=BOTTOM mBoundingRects=null}, InsetsSource: {27 mType=displayCutout mFrame=[0,0][1080,85] mVisible=true mFlags= mSideHint=TOP mBoundingRects=null}, InsetsSource: {12d50000 mType=statusBars mFrame=[0,0][1080,85] mVisible=true mFlags= mSideHint=TOP mBoundingRects=null}, InsetsSource: {12d50005 mType=mandatorySystemGestures mFrame=[0,0][1080,117] mVisible=true mFlags= mSideHint=TOP mBoundingRects=null}, InsetsSource: {12d50006 mType=tappableElement mFrame=[0,0][1080,85] mVisible=true mFlags= mSideHint=TOP mBoundingRects=null} }
11-23 17:36:07.704 28499 28499 I VRI[SwipeDebugActivity]@d02771: handleResized, frames=ClientWindowFrames{frame=[0,0][1080,2340] display=[0,0][1080,2340] parentFrame=[0,0][0,0]} displayId=0 dragResizing=false compatScale=1.0 frameChanged=false attachedFrameChanged=false configChanged=false displayChanged=false compatScaleChanged=false dragResizingChanged=false
11-23 17:36:07.704 28499 28499 I VRI[InputMethod]@485b086: handleResized, frames=ClientWindowFrames{frame=[0,0][1080,2340] display=[0,0][1080,2340] parentFrame=[0,0][0,0]} displayId=0 dragResizing=false compatScale=1.0 frameChanged=false attachedFrameChanged=false configChanged=false displayChanged=false compatScaleChanged=false dragResizingChanged=false
11-23 17:36:07.704 28499 28499 I InsetsController: onStateChanged: host=juloo.keyboard2.debug/juloo.keyboard2.SwipeDebugActivity, from=android.view.ViewRootImpl.onInsetsStateChanged:3026, state=InsetsState: {mDisplayFrame=Rect(0, 0 - 1080, 2340), mDisplayCutout=DisplayCutout{insets=Rect(0, 85 - 0, 0) waterfall=Insets{left=0, top=0, right=0, bottom=0} boundingRect={Bounds=[Rect(0, 0 - 0, 0), Rect(514, 0 - 566, 85), Rect(0, 0 - 0, 0), Rect(0, 0 - 0, 0)]} cutoutPathParserInfo={CutoutPathParserInfo{displayWidth=1080 displayHeight=2340 physicalDisplayWidth=1080 physicalDisplayHeight=2340 density={2.8125} cutoutSpec={M 0,0 H -9.333333333333333 V 30.13333333333333 H 9.333333333333333 V 0 H 0 Z @dp} rotation={0} scale={1.0} physicalPixelDisplaySizeRatio={1.0}}} sideOverrides={}}, mRoundedCorners=RoundedCorners{[RoundedCorner{position=TopLeft, radius=39, center=Point(39, 39)}, RoundedCorner{position=TopRight, radius=39, center=Point(1041, 39)}, RoundedCorner{position=BottomRight, radius=39, center=Point(1041, 2301)}, RoundedCorner{position=BottomLeft, radius=39, center=Point(39, 2301)}]}  mRoundedCornerFrame=Rect(0, 0 - 1080, 2340), mPrivacyIndicatorBounds=PrivacyIndicatorBounds {static bounds=Rect(964, 0 - 1080, 85) rotation=0}, mDisplayShape=DisplayShape{ spec=-311912193 displayWidth=1080 displayHeight=2340 physicalPixelDisplaySizeRatio=0.75 rotation=0 offsetX=0 offsetY=0 scale=1.0}, mSources= { InsetsSource: {8ced0001 mType=navigationBars mFrame=[0,2214][1080,2340] mVisible=true mFlags= mSideHint=BOTTOM mBoundingRects=null}, InsetsSource: {8ced0004 mType=systemGestures mFrame=[0,0][0,0] mVisible=true mFlags= mSideHint=NONE mBoundingRects=null}, InsetsSource: {8ced0005 mType=mandatorySystemGestures mFrame=[0,2214][1080,2340] mVisible=true mFlags= mSideHint=BOTTOM mBoundingRects=null}, InsetsSource: {8ced0006 mType=tappableElement mFrame=[0,2214][1080,2340] mVisible=true mFlags= mSideHint=BOTTOM mBoundingRects=null}, InsetsSource: {8ced0024 mType=systemGestures mFrame=[0,0][0,0] mVisible=true mFlags= mSideHint=NONE mBoundingRects=null}, InsetsSource: {3 mType=ime mFrame=[0,1452][1080,2340] mVisible=true mFlags= mSideHint=BOTTOM mBoundingRects=null}, InsetsSource: {27 mType=displayCutout mFrame=[0,0][1080,85] mVisible=true mFlags= mSideHint=TOP mBoundingRects=null}, InsetsSource: {12d50000 mType=statusBars mFrame=[0,0][1080,85] mVisible=true mFlags= mSideHint=TOP mBoundingRects=null}, InsetsSource: {12d50005 mType=mandatorySystemGestures mFrame=[0,0][1080,117] mVisible=true mFlags= mSideHint=TOP mBoundingRects=null}, InsetsSource: {12d50006 mType=tappableElement mFrame=[0,0][1080,85] mVisible=true mFlags= mSideHint=TOP mBoundingRects=null} }
11-23 17:36:07.705 28499 28499 I InsetsController: controlAnimationUncheckedInner: Added types=ime, animType=0, host=juloo.keyboard2.debug/juloo.keyboard2.SwipeDebugActivity, from=android.view.InsetsController.controlAnimationUnchecked:1608 android.view.InsetsController.applyAnimation:2416 android.view.InsetsController.applyAnimation:2343 
11-23 17:36:07.705 28499 28499 I BLASTBufferQueue_Java: update, w= 1080 h= 2340 mName = VRI[SwipeDebugActivity]@d02771 mNativeObject= 0xb4000075aa3e1bc0 sc.mNativeObject= 0xb4000076ba3328d0 format= -1 caller= android.view.ViewRootImpl.updateBlastSurfaceIfNeeded:3574 android.view.ViewRootImpl.relayoutWindow:11685 android.view.ViewRootImpl.performTraversals:4804 android.view.ViewRootImpl.doTraversal:3924 android.view.ViewRootImpl$TraversalRunnable.run:12903 android.view.Choreographer$CallbackRecord.run:1901 
11-23 17:36:07.706 28499 28499 I VRI[SwipeDebugActivity]@d02771: Relayout returned: old=(0,0,1080,2340) new=(0,0,1080,2340) relayoutAsync=true req=(1080,2340)0 dur=0 res=0x0 s={true 0xb40000751a3dc510} ch=false seqId=0
11-23 17:36:07.706 28499 28499 D ScrollView:  onsize change changed 
11-23 17:36:07.706 28499 28499 I VRI[SwipeDebugActivity]@d02771: registerCallbackForPendingTransactions
11-23 17:36:07.706 28499 28619 I VRI[SwipeDebugActivity]@d02771: mWNT: t=0xb40000763a4e6610 mBlastBufferQueue=0xb4000075aa3e1bc0 fn= 3 HdrRenderState mRenderHdrSdrRatio=1.0 caller= android.view.ViewRootImpl$10.onFrameDraw:6536 android.view.ViewRootImpl$4.onFrameDraw:2489 android.view.ThreadedRenderer$1.onFrameDraw:718 
11-23 17:36:07.714 28499 28499 I InsetsController: cancelAnimation: types=ime, animType=0, host=juloo.keyboard2.debug/juloo.keyboard2.SwipeDebugActivity, from=android.view.InsetsController.notifyFinished:2006 android.view.InsetsAnimationThreadControlRunner$1.lambda$notifyFinished$0:82 android.view.InsetsAnimationThreadControlRunner$1.$r8$lambda$cDFF0h4Ncq-8EXdGszv69jrUu7c:0 
11-23 17:36:07.714 28499 28499 I ImeTracker: system_server:3e3b45a6: onShown
11-23 17:36:09.350 28499 28499 I VRI[InputMethod]@485b086: ViewPostIme pointer 0
11-23 17:36:09.361 28499 28499 D Pointers: onTouchMove: id=0 pos=(853.76953,126.58887) value=[KeyValue Char+0+105 "i"] hasLeftKey=false flags=0
11-23 17:36:09.361 28499 28499 D Pointers: Path collection check: swipeEnabled=true ptrsSize=1 hasValue=true isChar=true shouldCollect=true
11-23 17:36:09.361 28499 28499 D Pointers: onTouchMove: collecting point (853.76953, 126.58887) for potential swipe
11-23 17:36:09.369 28499 28499 D Pointers: onTouchMove: id=0 pos=(853.76953,126.58887) value=[KeyValue Char+0+105 "i"] hasLeftKey=false flags=0
11-23 17:36:09.369 28499 28499 D Pointers: Path collection check: swipeEnabled=true ptrsSize=1 hasValue=true isChar=true shouldCollect=true
11-23 17:36:09.369 28499 28499 D Pointers: onTouchMove: collecting point (853.76953, 126.58887) for potential swipe
11-23 17:36:09.378 28499 28499 D Pointers: onTouchMove: id=0 pos=(853.76953,126.58887) value=[KeyValue Char+0+105 "i"] hasLeftKey=false flags=0
11-23 17:36:09.378 28499 28499 D Pointers: Path collection check: swipeEnabled=true ptrsSize=1 hasValue=true isChar=true shouldCollect=true
11-23 17:36:09.378 28499 28499 D Pointers: onTouchMove: collecting point (853.76953, 126.58887) for potential swipe
11-23 17:36:09.387 28499 28499 D Pointers: onTouchMove: id=0 pos=(853.76953,126.58887) value=[KeyValue Char+0+105 "i"] hasLeftKey=false flags=0
11-23 17:36:09.387 28499 28499 D Pointers: Path collection check: swipeEnabled=true ptrsSize=1 hasValue=true isChar=true shouldCollect=true
11-23 17:36:09.387 28499 28499 D Pointers: onTouchMove: collecting point (853.76953, 126.58887) for potential swipe
11-23 17:36:09.394 28499 28499 D Pointers: onTouchMove: id=0 pos=(843.5244,133.59863) value=[KeyValue Char+0+105 "i"] hasLeftKey=false flags=0
11-23 17:36:09.394 28499 28499 D Pointers: Path collection check: swipeEnabled=true ptrsSize=1 hasValue=true isChar=true shouldCollect=true
11-23 17:36:09.394 28499 28499 D Pointers: onTouchMove: collecting point (843.5244, 133.59863) for potential swipe
11-23 17:36:09.403 28499 28499 D Pointers: onTouchMove: id=0 pos=(828.58887,144.58984) value=[KeyValue Char+0+105 "i"] hasLeftKey=false flags=0
11-23 17:36:09.403 28499 28499 D Pointers: Path collection check: swipeEnabled=true ptrsSize=1 hasValue=true isChar=true shouldCollect=true
11-23 17:36:09.403 28499 28499 D Pointers: onTouchMove: collecting point (828.58887, 144.58984) for potential swipe
11-23 17:36:09.412 28499 28499 D Pointers: onTouchMove: id=0 pos=(811.1279,156.60938) value=[KeyValue Char+0+105 "i"] hasLeftKey=false flags=0
11-23 17:36:09.412 28499 28499 D Pointers: Path collection check: swipeEnabled=true ptrsSize=1 hasValue=true isChar=true shouldCollect=true
11-23 17:36:09.412 28499 28499 D Pointers: onTouchMove: collecting point (811.1279, 156.60938) for potential swipe
11-23 17:36:09.412 28499 28499 E ImprovedSwipeGestureRecognizer: 🔍 SWIPE DETECTION CHECK:
11-23 17:36:09.412 28499 28499 E ImprovedSwipeGestureRecognizer: - Keys touched: 1
11-23 17:36:09.412 28499 28499 E ImprovedSwipeGestureRecognizer: - Total distance: 52.155556 (need 50.0)
11-23 17:36:09.412 28499 28499 E ImprovedSwipeGestureRecognizer: ❌ Too few keys: 1 < 2
11-23 17:36:09.428 28499 28499 D Pointers: onTouchMove: id=0 pos=(768.0117,189.82031) value=[KeyValue Char+0+105 "i"] hasLeftKey=false flags=0
11-23 17:36:09.428 28499 28499 D Pointers: Path collection check: swipeEnabled=true ptrsSize=1 hasValue=true isChar=true shouldCollect=true
11-23 17:36:09.428 28499 28499 D Pointers: onTouchMove: collecting point (768.0117, 189.82031) for potential swipe
11-23 17:36:09.428 28499 28499 E ImprovedSwipeGestureRecognizer: 🔍 SWIPE DETECTION CHECK:
11-23 17:36:09.428 28499 28499 E ImprovedSwipeGestureRecognizer: - Keys touched: 1
11-23 17:36:09.428 28499 28499 E ImprovedSwipeGestureRecognizer: - Total distance: 106.579575 (need 50.0)
11-23 17:36:09.428 28499 28499 E ImprovedSwipeGestureRecognizer: ❌ Too few keys: 1 < 2
11-23 17:36:09.436 28499 28499 D Pointers: onTouchMove: id=0 pos=(744.8408,208.25) value=[KeyValue Char+0+105 "i"] hasLeftKey=false flags=0
11-23 17:36:09.436 28499 28499 D Pointers: Path collection check: swipeEnabled=true ptrsSize=1 hasValue=true isChar=true shouldCollect=true
11-23 17:36:09.436 28499 28499 D Pointers: onTouchMove: collecting point (744.8408, 208.25) for potential swipe
11-23 17:36:09.436 28499 28499 E ImprovedSwipeGestureRecognizer: 🔍 SWIPE DETECTION CHECK:
11-23 17:36:09.436 28499 28499 E ImprovedSwipeGestureRecognizer: - Keys touched: 2
11-23 17:36:09.436 28499 28499 E ImprovedSwipeGestureRecognizer: - Total distance: 136.18607 (need 50.0)
11-23 17:36:09.436 28499 28499 E ImprovedSwipeGestureRecognizer: ✅ SWIPE DETECTED - proceeding with swipe typing
11-23 17:36:09.445 28499 28499 D Pointers: onTouchMove: id=0 pos=(716.68066,231.18652) value=[KeyValue Char+0+105 "i"] hasLeftKey=false flags=256
11-23 17:36:09.453 28499 28499 D Pointers: onTouchMove: id=0 pos=(688.9043,254.09961) value=[KeyValue Char+0+105 "i"] hasLeftKey=false flags=256
11-23 17:36:09.461 28499 28499 D Pointers: onTouchMove: id=0 pos=(662.5166,277.13672) value=[KeyValue Char+0+105 "i"] hasLeftKey=false flags=256
11-23 17:36:09.469 28499 28499 D Pointers: onTouchMove: id=0 pos=(636.5381,299.33203) value=[KeyValue Char+0+105 "i"] hasLeftKey=false flags=256
11-23 17:36:09.478 28499 28499 D Pointers: onTouchMove: id=0 pos=(614.2549,320.48828) value=[KeyValue Char+0+105 "i"] hasLeftKey=false flags=256
11-23 17:36:09.486 28499 28499 D Pointers: onTouchMove: id=0 pos=(591.8115,342.21387) value=[KeyValue Char+0+105 "i"] hasLeftKey=false flags=256
11-23 17:36:09.495 28499 28499 D Pointers: onTouchMove: id=0 pos=(572.4258,362.2871) value=[KeyValue Char+0+105 "i"] hasLeftKey=false flags=256
11-23 17:36:09.503 28499 28499 D Pointers: onTouchMove: id=0 pos=(554.52246,382.7373) value=[KeyValue Char+0+105 "i"] hasLeftKey=false flags=256
11-23 17:36:09.513 28499 28499 D Pointers: onTouchMove: id=0 pos=(540.499,399.87207) value=[KeyValue Char+0+105 "i"] hasLeftKey=false flags=256
11-23 17:36:09.520 28499 28499 D Pointers: onTouchMove: id=0 pos=(528.7051,416.91406) value=[KeyValue Char+0+105 "i"] hasLeftKey=false flags=256
11-23 17:36:09.528 28499 28499 D Pointers: onTouchMove: id=0 pos=(519.2256,431.7256) value=[KeyValue Char+0+105 "i"] hasLeftKey=false flags=256
11-23 17:36:09.536 28499 28499 D Pointers: onTouchMove: id=0 pos=(511.08105,444.80762) value=[KeyValue Char+0+105 "i"] hasLeftKey=false flags=256
11-23 17:36:09.544 28499 28499 D Pointers: onTouchMove: id=0 pos=(505.6631,454.15527) value=[KeyValue Char+0+105 "i"] hasLeftKey=false flags=256
11-23 17:36:09.553 28499 28499 D Pointers: onTouchMove: id=0 pos=(501.4375,462.1328) value=[KeyValue Char+0+105 "i"] hasLeftKey=false flags=256
11-23 17:36:09.561 28499 28499 D Pointers: onTouchMove: id=0 pos=(498.46875,467.9668) value=[KeyValue Char+0+105 "i"] hasLeftKey=false flags=256
11-23 17:36:09.569 28499 28499 D Pointers: onTouchMove: id=0 pos=(496.05957,472.61035) value=[KeyValue Char+0+105 "i"] hasLeftKey=false flags=256
11-23 17:36:09.579 28499 28499 D Pointers: onTouchMove: id=0 pos=(494.70996,475.51367) value=[KeyValue Char+0+105 "i"] hasLeftKey=false flags=256
11-23 17:36:09.586 28499 28499 D Pointers: onTouchMove: id=0 pos=(494.23047,476.09863) value=[KeyValue Char+0+105 "i"] hasLeftKey=false flags=256
11-23 17:36:09.594 28499 28499 D Pointers: onTouchMove: id=0 pos=(494.1211,476.21777) value=[KeyValue Char+0+105 "i"] hasLeftKey=false flags=256
11-23 17:36:09.603 28499 28499 D Pointers: onTouchMove: id=0 pos=(494.1211,476.21777) value=[KeyValue Char+0+105 "i"] hasLeftKey=false flags=256
11-23 17:36:09.611 28499 28499 D Pointers: onTouchMove: id=0 pos=(491.56836,473.4629) value=[KeyValue Char+0+105 "i"] hasLeftKey=false flags=256
11-23 17:36:09.619 28499 28499 D Pointers: onTouchMove: id=0 pos=(483.78613,456.68164) value=[KeyValue Char+0+105 "i"] hasLeftKey=false flags=256
11-23 17:36:09.628 28499 28499 D Pointers: onTouchMove: id=0 pos=(477.33984,436.78516) value=[KeyValue Char+0+105 "i"] hasLeftKey=false flags=256
11-23 17:36:09.636 28499 28499 D Pointers: onTouchMove: id=0 pos=(470.2461,410.25) value=[KeyValue Char+0+105 "i"] hasLeftKey=false flags=256
11-23 17:36:09.644 28499 28499 D Pointers: onTouchMove: id=0 pos=(462.15332,381.51953) value=[KeyValue Char+0+105 "i"] hasLeftKey=false flags=256
11-23 17:36:09.653 28499 28499 D Pointers: onTouchMove: id=0 pos=(451.7998,351.11523) value=[KeyValue Char+0+105 "i"] hasLeftKey=false flags=256
11-23 17:36:09.661 28499 28499 D Pointers: onTouchMove: id=0 pos=(439.61133,317.7412) value=[KeyValue Char+0+105 "i"] hasLeftKey=false flags=256
11-23 17:36:09.669 28499 28499 D Pointers: onTouchMove: id=0 pos=(425.12207,283.92773) value=[KeyValue Char+0+105 "i"] hasLeftKey=false flags=256
11-23 17:36:09.678 28499 28499 D Pointers: onTouchMove: id=0 pos=(408.8457,248.6084) value=[KeyValue Char+0+105 "i"] hasLeftKey=false flags=256
11-23 17:36:09.686 28499 28499 D Pointers: onTouchMove: id=0 pos=(391.56152,215.58887) value=[KeyValue Char+0+105 "i"] hasLeftKey=false flags=256
11-23 17:36:09.694 28499 28499 D Pointers: onTouchMove: id=0 pos=(372.9961,184.85742) value=[KeyValue Char+0+105 "i"] hasLeftKey=false flags=256
11-23 17:36:09.702 28499 28499 D Pointers: onTouchMove: id=0 pos=(354.03027,158.9707) value=[KeyValue Char+0+105 "i"] hasLeftKey=false flags=256
11-23 17:36:09.711 28499 28499 D Pointers: onTouchMove: id=0 pos=(337.4209,138.00781) value=[KeyValue Char+0+105 "i"] hasLeftKey=false flags=256
11-23 17:36:09.720 28499 28499 D Pointers: onTouchMove: id=0 pos=(323.37305,123.54492) value=[KeyValue Char+0+105 "i"] hasLeftKey=false flags=256
11-23 17:36:09.727 28499 28499 D Pointers: onTouchMove: id=0 pos=(309.62793,110.04297) value=[KeyValue Char+0+105 "i"] hasLeftKey=false flags=256
11-23 17:36:09.736 28499 28499 D Pointers: onTouchMove: id=0 pos=(298.8086,100.59766) value=[KeyValue Char+0+105 "i"] hasLeftKey=false flags=256
11-23 17:36:09.744 28499 28499 D Pointers: onTouchMove: id=0 pos=(290.3457,93.15234) value=[KeyValue Char+0+105 "i"] hasLeftKey=false flags=256
11-23 17:36:09.752 28499 28499 D Pointers: onTouchMove: id=0 pos=(284.68555,88.46387) value=[KeyValue Char+0+105 "i"] hasLeftKey=false flags=256
11-23 17:36:09.761 28499 28499 D Pointers: onTouchMove: id=0 pos=(280.95215,85.56543) value=[KeyValue Char+0+105 "i"] hasLeftKey=false flags=256
11-23 17:36:09.769 28499 28499 D Pointers: onTouchMove: id=0 pos=(278.52734,83.80664) value=[KeyValue Char+0+105 "i"] hasLeftKey=false flags=256
11-23 17:36:09.777 28499 28499 D Pointers: onTouchMove: id=0 pos=(277.1504,82.62695) value=[KeyValue Char+0+105 "i"] hasLeftKey=false flags=256
11-23 17:36:09.786 28499 28499 D Pointers: onTouchMove: id=0 pos=(275.83496,81.48633) value=[KeyValue Char+0+105 "i"] hasLeftKey=false flags=256
11-23 17:36:09.794 28499 28499 D Pointers: onTouchMove: id=0 pos=(273.75,80.3457) value=[KeyValue Char+0+105 "i"] hasLeftKey=false flags=256
11-23 17:36:09.802 28499 28499 D Pointers: onTouchMove: id=0 pos=(270.89062,79.21094) value=[KeyValue Char+0+105 "i"] hasLeftKey=false flags=256
11-23 17:36:09.811 28499 28499 D Pointers: onTouchMove: id=0 pos=(268.73633,78.615234) value=[KeyValue Char+0+105 "i"] hasLeftKey=false flags=256
11-23 17:36:09.819 28499 28499 D Pointers: onTouchMove: id=0 pos=(266.3877,78.600586) value=[KeyValue Char+0+105 "i"] hasLeftKey=false flags=256
11-23 17:36:09.828 28499 28499 D Pointers: onTouchMove: id=0 pos=(264.53027,78.600586) value=[KeyValue Char+0+105 "i"] hasLeftKey=false flags=256
11-23 17:36:09.836 28499 28499 D Pointers: onTouchMove: id=0 pos=(264.4629,78.600586) value=[KeyValue Char+0+105 "i"] hasLeftKey=false flags=256
11-23 17:36:09.844 28499 28499 D Pointers: onTouchMove: id=0 pos=(264.4629,78.600586) value=[KeyValue Char+0+105 "i"] hasLeftKey=false flags=256
11-23 17:36:09.852 28499 28499 D Pointers: onTouchMove: id=0 pos=(264.4629,78.600586) value=[KeyValue Char+0+105 "i"] hasLeftKey=false flags=256
11-23 17:36:09.860 28499 28499 D Pointers: onTouchMove: id=0 pos=(264.4629,78.600586) value=[KeyValue Char+0+105 "i"] hasLeftKey=false flags=256
11-23 17:36:09.869 28499 28499 D Pointers: onTouchMove: id=0 pos=(264.4629,78.600586) value=[KeyValue Char+0+105 "i"] hasLeftKey=false flags=256
11-23 17:36:09.877 28499 28499 D Pointers: onTouchMove: id=0 pos=(284.7871,83.0918) value=[KeyValue Char+0+105 "i"] hasLeftKey=false flags=256
11-23 17:36:09.886 28499 28499 D Pointers: onTouchMove: id=0 pos=(301.9209,82.625) value=[KeyValue Char+0+105 "i"] hasLeftKey=false flags=256
11-23 17:36:09.894 28499 28499 D Pointers: onTouchMove: id=0 pos=(322.06543,80.96484) value=[KeyValue Char+0+105 "i"] hasLeftKey=false flags=256
11-23 17:36:09.902 28499 28499 D Pointers: onTouchMove: id=0 pos=(343.04395,77.586914) value=[KeyValue Char+0+105 "i"] hasLeftKey=false flags=256
11-23 17:36:09.910 28499 28499 D Pointers: onTouchMove: id=0 pos=(363.18262,75.802734) value=[KeyValue Char+0+105 "i"] hasLeftKey=false flags=256
11-23 17:36:09.919 28499 28499 D Pointers: onTouchMove: id=0 pos=(382.20312,74.08887) value=[KeyValue Char+0+105 "i"] hasLeftKey=false flags=256
11-23 17:36:09.927 28499 28499 D Pointers: onTouchMove: id=0 pos=(397.51465,72.668945) value=[KeyValue Char+0+105 "i"] hasLeftKey=false flags=256
11-23 17:36:09.936 28499 28499 D Pointers: onTouchMove: id=0 pos=(418.83594,72.31641) value=[KeyValue Char+0+105 "i"] hasLeftKey=false flags=256
11-23 17:36:09.945 28499 28499 D Pointers: onTouchMove: id=0 pos=(435.29102,72.8584) value=[KeyValue Char+0+105 "i"] hasLeftKey=false flags=256
11-23 17:36:09.953 28499 28499 D Pointers: onTouchMove: id=0 pos=(447.81934,73.9668) value=[KeyValue Char+0+105 "i"] hasLeftKey=false flags=256
11-23 17:36:09.961 28499 28499 D Pointers: onTouchMove: id=0 pos=(457.23535,75.65137) value=[KeyValue Char+0+105 "i"] hasLeftKey=false flags=256
11-23 17:36:09.969 28499 28499 D Pointers: onTouchMove: id=0 pos=(463.55566,77.38965) value=[KeyValue Char+0+105 "i"] hasLeftKey=false flags=256
11-23 17:36:09.977 28499 28499 D Pointers: onTouchMove: id=0 pos=(467.36133,79.112305) value=[KeyValue Char+0+105 "i"] hasLeftKey=false flags=256
11-23 17:36:09.985 28499 28499 D Pointers: onTouchMove: id=0 pos=(468.75195,79.71875) value=[KeyValue Char+0+105 "i"] hasLeftKey=false flags=256
11-23 17:36:09.994 28499 28499 D Pointers: onTouchMove: id=0 pos=(468.8086,79.743164) value=[KeyValue Char+0+105 "i"] hasLeftKey=false flags=256
11-23 17:36:10.002 28499 28499 D Pointers: onTouchMove: id=0 pos=(468.8086,79.743164) value=[KeyValue Char+0+105 "i"] hasLeftKey=false flags=256
11-23 17:36:10.010 28499 28499 D Pointers: onTouchMove: id=0 pos=(469.63086,89.82422) value=[KeyValue Char+0+105 "i"] hasLeftKey=false flags=256
11-23 17:36:10.019 28499 28499 D Pointers: onTouchMove: id=0 pos=(465.28418,96.07617) value=[KeyValue Char+0+105 "i"] hasLeftKey=false flags=256
11-23 17:36:10.027 28499 28499 D Pointers: onTouchMove: id=0 pos=(456.55566,104.49512) value=[KeyValue Char+0+105 "i"] hasLeftKey=false flags=256
11-23 17:36:10.035 28499 28499 D Pointers: onTouchMove: id=0 pos=(441.667,116.24414) value=[KeyValue Char+0+105 "i"] hasLeftKey=false flags=256
11-23 17:36:10.044 28499 28499 D Pointers: onTouchMove: id=0 pos=(424.3506,127.71582) value=[KeyValue Char+0+105 "i"] hasLeftKey=false flags=256
11-23 17:36:10.052 28499 28499 D Pointers: onTouchMove: id=0 pos=(406.86328,138.72461) value=[KeyValue Char+0+105 "i"] hasLeftKey=false flags=256
11-23 17:36:10.060 28499 28499 D Pointers: onTouchMove: id=0 pos=(387.50684,151.65039) value=[KeyValue Char+0+105 "i"] hasLeftKey=false flags=256
11-23 17:36:10.068 28499 28499 D Pointers: onTouchMove: id=0 pos=(367.49316,164.9541) value=[KeyValue Char+0+105 "i"] hasLeftKey=false flags=256
11-23 17:36:10.077 28499 28499 D Pointers: onTouchMove: id=0 pos=(349.30273,178.0498) value=[KeyValue Char+0+105 "i"] hasLeftKey=false flags=256
11-23 17:36:10.085 28499 28499 D Pointers: onTouchMove: id=0 pos=(333.25098,191.09473) value=[KeyValue Char+0+105 "i"] hasLeftKey=false flags=256
11-23 17:36:10.093 28499 28499 D Pointers: onTouchMove: id=0 pos=(319.48828,202.21094) value=[KeyValue Char+0+105 "i"] hasLeftKey=false flags=256
11-23 17:36:10.102 28499 28499 D Pointers: onTouchMove: id=0 pos=(307.77246,213.66992) value=[KeyValue Char+0+105 "i"] hasLeftKey=false flags=256
11-23 17:36:10.110 28499 28499 D Pointers: onTouchMove: id=0 pos=(297.48828,226.16113) value=[KeyValue Char+0+105 "i"] hasLeftKey=false flags=256
11-23 17:36:10.118 28499 28499 D Pointers: onTouchMove: id=0 pos=(289.42285,237.17969) value=[KeyValue Char+0+105 "i"] hasLeftKey=false flags=256
11-23 17:36:10.127 28499 28499 D Pointers: onTouchMove: id=0 pos=(282.2539,246.39941) value=[KeyValue Char+0+105 "i"] hasLeftKey=false flags=256
11-23 17:36:10.135 28499 28499 D Pointers: onTouchMove: id=0 pos=(275.91602,254.41113) value=[KeyValue Char+0+105 "i"] hasLeftKey=false flags=256
11-23 17:36:10.144 28499 28499 D Pointers: onTouchMove: id=0 pos=(270.53223,261.62402) value=[KeyValue Char+0+105 "i"] hasLeftKey=false flags=256
11-23 17:36:10.152 28499 28499 D Pointers: onTouchMove: id=0 pos=(265.40527,268.6328) value=[KeyValue Char+0+105 "i"] hasLeftKey=false flags=256
11-23 17:36:10.160 28499 28499 D Pointers: onTouchMove: id=0 pos=(260.9336,274.34668) value=[KeyValue Char+0+105 "i"] hasLeftKey=false flags=256
11-23 17:36:10.168 28499 28499 D Pointers: onTouchMove: id=0 pos=(256.36328,280.17188) value=[KeyValue Char+0+105 "i"] hasLeftKey=false flags=256
11-23 17:36:10.177 28499 28499 D Pointers: onTouchMove: id=0 pos=(252.43457,286.38965) value=[KeyValue Char+0+105 "i"] hasLeftKey=false flags=256
11-23 17:36:10.185 28499 28499 D Pointers: onTouchMove: id=0 pos=(249.55078,290.93555) value=[KeyValue Char+0+105 "i"] hasLeftKey=false flags=256
11-23 17:36:10.194 28499 28499 D Pointers: onTouchMove: id=0 pos=(247.41406,294.94922) value=[KeyValue Char+0+105 "i"] hasLeftKey=false flags=256
11-23 17:36:10.202 28499 28499 D Pointers: onTouchMove: id=0 pos=(245.97559,298.52832) value=[KeyValue Char+0+105 "i"] hasLeftKey=false flags=256
