11-23 21:58:01.106  3133  3133 D NeuralSwipeTypingEngine: Set key positions: 27 keys
11-23 21:58:01.106  3133  3133 D NeuralLayoutHelper: Set 27 key positions on neural engine
11-23 21:58:01.106  3133  3133 D SwipeTrajectoryProcessor: 📐 QWERTY area bounds set: top=0, height=595 (full kb height=575)
11-23 21:58:01.106  3133  3133 D NeuralSwipeTypingEngine: Set QWERTY area bounds: top=0, height=595
11-23 21:58:01.106  3133  3133 D NeuralLayoutHelper: Set QWERTY bounds: top=0, height=595 (q.y=99, m.y=496)
11-23 21:58:01.106  3133  3133 D SwipeTrajectoryProcessor: 📐 Touch Y-offset set: 0 pixels
11-23 21:58:01.106  3133  3133 D NeuralSwipeTypingEngine: Set touch Y-offset: 0 pixels
11-23 21:58:01.106  3133  3133 D NeuralLayoutHelper: Touch Y-offset: 0 pixels (DISABLED for debugging, row height=198)
11-23 21:58:01.111  3133  3133 I InputMethod: hideSoftInput(): flags=0
11-23 21:58:01.111  3133  3133 D SuggestionBar: clearSuggestions called - showing empty list instead of hiding
11-23 21:58:01.111  3133  3133 D InputMethodService: unregisterCompatOnBackInvokedCallback : android.inputmethodservice.InputMethodService$$ExternalSyntheticLambda2@c1dcf6e
11-23 21:58:01.112  3133  3133 D InputMethodService: sendBroadcastImeShownState: isInputViewShown=false candidatesVisibility=4
11-23 21:58:01.112  3133  3133 D InputMethodService: sendInputViewShownStateSSRM(): false
11-23 21:58:01.113  3133  3133 I InputMethodService: scheduleImeSurfaceRemoval: removeImeSurface is posted.
11-23 21:58:01.113  3133  3133 I ImeTracker: system_server:403ce89: onHidden
11-23 21:58:01.121  3133  3133 I BLASTBufferQueue_Java: update, w= 1080 h= 2340 mName = VRI[InputMethod]@c3db67d mNativeObject= 0xb4000075aa3ac870 sc.mNativeObject= 0xb4000076ba322910 format= -2 caller= android.view.ViewRootImpl.updateBlastSurfaceIfNeeded:3574 android.view.ViewRootImpl.relayoutWindow:11685 android.view.ViewRootImpl.performTraversals:4804 android.view.ViewRootImpl.doTraversal:3924 android.view.ViewRootImpl$TraversalRunnable.run:12903 android.view.Choreographer$CallbackRecord.run:1901 
11-23 21:58:01.121  3133  3133 I VRI[InputMethod]@c3db67d: Relayout returned: old=(0,0,1080,2340) new=(0,0,1080,2340) relayoutAsync=true req=(1080,2340)0 dur=1 res=0x0 s={true 0xb40000751a266230} ch=false seqId=0
11-23 21:58:01.121  3133  3133 I VRI[InputMethod]@c3db67d: registerCallbackForPendingTransactions
11-23 21:58:01.123  3133  3244 I VRI[InputMethod]@c3db67d: mWNT: t=0xb40000763a4c0dd0 mBlastBufferQueue=0xb4000075aa3ac870 fn= 1025 HdrRenderState mRenderHdrSdrRatio=1.0 caller= android.view.ViewRootImpl$10.onFrameDraw:6536 android.view.ViewRootImpl$4.onFrameDraw:2489 android.view.ThreadedRenderer$1.onFrameDraw:718 
11-23 21:58:01.123  3133  3213 D HWUI    : CacheManager::trimMemory(20)
11-23 21:58:01.124  3133  3133 I InputMethodService: scheduleImeSurfaceRemoval: canceled, mShowInputRequested=false, mWindowVisible=false, IsmWindowNull=false, IsmImeSurfaceRemoverRunnableNotNull=true
11-23 21:58:01.613  3133  3133 I InputMethodService: removeImeSurface
11-23 21:58:01.613  3133  3133 I InputMethodService: cancelImeSurfaceRemoval: removeCallbacks
11-23 21:58:01.622  3133  3213 D HWUI    : CacheManager::trimMemory(20)
11-23 21:58:01.631  3133  3133 I VRI[InputMethod]@c3db67d: Relayout returned: old=(0,0,1080,2340) new=(0,0,1080,2340) relayoutAsync=false req=(1080,2340)8 dur=5 res=0x2 s={false 0x0} ch=true seqId=0
11-23 21:58:01.631  3133  3133 D VRI[InputMethod]@c3db67d: Not drawing due to not visible. Reason=View.GONE
11-23 21:58:04.215  3133  3133 D InputMethodService: unregisterCompatOnBackInvokedCallback return because registered : false
11-23 21:58:04.215  3133  3133 D InputMethodService: updateClientDisplayId: displayId=0, mClientDisplayId=0
11-23 21:58:04.218  3133  3133 I InputMethod: showSoftInput(): flags=1
11-23 21:58:04.218  3133  3133 W Config  : Fixed clipboard_history_limit type mismatch: 0
11-23 21:58:04.219  3133  3133 D OptimizedVocabulary: Config cached: confidenceWeight=0.6, autocorrect=true
11-23 21:58:04.219  3133  3133 D OnnxSwipePredictor: Config updated: verbose_logging=false, show_raw=true, batch_beams=false
11-23 21:58:04.219  3133  3133 D SwipeTrajectoryProcessor: Resampling mode set to: DISCARD
11-23 21:58:04.219  3133  3133 D NeuralSwipeTypingEngine: Neural config updated
11-23 21:58:04.219  3133  3133 D Keyboard2View: Pre-calculated keyWidth=106.425 for immediate touch handling
11-23 21:58:04.219  3133  3133 D NeuralSwipeTypingEngine: Set keyboard dimensions: 1080x783
11-23 21:58:04.219  3133  3243 E perf_hint: Session ID too large, must fit 32-bit integer
11-23 21:58:04.220  3133  3133 D NeuralSwipeTypingEngine: Set keyboard dimensions: 1080x575
11-23 21:58:04.220  3133  3133 D NeuralSwipeTypingEngine: Set key positions: 27 keys
11-23 21:58:04.220  3133  3133 D NeuralLayoutHelper: Set 27 key positions on neural engine
11-23 21:58:04.220  3133  3133 D SwipeTrajectoryProcessor: 📐 QWERTY area bounds set: top=0, height=595 (full kb height=575)
11-23 21:58:04.220  3133  3133 D NeuralSwipeTypingEngine: Set QWERTY area bounds: top=0, height=595
11-23 21:58:04.220  3133  3133 D NeuralLayoutHelper: Set QWERTY bounds: top=0, height=595 (q.y=99, m.y=496)
11-23 21:58:04.220  3133  3133 D SwipeTrajectoryProcessor: 📐 Touch Y-offset set: 0 pixels
11-23 21:58:04.220  3133  3133 D NeuralSwipeTypingEngine: Set touch Y-offset: 0 pixels
11-23 21:58:04.220  3133  3133 D NeuralLayoutHelper: Touch Y-offset: 0 pixels (DISABLED for debugging, row height=198)
11-23 21:58:04.220  3133  3133 D juloo.keyboard2: inputType=0x0 imeOptions=0x2000000 privateImeOptions=null
11-23 21:58:04.220  3133  3133 D juloo.keyboard2: actionLabel=null actionId=0
11-23 21:58:04.220  3133  3133 D juloo.keyboard2: initialSelStart=-1 initialSelEnd=-1 initialToolType=1 initialCapsMode=0x0
11-23 21:58:04.220  3133  3133 D juloo.keyboard2: hintText=null label=null
11-23 21:58:04.220  3133  3133 D juloo.keyboard2: packageName=com.termux autofillId=1073741825 fieldId=2131231121 fieldName=null
11-23 21:58:04.220  3133  3133 D juloo.keyboard2: extras=Bundle[{appShowRequested=false, isTextEditor=true, displayId=0}]
11-23 21:58:04.220  3133  3133 D juloo.keyboard2: hintLocales=null
11-23 21:58:04.220  3133  3133 D juloo.keyboard2: supportedHandwritingGestureTypes=(none)
11-23 21:58:04.220  3133  3133 D juloo.keyboard2: supportedHandwritingGesturePreviewTypes=(none)
11-23 21:58:04.220  3133  3133 D juloo.keyboard2: isStylusHandwritingEnabled=false
11-23 21:58:04.220  3133  3133 D juloo.keyboard2: writingToolsEnabled=true
11-23 21:58:04.220  3133  3133 D juloo.keyboard2: contentMimeTypes=null
11-23 21:58:04.220  3133  3133 D juloo.keyboard2: extras: Bundle[{appShowRequested=false, isTextEditor=true, displayId=0}]
11-23 21:58:04.220  3133  3133 D juloo.keyboard2: swapEnterActionKey: true
11-23 21:58:04.220  3133  3133 D juloo.keyboard2: actionLabel: null
11-23 21:58:04.220  3133  3133 D InputMethodService: sendBroadcastImeShownState: isInputViewShown=true candidatesVisibility=4
11-23 21:58:04.220  3133  3133 D InputMethodService: sendInputViewShownStateSSRM(): true
11-23 21:58:04.221  3133  3133 D InputMethodService: registerCompatOnBackInvokedCallback : android.inputmethodservice.InputMethodService$$ExternalSyntheticLambda2@c1dcf6e
11-23 21:58:04.221  3133  3133 I InputMethod: showSoftInput(): flags=1
11-23 21:58:04.221  3133  3133 I InputMethodService: startViews: mShowInputRequested=true, mInputViewStarted=true, mCandidatesViewStarted= false
11-23 21:58:04.221  3133  3133 D InputMethodService: sendBroadcastImeShownState: isInputViewShown=true candidatesVisibility=4
11-23 21:58:04.221  3133  3133 D InputMethodService: registerCompatOnBackInvokedCallback return because registered : true
11-23 21:58:04.226  3133  3133 I BufferQueueProducer: [](id:c3d0000004e,api:0,p:2049304400,c:3133) setDequeueTimeout:2077252342
11-23 21:58:04.226  3133  3133 I BLASTBufferQueue_Java: new BLASTBufferQueue, mName= VRI[InputMethod]@c3db67d mNativeObject= 0xb4000075aa3ac870 caller= android.view.ViewRootImpl.updateBlastSurfaceIfNeeded:3585 android.view.ViewRootImpl.relayoutWindow:11685 android.view.ViewRootImpl.performTraversals:4804 android.view.ViewRootImpl.doTraversal:3924 android.view.ViewRootImpl$TraversalRunnable.run:12903 android.view.Choreographer$CallbackRecord.run:1901 android.view.Choreographer$CallbackRecord.run:1910 android.view.Choreographer.doCallbacks:1367 android.view.Choreographer.doFrame:1292 android.view.Choreographer$FrameDisplayEventReceiver.run:1870 
11-23 21:58:04.226  3133  3133 I BLASTBufferQueue_Java: update, w= 1080 h= 2340 mName = VRI[InputMethod]@c3db67d mNativeObject= 0xb4000075aa3ac870 sc.mNativeObject= 0xb4000076ba322910 format= -2 caller= android.view.ViewRootImpl.updateBlastSurfaceIfNeeded:3590 android.view.ViewRootImpl.relayoutWindow:11685 android.view.ViewRootImpl.performTraversals:4804 android.view.ViewRootImpl.doTraversal:3924 android.view.ViewRootImpl$TraversalRunnable.run:12903 android.view.Choreographer$CallbackRecord.run:1901 
11-23 21:58:04.227  3133  3133 I VRI[InputMethod]@c3db67d: Relayout returned: old=(0,0,1080,2340) new=(0,0,1080,2340) relayoutAsync=false req=(1080,2340)0 dur=2 res=0x3 s={true 0xb40000751a2898b0} ch=true seqId=0
11-23 21:58:04.227  3133  3133 D VRI[InputMethod]@c3db67d: mThreadedRenderer.initialize() mSurface={isValid=true 0xb40000751a2898b0} hwInitialized=true
11-23 21:58:04.227  3133  3133 D NeuralSwipeTypingEngine: Set keyboard dimensions: 1080x575
11-23 21:58:04.227  3133  3133 D NeuralSwipeTypingEngine: Set key positions: 27 keys
11-23 21:58:04.227  3133  3133 D NeuralLayoutHelper: Set 27 key positions on neural engine
11-23 21:58:04.227  3133  3133 D SwipeTrajectoryProcessor: 📐 QWERTY area bounds set: top=0, height=595 (full kb height=575)
11-23 21:58:04.227  3133  3133 D NeuralSwipeTypingEngine: Set QWERTY area bounds: top=0, height=595
11-23 21:58:04.227  3133  3133 D NeuralLayoutHelper: Set QWERTY bounds: top=0, height=595 (q.y=99, m.y=496)
11-23 21:58:04.227  3133  3133 D SwipeTrajectoryProcessor: 📐 Touch Y-offset set: 0 pixels
11-23 21:58:04.227  3133  3133 D NeuralSwipeTypingEngine: Set touch Y-offset: 0 pixels
11-23 21:58:04.227  3133  3133 D NeuralLayoutHelper: Touch Y-offset: 0 pixels (DISABLED for debugging, row height=198)
11-23 21:58:04.228  3133  3133 D VRI[InputMethod]@c3db67d: reportNextDraw android.view.ViewRootImpl.performTraversals:5443 android.view.ViewRootImpl.doTraversal:3924 android.view.ViewRootImpl$TraversalRunnable.run:12903 android.view.Choreographer$CallbackRecord.run:1901 android.view.Choreographer$CallbackRecord.run:1910 
11-23 21:58:04.228  3133  3133 D VRI[InputMethod]@c3db67d: Setup new sync=wmsSync-VRI[InputMethod]@c3db67d#94
11-23 21:58:04.228  3133  3133 I VRI[InputMethod]@c3db67d: Creating new active sync group VRI[InputMethod]@c3db67d#95
11-23 21:58:04.228  3133  3133 D VRI[InputMethod]@c3db67d: Start draw after previous draw not visible
11-23 21:58:04.228  3133  3133 D VRI[InputMethod]@c3db67d: registerCallbacksForSync syncBuffer=false
11-23 21:58:04.228  3133  3244 D VRI[InputMethod]@c3db67d: Received frameDrawingCallback syncResult=0 frameNum=1.
11-23 21:58:04.229  3133  3244 I VRI[InputMethod]@c3db67d: mWNT: t=0xb40000763a355d90 mBlastBufferQueue=0xb4000075aa3ac870 fn= 1 HdrRenderState mRenderHdrSdrRatio=1.0 caller= android.view.ViewRootImpl$12.onFrameDraw:15441 android.view.ThreadedRenderer$1.onFrameDraw:718 <bottom of call stack> 
11-23 21:58:04.229  3133  3244 I VRI[InputMethod]@c3db67d: Setting up sync and frameCommitCallback
11-23 21:58:04.230  3133  3213 I BLASTBufferQueue: [VRI[InputMethod]@c3db67d#78](f:0,a:0,s:0) onFrameAvailable the first frame is available
11-23 21:58:04.230  3133  3213 I SurfaceComposerClient: apply transaction with the first frame. layerId: 46099, bufferData(ID: 13456132538686, frameNumber: 1)
11-23 21:58:04.230  3133  3213 I VRI[InputMethod]@c3db67d: Received frameCommittedCallback lastAttemptedDrawFrameNum=1 didProduceBuffer=true
11-23 21:58:04.230  3133  3133 D VRI[InputMethod]@c3db67d: reportDrawFinished seqId=0
11-23 21:58:04.232  3133  3133 I VRI[InputMethod]@c3db67d: handleResized, frames=ClientWindowFrames{frame=[0,0][1080,2340] display=[0,0][1080,2340] parentFrame=[0,0][0,0]} displayId=0 dragResizing=false compatScale=1.0 frameChanged=false attachedFrameChanged=false configChanged=false displayChanged=false compatScaleChanged=false dragResizingChanged=false
11-23 21:58:10.819  3133  3133 I InputMethodService: onDestroy
11-23 21:58:10.820  3133  3133 D InputMethodService: notifyKeyboardClosed called.
11-23 21:58:10.824  3133  3133 D SuggestionBar: clearSuggestions called - showing empty list instead of hiding
11-23 21:58:10.824  3133  3133 D InputMethodService: unregisterCompatOnBackInvokedCallback : android.inputmethodservice.InputMethodService$$ExternalSyntheticLambda2@c1dcf6e
11-23 21:58:10.824  3133  3133 I WindowManager: WindowManagerGlobal#removeView, ty=2011, view=com.android.internal.policy.DecorView{daa64d4 V.E...... R.....ID 0,0-1080,2340}[InputMethod], caller=android.view.WindowManagerGlobal.removeView:654 android.view.WindowManagerImpl.removeViewImmediate:216 android.app.Dialog.dismissDialog:850 
11-23 21:58:10.828  3133  3213 D HWUI    : CacheManager::trimMemory(20)
11-23 21:58:10.831  3133  3133 I VRI[InputMethod]@c3db67d: dispatchDetachedFromWindow
11-23 21:58:10.832  3133  3133 D InputTransport: Input channel destroyed: 'c6564dd', fd=177
11-23 21:58:10.836  3133  3133 I ClipboardHistory: Clipboard listener cleanup on service destroy
11-23 21:58:10.837  3133  3133 D AsyncPredictionHandler: All pending predictions cancelled
11-23 21:58:10.837  3133  3133 D UserDictionaryObserver: Stopped observing dictionary changes
11-23 21:58:10.837  3133  3133 D WordPredictor: Stopped observing dictionary changes
11-23 21:58:10.837  3133  3133 D PredictionCoordinator: PredictionCoordinator shutdown complete
11-23 21:58:10.838  3133  3133 D InputTransport: Input channel destroyed: 'ClientS', fd=171
11-23 21:58:10.838  3133  3133 D InputTransport: Input channel destroyed: 'ClientS', fd=124
11-23 21:58:10.838  3133  3133 D InputTransport: Input channel destroyed: 'ClientS', fd=125
11-23 21:58:10.838  3133  3133 D InputTransport: Input channel destroyed: 'ClientS', fd=122
11-23 21:58:10.838  3133  3133 D InputTransport: Input channel destroyed: 'ClientS', fd=159
11-23 21:58:10.838  3133  3133 D InputTransport: Input channel destroyed: 'ClientS', fd=153
11-23 21:58:10.838  3133  3133 D InputTransport: Input channel destroyed: 'ClientS', fd=126
11-23 21:58:10.838  3133  3133 W WindowTokenClientController: Can't find attached WindowTokenClient for android.window.WindowTokenClient@f88ca5a
11-23 21:58:10.838  3133  3133 D InputTransport: Input channel destroyed: 'ClientS', fd=123
11-23 21:58:10.838  3133  3133 D InputTransport: Input channel destroyed: 'ClientS', fd=190
11-23 21:58:10.839  3133  3213 D HWUI    : CacheManager::trimMemory(20)
11-23 21:58:10.844  3133  3213 D HWUI    : CacheManager::trimMemory(40)
